Archive member included to satisfy reference by file (symbol)

build/cooja/mtype489.a(simEnvChange.o)
                              build/cooja/mtype489.o (simDontFallAsleep)
build/cooja/mtype489.a(cooja_mt.o)
                              build/cooja/mtype489.o (cooja_mt_start)
build/cooja/mtype489.a(cooja_mtarch.o)
                              build/cooja/mtype489.a(cooja_mt.o) (cooja_mtarch_start)
build/cooja/mtype489.a(rtimer-arch.o)
                              build/cooja/mtype489.o (rtimer_arch_check)
build/cooja/mtype489.a(beep.o)
                              build/cooja/mtype489.o (beep_interface)
build/cooja/mtype489.a(leds-arch.o)
                              build/cooja/mtype489.o (leds_interface)
build/cooja/mtype489.a(moteid.o)
                              build/cooja/mtype489.o (moteid_interface)
build/cooja/mtype489.a(pir-sensor.o)
                              build/cooja/mtype489.o (pir_interface)
build/cooja/mtype489.a(rs232.o)
                              build/cooja/mtype489.o (rs232_interface)
build/cooja/mtype489.a(vib-sensor.o)
                              build/cooja/mtype489.o (vib_interface)
build/cooja/mtype489.a(clock.o)
                              build/cooja/mtype489.o (clock_interface)
build/cooja/mtype489.a(cooja-log.o)
                              build/cooja/mtype489.o (simlog_interface)
build/cooja/mtype489.a(cfs-cooja.o)
                              build/cooja/mtype489.o (cfs_interface)
build/cooja/mtype489.a(cooja-radio.o)
                              build/cooja/mtype489.o (radio_interface)
build/cooja/mtype489.a(eeprom.o)
                              build/cooja/mtype489.o (eeprom_interface)
build/cooja/mtype489.a(random.o)
                              build/cooja/mtype489.a(moteid.o) (random_init)
build/cooja/mtype489.a(sensors.o)
                              build/cooja/mtype489.a(pir-sensor.o) (sensors_changed)
build/cooja/mtype489.a(leds.o)
                              build/cooja/mtype489.a(leds-arch.o) (leds_get)
build/cooja/mtype489.a(gpio-hal-arch.o)
                              build/cooja/mtype489.a(leds-arch.o) (gpio_hal_arch_register_pin_callback)
build/cooja/mtype489.a(buttons.o)
                              build/cooja/mtype489.o (button_interface)
build/cooja/mtype489.a(res_energy.o)
                              coap-actuator-energy.o (res_energy)
build/cooja/mtype489.a(coap-engine.o)
                              coap-actuator-energy.o (coap_activate_resource)
build/cooja/mtype489.a(coap-res-well-k)
                              build/cooja/mtype489.a(coap-engine.o) (res_well_known_core)
build/cooja/mtype489.a(coap-observe.o)
                              build/cooja/mtype489.a(coap-engine.o) (coap_remove_observer_by_mid)
build/cooja/mtype489.a(coap-uip.o)
                              build/cooja/mtype489.a(coap-observe.o) (coap_endpoint_copy)
build/cooja/mtype489.a(coap-timer.o)
                              build/cooja/mtype489.a(coap-engine.o) (coap_timer_set)
build/cooja/mtype489.a(coap-transactio)
                              build/cooja/mtype489.a(coap-engine.o) (coap_send_transaction)
build/cooja/mtype489.a(coap.o)
                              build/cooja/mtype489.a(coap-engine.o) (coap_status_code)
build/cooja/mtype489.a(contiki-main.o)
                              build/cooja/mtype489.o (main)
build/cooja/mtype489.a(autostart.o)
                              build/cooja/mtype489.a(contiki-main.o) (autostart_start)
build/cooja/mtype489.a(ctimer.o)
                              build/cooja/mtype489.a(contiki-main.o) (ctimer_init)
build/cooja/mtype489.a(log.o)
                              build/cooja/mtype489.a(contiki-main.o) (curr_log_level_main)
build/cooja/mtype489.a(energest.o)
                              build/cooja/mtype489.a(contiki-main.o) (energest_init)
build/cooja/mtype489.a(etimer.o)
                              build/cooja/mtype489.a(contiki-main.o) (etimer_process)
build/cooja/mtype489.a(node-id.o)
                              build/cooja/mtype489.a(contiki-main.o) (node_id)
build/cooja/mtype489.a(rtimer.o)
                              build/cooja/mtype489.a(contiki-main.o) (rtimer_init)
build/cooja/mtype489.a(process.o)
                              build/cooja/mtype489.a(ctimer.o) (process_current)
build/cooja/mtype489.a(timer.o)
                              build/cooja/mtype489.a(etimer.o) (timer_set)
build/cooja/mtype489.a(list.o)
                              build/cooja/mtype489.a(coap-engine.o) (list_init)
build/cooja/mtype489.a(memb.o)
                              build/cooja/mtype489.a(coap-observe.o) (memb_alloc)
build/cooja/mtype489.a(button-hal.o)
                              build/cooja/mtype489.o (button_hal_init)
build/cooja/mtype489.a(serial-line.o)
                              build/cooja/mtype489.a(rs232.o) (serial_line_input_byte)
build/cooja/mtype489.a(gpio-hal.o)
                              build/cooja/mtype489.a(button-hal.o) (gpio_hal_register_handler)
[...]
Memory Configuration

Name             Origin             Length             Attributes
*default*        0x0000000000000000 0xffffffffffffffff

Linker script and memory map

LOAD /usr/lib/gcc/i686-linux-gnu/5/../../../i386-linux-gnu/crti.o
LOAD /usr/lib/gcc/i686-linux-gnu/5/crtbeginS.o
LOAD coap-actuator-energy.o
LOAD build/cooja/mtype489.o
LOAD build/cooja/mtype489.a
LOAD /usr/lib/gcc/i686-linux-gnu/5/libgcc.a
LOAD /usr/lib/gcc/i686-linux-gnu/5/libgcc_s.so
LOAD /usr/lib/gcc/i686-linux-gnu/5/../../../i386-linux-gnu/libc.so
START GROUP
LOAD /lib/i386-linux-gnu/libc.so.6
LOAD /usr/lib/i386-linux-gnu/libc_nonshared.a
LOAD /lib/i386-linux-gnu/ld-linux.so.2
END GROUP
LOAD /usr/lib/gcc/i686-linux-gnu/5/libgcc.a
LOAD /usr/lib/gcc/i686-linux-gnu/5/libgcc_s.so
LOAD /usr/lib/gcc/i686-linux-gnu/5/crtendS.o
LOAD /usr/lib/gcc/i686-linux-gnu/5/../../../i386-linux-gnu/crtn.o
                0x0000000000000114                . = (0x0 + SIZEOF_HEADERS)

.note.gnu.build-id
                0x0000000000000114       0x24
 *(.note.gnu.build-id)
 .note.gnu.build-id
                0x0000000000000114       0x24 /usr/lib/gcc/i686-linux-gnu/5/../../../i386-linux-gnu/crti.o

.hash
 *(.hash)

.gnu.hash       0x0000000000000138     0x1590
 *(.gnu.hash)
 .gnu.hash      0x0000000000000138     0x1590 /usr/lib/gcc/i686-linux-gnu/5/../../../i386-linux-gnu/crti.o

.dynsym         0x00000000000016c8     0x2ed0
 *(.dynsym)
 .dynsym        0x00000000000016c8     0x2ed0 /usr/lib/gcc/i686-linux-gnu/5/../../../i386-linux-gnu/crti.o

.dynstr         0x0000000000004598     0x36a2
 *(.dynstr)
 .dynstr        0x0000000000004598     0x36a2 /usr/lib/gcc/i686-linux-gnu/5/../../../i386-linux-gnu/crti.o

.gnu.version    0x0000000000007c3a      0x5da
 *(.gnu.version)
 .gnu.version   0x0000000000007c3a      0x5da /usr/lib/gcc/i686-linux-gnu/5/../../../i386-linux-gnu/crti.o

.gnu.version_d  0x0000000000008214        0x0
 *(.gnu.version_d)
 .gnu.version_d
                0x0000000000008214        0x0 /usr/lib/gcc/i686-linux-gnu/5/../../../i386-linux-gnu/crti.o

.gnu.version_r  0x0000000000008214       0x50
 *(.gnu.version_r)
 .gnu.version_r
                0x0000000000008214       0x50 /usr/lib/gcc/i686-linux-gnu/5/../../../i386-linux-gnu/crti.o

.rel.dyn        0x0000000000008264     0x9190
 *(.rel.init)
 .rel.init      0x0000000000008264        0x0 /usr/lib/gcc/i686-linux-gnu/5/../../../i386-linux-gnu/crti.o
 *(.rel.text .rel.text.* .rel.gnu.linkonce.t.*)
 .rel.text      0x0000000000008264     0x87a0 /usr/lib/gcc/i686-linux-gnu/5/../../../i386-linux-gnu/crti.o
 *(.rel.fini)
 .rel.fini      0x0000000000010a04        0x0 /usr/lib/gcc/i686-linux-gnu/5/../../../i386-linux-gnu/crti.o
 *(.rel.rodata .rel.rodata.* .rel.gnu.linkonce.r.*)
 .rel.rodata    0x0000000000010a04      0x588 /usr/lib/gcc/i686-linux-gnu/5/../../../i386-linux-gnu/crti.o
 *(.rel.data.rel.ro .rel.data.rel.ro.* .rel.gnu.linkonce.d.rel.ro.*)
 *(.rel.data .rel.data.* .rel.gnu.linkonce.d.*)
 .rel.data.rel.local
                0x0000000000010f8c        0x8 /usr/lib/gcc/i686-linux-gnu/5/../../../i386-linux-gnu/crti.o
 .rel.data      0x0000000000010f94      0x428 /usr/lib/gcc/i686-linux-gnu/5/../../../i386-linux-gnu/crti.o
 *(.rel.tdata .rel.tdata.* .rel.gnu.linkonce.td.*)
 *(.rel.tbss .rel.tbss.* .rel.gnu.linkonce.tb.*)
 *(.rel.ctors)
 *(.rel.dtors)
 *(.rel.got)
 .rel.got       0x00000000000113bc       0x28 /usr/lib/gcc/i686-linux-gnu/5/../../../i386-linux-gnu/crti.o
 *(.rel.bss .rel.bss.* .rel.gnu.linkonce.b.*)
 *(.rel.ifunc)
 .rel.ifunc     0x00000000000113e4        0x0 /usr/lib/gcc/i686-linux-gnu/5/../../../i386-linux-gnu/crti.o
 .rel.fini_array
                0x00000000000113e4        0x8 /usr/lib/gcc/i686-linux-gnu/5/../../../i386-linux-gnu/crti.o
 .rel.init_array
                0x00000000000113ec        0x8 /usr/lib/gcc/i686-linux-gnu/5/../../../i386-linux-gnu/crti.o

.rel.plt        0x00000000000113f4        0x0
 *(.rel.plt)
 .rel.plt       0x00000000000113f4        0x0 /usr/lib/gcc/i686-linux-gnu/5/../../../i386-linux-gnu/crti.o
 *(.rel.iplt)

.init           0x00000000000113f4       0x23
 *(SORT(.init))
 .init          0x00000000000113f4       0x1e /usr/lib/gcc/i686-linux-gnu/5/../../../i386-linux-gnu/crti.o
                0x00000000000113f4                _init
 .init          0x0000000000011412        0x5 /usr/lib/gcc/i686-linux-gnu/5/../../../i386-linux-gnu/crtn.o

.plt            0x0000000000011420       0x10
 *(.plt)
 .plt           0x0000000000011420       0x10 /usr/lib/gcc/i686-linux-gnu/5/../../../i386-linux-gnu/crti.o
 *(.iplt)

.plt.got        0x0000000000011430       0x10
 *(.plt.got)
 .plt.got       0x0000000000011430       0x10 /usr/lib/gcc/i686-linux-gnu/5/../../../i386-linux-gnu/crti.o

.text           0x0000000000011440    0x187b2
 *(.text.unlikely .text.*_unlikely .text.unlikely.*)
 .text.unlikely
                0x0000000000011440        0x0 /usr/lib/gcc/i686-linux-gnu/5/crtbeginS.o
 .text.unlikely
                0x0000000000011440        0x0 /usr/lib/gcc/i686-linux-gnu/5/libgcc.a(_udivdi3.o)
 *(.text.exit .text.exit.*)
 *(.text.startup .text.startup.*)
 *(.text.hot .text.hot.*)
 *(.text .stub .text.* .gnu.linkonce.t.*)
 .text          0x0000000000011440        0x0 /usr/lib/gcc/i686-linux-gnu/5/../../../i386-linux-gnu/crti.o
 .gnu.linkonce.t.__x86.get_pc_thunk.bx
                0x0000000000011440        0x4 /usr/lib/gcc/i686-linux-gnu/5/../../../i386-linux-gnu/crti.o
                0x0000000000011440                __x86.get_pc_thunk.bx
 *fill*         0x0000000000011444        0xc 
 .text          0x0000000000011450      0x11c /usr/lib/gcc/i686-linux-gnu/5/crtbeginS.o
 .text.__x86.get_pc_thunk.dx
                0x000000000001156c        0x4 /usr/lib/gcc/i686-linux-gnu/5/crtbeginS.o
                0x000000000001156c                __x86.get_pc_thunk.dx
 .text          0x0000000000011570       0x6f coap-actuator-energy.o
 .text          0x00000000000115df      0x283 build/cooja/mtype489.o
                0x0000000000011671                platform_init_stage_one
                0x0000000000011684                platform_init_stage_two
                0x0000000000011697                platform_init_stage_three
                0x00000000000116aa                platform_main_loop
                0x000000000001171d                Java_org_contikios_cooja_corecomm_Lib17_init
                0x0000000000011754                Java_org_contikios_cooja_corecomm_Lib17_getMemory
                0x0000000000011787                Java_org_contikios_cooja_corecomm_Lib17_setMemory
                0x00000000000117e7                Java_org_contikios_cooja_corecomm_Lib17_tick
                0x000000000001184f                Java_org_contikios_cooja_corecomm_Lib17_setReferenceAddress
 .text          0x0000000000011862       0x65 build/cooja/mtype489.a(simEnvChange.o)
                0x0000000000011862                doActionsBeforeTick
                0x0000000000011894                doActionsAfterTick
 .text          0x00000000000118c7       0x83 build/cooja/mtype489.a(cooja_mt.o)
                0x00000000000118c7                cooja_mt_start
                0x00000000000118f1                cooja_mt_exec
                0x0000000000011927                cooja_mt_yield
 .text          0x000000000001194a       0xbe build/cooja/mtype489.a(cooja_mtarch.o)
                0x000000000001194a                cooja_mtarch_start
                0x00000000000119bd                cooja_sw
                0x00000000000119e0                cooja_mtarch_exec
                0x00000000000119fd                cooja_mtarch_yield
 .text          0x0000000000011a08       0xc5 build/cooja/mtype489.a(rtimer-arch.o)
                0x0000000000011a08                rtimer_arch_init
                0x0000000000011a2c                rtimer_arch_schedule
                0x0000000000011a5c                rtimer_arch_next
                0x0000000000011a6c                rtimer_arch_pending
                0x0000000000011a76                rtimer_arch_check
                0x0000000000011abd                rtimer_arch_now
 .text          0x0000000000011acd       0x81 build/cooja/mtype489.a(beep.o)
                0x0000000000011acd                beep_alarm
                0x0000000000011ada                beep_beep
                0x0000000000011ae7                beep
                0x0000000000011af4                beep_down
                0x0000000000011b01                beep_on
                0x0000000000011b0e                beep_off
                0x0000000000011b1b                beep_spinup
                0x0000000000011b28                beep_quick
                0x0000000000011b35                beep_long
 .text          0x0000000000011b4e       0x65 build/cooja/mtype489.a(leds-arch.o)
                0x0000000000011b61                leds_arch_init
 .text          0x0000000000011bb3       0x35 build/cooja/mtype489.a(moteid.o)
 .text          0x0000000000011be8       0xb7 build/cooja/mtype489.a(pir-sensor.o)
 .text          0x0000000000011c9f      0x148 build/cooja/mtype489.a(rs232.o)
                0x0000000000011c9f                rs232_init
                0x0000000000011ca5                rs232_set_speed
                0x0000000000011cb4                rs232_set_input
                0x0000000000011cc2                rs232_send
                0x0000000000011ce6                rs232_print
                0x0000000000011d02                slip_arch_writeb
 .text          0x0000000000011de7       0xb7 build/cooja/mtype489.a(vib-sensor.o)
 .text          0x0000000000011e9e       0x38 build/cooja/mtype489.a(clock.o)
                0x0000000000011e9e                clock_init
                0x0000000000011ea4                clock_time
                0x0000000000011eae                clock_seconds
                0x0000000000011ec4                clock_delay
 .text          0x0000000000011ed6      0x219 build/cooja/mtype489.a(cooja-log.o)
                0x0000000000011ed6                simlog_char
                0x0000000000011f19                simlog
                0x0000000000011f8f                log_message
                0x0000000000011fc0                log_set_putchar_with_slip
                0x0000000000011fce                log_putchar
                0x0000000000012049                log_puts
                0x0000000000012071                log_printf
 .text          0x00000000000120ef      0x2b9 build/cooja/mtype489.a(cfs-cooja.o)
                0x00000000000120ef                cfs_open
                0x0000000000012158                cfs_close
                0x0000000000012165                cfs_read
                0x00000000000121fa                cfs_write
                0x00000000000122d6                cfs_seek
                0x000000000001235e                cfs_remove
                0x0000000000012382                cfs_opendir
                0x000000000001238c                cfs_readdir
                0x0000000000012396                cfs_closedir
 .text          0x00000000000123a8      0x620 build/cooja/mtype489.a(cooja-radio.o)
                0x00000000000123ea                radio_set_channel
                0x00000000000123f8                radio_set_txpower
                0x0000000000012410                radio_signal_strength_last
                0x000000000001241a                radio_signal_strength_current
                0x0000000000012424                radio_LQI
 .text          0x00000000000129c8       0xee build/cooja/mtype489.a(eeprom.o)
                0x00000000000129c8                eeprom_init
                0x00000000000129ce                eeprom_read
                0x0000000000012a3c                eeprom_write
 .text          0x0000000000012ab6       0x2d build/cooja/mtype489.a(random.o)
                0x0000000000012ab6                random_init
                0x0000000000012ad6                random_rand
 .text          0x0000000000012ae3      0x29c build/cooja/mtype489.a(sensors.o)
                0x0000000000012b1e                sensors_first
                0x0000000000012b28                sensors_next
                0x0000000000012b42                sensors_changed
                0x0000000000012b76                sensors_find
 .text          0x0000000000012d7f      0x349 build/cooja/mtype489.a(leds.o)
                0x0000000000012d7f                leds_init
                0x0000000000012dc6                leds_single_on
                0x0000000000012e25                leds_single_off
                0x0000000000012e84                leds_single_toggle
                0x0000000000012eb6                leds_on
                0x0000000000012f38                leds_off
                0x0000000000012fba                leds_toggle
                0x000000000001300f                leds_set
                0x000000000001303b                leds_get
 .text          0x00000000000130c8      0x343 build/cooja/mtype489.a(gpio-hal-arch.o)
                0x00000000000130c8                gpio_hal_arch_register_pin_callback
                0x0000000000013134                gpio_hal_arch_init
                0x0000000000013179                gpio_hal_arch_no_port_interrupt_enable
                0x00000000000131a9                gpio_hal_arch_no_port_interrupt_disable
                0x00000000000131d9                gpio_hal_arch_no_port_pin_cfg_set
                0x00000000000131fe                gpio_hal_arch_no_port_pin_cfg_get
                0x0000000000013224                gpio_hal_arch_no_port_pin_set_input
                0x0000000000013236                gpio_hal_arch_no_port_pin_set_output
                0x0000000000013248                gpio_hal_arch_no_port_set_pin
                0x0000000000013269                gpio_hal_arch_no_port_clear_pin
                0x000000000001328a                gpio_hal_arch_no_port_read_pin
                0x00000000000132b0                gpio_hal_arch_no_port_write_pin
                0x00000000000132da                gpio_hal_arch_no_port_set_pins
                0x0000000000013321                gpio_hal_arch_no_port_clear_pins
                0x0000000000013368                gpio_hal_arch_no_port_read_pins
                0x00000000000133ab                gpio_hal_arch_no_port_write_pins
 .text          0x000000000001340b       0x89 build/cooja/mtype489.a(buttons.o)
 .text          0x0000000000013494      0x21f build/cooja/mtype489.a(res_energy.o)
                0x0000000000013494                parseAndConvert
 .text          0x00000000000136b3      0xbea build/cooja/mtype489.a(coap-engine.o)
                0x0000000000013748                coap_add_handler
                0x0000000000013765                coap_remove_handler
                0x0000000000013782                coap_call_handlers
                0x000000000001388a                coap_receive
                0x0000000000013e85                coap_engine_init
                0x0000000000013ee3                coap_activate_resource
                0x0000000000013f8e                coap_get_first_resource
                0x0000000000013fa7                coap_get_next_resource
 .text          0x000000000001429d      0x2d9 build/cooja/mtype489.a(coap-res-well-k)
 .text          0x0000000000014576      0x96a build/cooja/mtype489.a(coap-observe.o)
                0x000000000001468b                coap_remove_observer
                0x00000000000146bb                coap_remove_observer_by_client
                0x0000000000014723                coap_remove_observer_by_token
                0x00000000000147b6                coap_remove_observer_by_uri
                0x000000000001485d                coap_remove_observer_by_mid
                0x00000000000148d9                coap_notify_observers
                0x00000000000148f2                coap_notify_observers_sub
                0x0000000000014d5c                coap_observe_handler
                0x0000000000014e77                coap_has_observers
 .text          0x0000000000014ee0      0x733 build/cooja/mtype489.a(coap-uip.o)
                0x0000000000014ee0                coap_endpoint_log
                0x0000000000014f66                coap_endpoint_print
                0x0000000000014fec                coap_endpoint_snprint
                0x000000000001511f                coap_endpoint_copy
                0x000000000001515c                coap_endpoint_cmp
                0x000000000001526a                coap_endpoint_parse
                0x0000000000015455                coap_endpoint_is_secure
                0x0000000000015464                coap_endpoint_is_connected
                0x0000000000015498                coap_endpoint_connect
                0x00000000000154b4                coap_endpoint_disconnect
                0x00000000000154ba                coap_databuf
                0x00000000000154c4                coap_transport_init
                0x0000000000015514                coap_sendto
 .text          0x0000000000015613      0x324 build/cooja/mtype489.a(coap-timer.o)
                0x0000000000015710                coap_timer_stop
                0x000000000001573b                coap_timer_set
                0x000000000001577e                coap_timer_reset
                0x00000000000157c1                coap_timer_time_to_next_expiration
                0x000000000001582d                coap_timer_run
                0x00000000000158f9                coap_timer_init
 .text          0x0000000000015937      0x2c6 build/cooja/mtype489.a(coap-transactio)
                0x000000000001599d                coap_new_transaction
                0x0000000000015a03                coap_send_transaction
                0x0000000000015b64                coap_clear_transaction
                0x0000000000015bac                coap_get_transaction_by_mid
 .text          0x0000000000015bfd     0x1c53 build/cooja/mtype489.a(coap.o)
                0x000000000001616a                coap_init_connection
                0x000000000001617e                coap_get_mid
                0x000000000001619a                coap_init_message
                0x00000000000161e3                coap_serialize_message
                0x0000000000016865                coap_parse_message
                0x0000000000016ecc                coap_get_query_variable
                0x0000000000016f0e                coap_get_post_variable
                0x0000000000016f52                coap_set_status_code
                0x0000000000016f77                coap_set_token
                0x0000000000016fbe                coap_get_header_content_format
                0x0000000000016fef                coap_set_header_content_format
                0x0000000000017012                coap_get_header_accept
                0x0000000000017043                coap_set_header_accept
                0x0000000000017066                coap_get_header_max_age
                0x0000000000017097                coap_set_header_max_age
                0x00000000000170b7                coap_get_header_etag
                0x00000000000170e9                coap_set_header_etag
                0x0000000000017140                coap_get_header_if_match
                0x0000000000017172                coap_set_header_if_match
                0x00000000000171c9                coap_get_header_if_none_match
                0x00000000000171e3                coap_set_header_if_none_match
                0x00000000000171fa                coap_get_header_proxy_uri
                0x0000000000017228                coap_set_header_proxy_uri
                0x0000000000017265                coap_get_header_uri_host
                0x0000000000017293                coap_set_header_uri_host
                0x00000000000172d0                coap_get_header_uri_path
                0x00000000000172fe                coap_set_header_uri_path
                0x000000000001734b                coap_get_header_uri_query
                0x000000000001737f                coap_set_header_uri_query
                0x00000000000173d5                coap_get_header_location_path
                0x0000000000017403                coap_set_header_location_path
                0x000000000001749c                coap_get_header_location_query
                0x00000000000174ca                coap_set_header_location_query
                0x0000000000017517                coap_get_header_observe
                0x0000000000017546                coap_set_header_observe
                0x0000000000017566                coap_get_header_block2
                0x00000000000175d2                coap_set_header_block2
                0x0000000000017649                coap_get_header_block1
                0x00000000000176be                coap_set_header_block1
                0x0000000000017739                coap_get_header_size2
                0x0000000000017769                coap_set_header_size2
                0x000000000001778c                coap_get_header_size1
                0x00000000000177bc                coap_set_header_size1
                0x00000000000177df                coap_get_payload
                0x0000000000017819                coap_set_payload
 .text          0x0000000000017850      0x332 build/cooja/mtype489.a(contiki-main.o)
                0x0000000000017850                main
 .text          0x0000000000017b82       0x92 build/cooja/mtype489.a(autostart.o)
                0x0000000000017b82                autostart_start
                0x0000000000017bcc                autostart_exit
 .text          0x0000000000017c14      0x355 build/cooja/mtype489.a(ctimer.o)
                0x0000000000017d3c                ctimer_init
                0x0000000000017d6f                ctimer_set
                0x0000000000017d95                ctimer_set_with_process
                0x0000000000017e12                ctimer_reset
                0x0000000000017e66                ctimer_restart
                0x0000000000017eba                ctimer_stop
                0x0000000000017f0a                ctimer_expired
 .text          0x0000000000017f69      0x394 build/cooja/mtype489.a(log.o)
                0x0000000000017f69                log_6addr
                0x0000000000017fbc                log_6addr_compact_snprint
                0x000000000001805a                log_6addr_compact
                0x00000000000180ad                log_lladdr
                0x000000000001811f                log_lladdr_compact
                0x0000000000018187                log_set_level
                0x0000000000018242                log_get_level
                0x00000000000182bb                log_level_to_str
 .text          0x00000000000182fd       0x1b build/cooja/mtype489.a(energest.o)
                0x00000000000182fd                energest_init
                0x0000000000018303                energest_flush
                0x0000000000018309                energest_get_total_time
 .text          0x0000000000018318      0x43f build/cooja/mtype489.a(etimer.o)
                0x000000000001853c                etimer_request_poll
                0x00000000000185c5                etimer_set
                0x00000000000185ee                etimer_reset_with_new_interval
                0x000000000001861d                etimer_reset
                0x0000000000018643                etimer_restart
                0x0000000000018669                etimer_adjust
                0x0000000000018686                etimer_expired
                0x0000000000018699                etimer_expiration_time
                0x00000000000186ab                etimer_start_time
                0x00000000000186b5                etimer_pending
                0x00000000000186c7                etimer_next_expiration_time
                0x00000000000186e1                etimer_stop
 .text          0x0000000000018757       0x25 build/cooja/mtype489.a(node-id.o)
                0x0000000000018757                node_id_init
 .text          0x000000000001877c       0xeb build/cooja/mtype489.a(rtimer.o)
                0x000000000001877c                rtimer_init
                0x000000000001878a                rtimer_set
                0x0000000000018805                rtimer_run_next
 .text          0x0000000000018867      0x4fb build/cooja/mtype489.a(process.o)
                0x0000000000018867                process_alloc_event
                0x000000000001887c                process_start
                0x0000000000018a56                process_exit
                0x0000000000018a73                process_init
                0x0000000000018c08                process_run
                0x0000000000018c3b                process_nevents
                0x0000000000018c56                process_post
                0x0000000000018ce9                process_post_synch
                0x0000000000018d1e                process_poll
                0x0000000000018d4e                process_is_running
 .text          0x0000000000018d62       0xb1 build/cooja/mtype489.a(timer.o)
                0x0000000000018d62                timer_set
                0x0000000000018d80                timer_reset
                0x0000000000018dad                timer_restart
                0x0000000000018dc2                timer_expired
                0x0000000000018def                timer_remaining
 .text          0x0000000000018e13      0x28f build/cooja/mtype489.a(list.o)
                0x0000000000018e13                list_init
                0x0000000000018e22                list_head
                0x0000000000018e2c                list_copy
                0x0000000000018e3c                list_tail
                0x0000000000018e72                list_add
                0x0000000000018ebe                list_push
                0x0000000000018eea                list_chop
                0x0000000000018f54                list_pop
                0x0000000000018f7c                list_remove
                0x0000000000018fe4                list_length
                0x0000000000019012                list_insert
                0x0000000000019057                list_item_next
                0x000000000001906e                list_contains
 .text          0x00000000000190a2      0x1b5 build/cooja/mtype489.a(memb.o)
                0x00000000000190a2                memb_init
                0x00000000000190f7                memb_alloc
                0x000000000001915a                memb_free
                0x00000000000191d1                memb_inmemb
                0x0000000000019210                memb_numfree
 .text          0x0000000000019257      0x41c build/cooja/mtype489.a(button-hal.o)
                0x00000000000193d0                button_hal_get_by_id
                0x000000000001940e                button_hal_get_by_index
                0x000000000001943a                button_hal_get_state
                0x000000000001948c                button_hal_init
 .text          0x0000000000019673      0x1f3 build/cooja/mtype489.a(serial-line.o)
                0x0000000000019673                serial_line_input_byte
                0x0000000000019831                serial_line_init
 .text          0x0000000000019866      0x168 build/cooja/mtype489.a(gpio-hal.o)
                0x0000000000019866                gpio_hal_register_handler
                0x0000000000019883                gpio_hal_event_handler
                0x00000000000198df                gpio_hal_init
                0x00000000000198fe                gpio_hal_arch_port_toggle_pin
                0x000000000001993a                gpio_hal_arch_port_toggle_pins
                0x0000000000019968                gpio_hal_arch_no_port_toggle_pin
                0x00000000000199a6                gpio_hal_arch_no_port_toggle_pins
 .text          0x00000000000199ce      0x2e7 build/cooja/mtype489.a(queuebuf.o)
                0x00000000000199d8                queuebuf_init
                0x0000000000019a01                queuebuf_numfree
                0x0000000000019a19                queuebuf_new_from_packetbuf
                0x0000000000019ab8                queuebuf_update_attr_from_packetbuf
                0x0000000000019aed                queuebuf_update_from_packetbuf
                0x0000000000019b3d                queuebuf_free
                0x0000000000019b86                queuebuf_to_packetbuf
                0x0000000000019bf2                queuebuf_dataptr
                0x0000000000019c2c                queuebuf_datalen
                0x0000000000019c4f                queuebuf_addr
                0x0000000000019c84                queuebuf_attr
                0x0000000000019caf                queuebuf_debug_print
 .text          0x0000000000019cb5      0x407 build/cooja/mtype489.a(packetbuf.o)
                0x0000000000019cb5                packetbuf_clear
                0x0000000000019ce0                packetbuf_copyfrom
                0x0000000000019d2f                packetbuf_copyto
                0x0000000000019dc2                packetbuf_hdralloc
                0x0000000000019e3e                packetbuf_hdrreduce
                0x0000000000019e84                packetbuf_set_datalen
                0x0000000000019e9e                packetbuf_dataptr
                0x0000000000019ebb                packetbuf_hdrptr
                0x0000000000019ec5                packetbuf_datalen
                0x0000000000019ed1                packetbuf_hdrlen
                0x0000000000019ee8                packetbuf_totlen
                0x0000000000019efe                packetbuf_remaininglen
                0x0000000000019f11                packetbuf_attr_clear
                0x0000000000019f5d                packetbuf_attr_copyto
                0x0000000000019fb5                packetbuf_attr_copyfrom
                0x000000000001a00d                packetbuf_set_attr
                0x000000000001a037                packetbuf_attr
                0x000000000001a051                packetbuf_set_addr
                0x000000000001a082                packetbuf_addr
                0x000000000001a09f                packetbuf_holds_broadcast
 .text          0x000000000001a0bc       0xef build/cooja/mtype489.a(netstack.o)
                0x000000000001a0bc                netstack_process_ip_callback
                0x000000000001a14d                netstack_ip_packet_processor_add
                0x000000000001a170                uip_ds6_ip_packet_processor_rm
                0x000000000001a18d                netstack_init
 .text          0x000000000001a1ab       0x4f build/cooja/mtype489.a(linkaddr.o)
                0x000000000001a1ab                linkaddr_copy
                0x000000000001a1c1                linkaddr_cmp
                0x000000000001a1e4                linkaddr_set_node_addr
 .text          0x000000000001a1fa      0x1f6 build/cooja/mtype489.a(csma.o)
 .text          0x000000000001a3f0      0x95d build/cooja/mtype489.a(csma-output.o)
                0x000000000001aa87                csma_output_packet
                0x000000000001ad14                csma_output_init
 .text          0x000000000001ad4d      0xc11 build/cooja/mtype489.a(uip-ds6.o)
                0x000000000001ad4d                uip_ds6_default_prefix
                0x000000000001ad57                uip_ds6_set_default_prefix
                0x000000000001ad82                uip_ds6_init
                0x000000000001afe4                uip_ds6_periodic
                0x000000000001b06b                uip_ds6_list_loop
                0x000000000001b12b                uip_ds6_prefix_add
                0x000000000001b1d7                uip_ds6_prefix_rm
                0x000000000001b1ea                uip_ds6_prefix_lookup
                0x000000000001b229                uip_ds6_is_addr_onlink
                0x000000000001b29c                uip_ds6_addr_add
                0x000000000001b3bc                uip_ds6_addr_rm
                0x000000000001b465                uip_ds6_addr_lookup
                0x000000000001b49e                uip_ds6_get_link_local
                0x000000000001b51f                uip_ds6_get_global
                0x000000000001b5a0                uip_ds6_maddr_add
                0x000000000001b600                uip_ds6_maddr_rm
                0x000000000001b613                uip_ds6_maddr_lookup
                0x000000000001b64c                uip_ds6_aaddr_add
                0x000000000001b6ac                uip_ds6_aaddr_rm
                0x000000000001b6bf                uip_ds6_aaddr_lookup
                0x000000000001b6f8                uip_ds6_select_src
                0x000000000001b841                uip_ds6_set_addr_iid
                0x000000000001b86c                uip_ds6_set_lladdr_from_iid
                0x000000000001b895                get_match_length
                0x000000000001b926                uip_ds6_compute_reachable_time
 .text          0x000000000001b95e      0x128 build/cooja/mtype489.a(uip-udp-packet.)
                0x000000000001b95e                uip_udp_packet_send
                0x000000000001b9b9                uip_udp_packet_sendto
 .text          0x000000000001ba86      0xa3c build/cooja/mtype489.a(uip-ds6-route.o)
                0x000000000001bb70                uip_ds6_notification_add
                0x000000000001bba2                uip_ds6_notification_rm
                0x000000000001bbbf                uip_ds6_route_init
                0x000000000001bc5e                uip_ds6_route_nexthop
                0x000000000001bc8d                uip_ds6_route_head
                0x000000000001bca6                uip_ds6_route_next
                0x000000000001bccf                uip_ds6_route_is_nexthop
                0x000000000001bd11                uip_ds6_route_num_routes
                0x000000000001bd1b                uip_ds6_route_lookup
                0x000000000001bdf2                uip_ds6_route_add
                0x000000000001c032                uip_ds6_route_rm
                0x000000000001c1d0                uip_ds6_route_rm_by_nexthop
                0x000000000001c20f                uip_ds6_defrt_head
                0x000000000001c228                uip_ds6_defrt_add
                0x000000000001c2e9                uip_ds6_defrt_rm
                0x000000000001c36a                uip_ds6_defrt_lookup
                0x000000000001c3d1                uip_ds6_defrt_choose
                0x000000000001c447                uip_ds6_defrt_periodic
 .text          0x000000000001c4c2      0x6f7 build/cooja/mtype489.a(tcpip.o)
                0x000000000001c4dc                tcpip_output
                0x000000000001c55b                udp_attach
                0x000000000001c573                udp_new
                0x000000000001c5bd                udp_broadcast_new
                0x000000000001c72f                tcpip_input
                0x000000000001c8bf                tcpip_ipv6_output
                0x000000000001cab3                tcpip_poll_udp
                0x000000000001cad1                tcpip_uipcall
 .text          0x000000000001cbb9     0x1205 build/cooja/mtype489.a(uip6.o)
                0x000000000001cc68                uip_chksum
                0x000000000001cd3f                uip_icmp6chksum
                0x000000000001cd54                uip_udpchksum
                0x000000000001cd69                uip_init
                0x000000000001cdb2                uip_remove_ext_hdr
                0x000000000001ce8c                uip_udp_new
                0x000000000001d1a0                uip_process
                0x000000000001dc98                uip_htons
                0x000000000001dcba                uip_htonl
                0x000000000001dcf8                uip_send
 .text          0x000000000001ddbe      0x369 build/cooja/mtype489.a(uip-ds6-nbr.o)
                0x000000000001ddbe                uip_ds6_neighbors_init
                0x000000000001dde2                uip_ds6_nbr_add
                0x000000000001de68                uip_ds6_nbr_rm
                0x000000000001deb3                uip_ds6_nbr_update_ll
                0x000000000001dfa1                uip_ds6_nbr_get_ipaddr
                0x000000000001dfb6                uip_ds6_nbr_get_ll
                0x000000000001dfd2                uip_ds6_nbr_num
                0x000000000001e01b                uip_ds6_nbr_head
                0x000000000001e034                uip_ds6_nbr_next
                0x000000000001e050                uip_ds6_nbr_lookup
                0x000000000001e0a8                uip_ds6_nbr_ll_lookup
                0x000000000001e0c4                uip_ds6_nbr_ipaddr_from_lladdr
                0x000000000001e0ed                uip_ds6_nbr_lladdr_from_ipaddr
                0x000000000001e121                uip_ds6_link_callback
 .text          0x000000000001e127      0x6a7 build/cooja/mtype489.a(uip-nd6.o)
                0x000000000001e7b5                uip_nd6_init
 .text          0x000000000001e7ce     0x2c17 build/cooja/mtype489.a(sicslowpan.o)
                0x000000000001edd5                netstack_sniffer_add
                0x000000000001ede3                netstack_sniffer_remove
                0x00000000000213b9                sicslowpan_init
                0x00000000000213db                sicslowpan_get_last_rssi
 .text          0x00000000000213e5      0x4d1 build/cooja/mtype489.a(uiplib.o)
                0x00000000000213e5                uiplib_ip6addrconv
                0x000000000002159d                uiplib_ip4addrconv
                0x0000000000021660                uiplib_ipaddr_print
                0x00000000000216b3                uiplib_ipaddr_snprint
 .text          0x00000000000218b6      0x4c9 build/cooja/mtype489.a(rpl.o)
                0x00000000000218b6                rpl_lollipop_greater_than
                0x0000000000021910                rpl_get_global_address
                0x0000000000021a08                rpl_link_callback
                0x0000000000021a4c                rpl_has_joined
                0x0000000000021a71                rpl_is_reachable
                0x0000000000021af2                rpl_reset_prefix
                0x0000000000021b5c                rpl_set_prefix_from_addr
                0x0000000000021c41                rpl_set_prefix
                0x0000000000021d5b                rpl_set_leaf_only
                0x0000000000021d73                rpl_get_leaf_only
 .text          0x0000000000021d7f     0x138c build/cooja/mtype489.a(rpl-icmp6.o)
                0x0000000000021ea4                rpl_icmp6_update_nbr_table
                0x0000000000021f2d                rpl_icmp6_dis_output
                0x0000000000022573                rpl_icmp6_dio_output
                0x0000000000022d71                rpl_icmp6_dao_output
                0x0000000000023052                rpl_icmp6_dao_ack_output
                0x00000000000230c2                rpl_icmp6_init
 .text          0x000000000002310b      0x264 build/cooja/mtype489.a(rpl-dag-root.o)
                0x000000000002310b                rpl_dag_root_print_links
                0x0000000000023237                rpl_dag_root_set_prefix
                0x0000000000023263                rpl_dag_root_start
                0x0000000000023340                rpl_dag_root_is_root
 .text          0x000000000002336f       0x30 build/cooja/mtype489.a(watchdog.o)
                0x000000000002336f                watchdog_init
                0x0000000000023375                watchdog_start
                0x000000000002337b                watchdog_periodic
                0x0000000000023393                watchdog_stop
                0x0000000000023399                watchdog_reboot
 .text          0x000000000002339f       0x4a build/cooja/mtype489.a(int-master.o)
                0x000000000002339f                int_master_enable
                0x00000000000233af                int_master_read_and_disable
                0x00000000000233cc                int_master_status_set
                0x00000000000233da                int_master_is_enabled
 .text          0x00000000000233e9      0x226 build/cooja/mtype489.a(coap-timer-defa)
 .text          0x000000000002360f       0xc7 build/cooja/mtype489.a(stimer.o)
                0x000000000002360f                stimer_set
                0x000000000002362d                stimer_reset
                0x000000000002365a                stimer_restart
                0x000000000002366f                stimer_expired
                0x000000000002369a                stimer_remaining
                0x00000000000236be                stimer_elapsed
 .text          0x00000000000236d6      0x156 build/cooja/mtype489.a(ringbuf.o)
                0x00000000000236d6                ringbuf_init
                0x0000000000023708                ringbuf_put
                0x0000000000023786                ringbuf_get
                0x00000000000237f3                ringbuf_size
                0x0000000000023805                ringbuf_elements
 .text          0x000000000002382c       0x1f build/cooja/mtype489.a(assert.o)
                0x000000000002382c                _xassert
 .text          0x000000000002384b      0x79b build/cooja/mtype489.a(nbr-table.o)
                0x0000000000023cc4                nbr_table_register
                0x0000000000023d31                nbr_table_is_registered
                0x0000000000023d6c                nbr_table_head
                0x0000000000023dc7                nbr_table_next
                0x0000000000023e28                nbr_table_add_lladdr
                0x0000000000023f02                nbr_table_get_from_lladdr
                0x0000000000023f4e                nbr_table_remove
                0x0000000000023f86                nbr_table_lock
                0x0000000000023fa0                nbr_table_unlock
                0x0000000000023fba                nbr_table_get_lladdr
 .text          0x0000000000023fe6      0x3a5 build/cooja/mtype489.a(link-stats.o)
                0x0000000000023fe6                link_stats_from_lladdr
                0x0000000000024002                link_stats_get_lladdr
                0x000000000002401e                link_stats_is_fresh
                0x000000000002405a                guess_etx_from_rssi
                0x00000000000240d6                link_stats_packet_sent
                0x00000000000241f6                link_stats_input_callback
                0x0000000000024306                link_stats_reset
                0x0000000000024356                link_stats_init
 .text          0x000000000002438b      0x187 build/cooja/mtype489.a(mac-sequence.o)
                0x000000000002438b                mac_sequence_is_duplicate
                0x000000000002442b                mac_sequence_register_seqno
 .text          0x0000000000024512       0x23 build/cooja/mtype489.a(mac.o)
                0x0000000000024512                mac_call_sent_callback
 .text          0x0000000000024535      0x432 build/cooja/mtype489.a(framer-802154.o)
                0x00000000000246c4                framer_802154_setup_params
 .text          0x0000000000024967      0xb6f build/cooja/mtype489.a(frame802154.o)
                0x0000000000024998                frame802154_get_pan_id
                0x00000000000249a4                frame802154_set_pan_id
                0x00000000000249be                frame802154_has_panid
                0x0000000000024b6d                frame802154_check_dest_panid
                0x0000000000024bf5                frame802154_is_broadcast_addr
                0x0000000000024c42                frame802154_extract_linkaddr
                0x0000000000024ea7                frame802154_hdrlen
                0x0000000000024f1a                frame802154_create_fcf
                0x0000000000024fd2                frame802154_create
                0x0000000000025147                frame802154_parse_fcf
                0x0000000000025229                frame802154_parse
 .text          0x00000000000254d6       0x2d build/cooja/mtype489.a(csma-security.o)
                0x00000000000254d6                csma_security_create_frame
                0x00000000000254f4                csma_security_parse_frame
 .text          0x0000000000025503      0x4e4 build/cooja/mtype489.a(uipbuf.o)
                0x0000000000025503                uipbuf_clear
                0x000000000002552a                uipbuf_add_ext_hdr
                0x00000000000255aa                uipbuf_set_len
                0x00000000000255d7                uipbuf_set_len_field
                0x0000000000025603                uipbuf_get_len_field
                0x0000000000025623                uipbuf_get_next_header
                0x0000000000025755                uipbuf_get_last_header
                0x00000000000257ce                uipbuf_search_header
                0x0000000000025884                uipbuf_get_attr
                0x00000000000258ab                uipbuf_set_attr
                0x00000000000258e2                uipbuf_set_default_attr
                0x0000000000025919                uipbuf_clear_attr
                0x000000000002593d                uipbuf_set_attr_flag
                0x000000000002595e                uipbuf_clr_attr_flag
                0x0000000000025985                uipbuf_is_attr_flag
                0x00000000000259a9                uipbuf_init
 .text          0x00000000000259e7      0x73f build/cooja/mtype489.a(uip-icmp6.o)
                0x0000000000025a5c                uip_icmp6_input
                0x0000000000025ab3                uip_icmp6_register_input_handler
                0x0000000000025c06                uip_icmp6_error_output
                0x0000000000025eb7                uip_icmp6_send
                0x00000000000260ae                uip_icmp6_echo_reply_callback_add
                0x00000000000260e0                uip_icmp6_echo_reply_callback_rm
                0x00000000000260fd                uip_icmp6_init
 .text          0x0000000000026126      0x69b build/cooja/mtype489.a(uip-sr.o)
                0x0000000000026126                uip_sr_num_nodes
                0x00000000000261b4                uip_sr_get_node
                0x000000000002620b                uip_sr_is_addr_reachable
                0x00000000000262b9                uip_sr_expire_parent
                0x0000000000026302                uip_sr_update_node
                0x0000000000026432                uip_sr_init
                0x0000000000026466                uip_sr_node_head
                0x000000000002647f                uip_sr_node_next
                0x0000000000026495                uip_sr_periodic
                0x000000000002659b                uip_sr_free_all
                0x000000000002660b                uip_sr_link_snprint
 .text          0x00000000000267c1      0x146 build/cooja/mtype489.a(uip-packetqueue)
                0x00000000000267ef                uip_packetqueue_new
                0x00000000000267fe                uip_packetqueue_alloc
                0x0000000000026859                uip_packetqueue_free
                0x00000000000268a0                uip_packetqueue_buf
                0x00000000000268bd                uip_packetqueue_buflen
                0x00000000000268de                uip_packetqueue_set_buflen
 .text          0x0000000000026907      0x1b0 build/cooja/mtype489.a(rpl-nbr-policy.)
                0x0000000000026a74                rpl_nbr_policy_find_removable
 .text          0x0000000000026ab7      0x915 build/cooja/mtype489.a(rpl-neighbor.o)
                0x0000000000026b33                rpl_neighbor_snprint
                0x0000000000026de6                rpl_neighbor_print_list
                0x0000000000026e9b                rpl_neighbor_count
                0x0000000000026f42                rpl_neighbor_get_from_lladdr
                0x0000000000026f5e                rpl_neighbor_is_acceptable_parent
                0x0000000000026f92                rpl_neighbor_get_link_metric
                0x0000000000026fc6                rpl_neighbor_rank_via_nbr
                0x0000000000026ffa                rpl_neighbor_get_lladdr
                0x0000000000027016                rpl_neighbor_get_ipaddr
                0x000000000002703d                rpl_neighbor_get_link_stats
                0x0000000000027064                rpl_neighbor_is_fresh
                0x000000000002708b                rpl_neighbor_is_reachable
                0x00000000000270d6                rpl_neighbor_is_parent
                0x0000000000027100                rpl_neighbor_set_preferred_parent
                0x0000000000027197                rpl_neighbor_remove_all
                0x00000000000271f3                rpl_neighbor_get_from_ipaddr
                0x0000000000027301                rpl_neighbor_select_best
                0x00000000000273ad                rpl_neighbor_init
 .text          0x00000000000273cc      0xe69 build/cooja/mtype489.a(rpl-dag.o)
                0x00000000000273cc                rpl_dag_state_to_str
                0x000000000002740b                rpl_dag_get_root_ipaddr
                0x0000000000027453                rpl_dag_leave
                0x00000000000274dc                rpl_dag_poison_and_leave
                0x00000000000274f4                rpl_dag_periodic
                0x000000000002757c                rpl_is_addr_in_our_dag
                0x00000000000275c0                rpl_get_default_instance
                0x00000000000275dc                rpl_get_any_dag
                0x0000000000027635                rpl_refresh_routes
                0x0000000000027675                rpl_global_repair
                0x000000000002770e                rpl_local_repair
                0x0000000000027758                rpl_dag_ready_to_advertise
                0x000000000002779b                rpl_dag_update_state
                0x0000000000027ec8                rpl_process_dio
                0x0000000000027f46                rpl_process_dis
                0x0000000000027f8b                rpl_process_dao
                0x000000000002801a                rpl_process_dao_ack
                0x00000000000280b1                rpl_process_hbh
                0x0000000000028101                rpl_dag_init_root
                0x0000000000028215                rpl_dag_init
 .text          0x0000000000028235      0x9e7 build/cooja/mtype489.a(rpl-timers.o)
                0x0000000000028235                rpl_timers_schedule_periodic_dis
                0x0000000000028383                rpl_timers_dio_reset
                0x0000000000028491                rpl_timers_schedule_unicast_dio
                0x00000000000285e5                rpl_timers_schedule_dao
                0x00000000000286a4                rpl_timers_schedule_dao_ack
                0x000000000002872a                rpl_timers_notify_dao_ack
                0x0000000000028788                get_probing_delay
                0x00000000000287bc                get_probing_target
                0x00000000000289a6                rpl_schedule_probing
                0x00000000000289d4                rpl_schedule_probing_now
                0x0000000000028a3e                rpl_timers_unschedule_leaving
                0x0000000000028a76                rpl_timers_schedule_leaving
                0x0000000000028ab7                rpl_timers_init
                0x0000000000028b47                rpl_timers_stop_dag_timers
                0x0000000000028bc0                rpl_timers_unschedule_state_update
                0x0000000000028be4                rpl_timers_schedule_state_update
 .text          0x0000000000028c1c      0xb8e build/cooja/mtype489.a(rpl-ext-header.)
                0x0000000000028c1c                rpl_ext_header_srh_get_next_hop
                0x0000000000028d03                rpl_ext_header_srh_update
                0x000000000002926f                rpl_ext_header_hbh_update
                0x000000000002956f                rpl_ext_header_update
                0x00000000000295f8                rpl_ext_header_remove
 .text          0x00000000000297aa      0x31b build/cooja/mtype489.a(rpl-mrhof.o)
 *fill*         0x0000000000029ac5        0xb 
 .text          0x0000000000029ad0      0x122 /usr/lib/gcc/i686-linux-gnu/5/libgcc.a(_udivdi3.o)
                0x0000000000029ad0                __udivdi3
 .text          0x0000000000029bf2        0x0 /usr/lib/gcc/i686-linux-gnu/5/crtendS.o
 .text          0x0000000000029bf2        0x0 /usr/lib/gcc/i686-linux-gnu/5/../../../i386-linux-gnu/crtn.o
 *(.gnu.warning)

.fini           0x0000000000029bf4       0x14
 *(SORT(.fini))
 .fini          0x0000000000029bf4        0xf /usr/lib/gcc/i686-linux-gnu/5/../../../i386-linux-gnu/crti.o
                0x0000000000029bf4                _fini
 .fini          0x0000000000029c03        0x5 /usr/lib/gcc/i686-linux-gnu/5/../../../i386-linux-gnu/crtn.o
                [!provide]                        PROVIDE (__etext, .)
                [!provide]                        PROVIDE (_etext, .)
                [!provide]                        PROVIDE (etext, .)

.rodata         0x0000000000029c20      0xaeb
 *(.rodata .rodata.* .gnu.linkonce.r.*)
 .rodata        0x0000000000029c20       0x6c coap-actuator-energy.o
                0x0000000000029c40                autostart_processes
 .rodata        0x0000000000029c8c        0x8 build/cooja/mtype489.a(beep.o)
                0x0000000000029c8c                beep_interface
 .rodata        0x0000000000029c94        0xe build/cooja/mtype489.a(leds-arch.o)
                0x0000000000029c94                leds_interface
                0x0000000000029c9c                leds_arch_leds
 *fill*         0x0000000000029ca2        0x2 
 .rodata        0x0000000000029ca4        0x8 build/cooja/mtype489.a(moteid.o)
                0x0000000000029ca4                moteid_interface
 .rodata        0x0000000000029cac       0x1c build/cooja/mtype489.a(pir-sensor.o)
                0x0000000000029cac                pir_interface
                0x0000000000029cb8                pir_sensor
 .rodata        0x0000000000029cc8        0xe build/cooja/mtype489.a(rs232.o)
                0x0000000000029cc8                rs232_interface
 *fill*         0x0000000000029cd6        0x2 
 .rodata        0x0000000000029cd8       0x24 build/cooja/mtype489.a(vib-sensor.o)
                0x0000000000029cd8                vib_interface
                0x0000000000029cec                vib_sensor
 .rodata        0x0000000000029cfc        0x8 build/cooja/mtype489.a(clock.o)
                0x0000000000029cfc                clock_interface
 .rodata        0x0000000000029d04        0x8 build/cooja/mtype489.a(cooja-log.o)
                0x0000000000029d04                simlog_interface
 .rodata        0x0000000000029d0c       0x2f build/cooja/mtype489.a(cfs-cooja.o)
                0x0000000000029d0c                cfs_interface
 *fill*         0x0000000000029d3b        0x5 
 .rodata        0x0000000000029d40       0xb8 build/cooja/mtype489.a(cooja-radio.o)
                0x0000000000029d40                radio_interface
                0x0000000000029dc0                cooja_radio_driver
 .rodata        0x0000000000029df8        0x8 build/cooja/mtype489.a(eeprom.o)
                0x0000000000029df8                eeprom_interface
 .rodata        0x0000000000029e00        0x8 build/cooja/mtype489.a(sensors.o)
 .rodata        0x0000000000029e08       0x2c build/cooja/mtype489.a(buttons.o)
                0x0000000000029e08                button_interface
                0x0000000000029e1c                button_hal_button_count
                0x0000000000029e24                button_sensor
 .rodata        0x0000000000029e34       0xc0 build/cooja/mtype489.a(res_energy.o)
 .rodata        0x0000000000029ef4       0x41 build/cooja/mtype489.a(coap-engine.o)
 .rodata        0x0000000000029f35       0x19 build/cooja/mtype489.a(coap-res-well-k)
 .rodata        0x0000000000029f4e       0x11 build/cooja/mtype489.a(coap-observe.o)
 .rodata        0x0000000000029f5f       0x35 build/cooja/mtype489.a(coap-uip.o)
 .rodata        0x0000000000029f94      0x1ac build/cooja/mtype489.a(coap.o)
 .rodata        0x000000000002a140       0xf4 build/cooja/mtype489.a(contiki-main.o)
 .rodata        0x000000000002a234        0xf build/cooja/mtype489.a(ctimer.o)
 *fill*         0x000000000002a243        0x1 
 .rodata        0x000000000002a244       0xc4 build/cooja/mtype489.a(log.o)
 .rodata        0x000000000002a308        0xc build/cooja/mtype489.a(etimer.o)
 .rodata        0x000000000002a314       0x13 build/cooja/mtype489.a(button-hal.o)
 .rodata        0x000000000002a327        0xe build/cooja/mtype489.a(serial-line.o)
 *fill*         0x000000000002a335        0x3 
 .rodata        0x000000000002a338        0x8 build/cooja/mtype489.a(linkaddr.o)
                0x000000000002a338                linkaddr_null
 .rodata        0x000000000002a340       0x24 build/cooja/mtype489.a(csma.o)
                0x000000000002a348                csma_driver
 .rodata        0x000000000002a364       0x27 build/cooja/mtype489.a(csma-output.o)
 *fill*         0x000000000002a38b        0x1 
 .rodata        0x000000000002a38c       0xb9 build/cooja/mtype489.a(uip-ds6-route.o)
 .rodata        0x000000000002a445        0xd build/cooja/mtype489.a(tcpip.o)
 *fill*         0x000000000002a452        0x2 
 .rodata        0x000000000002a454       0x30 build/cooja/mtype489.a(sicslowpan.o)
                0x000000000002a454                unc_llconf
                0x000000000002a458                unc_ctxconf
                0x000000000002a45c                unc_mxconf
                0x000000000002a460                llprefix
                0x000000000002a474                sicslowpan_driver
 .rodata        0x000000000002a484       0x2d build/cooja/mtype489.a(uiplib.o)
 *fill*         0x000000000002a4b1        0xf 
 .rodata        0x000000000002a4c0       0x74 build/cooja/mtype489.a(rpl.o)
                0x000000000002a4e0                rpl_lite_driver
 .rodata        0x000000000002a534       0x20 build/cooja/mtype489.a(coap-timer-defa)
                0x000000000002a548                coap_timer_default_driver
 .rodata        0x000000000002a554       0x25 build/cooja/mtype489.a(assert.o)
 *fill*         0x000000000002a579        0x3 
 .rodata        0x000000000002a57c        0xc build/cooja/mtype489.a(framer-802154.o)
                0x000000000002a57c                framer_802154
 .rodata        0x000000000002a588       0x44 build/cooja/mtype489.a(uip-sr.o)
 .rodata        0x000000000002a5cc       0x58 build/cooja/mtype489.a(rpl-neighbor.o)
 .rodata        0x000000000002a624       0xdb build/cooja/mtype489.a(rpl-dag.o)
 .rodata        0x000000000002a6ff        0xc build/cooja/mtype489.a(rpl-timers.o)

.rodata1
 *(.rodata1)

.eh_frame_hdr   0x000000000002a70c     0x19ec
 *(.eh_frame_hdr)
 .eh_frame_hdr  0x000000000002a70c     0x19ec coap-actuator-energy.o
                0x000000000002a70c                __GNU_EH_FRAME_HDR
 *(.eh_frame_entry .eh_frame_entry.*)

.eh_frame       0x000000000002c0f8     0x6928
 *(.eh_frame)
 .eh_frame      0x000000000002c0f8       0x3c /usr/lib/gcc/i686-linux-gnu/5/../../../i386-linux-gnu/crti.o
                                         0x40 (size before relaxing)
 .eh_frame      0x000000000002c134       0x20 coap-actuator-energy.o
                                         0x38 (size before relaxing)
 .eh_frame      0x000000000002c154      0x178 build/cooja/mtype489.o
                                        0x190 (size before relaxing)
 .eh_frame      0x000000000002c2cc       0x40 build/cooja/mtype489.a(simEnvChange.o)
                                         0x58 (size before relaxing)
 .eh_frame      0x000000000002c30c       0x60 build/cooja/mtype489.a(cooja_mt.o)
                                         0x78 (size before relaxing)
 .eh_frame      0x000000000002c36c       0x80 build/cooja/mtype489.a(cooja_mtarch.o)
                                         0x98 (size before relaxing)
 .eh_frame      0x000000000002c3ec       0xc8 build/cooja/mtype489.a(rtimer-arch.o)
                                         0xe0 (size before relaxing)
 .eh_frame      0x000000000002c4b4      0x160 build/cooja/mtype489.a(beep.o)
                                        0x178 (size before relaxing)
 .eh_frame      0x000000000002c614       0x80 build/cooja/mtype489.a(leds-arch.o)
                                         0x98 (size before relaxing)
 .eh_frame      0x000000000002c694       0x40 build/cooja/mtype489.a(moteid.o)
                                         0x58 (size before relaxing)
 .eh_frame      0x000000000002c6d4       0xa0 build/cooja/mtype489.a(pir-sensor.o)
                                         0xb8 (size before relaxing)
 .eh_frame      0x000000000002c774      0x100 build/cooja/mtype489.a(rs232.o)
                                        0x118 (size before relaxing)
 .eh_frame      0x000000000002c874       0xa0 build/cooja/mtype489.a(vib-sensor.o)
                                         0xb8 (size before relaxing)
 .eh_frame      0x000000000002c914       0xc0 build/cooja/mtype489.a(clock.o)
                                         0xd8 (size before relaxing)
 .eh_frame      0x000000000002c9d4      0x120 build/cooja/mtype489.a(cooja-log.o)
                                        0x138 (size before relaxing)
 .eh_frame      0x000000000002caf4      0x160 build/cooja/mtype489.a(cfs-cooja.o)
                                        0x178 (size before relaxing)
 .eh_frame      0x000000000002cc54      0x340 build/cooja/mtype489.a(cooja-radio.o)
                                        0x358 (size before relaxing)
 .eh_frame      0x000000000002cf94       0xa0 build/cooja/mtype489.a(eeprom.o)
                                         0xb8 (size before relaxing)
 .eh_frame      0x000000000002d034       0x40 build/cooja/mtype489.a(random.o)
                                         0x58 (size before relaxing)
 .eh_frame      0x000000000002d074       0xc0 build/cooja/mtype489.a(sensors.o)
                                         0xd8 (size before relaxing)
 .eh_frame      0x000000000002d134      0x120 build/cooja/mtype489.a(leds.o)
                                        0x138 (size before relaxing)
 .eh_frame      0x000000000002d254      0x220 build/cooja/mtype489.a(gpio-hal-arch.o)
                                        0x238 (size before relaxing)
 .eh_frame      0x000000000002d474       0xa0 build/cooja/mtype489.a(buttons.o)
                                         0xb8 (size before relaxing)
 .eh_frame      0x000000000002d514       0x44 build/cooja/mtype489.a(res_energy.o)
                                         0x5c (size before relaxing)
 .eh_frame      0x000000000002d558      0x220 build/cooja/mtype489.a(coap-engine.o)
                                        0x238 (size before relaxing)
 .eh_frame      0x000000000002d778       0x24 build/cooja/mtype489.a(coap-res-well-k)
                                         0x3c (size before relaxing)
 .eh_frame      0x000000000002d79c      0x188 build/cooja/mtype489.a(coap-observe.o)
                                        0x1a0 (size before relaxing)
 .eh_frame      0x000000000002d924      0x250 build/cooja/mtype489.a(coap-uip.o)
                                        0x268 (size before relaxing)
 .eh_frame      0x000000000002db74      0x114 build/cooja/mtype489.a(coap-timer.o)
                                        0x12c (size before relaxing)
 .eh_frame      0x000000000002dc88      0x100 build/cooja/mtype489.a(coap-transactio)
                                        0x118 (size before relaxing)
 .eh_frame      0x000000000002dd88      0x6ec build/cooja/mtype489.a(coap.o)
                                        0x704 (size before relaxing)
 .eh_frame      0x000000000002e474       0x30 build/cooja/mtype489.a(contiki-main.o)
                                         0x48 (size before relaxing)
 .eh_frame      0x000000000002e4a4       0x40 build/cooja/mtype489.a(autostart.o)
                                         0x58 (size before relaxing)
 .eh_frame      0x000000000002e4e4      0x100 build/cooja/mtype489.a(ctimer.o)
                                        0x118 (size before relaxing)
 .eh_frame      0x000000000002e5e4      0x100 build/cooja/mtype489.a(log.o)
                                        0x118 (size before relaxing)
 .eh_frame      0x000000000002e6e4       0x60 build/cooja/mtype489.a(energest.o)
                                         0x78 (size before relaxing)
 .eh_frame      0x000000000002e744      0x1e0 build/cooja/mtype489.a(etimer.o)
                                        0x1f8 (size before relaxing)
 .eh_frame      0x000000000002e924       0x20 build/cooja/mtype489.a(node-id.o)
                                         0x38 (size before relaxing)
 .eh_frame      0x000000000002e944       0x60 build/cooja/mtype489.a(rtimer.o)
                                         0x78 (size before relaxing)
 .eh_frame      0x000000000002e9a4      0x1c4 build/cooja/mtype489.a(process.o)
                                        0x1dc (size before relaxing)
 .eh_frame      0x000000000002eb68       0xa4 build/cooja/mtype489.a(timer.o)
                                         0xbc (size before relaxing)
 .eh_frame      0x000000000002ec0c      0x1a0 build/cooja/mtype489.a(list.o)
                                        0x1b8 (size before relaxing)
 .eh_frame      0x000000000002edac       0xa0 build/cooja/mtype489.a(memb.o)
                                         0xb8 (size before relaxing)
 .eh_frame      0x000000000002ee4c      0x144 build/cooja/mtype489.a(button-hal.o)
                                        0x15c (size before relaxing)
 .eh_frame      0x000000000002ef90       0x60 build/cooja/mtype489.a(serial-line.o)
                                         0x78 (size before relaxing)
 .eh_frame      0x000000000002eff0       0xe0 build/cooja/mtype489.a(gpio-hal.o)
                                         0xf8 (size before relaxing)
 .eh_frame      0x000000000002f0d0      0x1a0 build/cooja/mtype489.a(queuebuf.o)
                                        0x1b8 (size before relaxing)
 .eh_frame      0x000000000002f270      0x28c build/cooja/mtype489.a(packetbuf.o)
                                        0x2a4 (size before relaxing)
 .eh_frame      0x000000000002f4fc       0x80 build/cooja/mtype489.a(netstack.o)
                                         0x98 (size before relaxing)
 .eh_frame      0x000000000002f57c       0x60 build/cooja/mtype489.a(linkaddr.o)
                                         0x78 (size before relaxing)
 .eh_frame      0x000000000002f5dc       0xe0 build/cooja/mtype489.a(csma.o)
                                         0xf8 (size before relaxing)
 .eh_frame      0x000000000002f6bc      0x1d0 build/cooja/mtype489.a(csma-output.o)
                                        0x1e8 (size before relaxing)
 .eh_frame      0x000000000002f88c      0x328 build/cooja/mtype489.a(uip-ds6.o)
                                        0x340 (size before relaxing)
 .eh_frame      0x000000000002fbb4       0x40 build/cooja/mtype489.a(uip-udp-packet.)
                                         0x58 (size before relaxing)
 .eh_frame      0x000000000002fbf4      0x2e0 build/cooja/mtype489.a(uip-ds6-route.o)
                                        0x2f8 (size before relaxing)
 .eh_frame      0x000000000002fed4      0x244 build/cooja/mtype489.a(tcpip.o)
                                        0x25c (size before relaxing)
 .eh_frame      0x0000000000030118      0x1e8 build/cooja/mtype489.a(uip6.o)
                                        0x200 (size before relaxing)
 .eh_frame      0x0000000000030300      0x1c0 build/cooja/mtype489.a(uip-ds6-nbr.o)
                                        0x1d8 (size before relaxing)
 .eh_frame      0x00000000000304c0       0x84 build/cooja/mtype489.a(uip-nd6.o)
                                         0x9c (size before relaxing)
 .eh_frame      0x0000000000030544      0x2f8 build/cooja/mtype489.a(sicslowpan.o)
                                        0x310 (size before relaxing)
 .eh_frame      0x000000000003083c       0x88 build/cooja/mtype489.a(uiplib.o)
                                         0xa0 (size before relaxing)
 .eh_frame      0x00000000000308c4      0x1e0 build/cooja/mtype489.a(rpl.o)
                                        0x1f8 (size before relaxing)
 .eh_frame      0x0000000000030aa4      0x1c4 build/cooja/mtype489.a(rpl-icmp6.o)
                                        0x1dc (size before relaxing)
 .eh_frame      0x0000000000030c68       0xa0 build/cooja/mtype489.a(rpl-dag-root.o)
                                         0xb8 (size before relaxing)
 .eh_frame      0x0000000000030d08       0xa0 build/cooja/mtype489.a(watchdog.o)
                                         0xb8 (size before relaxing)
 .eh_frame      0x0000000000030da8       0x80 build/cooja/mtype489.a(int-master.o)
                                         0x98 (size before relaxing)
 .eh_frame      0x0000000000030e28       0xa4 build/cooja/mtype489.a(coap-timer-defa)
                                         0xbc (size before relaxing)
 .eh_frame      0x0000000000030ecc       0xc4 build/cooja/mtype489.a(stimer.o)
                                         0xdc (size before relaxing)
 .eh_frame      0x0000000000030f90       0xa0 build/cooja/mtype489.a(ringbuf.o)
                                         0xb8 (size before relaxing)
 .eh_frame      0x0000000000031030       0x20 build/cooja/mtype489.a(assert.o)
                                         0x38 (size before relaxing)
 .eh_frame      0x0000000000031050      0x2ac build/cooja/mtype489.a(nbr-table.o)
                                        0x2c4 (size before relaxing)
 .eh_frame      0x00000000000312fc      0x120 build/cooja/mtype489.a(link-stats.o)
                                        0x138 (size before relaxing)
 .eh_frame      0x000000000003141c       0x48 build/cooja/mtype489.a(mac-sequence.o)
                                         0x60 (size before relaxing)
 .eh_frame      0x0000000000031464       0x20 build/cooja/mtype489.a(mac.o)
                                         0x38 (size before relaxing)
 .eh_frame      0x0000000000031484       0xa4 build/cooja/mtype489.a(framer-802154.o)
                                         0xbc (size before relaxing)
 .eh_frame      0x0000000000031528      0x1a4 build/cooja/mtype489.a(frame802154.o)
                                        0x1bc (size before relaxing)
 .eh_frame      0x00000000000316cc       0x40 build/cooja/mtype489.a(csma-security.o)
                                         0x58 (size before relaxing)
 .eh_frame      0x000000000003170c      0x200 build/cooja/mtype489.a(uipbuf.o)
                                        0x218 (size before relaxing)
 .eh_frame      0x000000000003190c      0x150 build/cooja/mtype489.a(uip-icmp6.o)
                                        0x168 (size before relaxing)
 .eh_frame      0x0000000000031a5c      0x184 build/cooja/mtype489.a(uip-sr.o)
                                        0x19c (size before relaxing)
 .eh_frame      0x0000000000031be0       0xe0 build/cooja/mtype489.a(uip-packetqueue)
                                         0xf8 (size before relaxing)
 .eh_frame      0x0000000000031cc0       0x80 build/cooja/mtype489.a(rpl-nbr-policy.)
                                         0x98 (size before relaxing)
 .eh_frame      0x0000000000031d40      0x2d4 build/cooja/mtype489.a(rpl-neighbor.o)
                                        0x2ec (size before relaxing)
 .eh_frame      0x0000000000032014      0x370 build/cooja/mtype489.a(rpl-dag.o)
                                        0x388 (size before relaxing)
 .eh_frame      0x0000000000032384      0x3a8 build/cooja/mtype489.a(rpl-timers.o)
                                        0x3c0 (size before relaxing)
 .eh_frame      0x000000000003272c      0x124 build/cooja/mtype489.a(rpl-ext-header.)
                                        0x13c (size before relaxing)
 .eh_frame      0x0000000000032850      0x148 build/cooja/mtype489.a(rpl-mrhof.o)
                                        0x160 (size before relaxing)
 .eh_frame      0x0000000000032998       0x84 /usr/lib/gcc/i686-linux-gnu/5/libgcc.a(_udivdi3.o)
                                         0x9c (size before relaxing)
 .eh_frame      0x0000000000032a1c        0x4 /usr/lib/gcc/i686-linux-gnu/5/crtendS.o
 *(.eh_frame.*)

.gcc_except_table
 *(.gcc_except_table .gcc_except_table.*)

.gnu_extab
 *(.gnu_extab*)

.exception_ranges
 *(.exception_ranges .exception_ranges*)
                0x0000000000033f10                . = DATA_SEGMENT_ALIGN (0x1000, 0x1000)

.eh_frame
 *(.eh_frame)
 *(.eh_frame.*)

.gnu_extab
 *(.gnu_extab)

.gcc_except_table
 *(.gcc_except_table .gcc_except_table.*)

.exception_ranges
 *(.exception_ranges .exception_ranges*)

.tdata
 *(.tdata .tdata.* .gnu.linkonce.td.*)

.tbss
 *(.tbss .tbss.* .gnu.linkonce.tb.*)
 *(.tcommon)

.preinit_array
 *(.preinit_array)

.init_array     0x0000000000033f10        0x4
 *(SORT(.init_array.*) SORT(.ctors.*))
 *(.init_array EXCLUDE_FILE(*crtend?.o *crtend.o *crtbegin?.o *crtbegin.o) .ctors)
 .init_array    0x0000000000033f10        0x4 /usr/lib/gcc/i686-linux-gnu/5/crtbeginS.o

.fini_array     0x0000000000033f14        0x4
 *(SORT(.fini_array.*) SORT(.dtors.*))
 *(.fini_array EXCLUDE_FILE(*crtend?.o *crtend.o *crtbegin?.o *crtbegin.o) .dtors)
 .fini_array    0x0000000000033f14        0x4 /usr/lib/gcc/i686-linux-gnu/5/crtbeginS.o

.ctors
 *crtbegin.o(.ctors)
 *crtbegin?.o(.ctors)
 *(EXCLUDE_FILE(*crtend?.o *crtend.o) .ctors)
 *(SORT(.ctors.*))
 *(.ctors)

.dtors
 *crtbegin.o(.dtors)
 *crtbegin?.o(.dtors)
 *(EXCLUDE_FILE(*crtend?.o *crtend.o) .dtors)
 *(SORT(.dtors.*))
 *(.dtors)

.jcr            0x0000000000033f18        0x4
 *(.jcr)
 .jcr           0x0000000000033f18        0x0 /usr/lib/gcc/i686-linux-gnu/5/crtbeginS.o
 .jcr           0x0000000000033f18        0x4 /usr/lib/gcc/i686-linux-gnu/5/crtendS.o

.data.rel.ro
 *(.data.rel.ro.local* .gnu.linkonce.d.rel.ro.local.*)
 *(.data.rel.ro .data.rel.ro.* .gnu.linkonce.d.rel.ro.*)

.dynamic        0x0000000000033f1c       0xd0
 *(.dynamic)
 .dynamic       0x0000000000033f1c       0xd0 /usr/lib/gcc/i686-linux-gnu/5/../../../i386-linux-gnu/crti.o
                0x0000000000033f1c                _DYNAMIC

.got            0x0000000000033fec       0x14
 *(.got)
 .got           0x0000000000033fec       0x14 /usr/lib/gcc/i686-linux-gnu/5/../../../i386-linux-gnu/crti.o
 *(.igot)
                0x0000000000034ff4                . = DATA_SEGMENT_RELRO_END (., (SIZEOF (.got.plt) >= 0xc)?0xc:0x0)

.got.plt        0x0000000000034000        0xc
 *(.got.plt)
 .got.plt       0x0000000000034000        0xc /usr/lib/gcc/i686-linux-gnu/5/../../../i386-linux-gnu/crti.o
                0x0000000000034000                _GLOBAL_OFFSET_TABLE_
 *(.igot.plt)

.data           0x0000000000034020      0x484
 *(.data .data.* .gnu.linkonce.d.*)
 .data          0x0000000000034020        0x0 /usr/lib/gcc/i686-linux-gnu/5/../../../i386-linux-gnu/crti.o
 .data          0x0000000000034020        0x0 /usr/lib/gcc/i686-linux-gnu/5/crtbeginS.o
 .data.rel.local
                0x0000000000034020        0x4 /usr/lib/gcc/i686-linux-gnu/5/crtbeginS.o
                0x0000000000034020                __dso_handle
 .data          0x0000000000034024       0x10 coap-actuator-energy.o
                0x0000000000034024                coap_energy_actuator
 *fill*         0x0000000000034034        0xc 
 .data          0x0000000000034040       0x44 build/cooja/mtype489.o
                0x0000000000034040                simInterfaces
                0x0000000000034074                sensors
 .data          0x0000000000034084        0x0 build/cooja/mtype489.a(simEnvChange.o)
 .data          0x0000000000034084        0x0 build/cooja/mtype489.a(cooja_mt.o)
 .data          0x0000000000034084        0x0 build/cooja/mtype489.a(cooja_mtarch.o)
 .data          0x0000000000034084        0x0 build/cooja/mtype489.a(rtimer-arch.o)
 .data          0x0000000000034084        0x0 build/cooja/mtype489.a(beep.o)
 .data          0x0000000000034084        0x0 build/cooja/mtype489.a(leds-arch.o)
 .data          0x0000000000034084        0x0 build/cooja/mtype489.a(moteid.o)
 .data          0x0000000000034084        0x0 build/cooja/mtype489.a(pir-sensor.o)
 .data          0x0000000000034084        0x0 build/cooja/mtype489.a(rs232.o)
 .data          0x0000000000034084        0x0 build/cooja/mtype489.a(vib-sensor.o)
 .data          0x0000000000034084        0x0 build/cooja/mtype489.a(clock.o)
 .data          0x0000000000034084        0x0 build/cooja/mtype489.a(cooja-log.o)
 .data          0x0000000000034084        0x0 build/cooja/mtype489.a(cfs-cooja.o)
 .data          0x0000000000034084       0x2c build/cooja/mtype489.a(cooja-radio.o)
                0x0000000000034084                simRadioHWOn
                0x0000000000034088                simSignalStrength
                0x000000000003408c                simLastSignalStrength
                0x0000000000034090                simPower
                0x0000000000034094                simRadioChannel
                0x0000000000034098                simLQI
                0x00000000000340a0                cooja_radio_process
 .data          0x00000000000340b0        0x0 build/cooja/mtype489.a(eeprom.o)
 .data          0x00000000000340b0        0x0 build/cooja/mtype489.a(random.o)
 .data          0x00000000000340b0       0x10 build/cooja/mtype489.a(sensors.o)
                0x00000000000340b0                sensors_process
 .data          0x00000000000340c0        0x0 build/cooja/mtype489.a(leds.o)
 .data          0x00000000000340c0        0x0 build/cooja/mtype489.a(gpio-hal-arch.o)
 .data          0x00000000000340c0       0x78 build/cooja/mtype489.a(buttons.o)
                0x00000000000340c0                simButtonIsActive
                0x0000000000034130                button_hal_buttons
 *fill*         0x0000000000034138        0x8 
 .data          0x0000000000034140       0x24 build/cooja/mtype489.a(res_energy.o)
                0x0000000000034140                res_energy
 .data          0x0000000000034164        0x8 build/cooja/mtype489.a(coap-engine.o)
 *fill*         0x000000000003416c       0x14 
 .data          0x0000000000034180       0x24 build/cooja/mtype489.a(coap-res-well-k)
                0x0000000000034180                res_well_known_core
 .data          0x00000000000341a4       0x10 build/cooja/mtype489.a(coap-observe.o)
 .data          0x00000000000341b4       0x10 build/cooja/mtype489.a(coap-uip.o)
                0x00000000000341b4                coap_engine
 .data          0x00000000000341c4        0x4 build/cooja/mtype489.a(coap-timer.o)
 .data          0x00000000000341c8       0x10 build/cooja/mtype489.a(coap-transactio)
 .data          0x00000000000341d8        0x4 build/cooja/mtype489.a(coap.o)
                0x00000000000341d8                coap_error_message
 .data          0x00000000000341dc        0x0 build/cooja/mtype489.a(contiki-main.o)
 .data          0x00000000000341dc        0x0 build/cooja/mtype489.a(autostart.o)
 .data          0x00000000000341dc       0x14 build/cooja/mtype489.a(ctimer.o)
                0x00000000000341e0                ctimer_process
 *fill*         0x00000000000341f0       0x10 
 .data          0x0000000000034200       0xbc build/cooja/mtype489.a(log.o)
                0x0000000000034200                curr_log_level_main
                0x0000000000034220                all_modules
 .data          0x00000000000342bc        0x0 build/cooja/mtype489.a(energest.o)
 .data          0x00000000000342bc       0x10 build/cooja/mtype489.a(etimer.o)
                0x00000000000342bc                etimer_process
 .data          0x00000000000342cc        0x0 build/cooja/mtype489.a(node-id.o)
 .data          0x00000000000342cc        0x0 build/cooja/mtype489.a(rtimer.o)
 .data          0x00000000000342cc        0x0 build/cooja/mtype489.a(process.o)
 .data          0x00000000000342cc        0x0 build/cooja/mtype489.a(timer.o)
 .data          0x00000000000342cc        0x0 build/cooja/mtype489.a(list.o)
 .data          0x00000000000342cc        0x0 build/cooja/mtype489.a(memb.o)
 .data          0x00000000000342cc       0x10 build/cooja/mtype489.a(button-hal.o)
                0x00000000000342cc                button_hal_process
 .data          0x00000000000342dc       0x10 build/cooja/mtype489.a(serial-line.o)
                0x00000000000342dc                serial_line_process
 .data          0x00000000000342ec        0x4 build/cooja/mtype489.a(gpio-hal.o)
 .data          0x00000000000342f0       0x18 build/cooja/mtype489.a(queuebuf.o)
 .data          0x0000000000034308        0x4 build/cooja/mtype489.a(packetbuf.o)
 .data          0x000000000003430c        0x4 build/cooja/mtype489.a(netstack.o)
 .data          0x0000000000034310        0x0 build/cooja/mtype489.a(linkaddr.o)
 .data          0x0000000000034310        0x0 build/cooja/mtype489.a(csma.o)
 .data          0x0000000000034310       0x28 build/cooja/mtype489.a(csma-output.o)
 .data          0x0000000000034338        0x0 build/cooja/mtype489.a(uip-ds6.o)
 .data          0x0000000000034338        0x0 build/cooja/mtype489.a(uip-udp-packet.)
 .data          0x0000000000034338       0x44 build/cooja/mtype489.a(uip-ds6-route.o)
                0x0000000000034348                nbr_routes
 .data          0x000000000003437c       0x10 build/cooja/mtype489.a(tcpip.o)
                0x000000000003437c                tcpip_process
 .data          0x000000000003438c        0x0 build/cooja/mtype489.a(uip6.o)
 .data          0x000000000003438c       0x14 build/cooja/mtype489.a(uip-ds6-nbr.o)
 .data          0x00000000000343a0        0xc build/cooja/mtype489.a(uip-nd6.o)
 .data          0x00000000000343ac        0x0 build/cooja/mtype489.a(sicslowpan.o)
 .data          0x00000000000343ac        0x0 build/cooja/mtype489.a(uiplib.o)
 .data          0x00000000000343ac        0x0 build/cooja/mtype489.a(rpl.o)
 .data          0x00000000000343ac       0x30 build/cooja/mtype489.a(rpl-icmp6.o)
 .data          0x00000000000343dc        0x0 build/cooja/mtype489.a(rpl-dag-root.o)
 .data          0x00000000000343dc        0x0 build/cooja/mtype489.a(watchdog.o)
 .data          0x00000000000343dc        0x0 build/cooja/mtype489.a(int-master.o)
 .data          0x00000000000343dc       0x10 build/cooja/mtype489.a(coap-timer-defa)
                0x00000000000343dc                coap_timer_process
 .data          0x00000000000343ec        0x0 build/cooja/mtype489.a(stimer.o)
 .data          0x00000000000343ec        0x0 build/cooja/mtype489.a(ringbuf.o)
 .data          0x00000000000343ec        0x0 build/cooja/mtype489.a(assert.o)
 .data          0x00000000000343ec       0x10 build/cooja/mtype489.a(nbr-table.o)
 .data          0x00000000000343fc       0x14 build/cooja/mtype489.a(link-stats.o)
 .data          0x0000000000034410        0x0 build/cooja/mtype489.a(mac-sequence.o)
 .data          0x0000000000034410        0x0 build/cooja/mtype489.a(mac.o)
 .data          0x0000000000034410        0x0 build/cooja/mtype489.a(framer-802154.o)
 .data          0x0000000000034410        0x2 build/cooja/mtype489.a(frame802154.o)
 .data          0x0000000000034412        0x0 build/cooja/mtype489.a(csma-security.o)
 .data          0x0000000000034412        0x0 build/cooja/mtype489.a(uipbuf.o)
 *fill*         0x0000000000034412        0x2 
 .data          0x0000000000034414       0x20 build/cooja/mtype489.a(uip-icmp6.o)
 .data          0x0000000000034434       0x10 build/cooja/mtype489.a(uip-sr.o)
 .data          0x0000000000034444        0xc build/cooja/mtype489.a(uip-packetqueue)
 .data          0x0000000000034450        0x0 build/cooja/mtype489.a(rpl-nbr-policy.)
 .data          0x0000000000034450       0x14 build/cooja/mtype489.a(rpl-neighbor.o)
                0x0000000000034460                rpl_neighbors
 .data          0x0000000000034464        0x0 build/cooja/mtype489.a(rpl-dag.o)
 .data          0x0000000000034464        0x0 build/cooja/mtype489.a(rpl-timers.o)
 .data          0x0000000000034464        0x0 build/cooja/mtype489.a(rpl-ext-header.)
 *fill*         0x0000000000034464       0x1c 
 .data          0x0000000000034480       0x24 build/cooja/mtype489.a(rpl-mrhof.o)
                0x0000000000034480                rpl_mrhof
 .data          0x00000000000344a4        0x0 /usr/lib/gcc/i686-linux-gnu/5/libgcc.a(_udivdi3.o)
 .data          0x00000000000344a4        0x0 /usr/lib/gcc/i686-linux-gnu/5/crtendS.o
 .data          0x00000000000344a4        0x0 /usr/lib/gcc/i686-linux-gnu/5/../../../i386-linux-gnu/crtn.o

.tm_clone_table
                0x00000000000344a4        0x0
 .tm_clone_table
                0x00000000000344a4        0x0 /usr/lib/gcc/i686-linux-gnu/5/crtbeginS.o
 .tm_clone_table
                0x00000000000344a4        0x0 /usr/lib/gcc/i686-linux-gnu/5/crtendS.o

.data1
 *(.data1)
                0x00000000000344a4                _edata = .
                [!provide]                        PROVIDE (edata, .)
                0x00000000000344a4                . = .
                0x00000000000344a4                __bss_start = .

.bss            0x00000000000344c0     0xf124
 *(.dynbss)
 .dynbss        0x00000000000344c0        0x0 /usr/lib/gcc/i686-linux-gnu/5/../../../i386-linux-gnu/crti.o
 *(.bss .bss.* .gnu.linkonce.b.*)
 .bss           0x00000000000344c0        0x0 /usr/lib/gcc/i686-linux-gnu/5/../../../i386-linux-gnu/crti.o
 .bss           0x00000000000344c0        0x1 /usr/lib/gcc/i686-linux-gnu/5/crtbeginS.o
 .bss           0x00000000000344c1        0x0 coap-actuator-energy.o
 *fill*         0x00000000000344c1       0x1f 
 .bss           0x00000000000344e0     0x2030 build/cooja/mtype489.o
 .bss           0x0000000000036510        0x1 build/cooja/mtype489.a(simEnvChange.o)
                0x0000000000036510                simDontFallAsleep
 *fill*         0x0000000000036511        0x3 
 .bss           0x0000000000036514        0x4 build/cooja/mtype489.a(cooja_mt.o)
 .bss           0x0000000000036518        0x4 build/cooja/mtype489.a(cooja_mtarch.o)
 .bss           0x000000000003651c        0x0 build/cooja/mtype489.a(rtimer-arch.o)
 .bss           0x000000000003651c        0x0 build/cooja/mtype489.a(beep.o)
 .bss           0x000000000003651c        0x1 build/cooja/mtype489.a(leds-arch.o)
                0x000000000003651c                simLedsValue
 .bss           0x000000000003651d        0x0 build/cooja/mtype489.a(moteid.o)
 .bss           0x000000000003651d        0x1 build/cooja/mtype489.a(pir-sensor.o)
                0x000000000003651d                simPirValue
 *fill*         0x000000000003651e        0x2 
 .bss           0x0000000000036520        0x4 build/cooja/mtype489.a(rs232.o)
 .bss           0x0000000000036524        0x1 build/cooja/mtype489.a(vib-sensor.o)
                0x0000000000036524                simVibValue
 .bss           0x0000000000036525        0x0 build/cooja/mtype489.a(clock.o)
 *fill*         0x0000000000036525       0x1b 
 .bss           0x0000000000036540     0x2020 build/cooja/mtype489.a(cooja-log.o)
 .bss           0x0000000000038560      0xfc0 build/cooja/mtype489.a(cfs-cooja.o)
                0x0000000000038560                simCFSData
                0x0000000000039500                simCFSSize
                0x0000000000039504                simCFSChanged
                0x0000000000039508                simCFSRead
                0x000000000003950c                simCFSWritten
 .bss           0x0000000000039520       0x24 build/cooja/mtype489.a(cooja-radio.o)
                0x0000000000039520                simReceiving
                0x0000000000039524                simInSize
                0x0000000000039528                simLastPacketTimestamp
                0x0000000000039530                simOutSize
 .bss           0x0000000000039544        0xc build/cooja/mtype489.a(eeprom.o)
                0x0000000000039544                simEEPROMChanged
                0x0000000000039548                simEEPROMRead
                0x000000000003954c                simEEPROMWritten
 .bss           0x0000000000039550        0x0 build/cooja/mtype489.a(random.o)
 .bss           0x0000000000039550        0xc build/cooja/mtype489.a(sensors.o)
 .bss           0x000000000003955c        0x0 build/cooja/mtype489.a(leds.o)
 .bss           0x000000000003955c       0x24 build/cooja/mtype489.a(gpio-hal-arch.o)
 .bss           0x0000000000039580        0x0 build/cooja/mtype489.a(buttons.o)
 .bss           0x0000000000039580        0x4 build/cooja/mtype489.a(res_energy.o)
 *fill*         0x0000000000039584       0x1c 
 .bss           0x00000000000395a0      0x190 build/cooja/mtype489.a(coap-engine.o)
 .bss           0x0000000000039730        0x0 build/cooja/mtype489.a(coap-res-well-k)
 *fill*         0x0000000000039730       0x10 
 .bss           0x0000000000039740      0x120 build/cooja/mtype489.a(coap-observe.o)
 .bss           0x0000000000039860       0x18 build/cooja/mtype489.a(coap-uip.o)
 .bss           0x0000000000039878        0x5 build/cooja/mtype489.a(coap-timer.o)
 *fill*         0x000000000003987d        0x3 
 .bss           0x0000000000039880      0x334 build/cooja/mtype489.a(coap-transactio)
 .bss           0x0000000000039bb4        0x6 build/cooja/mtype489.a(coap.o)
                0x0000000000039bb4                coap_status_code
 .bss           0x0000000000039bba        0x0 build/cooja/mtype489.a(contiki-main.o)
 .bss           0x0000000000039bba        0x0 build/cooja/mtype489.a(autostart.o)
 *fill*         0x0000000000039bba        0x2 
 .bss           0x0000000000039bbc        0x5 build/cooja/mtype489.a(ctimer.o)
 *fill*         0x0000000000039bc1        0x3 
 .bss           0x0000000000039bc4       0x2c build/cooja/mtype489.a(log.o)
                0x0000000000039bc4                curr_log_level_rpl
                0x0000000000039bc8                curr_log_level_tcpip
                0x0000000000039bcc                curr_log_level_ipv6
                0x0000000000039bd0                curr_log_level_6lowpan
                0x0000000000039bd4                curr_log_level_nullnet
                0x0000000000039bd8                curr_log_level_mac
                0x0000000000039bdc                curr_log_level_framer
                0x0000000000039be0                curr_log_level_6top
                0x0000000000039be4                curr_log_level_coap
                0x0000000000039be8                curr_log_level_snmp
                0x0000000000039bec                curr_log_level_lwm2m
 .bss           0x0000000000039bf0        0x0 build/cooja/mtype489.a(energest.o)
 .bss           0x0000000000039bf0        0x8 build/cooja/mtype489.a(etimer.o)
 .bss           0x0000000000039bf8        0x2 build/cooja/mtype489.a(node-id.o)
                0x0000000000039bf8                node_id
 *fill*         0x0000000000039bfa        0x2 
 .bss           0x0000000000039bfc        0x4 build/cooja/mtype489.a(rtimer.o)
 .bss           0x0000000000039c00      0x1a1 build/cooja/mtype489.a(process.o)
                0x0000000000039c00                process_list
                0x0000000000039c04                process_current
 .bss           0x0000000000039da1        0x0 build/cooja/mtype489.a(timer.o)
 .bss           0x0000000000039da1        0x0 build/cooja/mtype489.a(list.o)
 .bss           0x0000000000039da1        0x0 build/cooja/mtype489.a(memb.o)
 *fill*         0x0000000000039da1        0x3 
 .bss           0x0000000000039da4       0x10 build/cooja/mtype489.a(button-hal.o)
 *fill*         0x0000000000039db4        0xc 
 .bss           0x0000000000039dc0      0x140 build/cooja/mtype489.a(serial-line.o)
 .bss           0x0000000000039f00        0x4 build/cooja/mtype489.a(gpio-hal.o)
 *fill*         0x0000000000039f04       0x1c 
 .bss           0x0000000000039f20     0x2c80 build/cooja/mtype489.a(queuebuf.o)
 .bss           0x000000000003cba0       0xa0 build/cooja/mtype489.a(packetbuf.o)
 .bss           0x000000000003cc40        0x4 build/cooja/mtype489.a(netstack.o)
 .bss           0x000000000003cc44        0x0 build/cooja/mtype489.a(linkaddr.o)
 .bss           0x000000000003cc44        0x0 build/cooja/mtype489.a(csma.o)
 *fill*         0x000000000003cc44       0x1c 
 .bss           0x000000000003cc60      0x726 build/cooja/mtype489.a(csma-output.o)
 *fill*         0x000000000003d386        0x2 
 .bss           0x000000000003d388       0x30 build/cooja/mtype489.a(uip-ds6.o)
 .bss           0x000000000003d3b8        0x0 build/cooja/mtype489.a(uip-udp-packet.)
 *fill*         0x000000000003d3b8        0x8 
 .bss           0x000000000003d3c0      0x2a4 build/cooja/mtype489.a(uip-ds6-route.o)
 .bss           0x000000000003d664       0x10 build/cooja/mtype489.a(tcpip.o)
 .bss           0x000000000003d674        0x8 build/cooja/mtype489.a(uip6.o)
                0x000000000003d674                uip_ext_bitmap
                0x000000000003d676                uip_ext_len
                0x000000000003d678                uip_last_proto
 *fill*         0x000000000003d67c        0x4 
 .bss           0x000000000003d680       0xf0 build/cooja/mtype489.a(uip-ds6-nbr.o)
 .bss           0x000000000003d770       0x10 build/cooja/mtype489.a(uip-nd6.o)
 .bss           0x000000000003d780      0x724 build/cooja/mtype489.a(sicslowpan.o)
 .bss           0x000000000003dea4        0x0 build/cooja/mtype489.a(uiplib.o)
 .bss           0x000000000003dea4        0x1 build/cooja/mtype489.a(rpl.o)
 .bss           0x000000000003dea5        0x0 build/cooja/mtype489.a(rpl-icmp6.o)
 *fill*         0x000000000003dea5        0x3 
 .bss           0x000000000003dea8       0x11 build/cooja/mtype489.a(rpl-dag-root.o)
 .bss           0x000000000003deb9        0x0 build/cooja/mtype489.a(watchdog.o)
 *fill*         0x000000000003deb9        0x3 
 .bss           0x000000000003debc        0x4 build/cooja/mtype489.a(int-master.o)
 .bss           0x000000000003dec0       0x1c build/cooja/mtype489.a(coap-timer-defa)
 .bss           0x000000000003dedc        0x0 build/cooja/mtype489.a(stimer.o)
 .bss           0x000000000003dedc        0x0 build/cooja/mtype489.a(ringbuf.o)
 .bss           0x000000000003dedc        0x0 build/cooja/mtype489.a(assert.o)