Archive member included to satisfy reference by file (symbol)

build/cooja/mtype788.a(simEnvChange.o)
                              build/cooja/mtype788.o (simDontFallAsleep)
build/cooja/mtype788.a(cooja_mt.o)
                              build/cooja/mtype788.o (cooja_mt_start)
build/cooja/mtype788.a(cooja_mtarch.o)
                              build/cooja/mtype788.a(cooja_mt.o) (cooja_mtarch_start)
build/cooja/mtype788.a(rtimer-arch.o)
                              build/cooja/mtype788.o (rtimer_arch_check)
build/cooja/mtype788.a(beep.o)
                              build/cooja/mtype788.o (beep_interface)
build/cooja/mtype788.a(leds-arch.o)
                              build/cooja/mtype788.o (leds_interface)
build/cooja/mtype788.a(moteid.o)
                              build/cooja/mtype788.o (moteid_interface)
build/cooja/mtype788.a(pir-sensor.o)
                              build/cooja/mtype788.o (pir_interface)
build/cooja/mtype788.a(rs232.o)
                              build/cooja/mtype788.o (rs232_interface)
build/cooja/mtype788.a(vib-sensor.o)
                              build/cooja/mtype788.o (vib_interface)
build/cooja/mtype788.a(clock.o)
                              build/cooja/mtype788.o (clock_interface)
build/cooja/mtype788.a(cooja-log.o)
                              build/cooja/mtype788.o (simlog_interface)
build/cooja/mtype788.a(cfs-cooja.o)
                              build/cooja/mtype788.o (cfs_interface)
build/cooja/mtype788.a(cooja-radio.o)
                              build/cooja/mtype788.o (radio_interface)
build/cooja/mtype788.a(eeprom.o)
                              build/cooja/mtype788.o (eeprom_interface)
build/cooja/mtype788.a(random.o)
                              build/cooja/mtype788.a(moteid.o) (random_init)
build/cooja/mtype788.a(sensors.o)
                              build/cooja/mtype788.a(pir-sensor.o) (sensors_changed)
build/cooja/mtype788.a(leds.o)
                              build/cooja/mtype788.a(leds-arch.o) (leds_get)
build/cooja/mtype788.a(gpio-hal-arch.o)
                              build/cooja/mtype788.a(leds-arch.o) (gpio_hal_arch_register_pin_callback)
build/cooja/mtype788.a(buttons.o)
                              build/cooja/mtype788.o (button_interface)
build/cooja/mtype788.a(coap-engine.o)
                              coap-actuator-energy.o (coap_activate_resource)
build/cooja/mtype788.a(coap-res-well-k)
                              build/cooja/mtype788.a(coap-engine.o) (res_well_known_core)
build/cooja/mtype788.a(coap-observe.o)
                              build/cooja/mtype788.a(coap-engine.o) (coap_remove_observer_by_mid)
build/cooja/mtype788.a(coap-uip.o)
                              build/cooja/mtype788.a(coap-observe.o) (coap_endpoint_copy)
build/cooja/mtype788.a(coap-timer.o)
                              build/cooja/mtype788.a(coap-engine.o) (coap_timer_set)
build/cooja/mtype788.a(coap-transactio)
                              build/cooja/mtype788.a(coap-engine.o) (coap_send_transaction)
build/cooja/mtype788.a(coap.o)
                              build/cooja/mtype788.a(coap-engine.o) (coap_status_code)
build/cooja/mtype788.a(contiki-main.o)
                              build/cooja/mtype788.o (main)
build/cooja/mtype788.a(autostart.o)
                              build/cooja/mtype788.a(contiki-main.o) (autostart_start)
build/cooja/mtype788.a(ctimer.o)
                              build/cooja/mtype788.a(contiki-main.o) (ctimer_init)
build/cooja/mtype788.a(log.o)
                              build/cooja/mtype788.a(contiki-main.o) (curr_log_level_main)
build/cooja/mtype788.a(energest.o)
                              build/cooja/mtype788.a(contiki-main.o) (energest_init)
build/cooja/mtype788.a(etimer.o)
                              build/cooja/mtype788.a(contiki-main.o) (etimer_process)
build/cooja/mtype788.a(node-id.o)
                              build/cooja/mtype788.a(contiki-main.o) (node_id)
build/cooja/mtype788.a(rtimer.o)
                              build/cooja/mtype788.a(contiki-main.o) (rtimer_init)
build/cooja/mtype788.a(process.o)
                              build/cooja/mtype788.a(ctimer.o) (process_current)
build/cooja/mtype788.a(timer.o)
                              build/cooja/mtype788.a(etimer.o) (timer_set)
build/cooja/mtype788.a(list.o)
                              build/cooja/mtype788.a(coap-engine.o) (list_init)
build/cooja/mtype788.a(memb.o)
                              build/cooja/mtype788.a(coap-observe.o) (memb_alloc)
build/cooja/mtype788.a(button-hal.o)
                              build/cooja/mtype788.o (button_hal_init)
build/cooja/mtype788.a(serial-line.o)
                              build/cooja/mtype788.a(rs232.o) (serial_line_input_byte)
build/cooja/mtype788.a(gpio-hal.o)
                              build/cooja/mtype788.a(button-hal.o) (gpio_hal_register_handler)
build/cooja/mtype788.a(queuebuf.o)
                              build/cooja/mtype788.a(contiki-main.o) (queuebuf_init)
[...]
Memory Configuration

Name             Origin             Length             Attributes
*default*        0x0000000000000000 0xffffffffffffffff

Linker script and memory map

LOAD /usr/lib/gcc/i686-linux-gnu/5/../../../i386-linux-gnu/crti.o
LOAD /usr/lib/gcc/i686-linux-gnu/5/crtbeginS.o
LOAD coap-actuator-energy.o
LOAD build/cooja/mtype788.o
LOAD build/cooja/mtype788.a
LOAD /usr/lib/gcc/i686-linux-gnu/5/libgcc.a
LOAD /usr/lib/gcc/i686-linux-gnu/5/libgcc_s.so
LOAD /usr/lib/gcc/i686-linux-gnu/5/../../../i386-linux-gnu/libc.so
START GROUP
LOAD /lib/i386-linux-gnu/libc.so.6
LOAD /usr/lib/i386-linux-gnu/libc_nonshared.a
LOAD /lib/i386-linux-gnu/ld-linux.so.2
END GROUP
LOAD /usr/lib/gcc/i686-linux-gnu/5/libgcc.a
LOAD /usr/lib/gcc/i686-linux-gnu/5/libgcc_s.so
LOAD /usr/lib/gcc/i686-linux-gnu/5/crtendS.o
LOAD /usr/lib/gcc/i686-linux-gnu/5/../../../i386-linux-gnu/crtn.o
                0x0000000000000114                . = (0x0 + SIZEOF_HEADERS)

.note.gnu.build-id
                0x0000000000000114       0x24
 *(.note.gnu.build-id)
 .note.gnu.build-id
                0x0000000000000114       0x24 /usr/lib/gcc/i686-linux-gnu/5/../../../i386-linux-gnu/crti.o

.hash
 *(.hash)

.gnu.hash       0x0000000000000138     0x1588
 *(.gnu.hash)
 .gnu.hash      0x0000000000000138     0x1588 /usr/lib/gcc/i686-linux-gnu/5/../../../i386-linux-gnu/crti.o

.dynsym         0x00000000000016c0     0x2eb0
 *(.dynsym)
 .dynsym        0x00000000000016c0     0x2eb0 /usr/lib/gcc/i686-linux-gnu/5/../../../i386-linux-gnu/crti.o

.dynstr         0x0000000000004570     0x3673
 *(.dynstr)
 .dynstr        0x0000000000004570     0x3673 /usr/lib/gcc/i686-linux-gnu/5/../../../i386-linux-gnu/crti.o

.gnu.version    0x0000000000007be4      0x5d6
 *(.gnu.version)
 .gnu.version   0x0000000000007be4      0x5d6 /usr/lib/gcc/i686-linux-gnu/5/../../../i386-linux-gnu/crti.o

.gnu.version_d  0x00000000000081bc        0x0
 *(.gnu.version_d)
 .gnu.version_d
                0x00000000000081bc        0x0 /usr/lib/gcc/i686-linux-gnu/5/../../../i386-linux-gnu/crti.o

.gnu.version_r  0x00000000000081bc       0x40
 *(.gnu.version_r)
 .gnu.version_r
                0x00000000000081bc       0x40 /usr/lib/gcc/i686-linux-gnu/5/../../../i386-linux-gnu/crti.o

.rel.dyn        0x00000000000081fc     0x90c0
 *(.rel.init)
 .rel.init      0x00000000000081fc        0x0 /usr/lib/gcc/i686-linux-gnu/5/../../../i386-linux-gnu/crti.o
 *(.rel.text .rel.text.* .rel.gnu.linkonce.t.*)
 .rel.text      0x00000000000081fc     0x86e8 /usr/lib/gcc/i686-linux-gnu/5/../../../i386-linux-gnu/crti.o
 *(.rel.fini)
 .rel.fini      0x00000000000108e4        0x0 /usr/lib/gcc/i686-linux-gnu/5/../../../i386-linux-gnu/crti.o
 *(.rel.rodata .rel.rodata.* .rel.gnu.linkonce.r.*)
 .rel.rodata    0x00000000000108e4      0x588 /usr/lib/gcc/i686-linux-gnu/5/../../../i386-linux-gnu/crti.o
 *(.rel.data.rel.ro .rel.data.rel.ro.* .rel.gnu.linkonce.d.rel.ro.*)
 *(.rel.data .rel.data.* .rel.gnu.linkonce.d.*)
 .rel.data.rel.local
                0x0000000000010e6c        0x8 /usr/lib/gcc/i686-linux-gnu/5/../../../i386-linux-gnu/crti.o
 .rel.data      0x0000000000010e74      0x410 /usr/lib/gcc/i686-linux-gnu/5/../../../i386-linux-gnu/crti.o
 *(.rel.tdata .rel.tdata.* .rel.gnu.linkonce.td.*)
 *(.rel.tbss .rel.tbss.* .rel.gnu.linkonce.tb.*)
 *(.rel.ctors)
 *(.rel.dtors)
 *(.rel.got)
 .rel.got       0x0000000000011284       0x28 /usr/lib/gcc/i686-linux-gnu/5/../../../i386-linux-gnu/crti.o
 *(.rel.bss .rel.bss.* .rel.gnu.linkonce.b.*)
 *(.rel.ifunc)
 .rel.ifunc     0x00000000000112ac        0x0 /usr/lib/gcc/i686-linux-gnu/5/../../../i386-linux-gnu/crti.o
 .rel.fini_array
                0x00000000000112ac        0x8 /usr/lib/gcc/i686-linux-gnu/5/../../../i386-linux-gnu/crti.o
 .rel.init_array
                0x00000000000112b4        0x8 /usr/lib/gcc/i686-linux-gnu/5/../../../i386-linux-gnu/crti.o

.rel.plt        0x00000000000112bc        0x0
 *(.rel.plt)
 .rel.plt       0x00000000000112bc        0x0 /usr/lib/gcc/i686-linux-gnu/5/../../../i386-linux-gnu/crti.o
 *(.rel.iplt)

.init           0x00000000000112bc       0x23
 *(SORT(.init))
 .init          0x00000000000112bc       0x1e /usr/lib/gcc/i686-linux-gnu/5/../../../i386-linux-gnu/crti.o
                0x00000000000112bc                _init
 .init          0x00000000000112da        0x5 /usr/lib/gcc/i686-linux-gnu/5/../../../i386-linux-gnu/crtn.o

.plt            0x00000000000112e0       0x10
 *(.plt)
 .plt           0x00000000000112e0       0x10 /usr/lib/gcc/i686-linux-gnu/5/../../../i386-linux-gnu/crti.o
 *(.iplt)

.plt.got        0x00000000000112f0       0x10
 *(.plt.got)
 .plt.got       0x00000000000112f0       0x10 /usr/lib/gcc/i686-linux-gnu/5/../../../i386-linux-gnu/crti.o

.text           0x0000000000011300    0x18592
 *(.text.unlikely .text.*_unlikely .text.unlikely.*)
 .text.unlikely
                0x0000000000011300        0x0 /usr/lib/gcc/i686-linux-gnu/5/crtbeginS.o
 .text.unlikely
                0x0000000000011300        0x0 /usr/lib/gcc/i686-linux-gnu/5/libgcc.a(_udivdi3.o)
 *(.text.exit .text.exit.*)
 *(.text.startup .text.startup.*)
 *(.text.hot .text.hot.*)
 *(.text .stub .text.* .gnu.linkonce.t.*)
 .text          0x0000000000011300        0x0 /usr/lib/gcc/i686-linux-gnu/5/../../../i386-linux-gnu/crti.o
 .gnu.linkonce.t.__x86.get_pc_thunk.bx
                0x0000000000011300        0x4 /usr/lib/gcc/i686-linux-gnu/5/../../../i386-linux-gnu/crti.o
                0x0000000000011300                __x86.get_pc_thunk.bx
 *fill*         0x0000000000011304        0xc 
 .text          0x0000000000011310      0x11c /usr/lib/gcc/i686-linux-gnu/5/crtbeginS.o
 .text.__x86.get_pc_thunk.dx
                0x000000000001142c        0x4 /usr/lib/gcc/i686-linux-gnu/5/crtbeginS.o
                0x000000000001142c                __x86.get_pc_thunk.dx
 .text          0x0000000000011430       0x6f coap-actuator-energy.o
 .text          0x000000000001149f      0x283 build/cooja/mtype788.o
                0x0000000000011531                platform_init_stage_one
                0x0000000000011544                platform_init_stage_two
                0x0000000000011557                platform_init_stage_three
                0x000000000001156a                platform_main_loop
                0x00000000000115dd                Java_org_contikios_cooja_corecomm_Lib2_init
                0x0000000000011614                Java_org_contikios_cooja_corecomm_Lib2_getMemory
                0x0000000000011647                Java_org_contikios_cooja_corecomm_Lib2_setMemory
                0x00000000000116a7                Java_org_contikios_cooja_corecomm_Lib2_tick
                0x000000000001170f                Java_org_contikios_cooja_corecomm_Lib2_setReferenceAddress
 .text          0x0000000000011722       0x65 build/cooja/mtype788.a(simEnvChange.o)
                0x0000000000011722                doActionsBeforeTick
                0x0000000000011754                doActionsAfterTick
 .text          0x0000000000011787       0x83 build/cooja/mtype788.a(cooja_mt.o)
                0x0000000000011787                cooja_mt_start
                0x00000000000117b1                cooja_mt_exec
                0x00000000000117e7                cooja_mt_yield
 .text          0x000000000001180a       0xbe build/cooja/mtype788.a(cooja_mtarch.o)
                0x000000000001180a                cooja_mtarch_start
                0x000000000001187d                cooja_sw
                0x00000000000118a0                cooja_mtarch_exec
                0x00000000000118bd                cooja_mtarch_yield
 .text          0x00000000000118c8       0xc5 build/cooja/mtype788.a(rtimer-arch.o)
                0x00000000000118c8                rtimer_arch_init
                0x00000000000118ec                rtimer_arch_schedule
                0x000000000001191c                rtimer_arch_next
                0x000000000001192c                rtimer_arch_pending
                0x0000000000011936                rtimer_arch_check
                0x000000000001197d                rtimer_arch_now
 .text          0x000000000001198d       0x81 build/cooja/mtype788.a(beep.o)
                0x000000000001198d                beep_alarm
                0x000000000001199a                beep_beep
                0x00000000000119a7                beep
                0x00000000000119b4                beep_down
                0x00000000000119c1                beep_on
                0x00000000000119ce                beep_off
                0x00000000000119db                beep_spinup
                0x00000000000119e8                beep_quick
                0x00000000000119f5                beep_long
 .text          0x0000000000011a0e       0x65 build/cooja/mtype788.a(leds-arch.o)
                0x0000000000011a21                leds_arch_init
 .text          0x0000000000011a73       0x35 build/cooja/mtype788.a(moteid.o)
 .text          0x0000000000011aa8       0xb7 build/cooja/mtype788.a(pir-sensor.o)
 .text          0x0000000000011b5f      0x148 build/cooja/mtype788.a(rs232.o)
                0x0000000000011b5f                rs232_init
                0x0000000000011b65                rs232_set_speed
                0x0000000000011b74                rs232_set_input
                0x0000000000011b82                rs232_send
                0x0000000000011ba6                rs232_print
                0x0000000000011bc2                slip_arch_writeb
 .text          0x0000000000011ca7       0xb7 build/cooja/mtype788.a(vib-sensor.o)
 .text          0x0000000000011d5e       0x38 build/cooja/mtype788.a(clock.o)
                0x0000000000011d5e                clock_init
                0x0000000000011d64                clock_time
                0x0000000000011d6e                clock_seconds
                0x0000000000011d84                clock_delay
 .text          0x0000000000011d96      0x219 build/cooja/mtype788.a(cooja-log.o)
                0x0000000000011d96                simlog_char
                0x0000000000011dd9                simlog
                0x0000000000011e4f                log_message
                0x0000000000011e80                log_set_putchar_with_slip
                0x0000000000011e8e                log_putchar
                0x0000000000011f09                log_puts
                0x0000000000011f31                log_printf
 .text          0x0000000000011faf      0x2b9 build/cooja/mtype788.a(cfs-cooja.o)
                0x0000000000011faf                cfs_open
                0x0000000000012018                cfs_close
                0x0000000000012025                cfs_read
                0x00000000000120ba                cfs_write
                0x0000000000012196                cfs_seek
                0x000000000001221e                cfs_remove
                0x0000000000012242                cfs_opendir
                0x000000000001224c                cfs_readdir
                0x0000000000012256                cfs_closedir
 .text          0x0000000000012268      0x620 build/cooja/mtype788.a(cooja-radio.o)
                0x00000000000122aa                radio_set_channel
                0x00000000000122b8                radio_set_txpower
                0x00000000000122d0                radio_signal_strength_last
                0x00000000000122da                radio_signal_strength_current
                0x00000000000122e4                radio_LQI
 .text          0x0000000000012888       0xee build/cooja/mtype788.a(eeprom.o)
                0x0000000000012888                eeprom_init
                0x000000000001288e                eeprom_read
                0x00000000000128fc                eeprom_write
 .text          0x0000000000012976       0x2d build/cooja/mtype788.a(random.o)
                0x0000000000012976                random_init
                0x0000000000012996                random_rand
 .text          0x00000000000129a3      0x29c build/cooja/mtype788.a(sensors.o)
                0x00000000000129de                sensors_first
                0x00000000000129e8                sensors_next
                0x0000000000012a02                sensors_changed
                0x0000000000012a36                sensors_find
 .text          0x0000000000012c3f      0x349 build/cooja/mtype788.a(leds.o)
                0x0000000000012c3f                leds_init
                0x0000000000012c86                leds_single_on
                0x0000000000012ce5                leds_single_off
                0x0000000000012d44                leds_single_toggle
                0x0000000000012d76                leds_on
                0x0000000000012df8                leds_off
                0x0000000000012e7a                leds_toggle
                0x0000000000012ecf                leds_set
                0x0000000000012efb                leds_get
 .text          0x0000000000012f88      0x343 build/cooja/mtype788.a(gpio-hal-arch.o)
                0x0000000000012f88                gpio_hal_arch_register_pin_callback
                0x0000000000012ff4                gpio_hal_arch_init
                0x0000000000013039                gpio_hal_arch_no_port_interrupt_enable
                0x0000000000013069                gpio_hal_arch_no_port_interrupt_disable
                0x0000000000013099                gpio_hal_arch_no_port_pin_cfg_set
                0x00000000000130be                gpio_hal_arch_no_port_pin_cfg_get
                0x00000000000130e4                gpio_hal_arch_no_port_pin_set_input
                0x00000000000130f6                gpio_hal_arch_no_port_pin_set_output
                0x0000000000013108                gpio_hal_arch_no_port_set_pin
                0x0000000000013129                gpio_hal_arch_no_port_clear_pin
                0x000000000001314a                gpio_hal_arch_no_port_read_pin
                0x0000000000013170                gpio_hal_arch_no_port_write_pin
                0x000000000001319a                gpio_hal_arch_no_port_set_pins
                0x00000000000131e1                gpio_hal_arch_no_port_clear_pins
                0x0000000000013228                gpio_hal_arch_no_port_read_pins
                0x000000000001326b                gpio_hal_arch_no_port_write_pins
 .text          0x00000000000132cb       0x89 build/cooja/mtype788.a(buttons.o)
 .text          0x0000000000013354      0xbea build/cooja/mtype788.a(coap-engine.o)
                0x00000000000133e9                coap_add_handler
                0x0000000000013406                coap_remove_handler
                0x0000000000013423                coap_call_handlers
                0x000000000001352b                coap_receive
                0x0000000000013b26                coap_engine_init
                0x0000000000013b84                coap_activate_resource
                0x0000000000013c2f                coap_get_first_resource
                0x0000000000013c48                coap_get_next_resource
 .text          0x0000000000013f3e      0x2d9 build/cooja/mtype788.a(coap-res-well-k)
 .text          0x0000000000014217      0x96a build/cooja/mtype788.a(coap-observe.o)
                0x000000000001432c                coap_remove_observer
                0x000000000001435c                coap_remove_observer_by_client
                0x00000000000143c4                coap_remove_observer_by_token
                0x0000000000014457                coap_remove_observer_by_uri
                0x00000000000144fe                coap_remove_observer_by_mid
                0x000000000001457a                coap_notify_observers
                0x0000000000014593                coap_notify_observers_sub
                0x00000000000149fd                coap_observe_handler
                0x0000000000014b18                coap_has_observers
 .text          0x0000000000014b81      0x733 build/cooja/mtype788.a(coap-uip.o)
                0x0000000000014b81                coap_endpoint_log
                0x0000000000014c07                coap_endpoint_print
                0x0000000000014c8d                coap_endpoint_snprint
                0x0000000000014dc0                coap_endpoint_copy
                0x0000000000014dfd                coap_endpoint_cmp
                0x0000000000014f0b                coap_endpoint_parse
                0x00000000000150f6                coap_endpoint_is_secure
                0x0000000000015105                coap_endpoint_is_connected
                0x0000000000015139                coap_endpoint_connect
                0x0000000000015155                coap_endpoint_disconnect
                0x000000000001515b                coap_databuf
                0x0000000000015165                coap_transport_init
                0x00000000000151b5                coap_sendto
 .text          0x00000000000152b4      0x324 build/cooja/mtype788.a(coap-timer.o)
                0x00000000000153b1                coap_timer_stop
                0x00000000000153dc                coap_timer_set
                0x000000000001541f                coap_timer_reset
                0x0000000000015462                coap_timer_time_to_next_expiration
                0x00000000000154ce                coap_timer_run
                0x000000000001559a                coap_timer_init
 .text          0x00000000000155d8      0x2c6 build/cooja/mtype788.a(coap-transactio)
                0x000000000001563e                coap_new_transaction
                0x00000000000156a4                coap_send_transaction
                0x0000000000015805                coap_clear_transaction
                0x000000000001584d                coap_get_transaction_by_mid
 .text          0x000000000001589e     0x1c53 build/cooja/mtype788.a(coap.o)
                0x0000000000015e0b                coap_init_connection
                0x0000000000015e1f                coap_get_mid
                0x0000000000015e3b                coap_init_message
                0x0000000000015e84                coap_serialize_message
                0x0000000000016506                coap_parse_message
                0x0000000000016b6d                coap_get_query_variable
                0x0000000000016baf                coap_get_post_variable
                0x0000000000016bf3                coap_set_status_code
                0x0000000000016c18                coap_set_token
                0x0000000000016c5f                coap_get_header_content_format
                0x0000000000016c90                coap_set_header_content_format
                0x0000000000016cb3                coap_get_header_accept
                0x0000000000016ce4                coap_set_header_accept
                0x0000000000016d07                coap_get_header_max_age
                0x0000000000016d38                coap_set_header_max_age
                0x0000000000016d58                coap_get_header_etag
                0x0000000000016d8a                coap_set_header_etag
                0x0000000000016de1                coap_get_header_if_match
                0x0000000000016e13                coap_set_header_if_match
                0x0000000000016e6a                coap_get_header_if_none_match
                0x0000000000016e84                coap_set_header_if_none_match
                0x0000000000016e9b                coap_get_header_proxy_uri
                0x0000000000016ec9                coap_set_header_proxy_uri
                0x0000000000016f06                coap_get_header_uri_host
                0x0000000000016f34                coap_set_header_uri_host
                0x0000000000016f71                coap_get_header_uri_path
                0x0000000000016f9f                coap_set_header_uri_path
                0x0000000000016fec                coap_get_header_uri_query
                0x0000000000017020                coap_set_header_uri_query
                0x0000000000017076                coap_get_header_location_path
                0x00000000000170a4                coap_set_header_location_path
                0x000000000001713d                coap_get_header_location_query
                0x000000000001716b                coap_set_header_location_query
                0x00000000000171b8                coap_get_header_observe
                0x00000000000171e7                coap_set_header_observe
                0x0000000000017207                coap_get_header_block2
                0x0000000000017273                coap_set_header_block2
                0x00000000000172ea                coap_get_header_block1
                0x000000000001735f                coap_set_header_block1
                0x00000000000173da                coap_get_header_size2
                0x000000000001740a                coap_set_header_size2
                0x000000000001742d                coap_get_header_size1
                0x000000000001745d                coap_set_header_size1
                0x0000000000017480                coap_get_payload
                0x00000000000174ba                coap_set_payload
 .text          0x00000000000174f1      0x332 build/cooja/mtype788.a(contiki-main.o)
                0x00000000000174f1                main
 .text          0x0000000000017823       0x92 build/cooja/mtype788.a(autostart.o)
                0x0000000000017823                autostart_start
                0x000000000001786d                autostart_exit
 .text          0x00000000000178b5      0x355 build/cooja/mtype788.a(ctimer.o)
                0x00000000000179dd                ctimer_init
                0x0000000000017a10                ctimer_set
                0x0000000000017a36                ctimer_set_with_process
                0x0000000000017ab3                ctimer_reset
                0x0000000000017b07                ctimer_restart
                0x0000000000017b5b                ctimer_stop
                0x0000000000017bab                ctimer_expired
 .text          0x0000000000017c0a      0x394 build/cooja/mtype788.a(log.o)
                0x0000000000017c0a                log_6addr
                0x0000000000017c5d                log_6addr_compact_snprint
                0x0000000000017cfb                log_6addr_compact
                0x0000000000017d4e                log_lladdr
                0x0000000000017dc0                log_lladdr_compact
                0x0000000000017e28                log_set_level
                0x0000000000017ee3                log_get_level
                0x0000000000017f5c                log_level_to_str
 .text          0x0000000000017f9e       0x1b build/cooja/mtype788.a(energest.o)
                0x0000000000017f9e                energest_init
                0x0000000000017fa4                energest_flush
                0x0000000000017faa                energest_get_total_time
 .text          0x0000000000017fb9      0x43f build/cooja/mtype788.a(etimer.o)
                0x00000000000181dd                etimer_request_poll
                0x0000000000018266                etimer_set
                0x000000000001828f                etimer_reset_with_new_interval
                0x00000000000182be                etimer_reset
                0x00000000000182e4                etimer_restart
                0x000000000001830a                etimer_adjust
                0x0000000000018327                etimer_expired
                0x000000000001833a                etimer_expiration_time
                0x000000000001834c                etimer_start_time
                0x0000000000018356                etimer_pending
                0x0000000000018368                etimer_next_expiration_time
                0x0000000000018382                etimer_stop
 .text          0x00000000000183f8       0x25 build/cooja/mtype788.a(node-id.o)
                0x00000000000183f8                node_id_init
 .text          0x000000000001841d       0xeb build/cooja/mtype788.a(rtimer.o)
                0x000000000001841d                rtimer_init
                0x000000000001842b                rtimer_set
                0x00000000000184a6                rtimer_run_next
 .text          0x0000000000018508      0x4fb build/cooja/mtype788.a(process.o)
                0x0000000000018508                process_alloc_event
                0x000000000001851d                process_start
                0x00000000000186f7                process_exit
                0x0000000000018714                process_init
                0x00000000000188a9                process_run
                0x00000000000188dc                process_nevents
                0x00000000000188f7                process_post
                0x000000000001898a                process_post_synch
                0x00000000000189bf                process_poll
                0x00000000000189ef                process_is_running
 .text          0x0000000000018a03       0xb1 build/cooja/mtype788.a(timer.o)
                0x0000000000018a03                timer_set
                0x0000000000018a21                timer_reset
                0x0000000000018a4e                timer_restart
                0x0000000000018a63                timer_expired
                0x0000000000018a90                timer_remaining
 .text          0x0000000000018ab4      0x28f build/cooja/mtype788.a(list.o)
                0x0000000000018ab4                list_init
                0x0000000000018ac3                list_head
                0x0000000000018acd                list_copy
                0x0000000000018add                list_tail
                0x0000000000018b13                list_add
                0x0000000000018b5f                list_push
                0x0000000000018b8b                list_chop
                0x0000000000018bf5                list_pop
                0x0000000000018c1d                list_remove
                0x0000000000018c85                list_length
                0x0000000000018cb3                list_insert
                0x0000000000018cf8                list_item_next
                0x0000000000018d0f                list_contains
 .text          0x0000000000018d43      0x1b5 build/cooja/mtype788.a(memb.o)
                0x0000000000018d43                memb_init
                0x0000000000018d98                memb_alloc
                0x0000000000018dfb                memb_free
                0x0000000000018e72                memb_inmemb
                0x0000000000018eb1                memb_numfree
 .text          0x0000000000018ef8      0x41c build/cooja/mtype788.a(button-hal.o)
                0x0000000000019071                button_hal_get_by_id
                0x00000000000190af                button_hal_get_by_index
                0x00000000000190db                button_hal_get_state
                0x000000000001912d                button_hal_init
 .text          0x0000000000019314      0x1f3 build/cooja/mtype788.a(serial-line.o)
                0x0000000000019314                serial_line_input_byte
                0x00000000000194d2                serial_line_init
 .text          0x0000000000019507      0x168 build/cooja/mtype788.a(gpio-hal.o)
                0x0000000000019507                gpio_hal_register_handler
                0x0000000000019524                gpio_hal_event_handler
                0x0000000000019580                gpio_hal_init
                0x000000000001959f                gpio_hal_arch_port_toggle_pin
                0x00000000000195db                gpio_hal_arch_port_toggle_pins
                0x0000000000019609                gpio_hal_arch_no_port_toggle_pin
                0x0000000000019647                gpio_hal_arch_no_port_toggle_pins
 .text          0x000000000001966f      0x2e7 build/cooja/mtype788.a(queuebuf.o)
                0x0000000000019679                queuebuf_init
                0x00000000000196a2                queuebuf_numfree
                0x00000000000196ba                queuebuf_new_from_packetbuf
                0x0000000000019759                queuebuf_update_attr_from_packetbuf
                0x000000000001978e                queuebuf_update_from_packetbuf
                0x00000000000197de                queuebuf_free
                0x0000000000019827                queuebuf_to_packetbuf
                0x0000000000019893                queuebuf_dataptr
                0x00000000000198cd                queuebuf_datalen
                0x00000000000198f0                queuebuf_addr
                0x0000000000019925                queuebuf_attr
                0x0000000000019950                queuebuf_debug_print
 .text          0x0000000000019956      0x407 build/cooja/mtype788.a(packetbuf.o)
                0x0000000000019956                packetbuf_clear
                0x0000000000019981                packetbuf_copyfrom
                0x00000000000199d0                packetbuf_copyto
                0x0000000000019a63                packetbuf_hdralloc
                0x0000000000019adf                packetbuf_hdrreduce
                0x0000000000019b25                packetbuf_set_datalen
                0x0000000000019b3f                packetbuf_dataptr
                0x0000000000019b5c                packetbuf_hdrptr
                0x0000000000019b66                packetbuf_datalen
                0x0000000000019b72                packetbuf_hdrlen
                0x0000000000019b89                packetbuf_totlen
                0x0000000000019b9f                packetbuf_remaininglen
                0x0000000000019bb2                packetbuf_attr_clear
                0x0000000000019bfe                packetbuf_attr_copyto
                0x0000000000019c56                packetbuf_attr_copyfrom
                0x0000000000019cae                packetbuf_set_attr
                0x0000000000019cd8                packetbuf_attr
                0x0000000000019cf2                packetbuf_set_addr
                0x0000000000019d23                packetbuf_addr
                0x0000000000019d40                packetbuf_holds_broadcast
 .text          0x0000000000019d5d       0xef build/cooja/mtype788.a(netstack.o)
                0x0000000000019d5d                netstack_process_ip_callback
                0x0000000000019dee                netstack_ip_packet_processor_add
                0x0000000000019e11                uip_ds6_ip_packet_processor_rm
                0x0000000000019e2e                netstack_init
 .text          0x0000000000019e4c       0x4f build/cooja/mtype788.a(linkaddr.o)
                0x0000000000019e4c                linkaddr_copy
                0x0000000000019e62                linkaddr_cmp
                0x0000000000019e85                linkaddr_set_node_addr
 .text          0x0000000000019e9b      0x1f6 build/cooja/mtype788.a(csma.o)
 .text          0x000000000001a091      0x95d build/cooja/mtype788.a(csma-output.o)
                0x000000000001a728                csma_output_packet
                0x000000000001a9b5                csma_output_init
 .text          0x000000000001a9ee      0xc11 build/cooja/mtype788.a(uip-ds6.o)
                0x000000000001a9ee                uip_ds6_default_prefix
                0x000000000001a9f8                uip_ds6_set_default_prefix
                0x000000000001aa23                uip_ds6_init
                0x000000000001ac85                uip_ds6_periodic
                0x000000000001ad0c                uip_ds6_list_loop
                0x000000000001adcc                uip_ds6_prefix_add
                0x000000000001ae78                uip_ds6_prefix_rm
                0x000000000001ae8b                uip_ds6_prefix_lookup
                0x000000000001aeca                uip_ds6_is_addr_onlink
                0x000000000001af3d                uip_ds6_addr_add
                0x000000000001b05d                uip_ds6_addr_rm
                0x000000000001b106                uip_ds6_addr_lookup
                0x000000000001b13f                uip_ds6_get_link_local
                0x000000000001b1c0                uip_ds6_get_global
                0x000000000001b241                uip_ds6_maddr_add
                0x000000000001b2a1                uip_ds6_maddr_rm
                0x000000000001b2b4                uip_ds6_maddr_lookup
                0x000000000001b2ed                uip_ds6_aaddr_add
                0x000000000001b34d                uip_ds6_aaddr_rm
                0x000000000001b360                uip_ds6_aaddr_lookup
                0x000000000001b399                uip_ds6_select_src
                0x000000000001b4e2                uip_ds6_set_addr_iid
                0x000000000001b50d                uip_ds6_set_lladdr_from_iid
                0x000000000001b536                get_match_length
                0x000000000001b5c7                uip_ds6_compute_reachable_time
 .text          0x000000000001b5ff      0x128 build/cooja/mtype788.a(uip-udp-packet.)
                0x000000000001b5ff                uip_udp_packet_send
                0x000000000001b65a                uip_udp_packet_sendto
 .text          0x000000000001b727      0xa3c build/cooja/mtype788.a(uip-ds6-route.o)
                0x000000000001b811                uip_ds6_notification_add
                0x000000000001b843                uip_ds6_notification_rm
                0x000000000001b860                uip_ds6_route_init
                0x000000000001b8ff                uip_ds6_route_nexthop
                0x000000000001b92e                uip_ds6_route_head
                0x000000000001b947                uip_ds6_route_next
                0x000000000001b970                uip_ds6_route_is_nexthop
                0x000000000001b9b2                uip_ds6_route_num_routes
                0x000000000001b9bc                uip_ds6_route_lookup
                0x000000000001ba93                uip_ds6_route_add
                0x000000000001bcd3                uip_ds6_route_rm
                0x000000000001be71                uip_ds6_route_rm_by_nexthop
                0x000000000001beb0                uip_ds6_defrt_head
                0x000000000001bec9                uip_ds6_defrt_add
                0x000000000001bf8a                uip_ds6_defrt_rm
                0x000000000001c00b                uip_ds6_defrt_lookup
                0x000000000001c072                uip_ds6_defrt_choose
                0x000000000001c0e8                uip_ds6_defrt_periodic
 .text          0x000000000001c163      0x6f7 build/cooja/mtype788.a(tcpip.o)
                0x000000000001c17d                tcpip_output
                0x000000000001c1fc                udp_attach
                0x000000000001c214                udp_new
                0x000000000001c25e                udp_broadcast_new
                0x000000000001c3d0                tcpip_input
                0x000000000001c560                tcpip_ipv6_output
                0x000000000001c754                tcpip_poll_udp
                0x000000000001c772                tcpip_uipcall
 .text          0x000000000001c85a     0x1205 build/cooja/mtype788.a(uip6.o)
                0x000000000001c909                uip_chksum
                0x000000000001c9e0                uip_icmp6chksum
                0x000000000001c9f5                uip_udpchksum
                0x000000000001ca0a                uip_init
                0x000000000001ca53                uip_remove_ext_hdr
                0x000000000001cb2d                uip_udp_new
                0x000000000001ce41                uip_process
                0x000000000001d939                uip_htons
                0x000000000001d95b                uip_htonl
                0x000000000001d999                uip_send
 .text          0x000000000001da5f      0x369 build/cooja/mtype788.a(uip-ds6-nbr.o)
                0x000000000001da5f                uip_ds6_neighbors_init
                0x000000000001da83                uip_ds6_nbr_add
                0x000000000001db09                uip_ds6_nbr_rm
                0x000000000001db54                uip_ds6_nbr_update_ll
                0x000000000001dc42                uip_ds6_nbr_get_ipaddr
                0x000000000001dc57                uip_ds6_nbr_get_ll
                0x000000000001dc73                uip_ds6_nbr_num
                0x000000000001dcbc                uip_ds6_nbr_head
                0x000000000001dcd5                uip_ds6_nbr_next
                0x000000000001dcf1                uip_ds6_nbr_lookup
                0x000000000001dd49                uip_ds6_nbr_ll_lookup
                0x000000000001dd65                uip_ds6_nbr_ipaddr_from_lladdr
                0x000000000001dd8e                uip_ds6_nbr_lladdr_from_ipaddr
                0x000000000001ddc2                uip_ds6_link_callback
 .text          0x000000000001ddc8      0x6a7 build/cooja/mtype788.a(uip-nd6.o)
                0x000000000001e456                uip_nd6_init
 .text          0x000000000001e46f     0x2c17 build/cooja/mtype788.a(sicslowpan.o)
                0x000000000001ea76                netstack_sniffer_add
                0x000000000001ea84                netstack_sniffer_remove
                0x000000000002105a                sicslowpan_init
                0x000000000002107c                sicslowpan_get_last_rssi
 .text          0x0000000000021086      0x4d1 build/cooja/mtype788.a(uiplib.o)
                0x0000000000021086                uiplib_ip6addrconv
                0x000000000002123e                uiplib_ip4addrconv
                0x0000000000021301                uiplib_ipaddr_print
                0x0000000000021354                uiplib_ipaddr_snprint
 .text          0x0000000000021557      0x4c9 build/cooja/mtype788.a(rpl.o)
                0x0000000000021557                rpl_lollipop_greater_than
                0x00000000000215b1                rpl_get_global_address
                0x00000000000216a9                rpl_link_callback
                0x00000000000216ed                rpl_has_joined
                0x0000000000021712                rpl_is_reachable
                0x0000000000021793                rpl_reset_prefix
                0x00000000000217fd                rpl_set_prefix_from_addr
                0x00000000000218e2                rpl_set_prefix
                0x00000000000219fc                rpl_set_leaf_only
                0x0000000000021a14                rpl_get_leaf_only
 .text          0x0000000000021a20     0x138c build/cooja/mtype788.a(rpl-icmp6.o)
                0x0000000000021b45                rpl_icmp6_update_nbr_table
                0x0000000000021bce                rpl_icmp6_dis_output
                0x0000000000022214                rpl_icmp6_dio_output
                0x0000000000022a12                rpl_icmp6_dao_output
                0x0000000000022cf3                rpl_icmp6_dao_ack_output
                0x0000000000022d63                rpl_icmp6_init
 .text          0x0000000000022dac      0x264 build/cooja/mtype788.a(rpl-dag-root.o)
                0x0000000000022dac                rpl_dag_root_print_links
                0x0000000000022ed8                rpl_dag_root_set_prefix
                0x0000000000022f04                rpl_dag_root_start
                0x0000000000022fe1                rpl_dag_root_is_root
 .text          0x0000000000023010       0x30 build/cooja/mtype788.a(watchdog.o)
                0x0000000000023010                watchdog_init
                0x0000000000023016                watchdog_start
                0x000000000002301c                watchdog_periodic
                0x0000000000023034                watchdog_stop
                0x000000000002303a                watchdog_reboot
 .text          0x0000000000023040       0x4a build/cooja/mtype788.a(int-master.o)
                0x0000000000023040                int_master_enable
                0x0000000000023050                int_master_read_and_disable
                0x000000000002306d                int_master_status_set
                0x000000000002307b                int_master_is_enabled
 .text          0x000000000002308a      0x226 build/cooja/mtype788.a(coap-timer-defa)
 .text          0x00000000000232b0       0xc7 build/cooja/mtype788.a(stimer.o)
                0x00000000000232b0                stimer_set
                0x00000000000232ce                stimer_reset
                0x00000000000232fb                stimer_restart
                0x0000000000023310                stimer_expired
                0x000000000002333b                stimer_remaining
                0x000000000002335f                stimer_elapsed
 .text          0x0000000000023377      0x156 build/cooja/mtype788.a(ringbuf.o)
                0x0000000000023377                ringbuf_init
                0x00000000000233a9                ringbuf_put
                0x0000000000023427                ringbuf_get
                0x0000000000023494                ringbuf_size
                0x00000000000234a6                ringbuf_elements
 .text          0x00000000000234cd       0x1f build/cooja/mtype788.a(assert.o)
                0x00000000000234cd                _xassert
 .text          0x00000000000234ec      0x79b build/cooja/mtype788.a(nbr-table.o)
                0x0000000000023965                nbr_table_register
                0x00000000000239d2                nbr_table_is_registered
                0x0000000000023a0d                nbr_table_head
                0x0000000000023a68                nbr_table_next
                0x0000000000023ac9                nbr_table_add_lladdr
                0x0000000000023ba3                nbr_table_get_from_lladdr
                0x0000000000023bef                nbr_table_remove
                0x0000000000023c27                nbr_table_lock
                0x0000000000023c41                nbr_table_unlock
                0x0000000000023c5b                nbr_table_get_lladdr
 .text          0x0000000000023c87      0x3a5 build/cooja/mtype788.a(link-stats.o)
                0x0000000000023c87                link_stats_from_lladdr
                0x0000000000023ca3                link_stats_get_lladdr
                0x0000000000023cbf                link_stats_is_fresh
                0x0000000000023cfb                guess_etx_from_rssi
                0x0000000000023d77                link_stats_packet_sent
                0x0000000000023e97                link_stats_input_callback
                0x0000000000023fa7                link_stats_reset
                0x0000000000023ff7                link_stats_init
 .text          0x000000000002402c      0x187 build/cooja/mtype788.a(mac-sequence.o)
                0x000000000002402c                mac_sequence_is_duplicate
                0x00000000000240cc                mac_sequence_register_seqno
 .text          0x00000000000241b3       0x23 build/cooja/mtype788.a(mac.o)
                0x00000000000241b3                mac_call_sent_callback
 .text          0x00000000000241d6      0x432 build/cooja/mtype788.a(framer-802154.o)
                0x0000000000024365                framer_802154_setup_params
 .text          0x0000000000024608      0xb6f build/cooja/mtype788.a(frame802154.o)
                0x0000000000024639                frame802154_get_pan_id
                0x0000000000024645                frame802154_set_pan_id
                0x000000000002465f                frame802154_has_panid
                0x000000000002480e                frame802154_check_dest_panid
                0x0000000000024896                frame802154_is_broadcast_addr
                0x00000000000248e3                frame802154_extract_linkaddr
                0x0000000000024b48                frame802154_hdrlen
                0x0000000000024bbb                frame802154_create_fcf
                0x0000000000024c73                frame802154_create
                0x0000000000024de8                frame802154_parse_fcf
                0x0000000000024eca                frame802154_parse
 .text          0x0000000000025177       0x2d build/cooja/mtype788.a(csma-security.o)
                0x0000000000025177                csma_security_create_frame
                0x0000000000025195                csma_security_parse_frame
 .text          0x00000000000251a4      0x4e4 build/cooja/mtype788.a(uipbuf.o)
                0x00000000000251a4                uipbuf_clear
                0x00000000000251cb                uipbuf_add_ext_hdr
                0x000000000002524b                uipbuf_set_len
                0x0000000000025278                uipbuf_set_len_field
                0x00000000000252a4                uipbuf_get_len_field
                0x00000000000252c4                uipbuf_get_next_header
                0x00000000000253f6                uipbuf_get_last_header
                0x000000000002546f                uipbuf_search_header
                0x0000000000025525                uipbuf_get_attr
                0x000000000002554c                uipbuf_set_attr
                0x0000000000025583                uipbuf_set_default_attr
                0x00000000000255ba                uipbuf_clear_attr
                0x00000000000255de                uipbuf_set_attr_flag
                0x00000000000255ff                uipbuf_clr_attr_flag
                0x0000000000025626                uipbuf_is_attr_flag
                0x000000000002564a                uipbuf_init
 .text          0x0000000000025688      0x73f build/cooja/mtype788.a(uip-icmp6.o)
                0x00000000000256fd                uip_icmp6_input
                0x0000000000025754                uip_icmp6_register_input_handler
                0x00000000000258a7                uip_icmp6_error_output
                0x0000000000025b58                uip_icmp6_send
                0x0000000000025d4f                uip_icmp6_echo_reply_callback_add
                0x0000000000025d81                uip_icmp6_echo_reply_callback_rm
                0x0000000000025d9e                uip_icmp6_init
 .text          0x0000000000025dc7      0x69b build/cooja/mtype788.a(uip-sr.o)
                0x0000000000025dc7                uip_sr_num_nodes
                0x0000000000025e55                uip_sr_get_node
                0x0000000000025eac                uip_sr_is_addr_reachable
                0x0000000000025f5a                uip_sr_expire_parent
                0x0000000000025fa3                uip_sr_update_node
                0x00000000000260d3                uip_sr_init
                0x0000000000026107                uip_sr_node_head
                0x0000000000026120                uip_sr_node_next
                0x0000000000026136                uip_sr_periodic
                0x000000000002623c                uip_sr_free_all
                0x00000000000262ac                uip_sr_link_snprint
 .text          0x0000000000026462      0x146 build/cooja/mtype788.a(uip-packetqueue)
                0x0000000000026490                uip_packetqueue_new
                0x000000000002649f                uip_packetqueue_alloc
                0x00000000000264fa                uip_packetqueue_free
                0x0000000000026541                uip_packetqueue_buf
                0x000000000002655e                uip_packetqueue_buflen
                0x000000000002657f                uip_packetqueue_set_buflen
 .text          0x00000000000265a8      0x1b0 build/cooja/mtype788.a(rpl-nbr-policy.)
                0x0000000000026715                rpl_nbr_policy_find_removable
 .text          0x0000000000026758      0x915 build/cooja/mtype788.a(rpl-neighbor.o)
                0x00000000000267d4                rpl_neighbor_snprint
                0x0000000000026a87                rpl_neighbor_print_list
                0x0000000000026b3c                rpl_neighbor_count
                0x0000000000026be3                rpl_neighbor_get_from_lladdr
                0x0000000000026bff                rpl_neighbor_is_acceptable_parent
                0x0000000000026c33                rpl_neighbor_get_link_metric
                0x0000000000026c67                rpl_neighbor_rank_via_nbr
                0x0000000000026c9b                rpl_neighbor_get_lladdr
                0x0000000000026cb7                rpl_neighbor_get_ipaddr
                0x0000000000026cde                rpl_neighbor_get_link_stats
                0x0000000000026d05                rpl_neighbor_is_fresh
                0x0000000000026d2c                rpl_neighbor_is_reachable
                0x0000000000026d77                rpl_neighbor_is_parent
                0x0000000000026da1                rpl_neighbor_set_preferred_parent
                0x0000000000026e38                rpl_neighbor_remove_all
                0x0000000000026e94                rpl_neighbor_get_from_ipaddr
                0x0000000000026fa2                rpl_neighbor_select_best
                0x000000000002704e                rpl_neighbor_init
 .text          0x000000000002706d      0xe69 build/cooja/mtype788.a(rpl-dag.o)
                0x000000000002706d                rpl_dag_state_to_str
                0x00000000000270ac                rpl_dag_get_root_ipaddr
                0x00000000000270f4                rpl_dag_leave
                0x000000000002717d                rpl_dag_poison_and_leave
                0x0000000000027195                rpl_dag_periodic
                0x000000000002721d                rpl_is_addr_in_our_dag
                0x0000000000027261                rpl_get_default_instance
                0x000000000002727d                rpl_get_any_dag
                0x00000000000272d6                rpl_refresh_routes
                0x0000000000027316                rpl_global_repair
                0x00000000000273af                rpl_local_repair
                0x00000000000273f9                rpl_dag_ready_to_advertise
                0x000000000002743c                rpl_dag_update_state
                0x0000000000027b69                rpl_process_dio
                0x0000000000027be7                rpl_process_dis
                0x0000000000027c2c                rpl_process_dao
                0x0000000000027cbb                rpl_process_dao_ack
                0x0000000000027d52                rpl_process_hbh
                0x0000000000027da2                rpl_dag_init_root
                0x0000000000027eb6                rpl_dag_init
 .text          0x0000000000027ed6      0x9e7 build/cooja/mtype788.a(rpl-timers.o)
                0x0000000000027ed6                rpl_timers_schedule_periodic_dis
                0x0000000000028024                rpl_timers_dio_reset
                0x0000000000028132                rpl_timers_schedule_unicast_dio
                0x0000000000028286                rpl_timers_schedule_dao
                0x0000000000028345                rpl_timers_schedule_dao_ack
                0x00000000000283cb                rpl_timers_notify_dao_ack
                0x0000000000028429                get_probing_delay
                0x000000000002845d                get_probing_target
                0x0000000000028647                rpl_schedule_probing
                0x0000000000028675                rpl_schedule_probing_now
                0x00000000000286df                rpl_timers_unschedule_leaving
                0x0000000000028717                rpl_timers_schedule_leaving
                0x0000000000028758                rpl_timers_init
                0x00000000000287e8                rpl_timers_stop_dag_timers
                0x0000000000028861                rpl_timers_unschedule_state_update
                0x0000000000028885                rpl_timers_schedule_state_update
 .text          0x00000000000288bd      0xb8e build/cooja/mtype788.a(rpl-ext-header.)
                0x00000000000288bd                rpl_ext_header_srh_get_next_hop
                0x00000000000289a4                rpl_ext_header_srh_update
                0x0000000000028f10                rpl_ext_header_hbh_update
                0x0000000000029210                rpl_ext_header_update
                0x0000000000029299                rpl_ext_header_remove
 .text          0x000000000002944b      0x31b build/cooja/mtype788.a(rpl-mrhof.o)
 *fill*         0x0000000000029766        0xa 
 .text          0x0000000000029770      0x122 /usr/lib/gcc/i686-linux-gnu/5/libgcc.a(_udivdi3.o)
                0x0000000000029770                __udivdi3
 .text          0x0000000000029892        0x0 /usr/lib/gcc/i686-linux-gnu/5/crtendS.o
 .text          0x0000000000029892        0x0 /usr/lib/gcc/i686-linux-gnu/5/../../../i386-linux-gnu/crtn.o
 *(.gnu.warning)

.fini           0x0000000000029894       0x14
 *(SORT(.fini))
 .fini          0x0000000000029894        0xf /usr/lib/gcc/i686-linux-gnu/5/../../../i386-linux-gnu/crti.o
                0x0000000000029894                _fini
 .fini          0x00000000000298a3        0x5 /usr/lib/gcc/i686-linux-gnu/5/../../../i386-linux-gnu/crtn.o
                [!provide]                        PROVIDE (__etext, .)
                [!provide]                        PROVIDE (_etext, .)
                [!provide]                        PROVIDE (etext, .)

.rodata         0x00000000000298c0      0xa2b
 *(.rodata .rodata.* .gnu.linkonce.r.*)
 .rodata        0x00000000000298c0       0x6c coap-actuator-energy.o
                0x00000000000298e0                autostart_processes
 .rodata        0x000000000002992c        0x8 build/cooja/mtype788.a(beep.o)
                0x000000000002992c                beep_interface
 .rodata        0x0000000000029934        0xe build/cooja/mtype788.a(leds-arch.o)
                0x0000000000029934                leds_interface
                0x000000000002993c                leds_arch_leds
 *fill*         0x0000000000029942        0x2 
 .rodata        0x0000000000029944        0x8 build/cooja/mtype788.a(moteid.o)
                0x0000000000029944                moteid_interface
 .rodata        0x000000000002994c       0x1c build/cooja/mtype788.a(pir-sensor.o)
                0x000000000002994c                pir_interface
                0x0000000000029958                pir_sensor
 .rodata        0x0000000000029968        0xe build/cooja/mtype788.a(rs232.o)
                0x0000000000029968                rs232_interface
 *fill*         0x0000000000029976        0x2 
 .rodata        0x0000000000029978       0x24 build/cooja/mtype788.a(vib-sensor.o)
                0x0000000000029978                vib_interface
                0x000000000002998c                vib_sensor
 .rodata        0x000000000002999c        0x8 build/cooja/mtype788.a(clock.o)
                0x000000000002999c                clock_interface
 .rodata        0x00000000000299a4        0x8 build/cooja/mtype788.a(cooja-log.o)
                0x00000000000299a4                simlog_interface
 .rodata        0x00000000000299ac       0x2f build/cooja/mtype788.a(cfs-cooja.o)
                0x00000000000299ac                cfs_interface
 *fill*         0x00000000000299db        0x5 
 .rodata        0x00000000000299e0       0xb8 build/cooja/mtype788.a(cooja-radio.o)
                0x00000000000299e0                radio_interface
                0x0000000000029a60                cooja_radio_driver
 .rodata        0x0000000000029a98        0x8 build/cooja/mtype788.a(eeprom.o)
                0x0000000000029a98                eeprom_interface
 .rodata        0x0000000000029aa0        0x8 build/cooja/mtype788.a(sensors.o)
 .rodata        0x0000000000029aa8       0x2c build/cooja/mtype788.a(buttons.o)
                0x0000000000029aa8                button_interface
                0x0000000000029abc                button_hal_button_count
                0x0000000000029ac4                button_sensor
 .rodata        0x0000000000029ad4       0x41 build/cooja/mtype788.a(coap-engine.o)
 .rodata        0x0000000000029b15       0x19 build/cooja/mtype788.a(coap-res-well-k)
 .rodata        0x0000000000029b2e       0x11 build/cooja/mtype788.a(coap-observe.o)
 .rodata        0x0000000000029b3f       0x35 build/cooja/mtype788.a(coap-uip.o)
 .rodata        0x0000000000029b74      0x1ac build/cooja/mtype788.a(coap.o)
 .rodata        0x0000000000029d20       0xf4 build/cooja/mtype788.a(contiki-main.o)
 .rodata        0x0000000000029e14        0xf build/cooja/mtype788.a(ctimer.o)
 *fill*         0x0000000000029e23        0x1 
 .rodata        0x0000000000029e24       0xc4 build/cooja/mtype788.a(log.o)
 .rodata        0x0000000000029ee8        0xc build/cooja/mtype788.a(etimer.o)
 .rodata        0x0000000000029ef4       0x13 build/cooja/mtype788.a(button-hal.o)
 .rodata        0x0000000000029f07        0xe build/cooja/mtype788.a(serial-line.o)
 *fill*         0x0000000000029f15        0x3 
 .rodata        0x0000000000029f18        0x8 build/cooja/mtype788.a(linkaddr.o)
                0x0000000000029f18                linkaddr_null
 .rodata        0x0000000000029f20       0x24 build/cooja/mtype788.a(csma.o)
                0x0000000000029f28                csma_driver
 .rodata        0x0000000000029f44       0x27 build/cooja/mtype788.a(csma-output.o)
 *fill*         0x0000000000029f6b        0x1 
 .rodata        0x0000000000029f6c       0xb9 build/cooja/mtype788.a(uip-ds6-route.o)
 .rodata        0x000000000002a025        0xd build/cooja/mtype788.a(tcpip.o)
 *fill*         0x000000000002a032        0x2 
 .rodata        0x000000000002a034       0x30 build/cooja/mtype788.a(sicslowpan.o)
                0x000000000002a034                unc_llconf
                0x000000000002a038                unc_ctxconf
                0x000000000002a03c                unc_mxconf
                0x000000000002a040                llprefix
                0x000000000002a054                sicslowpan_driver
 .rodata        0x000000000002a064       0x2d build/cooja/mtype788.a(uiplib.o)
 *fill*         0x000000000002a091        0xf 
 .rodata        0x000000000002a0a0       0x74 build/cooja/mtype788.a(rpl.o)
                0x000000000002a0c0                rpl_lite_driver
 .rodata        0x000000000002a114       0x20 build/cooja/mtype788.a(coap-timer-defa)
                0x000000000002a128                coap_timer_default_driver
 .rodata        0x000000000002a134       0x25 build/cooja/mtype788.a(assert.o)
 *fill*         0x000000000002a159        0x3 
 .rodata        0x000000000002a15c        0xc build/cooja/mtype788.a(framer-802154.o)
                0x000000000002a15c                framer_802154
 .rodata        0x000000000002a168       0x44 build/cooja/mtype788.a(uip-sr.o)
 .rodata        0x000000000002a1ac       0x58 build/cooja/mtype788.a(rpl-neighbor.o)
 .rodata        0x000000000002a204       0xdb build/cooja/mtype788.a(rpl-dag.o)
 .rodata        0x000000000002a2df        0xc build/cooja/mtype788.a(rpl-timers.o)

.rodata1
 *(.rodata1)

.eh_frame_hdr   0x000000000002a2ec     0x19dc
 *(.eh_frame_hdr)
 .eh_frame_hdr  0x000000000002a2ec     0x19dc coap-actuator-energy.o
                0x000000000002a2ec                __GNU_EH_FRAME_HDR
 *(.eh_frame_entry .eh_frame_entry.*)

.eh_frame       0x000000000002bcc8     0x68e4
 *(.eh_frame)
 .eh_frame      0x000000000002bcc8       0x3c /usr/lib/gcc/i686-linux-gnu/5/../../../i386-linux-gnu/crti.o
                                         0x40 (size before relaxing)
 .eh_frame      0x000000000002bd04       0x20 coap-actuator-energy.o
                                         0x38 (size before relaxing)
 .eh_frame      0x000000000002bd24      0x178 build/cooja/mtype788.o
                                        0x190 (size before relaxing)
 .eh_frame      0x000000000002be9c       0x40 build/cooja/mtype788.a(simEnvChange.o)
                                         0x58 (size before relaxing)
 .eh_frame      0x000000000002bedc       0x60 build/cooja/mtype788.a(cooja_mt.o)
                                         0x78 (size before relaxing)
 .eh_frame      0x000000000002bf3c       0x80 build/cooja/mtype788.a(cooja_mtarch.o)
                                         0x98 (size before relaxing)
 .eh_frame      0x000000000002bfbc       0xc8 build/cooja/mtype788.a(rtimer-arch.o)
                                         0xe0 (size before relaxing)
 .eh_frame      0x000000000002c084      0x160 build/cooja/mtype788.a(beep.o)
                                        0x178 (size before relaxing)
 .eh_frame      0x000000000002c1e4       0x80 build/cooja/mtype788.a(leds-arch.o)
                                         0x98 (size before relaxing)
 .eh_frame      0x000000000002c264       0x40 build/cooja/mtype788.a(moteid.o)
                                         0x58 (size before relaxing)
 .eh_frame      0x000000000002c2a4       0xa0 build/cooja/mtype788.a(pir-sensor.o)
                                         0xb8 (size before relaxing)
 .eh_frame      0x000000000002c344      0x100 build/cooja/mtype788.a(rs232.o)
                                        0x118 (size before relaxing)
 .eh_frame      0x000000000002c444       0xa0 build/cooja/mtype788.a(vib-sensor.o)
                                         0xb8 (size before relaxing)
 .eh_frame      0x000000000002c4e4       0xc0 build/cooja/mtype788.a(clock.o)
                                         0xd8 (size before relaxing)
 .eh_frame      0x000000000002c5a4      0x120 build/cooja/mtype788.a(cooja-log.o)
                                        0x138 (size before relaxing)
 .eh_frame      0x000000000002c6c4      0x160 build/cooja/mtype788.a(cfs-cooja.o)
                                        0x178 (size before relaxing)
 .eh_frame      0x000000000002c824      0x340 build/cooja/mtype788.a(cooja-radio.o)
                                        0x358 (size before relaxing)
 .eh_frame      0x000000000002cb64       0xa0 build/cooja/mtype788.a(eeprom.o)
                                         0xb8 (size before relaxing)
 .eh_frame      0x000000000002cc04       0x40 build/cooja/mtype788.a(random.o)
                                         0x58 (size before relaxing)
 .eh_frame      0x000000000002cc44       0xc0 build/cooja/mtype788.a(sensors.o)
                                         0xd8 (size before relaxing)
 .eh_frame      0x000000000002cd04      0x120 build/cooja/mtype788.a(leds.o)
                                        0x138 (size before relaxing)
 .eh_frame      0x000000000002ce24      0x220 build/cooja/mtype788.a(gpio-hal-arch.o)
                                        0x238 (size before relaxing)
 .eh_frame      0x000000000002d044       0xa0 build/cooja/mtype788.a(buttons.o)
                                         0xb8 (size before relaxing)
 .eh_frame      0x000000000002d0e4      0x220 build/cooja/mtype788.a(coap-engine.o)
                                        0x238 (size before relaxing)
 .eh_frame      0x000000000002d304       0x24 build/cooja/mtype788.a(coap-res-well-k)
                                         0x3c (size before relaxing)
 .eh_frame      0x000000000002d328      0x188 build/cooja/mtype788.a(coap-observe.o)
                                        0x1a0 (size before relaxing)
 .eh_frame      0x000000000002d4b0      0x250 build/cooja/mtype788.a(coap-uip.o)
                                        0x268 (size before relaxing)
 .eh_frame      0x000000000002d700      0x114 build/cooja/mtype788.a(coap-timer.o)
                                        0x12c (size before relaxing)
 .eh_frame      0x000000000002d814      0x100 build/cooja/mtype788.a(coap-transactio)
                                        0x118 (size before relaxing)
 .eh_frame      0x000000000002d914      0x6ec build/cooja/mtype788.a(coap.o)
                                        0x704 (size before relaxing)
 .eh_frame      0x000000000002e000       0x30 build/cooja/mtype788.a(contiki-main.o)
                                         0x48 (size before relaxing)
 .eh_frame      0x000000000002e030       0x40 build/cooja/mtype788.a(autostart.o)
                                         0x58 (size before relaxing)
 .eh_frame      0x000000000002e070      0x100 build/cooja/mtype788.a(ctimer.o)
                                        0x118 (size before relaxing)
 .eh_frame      0x000000000002e170      0x100 build/cooja/mtype788.a(log.o)
                                        0x118 (size before relaxing)
 .eh_frame      0x000000000002e270       0x60 build/cooja/mtype788.a(energest.o)
                                         0x78 (size before relaxing)
 .eh_frame      0x000000000002e2d0      0x1e0 build/cooja/mtype788.a(etimer.o)
                                        0x1f8 (size before relaxing)
 .eh_frame      0x000000000002e4b0       0x20 build/cooja/mtype788.a(node-id.o)
                                         0x38 (size before relaxing)
 .eh_frame      0x000000000002e4d0       0x60 build/cooja/mtype788.a(rtimer.o)
                                         0x78 (size before relaxing)
 .eh_frame      0x000000000002e530      0x1c4 build/cooja/mtype788.a(process.o)
                                        0x1dc (size before relaxing)
 .eh_frame      0x000000000002e6f4       0xa4 build/cooja/mtype788.a(timer.o)
                                         0xbc (size before relaxing)
 .eh_frame      0x000000000002e798      0x1a0 build/cooja/mtype788.a(list.o)
                                        0x1b8 (size before relaxing)
 .eh_frame      0x000000000002e938       0xa0 build/cooja/mtype788.a(memb.o)
                                         0xb8 (size before relaxing)
 .eh_frame      0x000000000002e9d8      0x144 build/cooja/mtype788.a(button-hal.o)
                                        0x15c (size before relaxing)
 .eh_frame      0x000000000002eb1c       0x60 build/cooja/mtype788.a(serial-line.o)
                                         0x78 (size before relaxing)
 .eh_frame      0x000000000002eb7c       0xe0 build/cooja/mtype788.a(gpio-hal.o)
                                         0xf8 (size before relaxing)
 .eh_frame      0x000000000002ec5c      0x1a0 build/cooja/mtype788.a(queuebuf.o)
                                        0x1b8 (size before relaxing)
 .eh_frame      0x000000000002edfc      0x28c build/cooja/mtype788.a(packetbuf.o)
                                        0x2a4 (size before relaxing)
 .eh_frame      0x000000000002f088       0x80 build/cooja/mtype788.a(netstack.o)
                                         0x98 (size before relaxing)
 .eh_frame      0x000000000002f108       0x60 build/cooja/mtype788.a(linkaddr.o)
                                         0x78 (size before relaxing)
 .eh_frame      0x000000000002f168       0xe0 build/cooja/mtype788.a(csma.o)
                                         0xf8 (size before relaxing)
 .eh_frame      0x000000000002f248      0x1d0 build/cooja/mtype788.a(csma-output.o)
                                        0x1e8 (size before relaxing)
 .eh_frame      0x000000000002f418      0x328 build/cooja/mtype788.a(uip-ds6.o)
                                        0x340 (size before relaxing)
 .eh_frame      0x000000000002f740       0x40 build/cooja/mtype788.a(uip-udp-packet.)
                                         0x58 (size before relaxing)
 .eh_frame      0x000000000002f780      0x2e0 build/cooja/mtype788.a(uip-ds6-route.o)
                                        0x2f8 (size before relaxing)
 .eh_frame      0x000000000002fa60      0x244 build/cooja/mtype788.a(tcpip.o)
                                        0x25c (size before relaxing)
 .eh_frame      0x000000000002fca4      0x1e8 build/cooja/mtype788.a(uip6.o)
                                        0x200 (size before relaxing)
 .eh_frame      0x000000000002fe8c      0x1c0 build/cooja/mtype788.a(uip-ds6-nbr.o)
                                        0x1d8 (size before relaxing)
 .eh_frame      0x000000000003004c       0x84 build/cooja/mtype788.a(uip-nd6.o)
                                         0x9c (size before relaxing)
 .eh_frame      0x00000000000300d0      0x2f8 build/cooja/mtype788.a(sicslowpan.o)
                                        0x310 (size before relaxing)
 .eh_frame      0x00000000000303c8       0x88 build/cooja/mtype788.a(uiplib.o)
                                         0xa0 (size before relaxing)
 .eh_frame      0x0000000000030450      0x1e0 build/cooja/mtype788.a(rpl.o)
                                        0x1f8 (size before relaxing)
 .eh_frame      0x0000000000030630      0x1c4 build/cooja/mtype788.a(rpl-icmp6.o)
                                        0x1dc (size before relaxing)
 .eh_frame      0x00000000000307f4       0xa0 build/cooja/mtype788.a(rpl-dag-root.o)
                                         0xb8 (size before relaxing)
 .eh_frame      0x0000000000030894       0xa0 build/cooja/mtype788.a(watchdog.o)
                                         0xb8 (size before relaxing)
 .eh_frame      0x0000000000030934       0x80 build/cooja/mtype788.a(int-master.o)
                                         0x98 (size before relaxing)
 .eh_frame      0x00000000000309b4       0xa4 build/cooja/mtype788.a(coap-timer-defa)
                                         0xbc (size before relaxing)
 .eh_frame      0x0000000000030a58       0xc4 build/cooja/mtype788.a(stimer.o)
                                         0xdc (size before relaxing)
 .eh_frame      0x0000000000030b1c       0xa0 build/cooja/mtype788.a(ringbuf.o)
                                         0xb8 (size before relaxing)
 .eh_frame      0x0000000000030bbc       0x20 build/cooja/mtype788.a(assert.o)
                                         0x38 (size before relaxing)
 .eh_frame      0x0000000000030bdc      0x2ac build/cooja/mtype788.a(nbr-table.o)
                                        0x2c4 (size before relaxing)
 .eh_frame      0x0000000000030e88      0x120 build/cooja/mtype788.a(link-stats.o)
                                        0x138 (size before relaxing)
 .eh_frame      0x0000000000030fa8       0x48 build/cooja/mtype788.a(mac-sequence.o)
                                         0x60 (size before relaxing)
 .eh_frame      0x0000000000030ff0       0x20 build/cooja/mtype788.a(mac.o)
                                         0x38 (size before relaxing)
 .eh_frame      0x0000000000031010       0xa4 build/cooja/mtype788.a(framer-802154.o)
                                         0xbc (size before relaxing)
 .eh_frame      0x00000000000310b4      0x1a4 build/cooja/mtype788.a(frame802154.o)
                                        0x1bc (size before relaxing)
 .eh_frame      0x0000000000031258       0x40 build/cooja/mtype788.a(csma-security.o)
                                         0x58 (size before relaxing)
 .eh_frame      0x0000000000031298      0x200 build/cooja/mtype788.a(uipbuf.o)
                                        0x218 (size before relaxing)
 .eh_frame      0x0000000000031498      0x150 build/cooja/mtype788.a(uip-icmp6.o)
                                        0x168 (size before relaxing)
 .eh_frame      0x00000000000315e8      0x184 build/cooja/mtype788.a(uip-sr.o)
                                        0x19c (size before relaxing)
 .eh_frame      0x000000000003176c       0xe0 build/cooja/mtype788.a(uip-packetqueue)
                                         0xf8 (size before relaxing)
 .eh_frame      0x000000000003184c       0x80 build/cooja/mtype788.a(rpl-nbr-policy.)
                                         0x98 (size before relaxing)
 .eh_frame      0x00000000000318cc      0x2d4 build/cooja/mtype788.a(rpl-neighbor.o)
                                        0x2ec (size before relaxing)
 .eh_frame      0x0000000000031ba0      0x370 build/cooja/mtype788.a(rpl-dag.o)
                                        0x388 (size before relaxing)
 .eh_frame      0x0000000000031f10      0x3a8 build/cooja/mtype788.a(rpl-timers.o)
                                        0x3c0 (size before relaxing)
 .eh_frame      0x00000000000322b8      0x124 build/cooja/mtype788.a(rpl-ext-header.)
                                        0x13c (size before relaxing)
 .eh_frame      0x00000000000323dc      0x148 build/cooja/mtype788.a(rpl-mrhof.o)
                                        0x160 (size before relaxing)
 .eh_frame      0x0000000000032524       0x84 /usr/lib/gcc/i686-linux-gnu/5/libgcc.a(_udivdi3.o)
                                         0x9c (size before relaxing)
 .eh_frame      0x00000000000325a8        0x4 /usr/lib/gcc/i686-linux-gnu/5/crtendS.o
 *(.eh_frame.*)

.gcc_except_table
 *(.gcc_except_table .gcc_except_table.*)

.gnu_extab
 *(.gnu_extab*)

.exception_ranges
 *(.exception_ranges .exception_ranges*)
                0x0000000000033f10                . = DATA_SEGMENT_ALIGN (0x1000, 0x1000)

.eh_frame
 *(.eh_frame)
 *(.eh_frame.*)

.gnu_extab
 *(.gnu_extab)

.gcc_except_table
 *(.gcc_except_table .gcc_except_table.*)

.exception_ranges
 *(.exception_ranges .exception_ranges*)

.tdata
 *(.tdata .tdata.* .gnu.linkonce.td.*)

.tbss
 *(.tbss .tbss.* .gnu.linkonce.tb.*)
 *(.tcommon)

.preinit_array
 *(.preinit_array)

.init_array     0x0000000000033f10        0x4
 *(SORT(.init_array.*) SORT(.ctors.*))
 *(.init_array EXCLUDE_FILE(*crtend?.o *crtend.o *crtbegin?.o *crtbegin.o) .ctors)
 .init_array    0x0000000000033f10        0x4 /usr/lib/gcc/i686-linux-gnu/5/crtbeginS.o

.fini_array     0x0000000000033f14        0x4
 *(SORT(.fini_array.*) SORT(.dtors.*))
 *(.fini_array EXCLUDE_FILE(*crtend?.o *crtend.o *crtbegin?.o *crtbegin.o) .dtors)
 .fini_array    0x0000000000033f14        0x4 /usr/lib/gcc/i686-linux-gnu/5/crtbeginS.o

.ctors
 *crtbegin.o(.ctors)
 *crtbegin?.o(.ctors)
 *(EXCLUDE_FILE(*crtend?.o *crtend.o) .ctors)
 *(SORT(.ctors.*))
 *(.ctors)

.dtors
 *crtbegin.o(.dtors)
 *crtbegin?.o(.dtors)
 *(EXCLUDE_FILE(*crtend?.o *crtend.o) .dtors)
 *(SORT(.dtors.*))
 *(.dtors)

.jcr            0x0000000000033f18        0x4
 *(.jcr)
 .jcr           0x0000000000033f18        0x0 /usr/lib/gcc/i686-linux-gnu/5/crtbeginS.o
 .jcr           0x0000000000033f18        0x4 /usr/lib/gcc/i686-linux-gnu/5/crtendS.o

.data.rel.ro
 *(.data.rel.ro.local* .gnu.linkonce.d.rel.ro.local.*)
 *(.data.rel.ro .data.rel.ro.* .gnu.linkonce.d.rel.ro.*)

.dynamic        0x0000000000033f1c       0xd0
 *(.dynamic)
 .dynamic       0x0000000000033f1c       0xd0 /usr/lib/gcc/i686-linux-gnu/5/../../../i386-linux-gnu/crti.o
                0x0000000000033f1c                _DYNAMIC

.got            0x0000000000033fec       0x14
 *(.got)
 .got           0x0000000000033fec       0x14 /usr/lib/gcc/i686-linux-gnu/5/../../../i386-linux-gnu/crti.o
 *(.igot)
                0x0000000000034ff4                . = DATA_SEGMENT_RELRO_END (., (SIZEOF (.got.plt) >= 0xc)?0xc:0x0)

.got.plt        0x0000000000034000        0xc
 *(.got.plt)
 .got.plt       0x0000000000034000        0xc /usr/lib/gcc/i686-linux-gnu/5/../../../i386-linux-gnu/crti.o
                0x0000000000034000                _GLOBAL_OFFSET_TABLE_
 *(.igot.plt)

.data           0x0000000000034020      0x444
 *(.data .data.* .gnu.linkonce.d.*)
 .data          0x0000000000034020        0x0 /usr/lib/gcc/i686-linux-gnu/5/../../../i386-linux-gnu/crti.o
 .data          0x0000000000034020        0x0 /usr/lib/gcc/i686-linux-gnu/5/crtbeginS.o
 .data.rel.local
                0x0000000000034020        0x4 /usr/lib/gcc/i686-linux-gnu/5/crtbeginS.o
                0x0000000000034020                __dso_handle
 .data          0x0000000000034024       0x10 coap-actuator-energy.o
                0x0000000000034024                coap_energy_actuator
 *fill*         0x0000000000034034        0xc 
 .data          0x0000000000034040       0x44 build/cooja/mtype788.o
                0x0000000000034040                simInterfaces
                0x0000000000034074                sensors
 .data          0x0000000000034084        0x0 build/cooja/mtype788.a(simEnvChange.o)
 .data          0x0000000000034084        0x0 build/cooja/mtype788.a(cooja_mt.o)
 .data          0x0000000000034084        0x0 build/cooja/mtype788.a(cooja_mtarch.o)
 .data          0x0000000000034084        0x0 build/cooja/mtype788.a(rtimer-arch.o)
 .data          0x0000000000034084        0x0 build/cooja/mtype788.a(beep.o)
 .data          0x0000000000034084        0x0 build/cooja/mtype788.a(leds-arch.o)
 .data          0x0000000000034084        0x0 build/cooja/mtype788.a(moteid.o)
 .data          0x0000000000034084        0x0 build/cooja/mtype788.a(pir-sensor.o)
 .data          0x0000000000034084        0x0 build/cooja/mtype788.a(rs232.o)
 .data          0x0000000000034084        0x0 build/cooja/mtype788.a(vib-sensor.o)
 .data          0x0000000000034084        0x0 build/cooja/mtype788.a(clock.o)
 .data          0x0000000000034084        0x0 build/cooja/mtype788.a(cooja-log.o)
 .data          0x0000000000034084        0x0 build/cooja/mtype788.a(cfs-cooja.o)
 .data          0x0000000000034084       0x2c build/cooja/mtype788.a(cooja-radio.o)
                0x0000000000034084                simRadioHWOn
                0x0000000000034088                simSignalStrength
                0x000000000003408c                simLastSignalStrength
                0x0000000000034090                simPower
                0x0000000000034094                simRadioChannel
                0x0000000000034098                simLQI
                0x00000000000340a0                cooja_radio_process
 .data          0x00000000000340b0        0x0 build/cooja/mtype788.a(eeprom.o)
 .data          0x00000000000340b0        0x0 build/cooja/mtype788.a(random.o)
 .data          0x00000000000340b0       0x10 build/cooja/mtype788.a(sensors.o)
                0x00000000000340b0                sensors_process
 .data          0x00000000000340c0        0x0 build/cooja/mtype788.a(leds.o)
 .data          0x00000000000340c0        0x0 build/cooja/mtype788.a(gpio-hal-arch.o)
 .data          0x00000000000340c0       0x78 build/cooja/mtype788.a(buttons.o)
                0x00000000000340c0                simButtonIsActive
                0x0000000000034130                button_hal_buttons
 .data          0x0000000000034138        0x8 build/cooja/mtype788.a(coap-engine.o)
 .data          0x0000000000034140       0x24 build/cooja/mtype788.a(coap-res-well-k)
                0x0000000000034140                res_well_known_core
 .data          0x0000000000034164       0x10 build/cooja/mtype788.a(coap-observe.o)
 .data          0x0000000000034174       0x10 build/cooja/mtype788.a(coap-uip.o)
                0x0000000000034174                coap_engine
 .data          0x0000000000034184        0x4 build/cooja/mtype788.a(coap-timer.o)
 .data          0x0000000000034188       0x10 build/cooja/mtype788.a(coap-transactio)
 .data          0x0000000000034198        0x4 build/cooja/mtype788.a(coap.o)
                0x0000000000034198                coap_error_message
 .data          0x000000000003419c        0x0 build/cooja/mtype788.a(contiki-main.o)
 .data          0x000000000003419c        0x0 build/cooja/mtype788.a(autostart.o)
 .data          0x000000000003419c       0x14 build/cooja/mtype788.a(ctimer.o)
                0x00000000000341a0                ctimer_process
 *fill*         0x00000000000341b0       0x10 
 .data          0x00000000000341c0       0xbc build/cooja/mtype788.a(log.o)
                0x00000000000341c0                curr_log_level_main
                0x00000000000341e0                all_modules
 .data          0x000000000003427c        0x0 build/cooja/mtype788.a(energest.o)
 .data          0x000000000003427c       0x10 build/cooja/mtype788.a(etimer.o)
                0x000000000003427c                etimer_process
 .data          0x000000000003428c        0x0 build/cooja/mtype788.a(node-id.o)
 .data          0x000000000003428c        0x0 build/cooja/mtype788.a(rtimer.o)
 .data          0x000000000003428c        0x0 build/cooja/mtype788.a(process.o)
 .data          0x000000000003428c        0x0 build/cooja/mtype788.a(timer.o)
 .data          0x000000000003428c        0x0 build/cooja/mtype788.a(list.o)
 .data          0x000000000003428c        0x0 build/cooja/mtype788.a(memb.o)
 .data          0x000000000003428c       0x10 build/cooja/mtype788.a(button-hal.o)
                0x000000000003428c                button_hal_process
 .data          0x000000000003429c       0x10 build/cooja/mtype788.a(serial-line.o)
                0x000000000003429c                serial_line_process
 .data          0x00000000000342ac        0x4 build/cooja/mtype788.a(gpio-hal.o)
 .data          0x00000000000342b0       0x18 build/cooja/mtype788.a(queuebuf.o)
 .data          0x00000000000342c8        0x4 build/cooja/mtype788.a(packetbuf.o)
 .data          0x00000000000342cc        0x4 build/cooja/mtype788.a(netstack.o)
 .data          0x00000000000342d0        0x0 build/cooja/mtype788.a(linkaddr.o)
 .data          0x00000000000342d0        0x0 build/cooja/mtype788.a(csma.o)
 .data          0x00000000000342d0       0x28 build/cooja/mtype788.a(csma-output.o)
 .data          0x00000000000342f8        0x0 build/cooja/mtype788.a(uip-ds6.o)
 .data          0x00000000000342f8        0x0 build/cooja/mtype788.a(uip-udp-packet.)
 .data          0x00000000000342f8       0x44 build/cooja/mtype788.a(uip-ds6-route.o)
                0x0000000000034308                nbr_routes
 .data          0x000000000003433c       0x10 build/cooja/mtype788.a(tcpip.o)
                0x000000000003433c                tcpip_process
 .data          0x000000000003434c        0x0 build/cooja/mtype788.a(uip6.o)
 .data          0x000000000003434c       0x14 build/cooja/mtype788.a(uip-ds6-nbr.o)
 .data          0x0000000000034360        0xc build/cooja/mtype788.a(uip-nd6.o)
 .data          0x000000000003436c        0x0 build/cooja/mtype788.a(sicslowpan.o)
 .data          0x000000000003436c        0x0 build/cooja/mtype788.a(uiplib.o)
 .data          0x000000000003436c        0x0 build/cooja/mtype788.a(rpl.o)
 .data          0x000000000003436c       0x30 build/cooja/mtype788.a(rpl-icmp6.o)
 .data          0x000000000003439c        0x0 build/cooja/mtype788.a(rpl-dag-root.o)
 .data          0x000000000003439c        0x0 build/cooja/mtype788.a(watchdog.o)
 .data          0x000000000003439c        0x0 build/cooja/mtype788.a(int-master.o)
 .data          0x000000000003439c       0x10 build/cooja/mtype788.a(coap-timer-defa)
                0x000000000003439c                coap_timer_process
 .data          0x00000000000343ac        0x0 build/cooja/mtype788.a(stimer.o)
 .data          0x00000000000343ac        0x0 build/cooja/mtype788.a(ringbuf.o)
 .data          0x00000000000343ac        0x0 build/cooja/mtype788.a(assert.o)
 .data          0x00000000000343ac       0x10 build/cooja/mtype788.a(nbr-table.o)
 .data          0x00000000000343bc       0x14 build/cooja/mtype788.a(link-stats.o)
 .data          0x00000000000343d0        0x0 build/cooja/mtype788.a(mac-sequence.o)
 .data          0x00000000000343d0        0x0 build/cooja/mtype788.a(mac.o)
 .data          0x00000000000343d0        0x0 build/cooja/mtype788.a(framer-802154.o)
 .data          0x00000000000343d0        0x2 build/cooja/mtype788.a(frame802154.o)
 .data          0x00000000000343d2        0x0 build/cooja/mtype788.a(csma-security.o)
 .data          0x00000000000343d2        0x0 build/cooja/mtype788.a(uipbuf.o)
 *fill*         0x00000000000343d2        0x2 
 .data          0x00000000000343d4       0x20 build/cooja/mtype788.a(uip-icmp6.o)
 .data          0x00000000000343f4       0x10 build/cooja/mtype788.a(uip-sr.o)
 .data          0x0000000000034404        0xc build/cooja/mtype788.a(uip-packetqueue)
 .data          0x0000000000034410        0x0 build/cooja/mtype788.a(rpl-nbr-policy.)
 .data          0x0000000000034410       0x14 build/cooja/mtype788.a(rpl-neighbor.o)
                0x0000000000034420                rpl_neighbors
 .data          0x0000000000034424        0x0 build/cooja/mtype788.a(rpl-dag.o)
 .data          0x0000000000034424        0x0 build/cooja/mtype788.a(rpl-timers.o)
 .data          0x0000000000034424        0x0 build/cooja/mtype788.a(rpl-ext-header.)
 *fill*         0x0000000000034424       0x1c 
 .data          0x0000000000034440       0x24 build/cooja/mtype788.a(rpl-mrhof.o)
                0x0000000000034440                rpl_mrhof
 .data          0x0000000000034464        0x0 /usr/lib/gcc/i686-linux-gnu/5/libgcc.a(_udivdi3.o)
 .data          0x0000000000034464        0x0 /usr/lib/gcc/i686-linux-gnu/5/crtendS.o
 .data          0x0000000000034464        0x0 /usr/lib/gcc/i686-linux-gnu/5/../../../i386-linux-gnu/crtn.o

.tm_clone_table
                0x0000000000034464        0x0
 .tm_clone_table
                0x0000000000034464        0x0 /usr/lib/gcc/i686-linux-gnu/5/crtbeginS.o
 .tm_clone_table
                0x0000000000034464        0x0 /usr/lib/gcc/i686-linux-gnu/5/crtendS.o

.data1
 *(.data1)
                0x0000000000034464                _edata = .
                [!provide]                        PROVIDE (edata, .)
                0x0000000000034464                . = .
                0x0000000000034464                __bss_start = .

.bss            0x0000000000034480     0xf104
 *(.dynbss)
 .dynbss        0x0000000000034480        0x0 /usr/lib/gcc/i686-linux-gnu/5/../../../i386-linux-gnu/crti.o
 *(.bss .bss.* .gnu.linkonce.b.*)
 .bss           0x0000000000034480        0x0 /usr/lib/gcc/i686-linux-gnu/5/../../../i386-linux-gnu/crti.o
 .bss           0x0000000000034480        0x1 /usr/lib/gcc/i686-linux-gnu/5/crtbeginS.o
 .bss           0x0000000000034481        0x0 coap-actuator-energy.o
 *fill*         0x0000000000034481       0x1f 
 .bss           0x00000000000344a0     0x2030 build/cooja/mtype788.o
 .bss           0x00000000000364d0        0x1 build/cooja/mtype788.a(simEnvChange.o)
                0x00000000000364d0                simDontFallAsleep
 *fill*         0x00000000000364d1        0x3 
 .bss           0x00000000000364d4        0x4 build/cooja/mtype788.a(cooja_mt.o)
 .bss           0x00000000000364d8        0x4 build/cooja/mtype788.a(cooja_mtarch.o)
 .bss           0x00000000000364dc        0x0 build/cooja/mtype788.a(rtimer-arch.o)
 .bss           0x00000000000364dc        0x0 build/cooja/mtype788.a(beep.o)
 .bss           0x00000000000364dc        0x1 build/cooja/mtype788.a(leds-arch.o)
                0x00000000000364dc                simLedsValue
 .bss           0x00000000000364dd        0x0 build/cooja/mtype788.a(moteid.o)
 .bss           0x00000000000364dd        0x1 build/cooja/mtype788.a(pir-sensor.o)
                0x00000000000364dd                simPirValue
 *fill*         0x00000000000364de        0x2 
 .bss           0x00000000000364e0        0x4 build/cooja/mtype788.a(rs232.o)
 .bss           0x00000000000364e4        0x1 build/cooja/mtype788.a(vib-sensor.o)
                0x00000000000364e4                simVibValue
 .bss           0x00000000000364e5        0x0 build/cooja/mtype788.a(clock.o)
 *fill*         0x00000000000364e5       0x1b 
 .bss           0x0000000000036500     0x2020 build/cooja/mtype788.a(cooja-log.o)
 .bss           0x0000000000038520      0xfc0 build/cooja/mtype788.a(cfs-cooja.o)
                0x0000000000038520                simCFSData
                0x00000000000394c0                simCFSSize
                0x00000000000394c4                simCFSChanged
                0x00000000000394c8                simCFSRead
                0x00000000000394cc                simCFSWritten
 .bss           0x00000000000394e0       0x24 build/cooja/mtype788.a(cooja-radio.o)
                0x00000000000394e0                simReceiving
                0x00000000000394e4                simInSize
                0x00000000000394e8                simLastPacketTimestamp
                0x00000000000394f0                simOutSize
 .bss           0x0000000000039504        0xc build/cooja/mtype788.a(eeprom.o)
                0x0000000000039504                simEEPROMChanged
                0x0000000000039508                simEEPROMRead
                0x000000000003950c                simEEPROMWritten
 .bss           0x0000000000039510        0x0 build/cooja/mtype788.a(random.o)
 .bss           0x0000000000039510        0xc build/cooja/mtype788.a(sensors.o)
 .bss           0x000000000003951c        0x0 build/cooja/mtype788.a(leds.o)
 .bss           0x000000000003951c       0x24 build/cooja/mtype788.a(gpio-hal-arch.o)
 .bss           0x0000000000039540        0x0 build/cooja/mtype788.a(buttons.o)
 .bss           0x0000000000039540      0x190 build/cooja/mtype788.a(coap-engine.o)
 .bss           0x00000000000396d0        0x0 build/cooja/mtype788.a(coap-res-well-k)
 *fill*         0x00000000000396d0       0x10 
 .bss           0x00000000000396e0      0x120 build/cooja/mtype788.a(coap-observe.o)
 .bss           0x0000000000039800       0x18 build/cooja/mtype788.a(coap-uip.o)
 .bss           0x0000000000039818        0x5 build/cooja/mtype788.a(coap-timer.o)
 *fill*         0x000000000003981d        0x3 
 .bss           0x0000000000039820      0x334 build/cooja/mtype788.a(coap-transactio)
 .bss           0x0000000000039b54        0x6 build/cooja/mtype788.a(coap.o)
                0x0000000000039b54                coap_status_code
 .bss           0x0000000000039b5a        0x0 build/cooja/mtype788.a(contiki-main.o)
 .bss           0x0000000000039b5a        0x0 build/cooja/mtype788.a(autostart.o)
 *fill*         0x0000000000039b5a        0x2 
 .bss           0x0000000000039b5c        0x5 build/cooja/mtype788.a(ctimer.o)
 *fill*         0x0000000000039b61        0x3 
 .bss           0x0000000000039b64       0x2c build/cooja/mtype788.a(log.o)
                0x0000000000039b64                curr_log_level_rpl
                0x0000000000039b68                curr_log_level_tcpip
                0x0000000000039b6c                curr_log_level_ipv6
                0x0000000000039b70                curr_log_level_6lowpan
                0x0000000000039b74                curr_log_level_nullnet
                0x0000000000039b78                curr_log_level_mac
                0x0000000000039b7c                curr_log_level_framer
                0x0000000000039b80                curr_log_level_6top
                0x0000000000039b84                curr_log_level_coap
                0x0000000000039b88                curr_log_level_snmp
                0x0000000000039b8c                curr_log_level_lwm2m
 .bss           0x0000000000039b90        0x0 build/cooja/mtype788.a(energest.o)
 .bss           0x0000000000039b90        0x8 build/cooja/mtype788.a(etimer.o)
 .bss           0x0000000000039b98        0x2 build/cooja/mtype788.a(node-id.o)
                0x0000000000039b98                node_id
 *fill*         0x0000000000039b9a        0x2 
 .bss           0x0000000000039b9c        0x4 build/cooja/mtype788.a(rtimer.o)
 .bss           0x0000000000039ba0      0x1a1 build/cooja/mtype788.a(process.o)
                0x0000000000039ba0                process_list
                0x0000000000039ba4                process_current
 .bss           0x0000000000039d41        0x0 build/cooja/mtype788.a(timer.o)
 .bss           0x0000000000039d41        0x0 build/cooja/mtype788.a(list.o)
 .bss           0x0000000000039d41        0x0 build/cooja/mtype788.a(memb.o)
 *fill*         0x0000000000039d41        0x3 
 .bss           0x0000000000039d44       0x10 build/cooja/mtype788.a(button-hal.o)
 *fill*         0x0000000000039d54        0xc 
 .bss           0x0000000000039d60      0x140 build/cooja/mtype788.a(serial-line.o)
 .bss           0x0000000000039ea0        0x4 build/cooja/mtype788.a(gpio-hal.o)
 *fill*         0x0000000000039ea4       0x1c 
 .bss           0x0000000000039ec0     0x2c80 build/cooja/mtype788.a(queuebuf.o)
 .bss           0x000000000003cb40       0xa0 build/cooja/mtype788.a(packetbuf.o)
 .bss           0x000000000003cbe0        0x4 build/cooja/mtype788.a(netstack.o)
 .bss           0x000000000003cbe4        0x0 build/cooja/mtype788.a(linkaddr.o)
 .bss           0x000000000003cbe4        0x0 build/cooja/mtype788.a(csma.o)
 *fill*         0x000000000003cbe4       0x1c 
 .bss           0x000000000003cc00      0x726 build/cooja/mtype788.a(csma-output.o)
 *fill*         0x000000000003d326        0x2 
 .bss           0x000000000003d328       0x30 build/cooja/mtype788.a(uip-ds6.o)
 .bss           0x000000000003d358        0x0 build/cooja/mtype788.a(uip-udp-packet.)
 *fill*         0x000000000003d358        0x8 
 .bss           0x000000000003d360      0x2a4 build/cooja/mtype788.a(uip-ds6-route.o)
 .bss           0x000000000003d604       0x10 build/cooja/mtype788.a(tcpip.o)
 .bss           0x000000000003d614        0x8 build/cooja/mtype788.a(uip6.o)
                0x000000000003d614                uip_ext_bitmap
                0x000000000003d616                uip_ext_len
                0x000000000003d618                uip_last_proto
 *fill*         0x000000000003d61c        0x4 
 .bss           0x000000000003d620       0xf0 build/cooja/mtype788.a(uip-ds6-nbr.o)
 .bss           0x000000000003d710       0x10 build/cooja/mtype788.a(uip-nd6.o)
 .bss           0x000000000003d720      0x724 build/cooja/mtype788.a(sicslowpan.o)
 .bss           0x000000000003de44        0x0 build/cooja/mtype788.a(uiplib.o)
 .bss           0x000000000003de44        0x1 build/cooja/mtype788.a(rpl.o)
 .bss           0x000000000003de45        0x0 build/cooja/mtype788.a(rpl-icmp6.o)
 *fill*         0x000000000003de45        0x3 
 .bss           0x000000000003de48       0x11 build/cooja/mtype788.a(rpl-dag-root.o)
 .bss           0x000000000003de59        0x0 build/cooja/mtype788.a(watchdog.o)
 *fill*         0x000000000003de59        0x3 
 .bss           0x000000000003de5c        0x4 build/cooja/mtype788.a(int-master.o)
 .bss           0x000000000003de60       0x1c build/cooja/mtype788.a(coap-timer-defa)
 .bss           0x000000000003de7c        0x0 build/cooja/mtype788.a(stimer.o)
 .bss           0x000000000003de7c        0x0 build/cooja/mtype788.a(ringbuf.o)
 .bss           0x000000000003de7c        0x0 build/cooja/mtype788.a(assert.o)
 *fill*         0x000000000003de7c        0x4 
 .bss           0x000000000003de80       0xdc build/cooja/mtype788.a(nbr-table.o)
 *fill*         0x000000000003df5c        0x4 
 .bss           0x000000000003df60       0x78 build/cooja/mtype788.a(link-stats.o)
 *fill*         0x000000000003dfd8        0x8 
 .bss           0x000000000003dfe0      0x100 build/cooja/mtype788.a(mac-sequence.o)
 .bss           0x000000000003e0e0        0x0 build/cooja/mtype788.a(mac.o)
 .bss           0x000000000003e0e0        0x2 build/cooja/mtype788.a(framer-802154.o)
 .bss           0x000000000003e0e2        0x0 build/cooja/mtype788.a(frame802154.o)
 .bss           0x000000000003e0e2        0x0 build/cooja/mtype788.a(csma-security.o)
 *fill*         0x000000000003e0e2        0x2 