Archive member included to satisfy reference by file (symbol)

build/cooja/mtype908.a(simEnvChange.o)
                              build/cooja/mtype908.o (simDontFallAsleep)
build/cooja/mtype908.a(cooja_mt.o)
                              build/cooja/mtype908.o (cooja_mt_start)
build/cooja/mtype908.a(cooja_mtarch.o)
                              build/cooja/mtype908.a(cooja_mt.o) (cooja_mtarch_start)
build/cooja/mtype908.a(rtimer-arch.o)
                              build/cooja/mtype908.o (rtimer_arch_check)
build/cooja/mtype908.a(beep.o)
                              build/cooja/mtype908.o (beep_interface)
build/cooja/mtype908.a(leds-arch.o)
                              build/cooja/mtype908.o (leds_interface)
build/cooja/mtype908.a(moteid.o)
                              build/cooja/mtype908.o (moteid_interface)
build/cooja/mtype908.a(pir-sensor.o)
                              build/cooja/mtype908.o (pir_interface)
build/cooja/mtype908.a(rs232.o)
                              build/cooja/mtype908.o (rs232_interface)
build/cooja/mtype908.a(vib-sensor.o)
                              build/cooja/mtype908.o (vib_interface)
build/cooja/mtype908.a(clock.o)
                              build/cooja/mtype908.o (clock_interface)
build/cooja/mtype908.a(cooja-log.o)
                              build/cooja/mtype908.o (simlog_interface)
build/cooja/mtype908.a(cfs-cooja.o)
                              build/cooja/mtype908.o (cfs_interface)
build/cooja/mtype908.a(cooja-radio.o)
                              build/cooja/mtype908.o (radio_interface)
build/cooja/mtype908.a(eeprom.o)
                              build/cooja/mtype908.o (eeprom_interface)
build/cooja/mtype908.a(random.o)
                              build/cooja/mtype908.a(moteid.o) (random_init)
build/cooja/mtype908.a(sensors.o)
                              build/cooja/mtype908.a(pir-sensor.o) (sensors_changed)
build/cooja/mtype908.a(leds.o)
                              build/cooja/mtype908.a(leds-arch.o) (leds_get)
build/cooja/mtype908.a(gpio-hal-arch.o)
                              build/cooja/mtype908.a(leds-arch.o) (gpio_hal_arch_register_pin_callback)
build/cooja/mtype908.a(buttons.o)
                              build/cooja/mtype908.o (button_interface)
build/cooja/mtype908.a(res_cooling.o)
                              coap-actuator-cooling.o (res_cooling)
build/cooja/mtype908.a(coap-engine.o)
                              coap-actuator-cooling.o (coap_activate_resource)
build/cooja/mtype908.a(coap-res-well-k)
                              build/cooja/mtype908.a(coap-engine.o) (res_well_known_core)
build/cooja/mtype908.a(coap-observe.o)
                              build/cooja/mtype908.a(coap-engine.o) (coap_remove_observer_by_mid)
build/cooja/mtype908.a(coap-uip.o)
                              build/cooja/mtype908.a(coap-observe.o) (coap_endpoint_copy)
build/cooja/mtype908.a(coap-timer.o)
                              build/cooja/mtype908.a(coap-engine.o) (coap_timer_set)
build/cooja/mtype908.a(coap-transactio)
                              build/cooja/mtype908.a(coap-engine.o) (coap_send_transaction)
build/cooja/mtype908.a(coap.o)
                              build/cooja/mtype908.a(coap-engine.o) (coap_status_code)
build/cooja/mtype908.a(contiki-main.o)
                              build/cooja/mtype908.o (main)
build/cooja/mtype908.a(autostart.o)
                              build/cooja/mtype908.a(contiki-main.o) (autostart_start)
build/cooja/mtype908.a(ctimer.o)
                              build/cooja/mtype908.a(contiki-main.o) (ctimer_init)
build/cooja/mtype908.a(log.o)
                              build/cooja/mtype908.a(contiki-main.o) (curr_log_level_main)
build/cooja/mtype908.a(energest.o)
                              build/cooja/mtype908.a(contiki-main.o) (energest_init)
build/cooja/mtype908.a(etimer.o)
                              build/cooja/mtype908.a(contiki-main.o) (etimer_process)
build/cooja/mtype908.a(node-id.o)
                              build/cooja/mtype908.a(contiki-main.o) (node_id)
build/cooja/mtype908.a(rtimer.o)
                              build/cooja/mtype908.a(contiki-main.o) (rtimer_init)
build/cooja/mtype908.a(process.o)
                              build/cooja/mtype908.a(ctimer.o) (process_current)
build/cooja/mtype908.a(timer.o)
                              build/cooja/mtype908.a(etimer.o) (timer_set)
build/cooja/mtype908.a(list.o)
                              build/cooja/mtype908.a(coap-engine.o) (list_init)
build/cooja/mtype908.a(memb.o)
                              build/cooja/mtype908.a(coap-observe.o) (memb_alloc)
build/cooja/mtype908.a(button-hal.o)
                              build/cooja/mtype908.o (button_hal_init)
build/cooja/mtype908.a(serial-line.o)
                              build/cooja/mtype908.a(rs232.o) (serial_line_input_byte)
build/cooja/mtype908.a(gpio-hal.o)
                              build/cooja/mtype908.a(button-hal.o) (gpio_hal_register_handler)
[...]
Memory Configuration

Name             Origin             Length             Attributes
*default*        0x0000000000000000 0xffffffffffffffff

Linker script and memory map

LOAD /usr/lib/gcc/i686-linux-gnu/5/../../../i386-linux-gnu/crti.o
LOAD /usr/lib/gcc/i686-linux-gnu/5/crtbeginS.o
LOAD coap-actuator-cooling.o
LOAD build/cooja/mtype908.o
LOAD build/cooja/mtype908.a
LOAD /usr/lib/gcc/i686-linux-gnu/5/libgcc.a
LOAD /usr/lib/gcc/i686-linux-gnu/5/libgcc_s.so
LOAD /usr/lib/gcc/i686-linux-gnu/5/../../../i386-linux-gnu/libc.so
START GROUP
LOAD /lib/i386-linux-gnu/libc.so.6
LOAD /usr/lib/i386-linux-gnu/libc_nonshared.a
LOAD /lib/i386-linux-gnu/ld-linux.so.2
END GROUP
LOAD /usr/lib/gcc/i686-linux-gnu/5/libgcc.a
LOAD /usr/lib/gcc/i686-linux-gnu/5/libgcc_s.so
LOAD /usr/lib/gcc/i686-linux-gnu/5/crtendS.o
LOAD /usr/lib/gcc/i686-linux-gnu/5/../../../i386-linux-gnu/crtn.o
                0x0000000000000114                . = (0x0 + SIZEOF_HEADERS)

.note.gnu.build-id
                0x0000000000000114       0x24
 *(.note.gnu.build-id)
 .note.gnu.build-id
                0x0000000000000114       0x24 /usr/lib/gcc/i686-linux-gnu/5/../../../i386-linux-gnu/crti.o

.hash
 *(.hash)

.gnu.hash       0x0000000000000138     0x1594
 *(.gnu.hash)
 .gnu.hash      0x0000000000000138     0x1594 /usr/lib/gcc/i686-linux-gnu/5/../../../i386-linux-gnu/crti.o

.dynsym         0x00000000000016cc     0x2ef0
 *(.dynsym)
 .dynsym        0x00000000000016cc     0x2ef0 /usr/lib/gcc/i686-linux-gnu/5/../../../i386-linux-gnu/crti.o

.dynstr         0x00000000000045bc     0x36b5
 *(.dynstr)
 .dynstr        0x00000000000045bc     0x36b5 /usr/lib/gcc/i686-linux-gnu/5/../../../i386-linux-gnu/crti.o

.gnu.version    0x0000000000007c72      0x5de
 *(.gnu.version)
 .gnu.version   0x0000000000007c72      0x5de /usr/lib/gcc/i686-linux-gnu/5/../../../i386-linux-gnu/crti.o

.gnu.version_d  0x0000000000008250        0x0
 *(.gnu.version_d)
 .gnu.version_d
                0x0000000000008250        0x0 /usr/lib/gcc/i686-linux-gnu/5/../../../i386-linux-gnu/crti.o

.gnu.version_r  0x0000000000008250       0x50
 *(.gnu.version_r)
 .gnu.version_r
                0x0000000000008250       0x50 /usr/lib/gcc/i686-linux-gnu/5/../../../i386-linux-gnu/crti.o

.rel.dyn        0x00000000000082a0     0x91e0
 *(.rel.init)
 .rel.init      0x00000000000082a0        0x0 /usr/lib/gcc/i686-linux-gnu/5/../../../i386-linux-gnu/crti.o
 *(.rel.text .rel.text.* .rel.gnu.linkonce.t.*)
 .rel.text      0x00000000000082a0     0x87f0 /usr/lib/gcc/i686-linux-gnu/5/../../../i386-linux-gnu/crti.o
 *(.rel.fini)
 .rel.fini      0x0000000000010a90        0x0 /usr/lib/gcc/i686-linux-gnu/5/../../../i386-linux-gnu/crti.o
 *(.rel.rodata .rel.rodata.* .rel.gnu.linkonce.r.*)
 .rel.rodata    0x0000000000010a90      0x588 /usr/lib/gcc/i686-linux-gnu/5/../../../i386-linux-gnu/crti.o
 *(.rel.data.rel.ro .rel.data.rel.ro.* .rel.gnu.linkonce.d.rel.ro.*)
 *(.rel.data .rel.data.* .rel.gnu.linkonce.d.*)
 .rel.data.rel.local
                0x0000000000011018        0x8 /usr/lib/gcc/i686-linux-gnu/5/../../../i386-linux-gnu/crti.o
 .rel.data      0x0000000000011020      0x428 /usr/lib/gcc/i686-linux-gnu/5/../../../i386-linux-gnu/crti.o
 *(.rel.tdata .rel.tdata.* .rel.gnu.linkonce.td.*)
 *(.rel.tbss .rel.tbss.* .rel.gnu.linkonce.tb.*)
 *(.rel.ctors)
 *(.rel.dtors)
 *(.rel.got)
 .rel.got       0x0000000000011448       0x28 /usr/lib/gcc/i686-linux-gnu/5/../../../i386-linux-gnu/crti.o
 *(.rel.bss .rel.bss.* .rel.gnu.linkonce.b.*)
 *(.rel.ifunc)
 .rel.ifunc     0x0000000000011470        0x0 /usr/lib/gcc/i686-linux-gnu/5/../../../i386-linux-gnu/crti.o
 .rel.fini_array
                0x0000000000011470        0x8 /usr/lib/gcc/i686-linux-gnu/5/../../../i386-linux-gnu/crti.o
 .rel.init_array
                0x0000000000011478        0x8 /usr/lib/gcc/i686-linux-gnu/5/../../../i386-linux-gnu/crti.o

.rel.plt        0x0000000000011480        0x0
 *(.rel.plt)
 .rel.plt       0x0000000000011480        0x0 /usr/lib/gcc/i686-linux-gnu/5/../../../i386-linux-gnu/crti.o
 *(.rel.iplt)

.init           0x0000000000011480       0x23
 *(SORT(.init))
 .init          0x0000000000011480       0x1e /usr/lib/gcc/i686-linux-gnu/5/../../../i386-linux-gnu/crti.o
                0x0000000000011480                _init
 .init          0x000000000001149e        0x5 /usr/lib/gcc/i686-linux-gnu/5/../../../i386-linux-gnu/crtn.o

.plt            0x00000000000114b0       0x10
 *(.plt)
 .plt           0x00000000000114b0       0x10 /usr/lib/gcc/i686-linux-gnu/5/../../../i386-linux-gnu/crti.o
 *(.iplt)

.plt.got        0x00000000000114c0       0x10
 *(.plt.got)
 .plt.got       0x00000000000114c0       0x10 /usr/lib/gcc/i686-linux-gnu/5/../../../i386-linux-gnu/crti.o

.text           0x00000000000114d0    0x18a62
 *(.text.unlikely .text.*_unlikely .text.unlikely.*)
 .text.unlikely
                0x00000000000114d0        0x0 /usr/lib/gcc/i686-linux-gnu/5/crtbeginS.o
 .text.unlikely
                0x00000000000114d0        0x0 /usr/lib/gcc/i686-linux-gnu/5/libgcc.a(_udivdi3.o)
 *(.text.exit .text.exit.*)
 *(.text.startup .text.startup.*)
 *(.text.hot .text.hot.*)
 *(.text .stub .text.* .gnu.linkonce.t.*)
 .text          0x00000000000114d0        0x0 /usr/lib/gcc/i686-linux-gnu/5/../../../i386-linux-gnu/crti.o
 .gnu.linkonce.t.__x86.get_pc_thunk.bx
                0x00000000000114d0        0x4 /usr/lib/gcc/i686-linux-gnu/5/../../../i386-linux-gnu/crti.o
                0x00000000000114d0                __x86.get_pc_thunk.bx
 *fill*         0x00000000000114d4        0xc 
 .text          0x00000000000114e0      0x11c /usr/lib/gcc/i686-linux-gnu/5/crtbeginS.o
 .text.__x86.get_pc_thunk.dx
                0x00000000000115fc        0x4 /usr/lib/gcc/i686-linux-gnu/5/crtbeginS.o
                0x00000000000115fc                __x86.get_pc_thunk.dx
 .text          0x0000000000011600       0x6f coap-actuator-cooling.o
 .text          0x000000000001166f      0x283 build/cooja/mtype908.o
                0x0000000000011701                platform_init_stage_one
                0x0000000000011714                platform_init_stage_two
                0x0000000000011727                platform_init_stage_three
                0x000000000001173a                platform_main_loop
                0x00000000000117ad                Java_org_contikios_cooja_corecomm_Lib8_init
                0x00000000000117e4                Java_org_contikios_cooja_corecomm_Lib8_getMemory
                0x0000000000011817                Java_org_contikios_cooja_corecomm_Lib8_setMemory
                0x0000000000011877                Java_org_contikios_cooja_corecomm_Lib8_tick
                0x00000000000118df                Java_org_contikios_cooja_corecomm_Lib8_setReferenceAddress
 .text          0x00000000000118f2       0x65 build/cooja/mtype908.a(simEnvChange.o)
                0x00000000000118f2                doActionsBeforeTick
                0x0000000000011924                doActionsAfterTick
 .text          0x0000000000011957       0x83 build/cooja/mtype908.a(cooja_mt.o)
                0x0000000000011957                cooja_mt_start
                0x0000000000011981                cooja_mt_exec
                0x00000000000119b7                cooja_mt_yield
 .text          0x00000000000119da       0xbe build/cooja/mtype908.a(cooja_mtarch.o)
                0x00000000000119da                cooja_mtarch_start
                0x0000000000011a4d                cooja_sw
                0x0000000000011a70                cooja_mtarch_exec
                0x0000000000011a8d                cooja_mtarch_yield
 .text          0x0000000000011a98       0xc5 build/cooja/mtype908.a(rtimer-arch.o)
                0x0000000000011a98                rtimer_arch_init
                0x0000000000011abc                rtimer_arch_schedule
                0x0000000000011aec                rtimer_arch_next
                0x0000000000011afc                rtimer_arch_pending
                0x0000000000011b06                rtimer_arch_check
                0x0000000000011b4d                rtimer_arch_now
 .text          0x0000000000011b5d       0x81 build/cooja/mtype908.a(beep.o)
                0x0000000000011b5d                beep_alarm
                0x0000000000011b6a                beep_beep
                0x0000000000011b77                beep
                0x0000000000011b84                beep_down
                0x0000000000011b91                beep_on
                0x0000000000011b9e                beep_off
                0x0000000000011bab                beep_spinup
                0x0000000000011bb8                beep_quick
                0x0000000000011bc5                beep_long
 .text          0x0000000000011bde       0x65 build/cooja/mtype908.a(leds-arch.o)
                0x0000000000011bf1                leds_arch_init
 .text          0x0000000000011c43       0x35 build/cooja/mtype908.a(moteid.o)
 .text          0x0000000000011c78       0xb7 build/cooja/mtype908.a(pir-sensor.o)
 .text          0x0000000000011d2f      0x148 build/cooja/mtype908.a(rs232.o)
                0x0000000000011d2f                rs232_init
                0x0000000000011d35                rs232_set_speed
                0x0000000000011d44                rs232_set_input
                0x0000000000011d52                rs232_send
                0x0000000000011d76                rs232_print
                0x0000000000011d92                slip_arch_writeb
 .text          0x0000000000011e77       0xb7 build/cooja/mtype908.a(vib-sensor.o)
 .text          0x0000000000011f2e       0x38 build/cooja/mtype908.a(clock.o)
                0x0000000000011f2e                clock_init
                0x0000000000011f34                clock_time
                0x0000000000011f3e                clock_seconds
                0x0000000000011f54                clock_delay
 .text          0x0000000000011f66      0x219 build/cooja/mtype908.a(cooja-log.o)
                0x0000000000011f66                simlog_char
                0x0000000000011fa9                simlog
                0x000000000001201f                log_message
                0x0000000000012050                log_set_putchar_with_slip
                0x000000000001205e                log_putchar
                0x00000000000120d9                log_puts
                0x0000000000012101                log_printf
 .text          0x000000000001217f      0x2b9 build/cooja/mtype908.a(cfs-cooja.o)
                0x000000000001217f                cfs_open
                0x00000000000121e8                cfs_close
                0x00000000000121f5                cfs_read
                0x000000000001228a                cfs_write
                0x0000000000012366                cfs_seek
                0x00000000000123ee                cfs_remove
                0x0000000000012412                cfs_opendir
                0x000000000001241c                cfs_readdir
                0x0000000000012426                cfs_closedir
 .text          0x0000000000012438      0x620 build/cooja/mtype908.a(cooja-radio.o)
                0x000000000001247a                radio_set_channel
                0x0000000000012488                radio_set_txpower
                0x00000000000124a0                radio_signal_strength_last
                0x00000000000124aa                radio_signal_strength_current
                0x00000000000124b4                radio_LQI
 .text          0x0000000000012a58       0xee build/cooja/mtype908.a(eeprom.o)
                0x0000000000012a58                eeprom_init
                0x0000000000012a5e                eeprom_read
                0x0000000000012acc                eeprom_write
 .text          0x0000000000012b46       0x2d build/cooja/mtype908.a(random.o)
                0x0000000000012b46                random_init
                0x0000000000012b66                random_rand
 .text          0x0000000000012b73      0x29c build/cooja/mtype908.a(sensors.o)
                0x0000000000012bae                sensors_first
                0x0000000000012bb8                sensors_next
                0x0000000000012bd2                sensors_changed
                0x0000000000012c06                sensors_find
 .text          0x0000000000012e0f      0x349 build/cooja/mtype908.a(leds.o)
                0x0000000000012e0f                leds_init
                0x0000000000012e56                leds_single_on
                0x0000000000012eb5                leds_single_off
                0x0000000000012f14                leds_single_toggle
                0x0000000000012f46                leds_on
                0x0000000000012fc8                leds_off
                0x000000000001304a                leds_toggle
                0x000000000001309f                leds_set
                0x00000000000130cb                leds_get
 .text          0x0000000000013158      0x343 build/cooja/mtype908.a(gpio-hal-arch.o)
                0x0000000000013158                gpio_hal_arch_register_pin_callback
                0x00000000000131c4                gpio_hal_arch_init
                0x0000000000013209                gpio_hal_arch_no_port_interrupt_enable
                0x0000000000013239                gpio_hal_arch_no_port_interrupt_disable
                0x0000000000013269                gpio_hal_arch_no_port_pin_cfg_set
                0x000000000001328e                gpio_hal_arch_no_port_pin_cfg_get
                0x00000000000132b4                gpio_hal_arch_no_port_pin_set_input
                0x00000000000132c6                gpio_hal_arch_no_port_pin_set_output
                0x00000000000132d8                gpio_hal_arch_no_port_set_pin
                0x00000000000132f9                gpio_hal_arch_no_port_clear_pin
                0x000000000001331a                gpio_hal_arch_no_port_read_pin
                0x0000000000013340                gpio_hal_arch_no_port_write_pin
                0x000000000001336a                gpio_hal_arch_no_port_set_pins
                0x00000000000133b1                gpio_hal_arch_no_port_clear_pins
                0x00000000000133f8                gpio_hal_arch_no_port_read_pins
                0x000000000001343b                gpio_hal_arch_no_port_write_pins
 .text          0x000000000001349b       0x89 build/cooja/mtype908.a(buttons.o)
 .text          0x0000000000013524      0x4d5 build/cooja/mtype908.a(res_cooling.o)
                0x0000000000013524                GetXmlTagValue
                0x0000000000013802                parseAndConvert
 .text          0x00000000000139f9      0xbea build/cooja/mtype908.a(coap-engine.o)
                0x0000000000013a8e                coap_add_handler
                0x0000000000013aab                coap_remove_handler
                0x0000000000013ac8                coap_call_handlers
                0x0000000000013bd0                coap_receive
                0x00000000000141cb                coap_engine_init
                0x0000000000014229                coap_activate_resource
                0x00000000000142d4                coap_get_first_resource
                0x00000000000142ed                coap_get_next_resource
 .text          0x00000000000145e3      0x2d9 build/cooja/mtype908.a(coap-res-well-k)
 .text          0x00000000000148bc      0x96a build/cooja/mtype908.a(coap-observe.o)
                0x00000000000149d1                coap_remove_observer
                0x0000000000014a01                coap_remove_observer_by_client
                0x0000000000014a69                coap_remove_observer_by_token
                0x0000000000014afc                coap_remove_observer_by_uri
                0x0000000000014ba3                coap_remove_observer_by_mid
                0x0000000000014c1f                coap_notify_observers
                0x0000000000014c38                coap_notify_observers_sub
                0x00000000000150a2                coap_observe_handler
                0x00000000000151bd                coap_has_observers
 .text          0x0000000000015226      0x733 build/cooja/mtype908.a(coap-uip.o)
                0x0000000000015226                coap_endpoint_log
                0x00000000000152ac                coap_endpoint_print
                0x0000000000015332                coap_endpoint_snprint
                0x0000000000015465                coap_endpoint_copy
                0x00000000000154a2                coap_endpoint_cmp
                0x00000000000155b0                coap_endpoint_parse
                0x000000000001579b                coap_endpoint_is_secure
                0x00000000000157aa                coap_endpoint_is_connected
                0x00000000000157de                coap_endpoint_connect
                0x00000000000157fa                coap_endpoint_disconnect
                0x0000000000015800                coap_databuf
                0x000000000001580a                coap_transport_init
                0x000000000001585a                coap_sendto
 .text          0x0000000000015959      0x324 build/cooja/mtype908.a(coap-timer.o)
                0x0000000000015a56                coap_timer_stop
                0x0000000000015a81                coap_timer_set
                0x0000000000015ac4                coap_timer_reset
                0x0000000000015b07                coap_timer_time_to_next_expiration
                0x0000000000015b73                coap_timer_run
                0x0000000000015c3f                coap_timer_init
 .text          0x0000000000015c7d      0x2c6 build/cooja/mtype908.a(coap-transactio)
                0x0000000000015ce3                coap_new_transaction
                0x0000000000015d49                coap_send_transaction
                0x0000000000015eaa                coap_clear_transaction
                0x0000000000015ef2                coap_get_transaction_by_mid
 .text          0x0000000000015f43     0x1c53 build/cooja/mtype908.a(coap.o)
                0x00000000000164b0                coap_init_connection
                0x00000000000164c4                coap_get_mid
                0x00000000000164e0                coap_init_message
                0x0000000000016529                coap_serialize_message
                0x0000000000016bab                coap_parse_message
                0x0000000000017212                coap_get_query_variable
                0x0000000000017254                coap_get_post_variable
                0x0000000000017298                coap_set_status_code
                0x00000000000172bd                coap_set_token
                0x0000000000017304                coap_get_header_content_format
                0x0000000000017335                coap_set_header_content_format
                0x0000000000017358                coap_get_header_accept
                0x0000000000017389                coap_set_header_accept
                0x00000000000173ac                coap_get_header_max_age
                0x00000000000173dd                coap_set_header_max_age
                0x00000000000173fd                coap_get_header_etag
                0x000000000001742f                coap_set_header_etag
                0x0000000000017486                coap_get_header_if_match
                0x00000000000174b8                coap_set_header_if_match
                0x000000000001750f                coap_get_header_if_none_match
                0x0000000000017529                coap_set_header_if_none_match
                0x0000000000017540                coap_get_header_proxy_uri
                0x000000000001756e                coap_set_header_proxy_uri
                0x00000000000175ab                coap_get_header_uri_host
                0x00000000000175d9                coap_set_header_uri_host
                0x0000000000017616                coap_get_header_uri_path
                0x0000000000017644                coap_set_header_uri_path
                0x0000000000017691                coap_get_header_uri_query
                0x00000000000176c5                coap_set_header_uri_query
                0x000000000001771b                coap_get_header_location_path
                0x0000000000017749                coap_set_header_location_path
                0x00000000000177e2                coap_get_header_location_query
                0x0000000000017810                coap_set_header_location_query
                0x000000000001785d                coap_get_header_observe
                0x000000000001788c                coap_set_header_observe
                0x00000000000178ac                coap_get_header_block2
                0x0000000000017918                coap_set_header_block2
                0x000000000001798f                coap_get_header_block1
                0x0000000000017a04                coap_set_header_block1
                0x0000000000017a7f                coap_get_header_size2
                0x0000000000017aaf                coap_set_header_size2
                0x0000000000017ad2                coap_get_header_size1
                0x0000000000017b02                coap_set_header_size1
                0x0000000000017b25                coap_get_payload
                0x0000000000017b5f                coap_set_payload
 .text          0x0000000000017b96      0x332 build/cooja/mtype908.a(contiki-main.o)
                0x0000000000017b96                main
 .text          0x0000000000017ec8       0x92 build/cooja/mtype908.a(autostart.o)
                0x0000000000017ec8                autostart_start
                0x0000000000017f12                autostart_exit
 .text          0x0000000000017f5a      0x355 build/cooja/mtype908.a(ctimer.o)
                0x0000000000018082                ctimer_init
                0x00000000000180b5                ctimer_set
                0x00000000000180db                ctimer_set_with_process
                0x0000000000018158                ctimer_reset
                0x00000000000181ac                ctimer_restart
                0x0000000000018200                ctimer_stop
                0x0000000000018250                ctimer_expired
 .text          0x00000000000182af      0x394 build/cooja/mtype908.a(log.o)
                0x00000000000182af                log_6addr
                0x0000000000018302                log_6addr_compact_snprint
                0x00000000000183a0                log_6addr_compact
                0x00000000000183f3                log_lladdr
                0x0000000000018465                log_lladdr_compact
                0x00000000000184cd                log_set_level
                0x0000000000018588                log_get_level
                0x0000000000018601                log_level_to_str
 .text          0x0000000000018643       0x1b build/cooja/mtype908.a(energest.o)
                0x0000000000018643                energest_init
                0x0000000000018649                energest_flush
                0x000000000001864f                energest_get_total_time
 .text          0x000000000001865e      0x43f build/cooja/mtype908.a(etimer.o)
                0x0000000000018882                etimer_request_poll
                0x000000000001890b                etimer_set
                0x0000000000018934                etimer_reset_with_new_interval
                0x0000000000018963                etimer_reset
                0x0000000000018989                etimer_restart
                0x00000000000189af                etimer_adjust
                0x00000000000189cc                etimer_expired
                0x00000000000189df                etimer_expiration_time
                0x00000000000189f1                etimer_start_time
                0x00000000000189fb                etimer_pending
                0x0000000000018a0d                etimer_next_expiration_time
                0x0000000000018a27                etimer_stop
 .text          0x0000000000018a9d       0x25 build/cooja/mtype908.a(node-id.o)
                0x0000000000018a9d                node_id_init
 .text          0x0000000000018ac2       0xeb build/cooja/mtype908.a(rtimer.o)
                0x0000000000018ac2                rtimer_init
                0x0000000000018ad0                rtimer_set
                0x0000000000018b4b                rtimer_run_next
 .text          0x0000000000018bad      0x4fb build/cooja/mtype908.a(process.o)
                0x0000000000018bad                process_alloc_event
                0x0000000000018bc2                process_start
                0x0000000000018d9c                process_exit
                0x0000000000018db9                process_init
                0x0000000000018f4e                process_run
                0x0000000000018f81                process_nevents
                0x0000000000018f9c                process_post
                0x000000000001902f                process_post_synch
                0x0000000000019064                process_poll
                0x0000000000019094                process_is_running
 .text          0x00000000000190a8       0xb1 build/cooja/mtype908.a(timer.o)
                0x00000000000190a8                timer_set
                0x00000000000190c6                timer_reset
                0x00000000000190f3                timer_restart
                0x0000000000019108                timer_expired
                0x0000000000019135                timer_remaining
 .text          0x0000000000019159      0x28f build/cooja/mtype908.a(list.o)
                0x0000000000019159                list_init
                0x0000000000019168                list_head
                0x0000000000019172                list_copy
                0x0000000000019182                list_tail
                0x00000000000191b8                list_add
                0x0000000000019204                list_push
                0x0000000000019230                list_chop
                0x000000000001929a                list_pop
                0x00000000000192c2                list_remove
                0x000000000001932a                list_length
                0x0000000000019358                list_insert
                0x000000000001939d                list_item_next
                0x00000000000193b4                list_contains
 .text          0x00000000000193e8      0x1b5 build/cooja/mtype908.a(memb.o)
                0x00000000000193e8                memb_init
                0x000000000001943d                memb_alloc
                0x00000000000194a0                memb_free
                0x0000000000019517                memb_inmemb
                0x0000000000019556                memb_numfree
 .text          0x000000000001959d      0x41c build/cooja/mtype908.a(button-hal.o)
                0x0000000000019716                button_hal_get_by_id
                0x0000000000019754                button_hal_get_by_index
                0x0000000000019780                button_hal_get_state
                0x00000000000197d2                button_hal_init
 .text          0x00000000000199b9      0x1f3 build/cooja/mtype908.a(serial-line.o)
                0x00000000000199b9                serial_line_input_byte
                0x0000000000019b77                serial_line_init
 .text          0x0000000000019bac      0x168 build/cooja/mtype908.a(gpio-hal.o)
                0x0000000000019bac                gpio_hal_register_handler
                0x0000000000019bc9                gpio_hal_event_handler
                0x0000000000019c25                gpio_hal_init
                0x0000000000019c44                gpio_hal_arch_port_toggle_pin
                0x0000000000019c80                gpio_hal_arch_port_toggle_pins
                0x0000000000019cae                gpio_hal_arch_no_port_toggle_pin
                0x0000000000019cec                gpio_hal_arch_no_port_toggle_pins
 .text          0x0000000000019d14      0x2e7 build/cooja/mtype908.a(queuebuf.o)
                0x0000000000019d1e                queuebuf_init
                0x0000000000019d47                queuebuf_numfree
                0x0000000000019d5f                queuebuf_new_from_packetbuf
                0x0000000000019dfe                queuebuf_update_attr_from_packetbuf
                0x0000000000019e33                queuebuf_update_from_packetbuf
                0x0000000000019e83                queuebuf_free
                0x0000000000019ecc                queuebuf_to_packetbuf
                0x0000000000019f38                queuebuf_dataptr
                0x0000000000019f72                queuebuf_datalen
                0x0000000000019f95                queuebuf_addr
                0x0000000000019fca                queuebuf_attr
                0x0000000000019ff5                queuebuf_debug_print
 .text          0x0000000000019ffb      0x407 build/cooja/mtype908.a(packetbuf.o)
                0x0000000000019ffb                packetbuf_clear
                0x000000000001a026                packetbuf_copyfrom
                0x000000000001a075                packetbuf_copyto
                0x000000000001a108                packetbuf_hdralloc
                0x000000000001a184                packetbuf_hdrreduce
                0x000000000001a1ca                packetbuf_set_datalen
                0x000000000001a1e4                packetbuf_dataptr
                0x000000000001a201                packetbuf_hdrptr
                0x000000000001a20b                packetbuf_datalen
                0x000000000001a217                packetbuf_hdrlen
                0x000000000001a22e                packetbuf_totlen
                0x000000000001a244                packetbuf_remaininglen
                0x000000000001a257                packetbuf_attr_clear
                0x000000000001a2a3                packetbuf_attr_copyto
                0x000000000001a2fb                packetbuf_attr_copyfrom
                0x000000000001a353                packetbuf_set_attr
                0x000000000001a37d                packetbuf_attr
                0x000000000001a397                packetbuf_set_addr
                0x000000000001a3c8                packetbuf_addr
                0x000000000001a3e5                packetbuf_holds_broadcast
 .text          0x000000000001a402       0xef build/cooja/mtype908.a(netstack.o)
                0x000000000001a402                netstack_process_ip_callback
                0x000000000001a493                netstack_ip_packet_processor_add
                0x000000000001a4b6                uip_ds6_ip_packet_processor_rm
                0x000000000001a4d3                netstack_init
 .text          0x000000000001a4f1       0x4f build/cooja/mtype908.a(linkaddr.o)
                0x000000000001a4f1                linkaddr_copy
                0x000000000001a507                linkaddr_cmp
                0x000000000001a52a                linkaddr_set_node_addr
 .text          0x000000000001a540      0x1f6 build/cooja/mtype908.a(csma.o)
 .text          0x000000000001a736      0x95d build/cooja/mtype908.a(csma-output.o)
                0x000000000001adcd                csma_output_packet
                0x000000000001b05a                csma_output_init
 .text          0x000000000001b093      0xc11 build/cooja/mtype908.a(uip-ds6.o)
                0x000000000001b093                uip_ds6_default_prefix
                0x000000000001b09d                uip_ds6_set_default_prefix
                0x000000000001b0c8                uip_ds6_init
                0x000000000001b32a                uip_ds6_periodic
                0x000000000001b3b1                uip_ds6_list_loop
                0x000000000001b471                uip_ds6_prefix_add
                0x000000000001b51d                uip_ds6_prefix_rm
                0x000000000001b530                uip_ds6_prefix_lookup
                0x000000000001b56f                uip_ds6_is_addr_onlink
                0x000000000001b5e2                uip_ds6_addr_add
                0x000000000001b702                uip_ds6_addr_rm
                0x000000000001b7ab                uip_ds6_addr_lookup
                0x000000000001b7e4                uip_ds6_get_link_local
                0x000000000001b865                uip_ds6_get_global
                0x000000000001b8e6                uip_ds6_maddr_add
                0x000000000001b946                uip_ds6_maddr_rm
                0x000000000001b959                uip_ds6_maddr_lookup
                0x000000000001b992                uip_ds6_aaddr_add
                0x000000000001b9f2                uip_ds6_aaddr_rm
                0x000000000001ba05                uip_ds6_aaddr_lookup
                0x000000000001ba3e                uip_ds6_select_src
                0x000000000001bb87                uip_ds6_set_addr_iid
                0x000000000001bbb2                uip_ds6_set_lladdr_from_iid
                0x000000000001bbdb                get_match_length
                0x000000000001bc6c                uip_ds6_compute_reachable_time
 .text          0x000000000001bca4      0x128 build/cooja/mtype908.a(uip-udp-packet.)
                0x000000000001bca4                uip_udp_packet_send
                0x000000000001bcff                uip_udp_packet_sendto
 .text          0x000000000001bdcc      0xa3c build/cooja/mtype908.a(uip-ds6-route.o)
                0x000000000001beb6                uip_ds6_notification_add
                0x000000000001bee8                uip_ds6_notification_rm
                0x000000000001bf05                uip_ds6_route_init
                0x000000000001bfa4                uip_ds6_route_nexthop
                0x000000000001bfd3                uip_ds6_route_head
                0x000000000001bfec                uip_ds6_route_next
                0x000000000001c015                uip_ds6_route_is_nexthop
                0x000000000001c057                uip_ds6_route_num_routes
                0x000000000001c061                uip_ds6_route_lookup
                0x000000000001c138                uip_ds6_route_add
                0x000000000001c378                uip_ds6_route_rm
                0x000000000001c516                uip_ds6_route_rm_by_nexthop
                0x000000000001c555                uip_ds6_defrt_head
                0x000000000001c56e                uip_ds6_defrt_add
                0x000000000001c62f                uip_ds6_defrt_rm
                0x000000000001c6b0                uip_ds6_defrt_lookup
                0x000000000001c717                uip_ds6_defrt_choose
                0x000000000001c78d                uip_ds6_defrt_periodic
 .text          0x000000000001c808      0x6f7 build/cooja/mtype908.a(tcpip.o)
                0x000000000001c822                tcpip_output
                0x000000000001c8a1                udp_attach
                0x000000000001c8b9                udp_new
                0x000000000001c903                udp_broadcast_new
                0x000000000001ca75                tcpip_input
                0x000000000001cc05                tcpip_ipv6_output
                0x000000000001cdf9                tcpip_poll_udp
                0x000000000001ce17                tcpip_uipcall
 .text          0x000000000001ceff     0x1205 build/cooja/mtype908.a(uip6.o)
                0x000000000001cfae                uip_chksum
                0x000000000001d085                uip_icmp6chksum
                0x000000000001d09a                uip_udpchksum
                0x000000000001d0af                uip_init
                0x000000000001d0f8                uip_remove_ext_hdr
                0x000000000001d1d2                uip_udp_new
                0x000000000001d4e6                uip_process
                0x000000000001dfde                uip_htons
                0x000000000001e000                uip_htonl
                0x000000000001e03e                uip_send
 .text          0x000000000001e104      0x369 build/cooja/mtype908.a(uip-ds6-nbr.o)
                0x000000000001e104                uip_ds6_neighbors_init
                0x000000000001e128                uip_ds6_nbr_add
                0x000000000001e1ae                uip_ds6_nbr_rm
                0x000000000001e1f9                uip_ds6_nbr_update_ll
                0x000000000001e2e7                uip_ds6_nbr_get_ipaddr
                0x000000000001e2fc                uip_ds6_nbr_get_ll
                0x000000000001e318                uip_ds6_nbr_num
                0x000000000001e361                uip_ds6_nbr_head
                0x000000000001e37a                uip_ds6_nbr_next
                0x000000000001e396                uip_ds6_nbr_lookup
                0x000000000001e3ee                uip_ds6_nbr_ll_lookup
                0x000000000001e40a                uip_ds6_nbr_ipaddr_from_lladdr
                0x000000000001e433                uip_ds6_nbr_lladdr_from_ipaddr
                0x000000000001e467                uip_ds6_link_callback
 .text          0x000000000001e46d      0x6a7 build/cooja/mtype908.a(uip-nd6.o)
                0x000000000001eafb                uip_nd6_init
 .text          0x000000000001eb14     0x2c17 build/cooja/mtype908.a(sicslowpan.o)
                0x000000000001f11b                netstack_sniffer_add
                0x000000000001f129                netstack_sniffer_remove
                0x00000000000216ff                sicslowpan_init
                0x0000000000021721                sicslowpan_get_last_rssi
 .text          0x000000000002172b      0x4d1 build/cooja/mtype908.a(uiplib.o)
                0x000000000002172b                uiplib_ip6addrconv
                0x00000000000218e3                uiplib_ip4addrconv
                0x00000000000219a6                uiplib_ipaddr_print
                0x00000000000219f9                uiplib_ipaddr_snprint
 .text          0x0000000000021bfc      0x4c9 build/cooja/mtype908.a(rpl.o)
                0x0000000000021bfc                rpl_lollipop_greater_than
                0x0000000000021c56                rpl_get_global_address
                0x0000000000021d4e                rpl_link_callback
                0x0000000000021d92                rpl_has_joined
                0x0000000000021db7                rpl_is_reachable
                0x0000000000021e38                rpl_reset_prefix
                0x0000000000021ea2                rpl_set_prefix_from_addr
                0x0000000000021f87                rpl_set_prefix
                0x00000000000220a1                rpl_set_leaf_only
                0x00000000000220b9                rpl_get_leaf_only
 .text          0x00000000000220c5     0x138c build/cooja/mtype908.a(rpl-icmp6.o)
                0x00000000000221ea                rpl_icmp6_update_nbr_table
                0x0000000000022273                rpl_icmp6_dis_output
                0x00000000000228b9                rpl_icmp6_dio_output
                0x00000000000230b7                rpl_icmp6_dao_output
                0x0000000000023398                rpl_icmp6_dao_ack_output
                0x0000000000023408                rpl_icmp6_init
 .text          0x0000000000023451      0x264 build/cooja/mtype908.a(rpl-dag-root.o)
                0x0000000000023451                rpl_dag_root_print_links
                0x000000000002357d                rpl_dag_root_set_prefix
                0x00000000000235a9                rpl_dag_root_start
                0x0000000000023686                rpl_dag_root_is_root
 .text          0x00000000000236b5       0x30 build/cooja/mtype908.a(watchdog.o)
                0x00000000000236b5                watchdog_init
                0x00000000000236bb                watchdog_start
                0x00000000000236c1                watchdog_periodic
                0x00000000000236d9                watchdog_stop
                0x00000000000236df                watchdog_reboot
 .text          0x00000000000236e5       0x4a build/cooja/mtype908.a(int-master.o)
                0x00000000000236e5                int_master_enable
                0x00000000000236f5                int_master_read_and_disable
                0x0000000000023712                int_master_status_set
                0x0000000000023720                int_master_is_enabled
 .text          0x000000000002372f      0x226 build/cooja/mtype908.a(coap-timer-defa)
 .text          0x0000000000023955       0xc7 build/cooja/mtype908.a(stimer.o)
                0x0000000000023955                stimer_set
                0x0000000000023973                stimer_reset
                0x00000000000239a0                stimer_restart
                0x00000000000239b5                stimer_expired
                0x00000000000239e0                stimer_remaining
                0x0000000000023a04                stimer_elapsed
 .text          0x0000000000023a1c      0x156 build/cooja/mtype908.a(ringbuf.o)
                0x0000000000023a1c                ringbuf_init
                0x0000000000023a4e                ringbuf_put
                0x0000000000023acc                ringbuf_get
                0x0000000000023b39                ringbuf_size
                0x0000000000023b4b                ringbuf_elements
 .text          0x0000000000023b72       0x1f build/cooja/mtype908.a(assert.o)
                0x0000000000023b72                _xassert
 .text          0x0000000000023b91      0x79b build/cooja/mtype908.a(nbr-table.o)
                0x000000000002400a                nbr_table_register
                0x0000000000024077                nbr_table_is_registered
                0x00000000000240b2                nbr_table_head
                0x000000000002410d                nbr_table_next
                0x000000000002416e                nbr_table_add_lladdr
                0x0000000000024248                nbr_table_get_from_lladdr
                0x0000000000024294                nbr_table_remove
                0x00000000000242cc                nbr_table_lock
                0x00000000000242e6                nbr_table_unlock
                0x0000000000024300                nbr_table_get_lladdr
 .text          0x000000000002432c      0x3a5 build/cooja/mtype908.a(link-stats.o)
                0x000000000002432c                link_stats_from_lladdr
                0x0000000000024348                link_stats_get_lladdr
                0x0000000000024364                link_stats_is_fresh
                0x00000000000243a0                guess_etx_from_rssi
                0x000000000002441c                link_stats_packet_sent
                0x000000000002453c                link_stats_input_callback
                0x000000000002464c                link_stats_reset
                0x000000000002469c                link_stats_init
 .text          0x00000000000246d1      0x187 build/cooja/mtype908.a(mac-sequence.o)
                0x00000000000246d1                mac_sequence_is_duplicate
                0x0000000000024771                mac_sequence_register_seqno
 .text          0x0000000000024858       0x23 build/cooja/mtype908.a(mac.o)
                0x0000000000024858                mac_call_sent_callback
 .text          0x000000000002487b      0x432 build/cooja/mtype908.a(framer-802154.o)
                0x0000000000024a0a                framer_802154_setup_params
 .text          0x0000000000024cad      0xb6f build/cooja/mtype908.a(frame802154.o)
                0x0000000000024cde                frame802154_get_pan_id
                0x0000000000024cea                frame802154_set_pan_id
                0x0000000000024d04                frame802154_has_panid
                0x0000000000024eb3                frame802154_check_dest_panid
                0x0000000000024f3b                frame802154_is_broadcast_addr
                0x0000000000024f88                frame802154_extract_linkaddr
                0x00000000000251ed                frame802154_hdrlen
                0x0000000000025260                frame802154_create_fcf
                0x0000000000025318                frame802154_create
                0x000000000002548d                frame802154_parse_fcf
                0x000000000002556f                frame802154_parse
 .text          0x000000000002581c       0x2d build/cooja/mtype908.a(csma-security.o)
                0x000000000002581c                csma_security_create_frame
                0x000000000002583a                csma_security_parse_frame
 .text          0x0000000000025849      0x4e4 build/cooja/mtype908.a(uipbuf.o)
                0x0000000000025849                uipbuf_clear
                0x0000000000025870                uipbuf_add_ext_hdr
                0x00000000000258f0                uipbuf_set_len
                0x000000000002591d                uipbuf_set_len_field
                0x0000000000025949                uipbuf_get_len_field
                0x0000000000025969                uipbuf_get_next_header
                0x0000000000025a9b                uipbuf_get_last_header
                0x0000000000025b14                uipbuf_search_header
                0x0000000000025bca                uipbuf_get_attr
                0x0000000000025bf1                uipbuf_set_attr
                0x0000000000025c28                uipbuf_set_default_attr
                0x0000000000025c5f                uipbuf_clear_attr
                0x0000000000025c83                uipbuf_set_attr_flag
                0x0000000000025ca4                uipbuf_clr_attr_flag
                0x0000000000025ccb                uipbuf_is_attr_flag
                0x0000000000025cef                uipbuf_init
 .text          0x0000000000025d2d      0x73f build/cooja/mtype908.a(uip-icmp6.o)
                0x0000000000025da2                uip_icmp6_input
                0x0000000000025df9                uip_icmp6_register_input_handler
                0x0000000000025f4c                uip_icmp6_error_output
                0x00000000000261fd                uip_icmp6_send
                0x00000000000263f4                uip_icmp6_echo_reply_callback_add
                0x0000000000026426                uip_icmp6_echo_reply_callback_rm
                0x0000000000026443                uip_icmp6_init
 .text          0x000000000002646c      0x69b build/cooja/mtype908.a(uip-sr.o)
                0x000000000002646c                uip_sr_num_nodes
                0x00000000000264fa                uip_sr_get_node
                0x0000000000026551                uip_sr_is_addr_reachable
                0x00000000000265ff                uip_sr_expire_parent
                0x0000000000026648                uip_sr_update_node
                0x0000000000026778                uip_sr_init
                0x00000000000267ac                uip_sr_node_head
                0x00000000000267c5                uip_sr_node_next
                0x00000000000267db                uip_sr_periodic
                0x00000000000268e1                uip_sr_free_all
                0x0000000000026951                uip_sr_link_snprint
 .text          0x0000000000026b07      0x146 build/cooja/mtype908.a(uip-packetqueue)
                0x0000000000026b35                uip_packetqueue_new
                0x0000000000026b44                uip_packetqueue_alloc
                0x0000000000026b9f                uip_packetqueue_free
                0x0000000000026be6                uip_packetqueue_buf
                0x0000000000026c03                uip_packetqueue_buflen
                0x0000000000026c24                uip_packetqueue_set_buflen
 .text          0x0000000000026c4d      0x1b0 build/cooja/mtype908.a(rpl-nbr-policy.)
                0x0000000000026dba                rpl_nbr_policy_find_removable
 .text          0x0000000000026dfd      0x915 build/cooja/mtype908.a(rpl-neighbor.o)
                0x0000000000026e79                rpl_neighbor_snprint
                0x000000000002712c                rpl_neighbor_print_list
                0x00000000000271e1                rpl_neighbor_count
                0x0000000000027288                rpl_neighbor_get_from_lladdr
                0x00000000000272a4                rpl_neighbor_is_acceptable_parent
                0x00000000000272d8                rpl_neighbor_get_link_metric
                0x000000000002730c                rpl_neighbor_rank_via_nbr
                0x0000000000027340                rpl_neighbor_get_lladdr
                0x000000000002735c                rpl_neighbor_get_ipaddr
                0x0000000000027383                rpl_neighbor_get_link_stats
                0x00000000000273aa                rpl_neighbor_is_fresh
                0x00000000000273d1                rpl_neighbor_is_reachable
                0x000000000002741c                rpl_neighbor_is_parent
                0x0000000000027446                rpl_neighbor_set_preferred_parent
                0x00000000000274dd                rpl_neighbor_remove_all
                0x0000000000027539                rpl_neighbor_get_from_ipaddr
                0x0000000000027647                rpl_neighbor_select_best
                0x00000000000276f3                rpl_neighbor_init
 .text          0x0000000000027712      0xe69 build/cooja/mtype908.a(rpl-dag.o)
                0x0000000000027712                rpl_dag_state_to_str
                0x0000000000027751                rpl_dag_get_root_ipaddr
                0x0000000000027799                rpl_dag_leave
                0x0000000000027822                rpl_dag_poison_and_leave
                0x000000000002783a                rpl_dag_periodic
                0x00000000000278c2                rpl_is_addr_in_our_dag
                0x0000000000027906                rpl_get_default_instance
                0x0000000000027922                rpl_get_any_dag
                0x000000000002797b                rpl_refresh_routes
                0x00000000000279bb                rpl_global_repair
                0x0000000000027a54                rpl_local_repair
                0x0000000000027a9e                rpl_dag_ready_to_advertise
                0x0000000000027ae1                rpl_dag_update_state
                0x000000000002820e                rpl_process_dio
                0x000000000002828c                rpl_process_dis
                0x00000000000282d1                rpl_process_dao
                0x0000000000028360                rpl_process_dao_ack
                0x00000000000283f7                rpl_process_hbh
                0x0000000000028447                rpl_dag_init_root
                0x000000000002855b                rpl_dag_init
 .text          0x000000000002857b      0x9e7 build/cooja/mtype908.a(rpl-timers.o)
                0x000000000002857b                rpl_timers_schedule_periodic_dis
                0x00000000000286c9                rpl_timers_dio_reset
                0x00000000000287d7                rpl_timers_schedule_unicast_dio
                0x000000000002892b                rpl_timers_schedule_dao
                0x00000000000289ea                rpl_timers_schedule_dao_ack
                0x0000000000028a70                rpl_timers_notify_dao_ack
                0x0000000000028ace                get_probing_delay
                0x0000000000028b02                get_probing_target
                0x0000000000028cec                rpl_schedule_probing
                0x0000000000028d1a                rpl_schedule_probing_now
                0x0000000000028d84                rpl_timers_unschedule_leaving
                0x0000000000028dbc                rpl_timers_schedule_leaving
                0x0000000000028dfd                rpl_timers_init
                0x0000000000028e8d                rpl_timers_stop_dag_timers
                0x0000000000028f06                rpl_timers_unschedule_state_update
                0x0000000000028f2a                rpl_timers_schedule_state_update
 .text          0x0000000000028f62      0xb8e build/cooja/mtype908.a(rpl-ext-header.)
                0x0000000000028f62                rpl_ext_header_srh_get_next_hop
                0x0000000000029049                rpl_ext_header_srh_update
                0x00000000000295b5                rpl_ext_header_hbh_update
                0x00000000000298b5                rpl_ext_header_update
                0x000000000002993e                rpl_ext_header_remove
 .text          0x0000000000029af0      0x31b build/cooja/mtype908.a(rpl-mrhof.o)
 *fill*         0x0000000000029e0b        0x5 
 .text          0x0000000000029e10      0x122 /usr/lib/gcc/i686-linux-gnu/5/libgcc.a(_udivdi3.o)
                0x0000000000029e10                __udivdi3
 .text          0x0000000000029f32        0x0 /usr/lib/gcc/i686-linux-gnu/5/crtendS.o
 .text          0x0000000000029f32        0x0 /usr/lib/gcc/i686-linux-gnu/5/../../../i386-linux-gnu/crtn.o
 *(.gnu.warning)

.fini           0x0000000000029f34       0x14
 *(SORT(.fini))
 .fini          0x0000000000029f34        0xf /usr/lib/gcc/i686-linux-gnu/5/../../../i386-linux-gnu/crti.o
                0x0000000000029f34                _fini
 .fini          0x0000000000029f43        0x5 /usr/lib/gcc/i686-linux-gnu/5/../../../i386-linux-gnu/crtn.o
                [!provide]                        PROVIDE (__etext, .)
                [!provide]                        PROVIDE (_etext, .)
                [!provide]                        PROVIDE (etext, .)

.rodata         0x0000000000029f60      0xaeb
 *(.rodata .rodata.* .gnu.linkonce.r.*)
 .rodata        0x0000000000029f60       0x65 coap-actuator-cooling.o
                0x0000000000029f78                autostart_processes
 *fill*         0x0000000000029fc5        0x3 
 .rodata        0x0000000000029fc8        0x8 build/cooja/mtype908.a(beep.o)
                0x0000000000029fc8                beep_interface
 .rodata        0x0000000000029fd0        0xe build/cooja/mtype908.a(leds-arch.o)
                0x0000000000029fd0                leds_interface
                0x0000000000029fd8                leds_arch_leds
 *fill*         0x0000000000029fde        0x2 
 .rodata        0x0000000000029fe0        0x8 build/cooja/mtype908.a(moteid.o)
                0x0000000000029fe0                moteid_interface
 .rodata        0x0000000000029fe8       0x1c build/cooja/mtype908.a(pir-sensor.o)
                0x0000000000029fe8                pir_interface
                0x0000000000029ff4                pir_sensor
 .rodata        0x000000000002a004        0xe build/cooja/mtype908.a(rs232.o)
                0x000000000002a004                rs232_interface
 *fill*         0x000000000002a012        0x2 
 .rodata        0x000000000002a014       0x24 build/cooja/mtype908.a(vib-sensor.o)
                0x000000000002a014                vib_interface
                0x000000000002a028                vib_sensor
 .rodata        0x000000000002a038        0x8 build/cooja/mtype908.a(clock.o)
                0x000000000002a038                clock_interface
 .rodata        0x000000000002a040        0x8 build/cooja/mtype908.a(cooja-log.o)
                0x000000000002a040                simlog_interface
 .rodata        0x000000000002a048       0x2f build/cooja/mtype908.a(cfs-cooja.o)
                0x000000000002a048                cfs_interface
 *fill*         0x000000000002a077        0x9 
 .rodata        0x000000000002a080       0xb8 build/cooja/mtype908.a(cooja-radio.o)
                0x000000000002a080                radio_interface
                0x000000000002a100                cooja_radio_driver
 .rodata        0x000000000002a138        0x8 build/cooja/mtype908.a(eeprom.o)
                0x000000000002a138                eeprom_interface
 .rodata        0x000000000002a140        0x8 build/cooja/mtype908.a(sensors.o)
 .rodata        0x000000000002a148       0x2c build/cooja/mtype908.a(buttons.o)
                0x000000000002a148                button_interface
                0x000000000002a15c                button_hal_button_count
                0x000000000002a164                button_sensor
 .rodata        0x000000000002a174       0xc4 build/cooja/mtype908.a(res_cooling.o)
 .rodata        0x000000000002a238       0x41 build/cooja/mtype908.a(coap-engine.o)
 .rodata        0x000000000002a279       0x19 build/cooja/mtype908.a(coap-res-well-k)
 .rodata        0x000000000002a292       0x11 build/cooja/mtype908.a(coap-observe.o)
 .rodata        0x000000000002a2a3       0x35 build/cooja/mtype908.a(coap-uip.o)
 .rodata        0x000000000002a2d8      0x1ac build/cooja/mtype908.a(coap.o)
 .rodata        0x000000000002a484       0xf4 build/cooja/mtype908.a(contiki-main.o)
 .rodata        0x000000000002a578        0xf build/cooja/mtype908.a(ctimer.o)
 *fill*         0x000000000002a587        0x1 
 .rodata        0x000000000002a588       0xc4 build/cooja/mtype908.a(log.o)
 .rodata        0x000000000002a64c        0xc build/cooja/mtype908.a(etimer.o)
 .rodata        0x000000000002a658       0x13 build/cooja/mtype908.a(button-hal.o)
 .rodata        0x000000000002a66b        0xe build/cooja/mtype908.a(serial-line.o)
 *fill*         0x000000000002a679        0x3 
 .rodata        0x000000000002a67c        0x8 build/cooja/mtype908.a(linkaddr.o)
                0x000000000002a67c                linkaddr_null
 .rodata        0x000000000002a684       0x24 build/cooja/mtype908.a(csma.o)
                0x000000000002a68c                csma_driver
 .rodata        0x000000000002a6a8       0x27 build/cooja/mtype908.a(csma-output.o)
 *fill*         0x000000000002a6cf        0x1 
 .rodata        0x000000000002a6d0       0xb9 build/cooja/mtype908.a(uip-ds6-route.o)
 .rodata        0x000000000002a789        0xd build/cooja/mtype908.a(tcpip.o)
 *fill*         0x000000000002a796        0x2 
 .rodata        0x000000000002a798       0x30 build/cooja/mtype908.a(sicslowpan.o)
                0x000000000002a798                unc_llconf
                0x000000000002a79c                unc_ctxconf
                0x000000000002a7a0                unc_mxconf
                0x000000000002a7a4                llprefix
                0x000000000002a7b8                sicslowpan_driver
 .rodata        0x000000000002a7c8       0x2d build/cooja/mtype908.a(uiplib.o)
 *fill*         0x000000000002a7f5        0xb 
 .rodata        0x000000000002a800       0x74 build/cooja/mtype908.a(rpl.o)
                0x000000000002a820                rpl_lite_driver
 .rodata        0x000000000002a874       0x20 build/cooja/mtype908.a(coap-timer-defa)
                0x000000000002a888                coap_timer_default_driver
 .rodata        0x000000000002a894       0x25 build/cooja/mtype908.a(assert.o)
 *fill*         0x000000000002a8b9        0x3 
 .rodata        0x000000000002a8bc        0xc build/cooja/mtype908.a(framer-802154.o)
                0x000000000002a8bc                framer_802154
 .rodata        0x000000000002a8c8       0x44 build/cooja/mtype908.a(uip-sr.o)
 .rodata        0x000000000002a90c       0x58 build/cooja/mtype908.a(rpl-neighbor.o)
 .rodata        0x000000000002a964       0xdb build/cooja/mtype908.a(rpl-dag.o)
 .rodata        0x000000000002aa3f        0xc build/cooja/mtype908.a(rpl-timers.o)

.rodata1
 *(.rodata1)

.eh_frame_hdr   0x000000000002aa4c     0x19f4
 *(.eh_frame_hdr)
 .eh_frame_hdr  0x000000000002aa4c     0x19f4 coap-actuator-cooling.o
                0x000000000002aa4c                __GNU_EH_FRAME_HDR
 *(.eh_frame_entry .eh_frame_entry.*)

.eh_frame       0x000000000002c440     0x694c
 *(.eh_frame)
 .eh_frame      0x000000000002c440       0x3c /usr/lib/gcc/i686-linux-gnu/5/../../../i386-linux-gnu/crti.o
                                         0x40 (size before relaxing)
 .eh_frame      0x000000000002c47c       0x20 coap-actuator-cooling.o
                                         0x38 (size before relaxing)
 .eh_frame      0x000000000002c49c      0x178 build/cooja/mtype908.o
                                        0x190 (size before relaxing)
 .eh_frame      0x000000000002c614       0x40 build/cooja/mtype908.a(simEnvChange.o)
                                         0x58 (size before relaxing)
 .eh_frame      0x000000000002c654       0x60 build/cooja/mtype908.a(cooja_mt.o)
                                         0x78 (size before relaxing)
 .eh_frame      0x000000000002c6b4       0x80 build/cooja/mtype908.a(cooja_mtarch.o)
                                         0x98 (size before relaxing)
 .eh_frame      0x000000000002c734       0xc8 build/cooja/mtype908.a(rtimer-arch.o)
                                         0xe0 (size before relaxing)
 .eh_frame      0x000000000002c7fc      0x160 build/cooja/mtype908.a(beep.o)
                                        0x178 (size before relaxing)
 .eh_frame      0x000000000002c95c       0x80 build/cooja/mtype908.a(leds-arch.o)
                                         0x98 (size before relaxing)
 .eh_frame      0x000000000002c9dc       0x40 build/cooja/mtype908.a(moteid.o)
                                         0x58 (size before relaxing)
 .eh_frame      0x000000000002ca1c       0xa0 build/cooja/mtype908.a(pir-sensor.o)
                                         0xb8 (size before relaxing)
 .eh_frame      0x000000000002cabc      0x100 build/cooja/mtype908.a(rs232.o)
                                        0x118 (size before relaxing)
 .eh_frame      0x000000000002cbbc       0xa0 build/cooja/mtype908.a(vib-sensor.o)
                                         0xb8 (size before relaxing)
 .eh_frame      0x000000000002cc5c       0xc0 build/cooja/mtype908.a(clock.o)
                                         0xd8 (size before relaxing)
 .eh_frame      0x000000000002cd1c      0x120 build/cooja/mtype908.a(cooja-log.o)
                                        0x138 (size before relaxing)
 .eh_frame      0x000000000002ce3c      0x160 build/cooja/mtype908.a(cfs-cooja.o)
                                        0x178 (size before relaxing)
 .eh_frame      0x000000000002cf9c      0x340 build/cooja/mtype908.a(cooja-radio.o)
                                        0x358 (size before relaxing)
 .eh_frame      0x000000000002d2dc       0xa0 build/cooja/mtype908.a(eeprom.o)
                                         0xb8 (size before relaxing)
 .eh_frame      0x000000000002d37c       0x40 build/cooja/mtype908.a(random.o)
                                         0x58 (size before relaxing)
 .eh_frame      0x000000000002d3bc       0xc0 build/cooja/mtype908.a(sensors.o)
                                         0xd8 (size before relaxing)
 .eh_frame      0x000000000002d47c      0x120 build/cooja/mtype908.a(leds.o)
                                        0x138 (size before relaxing)
 .eh_frame      0x000000000002d59c      0x220 build/cooja/mtype908.a(gpio-hal-arch.o)
                                        0x238 (size before relaxing)
 .eh_frame      0x000000000002d7bc       0xa0 build/cooja/mtype908.a(buttons.o)
                                         0xb8 (size before relaxing)
 .eh_frame      0x000000000002d85c       0x68 build/cooja/mtype908.a(res_cooling.o)
                                         0x80 (size before relaxing)
 .eh_frame      0x000000000002d8c4      0x220 build/cooja/mtype908.a(coap-engine.o)
                                        0x238 (size before relaxing)
 .eh_frame      0x000000000002dae4       0x24 build/cooja/mtype908.a(coap-res-well-k)
                                         0x3c (size before relaxing)
 .eh_frame      0x000000000002db08      0x188 build/cooja/mtype908.a(coap-observe.o)
                                        0x1a0 (size before relaxing)
 .eh_frame      0x000000000002dc90      0x250 build/cooja/mtype908.a(coap-uip.o)
                                        0x268 (size before relaxing)
 .eh_frame      0x000000000002dee0      0x114 build/cooja/mtype908.a(coap-timer.o)
                                        0x12c (size before relaxing)
 .eh_frame      0x000000000002dff4      0x100 build/cooja/mtype908.a(coap-transactio)
                                        0x118 (size before relaxing)
 .eh_frame      0x000000000002e0f4      0x6ec build/cooja/mtype908.a(coap.o)
                                        0x704 (size before relaxing)
 .eh_frame      0x000000000002e7e0       0x30 build/cooja/mtype908.a(contiki-main.o)
                                         0x48 (size before relaxing)
 .eh_frame      0x000000000002e810       0x40 build/cooja/mtype908.a(autostart.o)
                                         0x58 (size before relaxing)
 .eh_frame      0x000000000002e850      0x100 build/cooja/mtype908.a(ctimer.o)
                                        0x118 (size before relaxing)
 .eh_frame      0x000000000002e950      0x100 build/cooja/mtype908.a(log.o)
                                        0x118 (size before relaxing)
 .eh_frame      0x000000000002ea50       0x60 build/cooja/mtype908.a(energest.o)
                                         0x78 (size before relaxing)
 .eh_frame      0x000000000002eab0      0x1e0 build/cooja/mtype908.a(etimer.o)
                                        0x1f8 (size before relaxing)
 .eh_frame      0x000000000002ec90       0x20 build/cooja/mtype908.a(node-id.o)
                                         0x38 (size before relaxing)
 .eh_frame      0x000000000002ecb0       0x60 build/cooja/mtype908.a(rtimer.o)
                                         0x78 (size before relaxing)
 .eh_frame      0x000000000002ed10      0x1c4 build/cooja/mtype908.a(process.o)
                                        0x1dc (size before relaxing)
 .eh_frame      0x000000000002eed4       0xa4 build/cooja/mtype908.a(timer.o)
                                         0xbc (size before relaxing)
 .eh_frame      0x000000000002ef78      0x1a0 build/cooja/mtype908.a(list.o)
                                        0x1b8 (size before relaxing)
 .eh_frame      0x000000000002f118       0xa0 build/cooja/mtype908.a(memb.o)
                                         0xb8 (size before relaxing)
 .eh_frame      0x000000000002f1b8      0x144 build/cooja/mtype908.a(button-hal.o)
                                        0x15c (size before relaxing)
 .eh_frame      0x000000000002f2fc       0x60 build/cooja/mtype908.a(serial-line.o)
                                         0x78 (size before relaxing)
 .eh_frame      0x000000000002f35c       0xe0 build/cooja/mtype908.a(gpio-hal.o)
                                         0xf8 (size before relaxing)
 .eh_frame      0x000000000002f43c      0x1a0 build/cooja/mtype908.a(queuebuf.o)
                                        0x1b8 (size before relaxing)
 .eh_frame      0x000000000002f5dc      0x28c build/cooja/mtype908.a(packetbuf.o)
                                        0x2a4 (size before relaxing)
 .eh_frame      0x000000000002f868       0x80 build/cooja/mtype908.a(netstack.o)
                                         0x98 (size before relaxing)
 .eh_frame      0x000000000002f8e8       0x60 build/cooja/mtype908.a(linkaddr.o)
                                         0x78 (size before relaxing)
 .eh_frame      0x000000000002f948       0xe0 build/cooja/mtype908.a(csma.o)
                                         0xf8 (size before relaxing)
 .eh_frame      0x000000000002fa28      0x1d0 build/cooja/mtype908.a(csma-output.o)
                                        0x1e8 (size before relaxing)
 .eh_frame      0x000000000002fbf8      0x328 build/cooja/mtype908.a(uip-ds6.o)
                                        0x340 (size before relaxing)
 .eh_frame      0x000000000002ff20       0x40 build/cooja/mtype908.a(uip-udp-packet.)
                                         0x58 (size before relaxing)
 .eh_frame      0x000000000002ff60      0x2e0 build/cooja/mtype908.a(uip-ds6-route.o)
                                        0x2f8 (size before relaxing)
 .eh_frame      0x0000000000030240      0x244 build/cooja/mtype908.a(tcpip.o)
                                        0x25c (size before relaxing)
 .eh_frame      0x0000000000030484      0x1e8 build/cooja/mtype908.a(uip6.o)
                                        0x200 (size before relaxing)
 .eh_frame      0x000000000003066c      0x1c0 build/cooja/mtype908.a(uip-ds6-nbr.o)
                                        0x1d8 (size before relaxing)
 .eh_frame      0x000000000003082c       0x84 build/cooja/mtype908.a(uip-nd6.o)
                                         0x9c (size before relaxing)
 .eh_frame      0x00000000000308b0      0x2f8 build/cooja/mtype908.a(sicslowpan.o)
                                        0x310 (size before relaxing)
 .eh_frame      0x0000000000030ba8       0x88 build/cooja/mtype908.a(uiplib.o)
                                         0xa0 (size before relaxing)
 .eh_frame      0x0000000000030c30      0x1e0 build/cooja/mtype908.a(rpl.o)
                                        0x1f8 (size before relaxing)
 .eh_frame      0x0000000000030e10      0x1c4 build/cooja/mtype908.a(rpl-icmp6.o)
                                        0x1dc (size before relaxing)
 .eh_frame      0x0000000000030fd4       0xa0 build/cooja/mtype908.a(rpl-dag-root.o)
                                         0xb8 (size before relaxing)
 .eh_frame      0x0000000000031074       0xa0 build/cooja/mtype908.a(watchdog.o)
                                         0xb8 (size before relaxing)
 .eh_frame      0x0000000000031114       0x80 build/cooja/mtype908.a(int-master.o)
                                         0x98 (size before relaxing)
 .eh_frame      0x0000000000031194       0xa4 build/cooja/mtype908.a(coap-timer-defa)
                                         0xbc (size before relaxing)
 .eh_frame      0x0000000000031238       0xc4 build/cooja/mtype908.a(stimer.o)
                                         0xdc (size before relaxing)
 .eh_frame      0x00000000000312fc       0xa0 build/cooja/mtype908.a(ringbuf.o)
                                         0xb8 (size before relaxing)
 .eh_frame      0x000000000003139c       0x20 build/cooja/mtype908.a(assert.o)
                                         0x38 (size before relaxing)
 .eh_frame      0x00000000000313bc      0x2ac build/cooja/mtype908.a(nbr-table.o)
                                        0x2c4 (size before relaxing)
 .eh_frame      0x0000000000031668      0x120 build/cooja/mtype908.a(link-stats.o)
                                        0x138 (size before relaxing)
 .eh_frame      0x0000000000031788       0x48 build/cooja/mtype908.a(mac-sequence.o)
                                         0x60 (size before relaxing)
 .eh_frame      0x00000000000317d0       0x20 build/cooja/mtype908.a(mac.o)
                                         0x38 (size before relaxing)
 .eh_frame      0x00000000000317f0       0xa4 build/cooja/mtype908.a(framer-802154.o)
                                         0xbc (size before relaxing)
 .eh_frame      0x0000000000031894      0x1a4 build/cooja/mtype908.a(frame802154.o)
                                        0x1bc (size before relaxing)
 .eh_frame      0x0000000000031a38       0x40 build/cooja/mtype908.a(csma-security.o)
                                         0x58 (size before relaxing)
 .eh_frame      0x0000000000031a78      0x200 build/cooja/mtype908.a(uipbuf.o)
                                        0x218 (size before relaxing)
 .eh_frame      0x0000000000031c78      0x150 build/cooja/mtype908.a(uip-icmp6.o)
                                        0x168 (size before relaxing)
 .eh_frame      0x0000000000031dc8      0x184 build/cooja/mtype908.a(uip-sr.o)
                                        0x19c (size before relaxing)
 .eh_frame      0x0000000000031f4c       0xe0 build/cooja/mtype908.a(uip-packetqueue)
                                         0xf8 (size before relaxing)
 .eh_frame      0x000000000003202c       0x80 build/cooja/mtype908.a(rpl-nbr-policy.)
                                         0x98 (size before relaxing)
 .eh_frame      0x00000000000320ac      0x2d4 build/cooja/mtype908.a(rpl-neighbor.o)
                                        0x2ec (size before relaxing)
 .eh_frame      0x0000000000032380      0x370 build/cooja/mtype908.a(rpl-dag.o)
                                        0x388 (size before relaxing)
 .eh_frame      0x00000000000326f0      0x3a8 build/cooja/mtype908.a(rpl-timers.o)
                                        0x3c0 (size before relaxing)
 .eh_frame      0x0000000000032a98      0x124 build/cooja/mtype908.a(rpl-ext-header.)
                                        0x13c (size before relaxing)
 .eh_frame      0x0000000000032bbc      0x148 build/cooja/mtype908.a(rpl-mrhof.o)
                                        0x160 (size before relaxing)
 .eh_frame      0x0000000000032d04       0x84 /usr/lib/gcc/i686-linux-gnu/5/libgcc.a(_udivdi3.o)
                                         0x9c (size before relaxing)
 .eh_frame      0x0000000000032d88        0x4 /usr/lib/gcc/i686-linux-gnu/5/crtendS.o
 *(.eh_frame.*)

.gcc_except_table
 *(.gcc_except_table .gcc_except_table.*)

.gnu_extab
 *(.gnu_extab*)

.exception_ranges
 *(.exception_ranges .exception_ranges*)
                0x0000000000033f10                . = DATA_SEGMENT_ALIGN (0x1000, 0x1000)

.eh_frame
 *(.eh_frame)
 *(.eh_frame.*)

.gnu_extab
 *(.gnu_extab)

.gcc_except_table
 *(.gcc_except_table .gcc_except_table.*)

.exception_ranges
 *(.exception_ranges .exception_ranges*)

.tdata
 *(.tdata .tdata.* .gnu.linkonce.td.*)

.tbss
 *(.tbss .tbss.* .gnu.linkonce.tb.*)
 *(.tcommon)

.preinit_array
 *(.preinit_array)

.init_array     0x0000000000033f10        0x4
 *(SORT(.init_array.*) SORT(.ctors.*))
 *(.init_array EXCLUDE_FILE(*crtend?.o *crtend.o *crtbegin?.o *crtbegin.o) .ctors)
 .init_array    0x0000000000033f10        0x4 /usr/lib/gcc/i686-linux-gnu/5/crtbeginS.o

.fini_array     0x0000000000033f14        0x4
 *(SORT(.fini_array.*) SORT(.dtors.*))
 *(.fini_array EXCLUDE_FILE(*crtend?.o *crtend.o *crtbegin?.o *crtbegin.o) .dtors)
 .fini_array    0x0000000000033f14        0x4 /usr/lib/gcc/i686-linux-gnu/5/crtbeginS.o

.ctors
 *crtbegin.o(.ctors)
 *crtbegin?.o(.ctors)
 *(EXCLUDE_FILE(*crtend?.o *crtend.o) .ctors)
 *(SORT(.ctors.*))
 *(.ctors)

.dtors
 *crtbegin.o(.dtors)
 *crtbegin?.o(.dtors)
 *(EXCLUDE_FILE(*crtend?.o *crtend.o) .dtors)
 *(SORT(.dtors.*))
 *(.dtors)

.jcr            0x0000000000033f18        0x4
 *(.jcr)
 .jcr           0x0000000000033f18        0x0 /usr/lib/gcc/i686-linux-gnu/5/crtbeginS.o
 .jcr           0x0000000000033f18        0x4 /usr/lib/gcc/i686-linux-gnu/5/crtendS.o

.data.rel.ro
 *(.data.rel.ro.local* .gnu.linkonce.d.rel.ro.local.*)
 *(.data.rel.ro .data.rel.ro.* .gnu.linkonce.d.rel.ro.*)

.dynamic        0x0000000000033f1c       0xd0
 *(.dynamic)
 .dynamic       0x0000000000033f1c       0xd0 /usr/lib/gcc/i686-linux-gnu/5/../../../i386-linux-gnu/crti.o
                0x0000000000033f1c                _DYNAMIC

.got            0x0000000000033fec       0x14
 *(.got)
 .got           0x0000000000033fec       0x14 /usr/lib/gcc/i686-linux-gnu/5/../../../i386-linux-gnu/crti.o
 *(.igot)
                0x0000000000034ff4                . = DATA_SEGMENT_RELRO_END (., (SIZEOF (.got.plt) >= 0xc)?0xc:0x0)

.got.plt        0x0000000000034000        0xc
 *(.got.plt)
 .got.plt       0x0000000000034000        0xc /usr/lib/gcc/i686-linux-gnu/5/../../../i386-linux-gnu/crti.o
                0x0000000000034000                _GLOBAL_OFFSET_TABLE_
 *(.igot.plt)

.data           0x0000000000034020      0x484
 *(.data .data.* .gnu.linkonce.d.*)
 .data          0x0000000000034020        0x0 /usr/lib/gcc/i686-linux-gnu/5/../../../i386-linux-gnu/crti.o
 .data          0x0000000000034020        0x0 /usr/lib/gcc/i686-linux-gnu/5/crtbeginS.o
 .data.rel.local
                0x0000000000034020        0x4 /usr/lib/gcc/i686-linux-gnu/5/crtbeginS.o
                0x0000000000034020                __dso_handle
 .data          0x0000000000034024       0x10 coap-actuator-cooling.o
                0x0000000000034024                coap_cooling_actuator
 *fill*         0x0000000000034034        0xc 
 .data          0x0000000000034040       0x44 build/cooja/mtype908.o
                0x0000000000034040                simInterfaces
                0x0000000000034074                sensors
 .data          0x0000000000034084        0x0 build/cooja/mtype908.a(simEnvChange.o)
 .data          0x0000000000034084        0x0 build/cooja/mtype908.a(cooja_mt.o)
 .data          0x0000000000034084        0x0 build/cooja/mtype908.a(cooja_mtarch.o)
 .data          0x0000000000034084        0x0 build/cooja/mtype908.a(rtimer-arch.o)
 .data          0x0000000000034084        0x0 build/cooja/mtype908.a(beep.o)
 .data          0x0000000000034084        0x0 build/cooja/mtype908.a(leds-arch.o)
 .data          0x0000000000034084        0x0 build/cooja/mtype908.a(moteid.o)
 .data          0x0000000000034084        0x0 build/cooja/mtype908.a(pir-sensor.o)
 .data          0x0000000000034084        0x0 build/cooja/mtype908.a(rs232.o)
 .data          0x0000000000034084        0x0 build/cooja/mtype908.a(vib-sensor.o)
 .data          0x0000000000034084        0x0 build/cooja/mtype908.a(clock.o)
 .data          0x0000000000034084        0x0 build/cooja/mtype908.a(cooja-log.o)
 .data          0x0000000000034084        0x0 build/cooja/mtype908.a(cfs-cooja.o)
 .data          0x0000000000034084       0x2c build/cooja/mtype908.a(cooja-radio.o)
                0x0000000000034084                simRadioHWOn
                0x0000000000034088                simSignalStrength
                0x000000000003408c                simLastSignalStrength
                0x0000000000034090                simPower
                0x0000000000034094                simRadioChannel
                0x0000000000034098                simLQI
                0x00000000000340a0                cooja_radio_process
 .data          0x00000000000340b0        0x0 build/cooja/mtype908.a(eeprom.o)
 .data          0x00000000000340b0        0x0 build/cooja/mtype908.a(random.o)
 .data          0x00000000000340b0       0x10 build/cooja/mtype908.a(sensors.o)
                0x00000000000340b0                sensors_process
 .data          0x00000000000340c0        0x0 build/cooja/mtype908.a(leds.o)
 .data          0x00000000000340c0        0x0 build/cooja/mtype908.a(gpio-hal-arch.o)
 .data          0x00000000000340c0       0x78 build/cooja/mtype908.a(buttons.o)
                0x00000000000340c0                simButtonIsActive
                0x0000000000034130                button_hal_buttons
 *fill*         0x0000000000034138        0x8 
 .data          0x0000000000034140       0x24 build/cooja/mtype908.a(res_cooling.o)
                0x0000000000034140                res_cooling
 .data          0x0000000000034164        0x8 build/cooja/mtype908.a(coap-engine.o)
 *fill*         0x000000000003416c       0x14 
 .data          0x0000000000034180       0x24 build/cooja/mtype908.a(coap-res-well-k)
                0x0000000000034180                res_well_known_core
 .data          0x00000000000341a4       0x10 build/cooja/mtype908.a(coap-observe.o)
 .data          0x00000000000341b4       0x10 build/cooja/mtype908.a(coap-uip.o)
                0x00000000000341b4                coap_engine
 .data          0x00000000000341c4        0x4 build/cooja/mtype908.a(coap-timer.o)
 .data          0x00000000000341c8       0x10 build/cooja/mtype908.a(coap-transactio)
 .data          0x00000000000341d8        0x4 build/cooja/mtype908.a(coap.o)
                0x00000000000341d8                coap_error_message
 .data          0x00000000000341dc        0x0 build/cooja/mtype908.a(contiki-main.o)
 .data          0x00000000000341dc        0x0 build/cooja/mtype908.a(autostart.o)
 .data          0x00000000000341dc       0x14 build/cooja/mtype908.a(ctimer.o)
                0x00000000000341e0                ctimer_process
 *fill*         0x00000000000341f0       0x10 
 .data          0x0000000000034200       0xbc build/cooja/mtype908.a(log.o)
                0x0000000000034200                curr_log_level_main
                0x0000000000034220                all_modules
 .data          0x00000000000342bc        0x0 build/cooja/mtype908.a(energest.o)
 .data          0x00000000000342bc       0x10 build/cooja/mtype908.a(etimer.o)
                0x00000000000342bc                etimer_process
 .data          0x00000000000342cc        0x0 build/cooja/mtype908.a(node-id.o)
 .data          0x00000000000342cc        0x0 build/cooja/mtype908.a(rtimer.o)
 .data          0x00000000000342cc        0x0 build/cooja/mtype908.a(process.o)
 .data          0x00000000000342cc        0x0 build/cooja/mtype908.a(timer.o)
 .data          0x00000000000342cc        0x0 build/cooja/mtype908.a(list.o)
 .data          0x00000000000342cc        0x0 build/cooja/mtype908.a(memb.o)
 .data          0x00000000000342cc       0x10 build/cooja/mtype908.a(button-hal.o)
                0x00000000000342cc                button_hal_process
 .data          0x00000000000342dc       0x10 build/cooja/mtype908.a(serial-line.o)
                0x00000000000342dc                serial_line_process
 .data          0x00000000000342ec        0x4 build/cooja/mtype908.a(gpio-hal.o)
 .data          0x00000000000342f0       0x18 build/cooja/mtype908.a(queuebuf.o)
 .data          0x0000000000034308        0x4 build/cooja/mtype908.a(packetbuf.o)
 .data          0x000000000003430c        0x4 build/cooja/mtype908.a(netstack.o)
 .data          0x0000000000034310        0x0 build/cooja/mtype908.a(linkaddr.o)
 .data          0x0000000000034310        0x0 build/cooja/mtype908.a(csma.o)
 .data          0x0000000000034310       0x28 build/cooja/mtype908.a(csma-output.o)
 .data          0x0000000000034338        0x0 build/cooja/mtype908.a(uip-ds6.o)
 .data          0x0000000000034338        0x0 build/cooja/mtype908.a(uip-udp-packet.)
 .data          0x0000000000034338       0x44 build/cooja/mtype908.a(uip-ds6-route.o)
                0x0000000000034348                nbr_routes
 .data          0x000000000003437c       0x10 build/cooja/mtype908.a(tcpip.o)
                0x000000000003437c                tcpip_process
 .data          0x000000000003438c        0x0 build/cooja/mtype908.a(uip6.o)
 .data          0x000000000003438c       0x14 build/cooja/mtype908.a(uip-ds6-nbr.o)
 .data          0x00000000000343a0        0xc build/cooja/mtype908.a(uip-nd6.o)
 .data          0x00000000000343ac        0x0 build/cooja/mtype908.a(sicslowpan.o)
 .data          0x00000000000343ac        0x0 build/cooja/mtype908.a(uiplib.o)
 .data          0x00000000000343ac        0x0 build/cooja/mtype908.a(rpl.o)
 .data          0x00000000000343ac       0x30 build/cooja/mtype908.a(rpl-icmp6.o)
 .data          0x00000000000343dc        0x0 build/cooja/mtype908.a(rpl-dag-root.o)
 .data          0x00000000000343dc        0x0 build/cooja/mtype908.a(watchdog.o)
 .data          0x00000000000343dc        0x0 build/cooja/mtype908.a(int-master.o)
 .data          0x00000000000343dc       0x10 build/cooja/mtype908.a(coap-timer-defa)
                0x00000000000343dc                coap_timer_process
 .data          0x00000000000343ec        0x0 build/cooja/mtype908.a(stimer.o)
 .data          0x00000000000343ec        0x0 build/cooja/mtype908.a(ringbuf.o)
 .data          0x00000000000343ec        0x0 build/cooja/mtype908.a(assert.o)
 .data          0x00000000000343ec       0x10 build/cooja/mtype908.a(nbr-table.o)
 .data          0x00000000000343fc       0x14 build/cooja/mtype908.a(link-stats.o)
 .data          0x0000000000034410        0x0 build/cooja/mtype908.a(mac-sequence.o)
 .data          0x0000000000034410        0x0 build/cooja/mtype908.a(mac.o)
 .data          0x0000000000034410        0x0 build/cooja/mtype908.a(framer-802154.o)
 .data          0x0000000000034410        0x2 build/cooja/mtype908.a(frame802154.o)
 .data          0x0000000000034412        0x0 build/cooja/mtype908.a(csma-security.o)
 .data          0x0000000000034412        0x0 build/cooja/mtype908.a(uipbuf.o)
 *fill*         0x0000000000034412        0x2 
 .data          0x0000000000034414       0x20 build/cooja/mtype908.a(uip-icmp6.o)
 .data          0x0000000000034434       0x10 build/cooja/mtype908.a(uip-sr.o)
 .data          0x0000000000034444        0xc build/cooja/mtype908.a(uip-packetqueue)
 .data          0x0000000000034450        0x0 build/cooja/mtype908.a(rpl-nbr-policy.)
 .data          0x0000000000034450       0x14 build/cooja/mtype908.a(rpl-neighbor.o)
                0x0000000000034460                rpl_neighbors
 .data          0x0000000000034464        0x0 build/cooja/mtype908.a(rpl-dag.o)
 .data          0x0000000000034464        0x0 build/cooja/mtype908.a(rpl-timers.o)
 .data          0x0000000000034464        0x0 build/cooja/mtype908.a(rpl-ext-header.)
 *fill*         0x0000000000034464       0x1c 
 .data          0x0000000000034480       0x24 build/cooja/mtype908.a(rpl-mrhof.o)
                0x0000000000034480                rpl_mrhof
 .data          0x00000000000344a4        0x0 /usr/lib/gcc/i686-linux-gnu/5/libgcc.a(_udivdi3.o)
 .data          0x00000000000344a4        0x0 /usr/lib/gcc/i686-linux-gnu/5/crtendS.o
 .data          0x00000000000344a4        0x0 /usr/lib/gcc/i686-linux-gnu/5/../../../i386-linux-gnu/crtn.o

.tm_clone_table
                0x00000000000344a4        0x0
 .tm_clone_table
                0x00000000000344a4        0x0 /usr/lib/gcc/i686-linux-gnu/5/crtbeginS.o
 .tm_clone_table
                0x00000000000344a4        0x0 /usr/lib/gcc/i686-linux-gnu/5/crtendS.o

.data1
 *(.data1)
                0x00000000000344a4                _edata = .
                [!provide]                        PROVIDE (edata, .)
                0x00000000000344a4                . = .
                0x00000000000344a4                __bss_start = .

.bss            0x00000000000344c0     0xf124
 *(.dynbss)
 .dynbss        0x00000000000344c0        0x0 /usr/lib/gcc/i686-linux-gnu/5/../../../i386-linux-gnu/crti.o
 *(.bss .bss.* .gnu.linkonce.b.*)
 .bss           0x00000000000344c0        0x0 /usr/lib/gcc/i686-linux-gnu/5/../../../i386-linux-gnu/crti.o
 .bss           0x00000000000344c0        0x1 /usr/lib/gcc/i686-linux-gnu/5/crtbeginS.o
 .bss           0x00000000000344c1        0x0 coap-actuator-cooling.o
 *fill*         0x00000000000344c1       0x1f 
 .bss           0x00000000000344e0     0x2030 build/cooja/mtype908.o
 .bss           0x0000000000036510        0x1 build/cooja/mtype908.a(simEnvChange.o)
                0x0000000000036510                simDontFallAsleep
 *fill*         0x0000000000036511        0x3 
 .bss           0x0000000000036514        0x4 build/cooja/mtype908.a(cooja_mt.o)
 .bss           0x0000000000036518        0x4 build/cooja/mtype908.a(cooja_mtarch.o)
 .bss           0x000000000003651c        0x0 build/cooja/mtype908.a(rtimer-arch.o)
 .bss           0x000000000003651c        0x0 build/cooja/mtype908.a(beep.o)
 .bss           0x000000000003651c        0x1 build/cooja/mtype908.a(leds-arch.o)
                0x000000000003651c                simLedsValue
 .bss           0x000000000003651d        0x0 build/cooja/mtype908.a(moteid.o)
 .bss           0x000000000003651d        0x1 build/cooja/mtype908.a(pir-sensor.o)
                0x000000000003651d                simPirValue
 *fill*         0x000000000003651e        0x2 
 .bss           0x0000000000036520        0x4 build/cooja/mtype908.a(rs232.o)
 .bss           0x0000000000036524        0x1 build/cooja/mtype908.a(vib-sensor.o)
                0x0000000000036524                simVibValue
 .bss           0x0000000000036525        0x0 build/cooja/mtype908.a(clock.o)
 *fill*         0x0000000000036525       0x1b 
 .bss           0x0000000000036540     0x2020 build/cooja/mtype908.a(cooja-log.o)
 .bss           0x0000000000038560      0xfc0 build/cooja/mtype908.a(cfs-cooja.o)
                0x0000000000038560                simCFSData
                0x0000000000039500                simCFSSize
                0x0000000000039504                simCFSChanged
                0x0000000000039508                simCFSRead
                0x000000000003950c                simCFSWritten
 .bss           0x0000000000039520       0x24 build/cooja/mtype908.a(cooja-radio.o)
                0x0000000000039520                simReceiving
                0x0000000000039524                simInSize
                0x0000000000039528                simLastPacketTimestamp
                0x0000000000039530                simOutSize
 .bss           0x0000000000039544        0xc build/cooja/mtype908.a(eeprom.o)
                0x0000000000039544                simEEPROMChanged
                0x0000000000039548                simEEPROMRead
                0x000000000003954c                simEEPROMWritten
 .bss           0x0000000000039550        0x0 build/cooja/mtype908.a(random.o)
 .bss           0x0000000000039550        0xc build/cooja/mtype908.a(sensors.o)
 .bss           0x000000000003955c        0x0 build/cooja/mtype908.a(leds.o)
 .bss           0x000000000003955c       0x24 build/cooja/mtype908.a(gpio-hal-arch.o)
 .bss           0x0000000000039580        0x0 build/cooja/mtype908.a(buttons.o)
 .bss           0x0000000000039580        0x4 build/cooja/mtype908.a(res_cooling.o)
 *fill*         0x0000000000039584       0x1c 
 .bss           0x00000000000395a0      0x190 build/cooja/mtype908.a(coap-engine.o)
 .bss           0x0000000000039730        0x0 build/cooja/mtype908.a(coap-res-well-k)
 *fill*         0x0000000000039730       0x10 
 .bss           0x0000000000039740      0x120 build/cooja/mtype908.a(coap-observe.o)
 .bss           0x0000000000039860       0x18 build/cooja/mtype908.a(coap-uip.o)
 .bss           0x0000000000039878        0x5 build/cooja/mtype908.a(coap-timer.o)
 *fill*         0x000000000003987d        0x3 
 .bss           0x0000000000039880      0x334 build/cooja/mtype908.a(coap-transactio)
 .bss           0x0000000000039bb4        0x6 build/cooja/mtype908.a(coap.o)
                0x0000000000039bb4                coap_status_code
 .bss           0x0000000000039bba        0x0 build/cooja/mtype908.a(contiki-main.o)
 .bss           0x0000000000039bba        0x0 build/cooja/mtype908.a(autostart.o)
 *fill*         0x0000000000039bba        0x2 
 .bss           0x0000000000039bbc        0x5 build/cooja/mtype908.a(ctimer.o)
 *fill*         0x0000000000039bc1        0x3 
 .bss           0x0000000000039bc4       0x2c build/cooja/mtype908.a(log.o)
                0x0000000000039bc4                curr_log_level_rpl
                0x0000000000039bc8                curr_log_level_tcpip
                0x0000000000039bcc                curr_log_level_ipv6
                0x0000000000039bd0                curr_log_level_6lowpan
                0x0000000000039bd4                curr_log_level_nullnet
                0x0000000000039bd8                curr_log_level_mac
                0x0000000000039bdc                curr_log_level_framer
                0x0000000000039be0                curr_log_level_6top
                0x0000000000039be4                curr_log_level_coap
                0x0000000000039be8                curr_log_level_snmp
                0x0000000000039bec                curr_log_level_lwm2m
 .bss           0x0000000000039bf0        0x0 build/cooja/mtype908.a(energest.o)
 .bss           0x0000000000039bf0        0x8 build/cooja/mtype908.a(etimer.o)
 .bss           0x0000000000039bf8        0x2 build/cooja/mtype908.a(node-id.o)
                0x0000000000039bf8                node_id
 *fill*         0x0000000000039bfa        0x2 
 .bss           0x0000000000039bfc        0x4 build/cooja/mtype908.a(rtimer.o)
 .bss           0x0000000000039c00      0x1a1 build/cooja/mtype908.a(process.o)
                0x0000000000039c00                process_list
                0x0000000000039c04                process_current
 .bss           0x0000000000039da1        0x0 build/cooja/mtype908.a(timer.o)
 .bss           0x0000000000039da1        0x0 build/cooja/mtype908.a(list.o)
 .bss           0x0000000000039da1        0x0 build/cooja/mtype908.a(memb.o)
 *fill*         0x0000000000039da1        0x3 
 .bss           0x0000000000039da4       0x10 build/cooja/mtype908.a(button-hal.o)
 *fill*         0x0000000000039db4        0xc 
 .bss           0x0000000000039dc0      0x140 build/cooja/mtype908.a(serial-line.o)
 .bss           0x0000000000039f00        0x4 build/cooja/mtype908.a(gpio-hal.o)
 *fill*         0x0000000000039f04       0x1c 
 .bss           0x0000000000039f20     0x2c80 build/cooja/mtype908.a(queuebuf.o)
 .bss           0x000000000003cba0       0xa0 build/cooja/mtype908.a(packetbuf.o)
 .bss           0x000000000003cc40        0x4 build/cooja/mtype908.a(netstack.o)
 .bss           0x000000000003cc44        0x0 build/cooja/mtype908.a(linkaddr.o)
 .bss           0x000000000003cc44        0x0 build/cooja/mtype908.a(csma.o)
 *fill*         0x000000000003cc44       0x1c 
 .bss           0x000000000003cc60      0x726 build/cooja/mtype908.a(csma-output.o)
 *fill*         0x000000000003d386        0x2 
 .bss           0x000000000003d388       0x30 build/cooja/mtype908.a(uip-ds6.o)
 .bss           0x000000000003d3b8        0x0 build/cooja/mtype908.a(uip-udp-packet.)
 *fill*         0x000000000003d3b8        0x8 
 .bss           0x000000000003d3c0      0x2a4 build/cooja/mtype908.a(uip-ds6-route.o)
 .bss           0x000000000003d664       0x10 build/cooja/mtype908.a(tcpip.o)
 .bss           0x000000000003d674        0x8 build/cooja/mtype908.a(uip6.o)
                0x000000000003d674                uip_ext_bitmap
                0x000000000003d676                uip_ext_len
                0x000000000003d678                uip_last_proto
 *fill*         0x000000000003d67c        0x4 
 .bss           0x000000000003d680       0xf0 build/cooja/mtype908.a(uip-ds6-nbr.o)
 .bss           0x000000000003d770       0x10 build/cooja/mtype908.a(uip-nd6.o)
 .bss           0x000000000003d780      0x724 build/cooja/mtype908.a(sicslowpan.o)
 .bss           0x000000000003dea4        0x0 build/cooja/mtype908.a(uiplib.o)
 .bss           0x000000000003dea4        0x1 build/cooja/mtype908.a(rpl.o)
 .bss           0x000000000003dea5        0x0 build/cooja/mtype908.a(rpl-icmp6.o)
 *fill*         0x000000000003dea5        0x3 
 .bss           0x000000000003dea8       0x11 build/cooja/mtype908.a(rpl-dag-root.o)
 .bss           0x000000000003deb9        0x0 build/cooja/mtype908.a(watchdog.o)
 *fill*         0x000000000003deb9        0x3 
 .bss           0x000000000003debc        0x4 build/cooja/mtype908.a(int-master.o)
 .bss           0x000000000003dec0       0x1c build/cooja/mtype908.a(coap-timer-defa)
 .bss           0x000000000003dedc        0x0 build/cooja/mtype908.a(stimer.o)