Archive member included to satisfy reference by file (symbol)

build/cooja/mtype129.a(simEnvChange.o)
                              build/cooja/mtype129.o (simDontFallAsleep)
build/cooja/mtype129.a(cooja_mt.o)
                              build/cooja/mtype129.o (cooja_mt_start)
build/cooja/mtype129.a(cooja_mtarch.o)
                              build/cooja/mtype129.a(cooja_mt.o) (cooja_mtarch_start)
build/cooja/mtype129.a(rtimer-arch.o)
                              build/cooja/mtype129.o (rtimer_arch_check)
build/cooja/mtype129.a(beep.o)
                              build/cooja/mtype129.o (beep_interface)
build/cooja/mtype129.a(leds-arch.o)
                              build/cooja/mtype129.o (leds_interface)
build/cooja/mtype129.a(moteid.o)
                              build/cooja/mtype129.o (moteid_interface)
build/cooja/mtype129.a(pir-sensor.o)
                              build/cooja/mtype129.o (pir_interface)
build/cooja/mtype129.a(rs232.o)
                              build/cooja/mtype129.o (rs232_interface)
build/cooja/mtype129.a(vib-sensor.o)
                              build/cooja/mtype129.o (vib_interface)
build/cooja/mtype129.a(clock.o)
                              build/cooja/mtype129.o (clock_interface)
build/cooja/mtype129.a(cooja-log.o)
                              build/cooja/mtype129.o (simlog_interface)
build/cooja/mtype129.a(cfs-cooja.o)
                              build/cooja/mtype129.o (cfs_interface)
build/cooja/mtype129.a(cooja-radio.o)
                              build/cooja/mtype129.o (radio_interface)
build/cooja/mtype129.a(eeprom.o)
                              build/cooja/mtype129.o (eeprom_interface)
build/cooja/mtype129.a(random.o)
                              build/cooja/mtype129.a(moteid.o) (random_init)
build/cooja/mtype129.a(sensors.o)
                              build/cooja/mtype129.a(pir-sensor.o) (sensors_changed)
build/cooja/mtype129.a(leds.o)
                              build/cooja/mtype129.a(leds-arch.o) (leds_get)
build/cooja/mtype129.a(gpio-hal-arch.o)
                              build/cooja/mtype129.a(leds-arch.o) (gpio_hal_arch_register_pin_callback)
build/cooja/mtype129.a(buttons.o)
                              build/cooja/mtype129.o (button_interface)
build/cooja/mtype129.a(res_energy.o)
                              coap-actuator-energy.o (res_energy)
build/cooja/mtype129.a(coap-engine.o)
                              coap-actuator-energy.o (coap_activate_resource)
build/cooja/mtype129.a(coap-res-well-k)
                              build/cooja/mtype129.a(coap-engine.o) (res_well_known_core)
build/cooja/mtype129.a(coap-observe.o)
                              build/cooja/mtype129.a(coap-engine.o) (coap_remove_observer_by_mid)
build/cooja/mtype129.a(coap-uip.o)
                              build/cooja/mtype129.a(coap-observe.o) (coap_endpoint_copy)
build/cooja/mtype129.a(coap-timer.o)
                              build/cooja/mtype129.a(coap-engine.o) (coap_timer_set)
build/cooja/mtype129.a(coap-transactio)
                              build/cooja/mtype129.a(coap-engine.o) (coap_send_transaction)
build/cooja/mtype129.a(coap.o)
                              build/cooja/mtype129.a(coap-engine.o) (coap_status_code)
build/cooja/mtype129.a(contiki-main.o)
                              build/cooja/mtype129.o (main)
build/cooja/mtype129.a(autostart.o)
                              build/cooja/mtype129.a(contiki-main.o) (autostart_start)
build/cooja/mtype129.a(ctimer.o)
                              build/cooja/mtype129.a(contiki-main.o) (ctimer_init)
build/cooja/mtype129.a(log.o)
                              build/cooja/mtype129.a(contiki-main.o) (curr_log_level_main)
build/cooja/mtype129.a(energest.o)
                              build/cooja/mtype129.a(contiki-main.o) (energest_init)
build/cooja/mtype129.a(etimer.o)
                              build/cooja/mtype129.a(contiki-main.o) (etimer_process)
build/cooja/mtype129.a(node-id.o)
                              build/cooja/mtype129.a(contiki-main.o) (node_id)
build/cooja/mtype129.a(rtimer.o)
                              build/cooja/mtype129.a(contiki-main.o) (rtimer_init)
build/cooja/mtype129.a(process.o)
                              build/cooja/mtype129.a(ctimer.o) (process_current)
build/cooja/mtype129.a(timer.o)
                              build/cooja/mtype129.a(etimer.o) (timer_set)
build/cooja/mtype129.a(list.o)
                              build/cooja/mtype129.a(coap-engine.o) (list_init)
build/cooja/mtype129.a(memb.o)
                              build/cooja/mtype129.a(coap-observe.o) (memb_alloc)
build/cooja/mtype129.a(button-hal.o)
                              build/cooja/mtype129.o (button_hal_init)
build/cooja/mtype129.a(serial-line.o)
                              build/cooja/mtype129.a(rs232.o) (serial_line_input_byte)
build/cooja/mtype129.a(gpio-hal.o)
                              build/cooja/mtype129.a(button-hal.o) (gpio_hal_register_handler)
[...]
Memory Configuration

Name             Origin             Length             Attributes
*default*        0x0000000000000000 0xffffffffffffffff

Linker script and memory map

LOAD /usr/lib/gcc/i686-linux-gnu/5/../../../i386-linux-gnu/crti.o
LOAD /usr/lib/gcc/i686-linux-gnu/5/crtbeginS.o
LOAD coap-actuator-energy.o
LOAD build/cooja/mtype129.o
LOAD build/cooja/mtype129.a
LOAD /usr/lib/gcc/i686-linux-gnu/5/libgcc.a
LOAD /usr/lib/gcc/i686-linux-gnu/5/libgcc_s.so
LOAD /usr/lib/gcc/i686-linux-gnu/5/../../../i386-linux-gnu/libc.so
START GROUP
LOAD /lib/i386-linux-gnu/libc.so.6
LOAD /usr/lib/i386-linux-gnu/libc_nonshared.a
LOAD /lib/i386-linux-gnu/ld-linux.so.2
END GROUP
LOAD /usr/lib/gcc/i686-linux-gnu/5/libgcc.a
LOAD /usr/lib/gcc/i686-linux-gnu/5/libgcc_s.so
LOAD /usr/lib/gcc/i686-linux-gnu/5/crtendS.o
LOAD /usr/lib/gcc/i686-linux-gnu/5/../../../i386-linux-gnu/crtn.o
                0x0000000000000114                . = (0x0 + SIZEOF_HEADERS)

.note.gnu.build-id
                0x0000000000000114       0x24
 *(.note.gnu.build-id)
 .note.gnu.build-id
                0x0000000000000114       0x24 /usr/lib/gcc/i686-linux-gnu/5/../../../i386-linux-gnu/crti.o

.hash
 *(.hash)

.gnu.hash       0x0000000000000138     0x158c
 *(.gnu.hash)
 .gnu.hash      0x0000000000000138     0x158c /usr/lib/gcc/i686-linux-gnu/5/../../../i386-linux-gnu/crti.o

.dynsym         0x00000000000016c4     0x2eb0
 *(.dynsym)
 .dynsym        0x00000000000016c4     0x2eb0 /usr/lib/gcc/i686-linux-gnu/5/../../../i386-linux-gnu/crti.o

.dynstr         0x0000000000004574     0x3673
 *(.dynstr)
 .dynstr        0x0000000000004574     0x3673 /usr/lib/gcc/i686-linux-gnu/5/../../../i386-linux-gnu/crti.o

.gnu.version    0x0000000000007be8      0x5d6
 *(.gnu.version)
 .gnu.version   0x0000000000007be8      0x5d6 /usr/lib/gcc/i686-linux-gnu/5/../../../i386-linux-gnu/crti.o

.gnu.version_d  0x00000000000081c0        0x0
 *(.gnu.version_d)
 .gnu.version_d
                0x00000000000081c0        0x0 /usr/lib/gcc/i686-linux-gnu/5/../../../i386-linux-gnu/crti.o

.gnu.version_r  0x00000000000081c0       0x40
 *(.gnu.version_r)
 .gnu.version_r
                0x00000000000081c0       0x40 /usr/lib/gcc/i686-linux-gnu/5/../../../i386-linux-gnu/crti.o

.rel.dyn        0x0000000000008200     0x9170
 *(.rel.init)
 .rel.init      0x0000000000008200        0x0 /usr/lib/gcc/i686-linux-gnu/5/../../../i386-linux-gnu/crti.o
 *(.rel.text .rel.text.* .rel.gnu.linkonce.t.*)
 .rel.text      0x0000000000008200     0x8780 /usr/lib/gcc/i686-linux-gnu/5/../../../i386-linux-gnu/crti.o
 *(.rel.fini)
 .rel.fini      0x0000000000010980        0x0 /usr/lib/gcc/i686-linux-gnu/5/../../../i386-linux-gnu/crti.o
 *(.rel.rodata .rel.rodata.* .rel.gnu.linkonce.r.*)
 .rel.rodata    0x0000000000010980      0x588 /usr/lib/gcc/i686-linux-gnu/5/../../../i386-linux-gnu/crti.o
 *(.rel.data.rel.ro .rel.data.rel.ro.* .rel.gnu.linkonce.d.rel.ro.*)
 *(.rel.data .rel.data.* .rel.gnu.linkonce.d.*)
 .rel.data.rel.local
                0x0000000000010f08        0x8 /usr/lib/gcc/i686-linux-gnu/5/../../../i386-linux-gnu/crti.o
 .rel.data      0x0000000000010f10      0x428 /usr/lib/gcc/i686-linux-gnu/5/../../../i386-linux-gnu/crti.o
 *(.rel.tdata .rel.tdata.* .rel.gnu.linkonce.td.*)
 *(.rel.tbss .rel.tbss.* .rel.gnu.linkonce.tb.*)
 *(.rel.ctors)
 *(.rel.dtors)
 *(.rel.got)
 .rel.got       0x0000000000011338       0x28 /usr/lib/gcc/i686-linux-gnu/5/../../../i386-linux-gnu/crti.o
 *(.rel.bss .rel.bss.* .rel.gnu.linkonce.b.*)
 *(.rel.ifunc)
 .rel.ifunc     0x0000000000011360        0x0 /usr/lib/gcc/i686-linux-gnu/5/../../../i386-linux-gnu/crti.o
 .rel.fini_array
                0x0000000000011360        0x8 /usr/lib/gcc/i686-linux-gnu/5/../../../i386-linux-gnu/crti.o
 .rel.init_array
                0x0000000000011368        0x8 /usr/lib/gcc/i686-linux-gnu/5/../../../i386-linux-gnu/crti.o

.rel.plt        0x0000000000011370        0x0
 *(.rel.plt)
 .rel.plt       0x0000000000011370        0x0 /usr/lib/gcc/i686-linux-gnu/5/../../../i386-linux-gnu/crti.o
 *(.rel.iplt)

.init           0x0000000000011370       0x23
 *(SORT(.init))
 .init          0x0000000000011370       0x1e /usr/lib/gcc/i686-linux-gnu/5/../../../i386-linux-gnu/crti.o
                0x0000000000011370                _init
 .init          0x000000000001138e        0x5 /usr/lib/gcc/i686-linux-gnu/5/../../../i386-linux-gnu/crtn.o

.plt            0x00000000000113a0       0x10
 *(.plt)
 .plt           0x00000000000113a0       0x10 /usr/lib/gcc/i686-linux-gnu/5/../../../i386-linux-gnu/crti.o
 *(.iplt)

.plt.got        0x00000000000113b0       0x10
 *(.plt.got)
 .plt.got       0x00000000000113b0       0x10 /usr/lib/gcc/i686-linux-gnu/5/../../../i386-linux-gnu/crti.o

.text           0x00000000000113c0    0x186b2
 *(.text.unlikely .text.*_unlikely .text.unlikely.*)
 .text.unlikely
                0x00000000000113c0        0x0 /usr/lib/gcc/i686-linux-gnu/5/crtbeginS.o
 .text.unlikely
                0x00000000000113c0        0x0 /usr/lib/gcc/i686-linux-gnu/5/libgcc.a(_udivdi3.o)
 *(.text.exit .text.exit.*)
 *(.text.startup .text.startup.*)
 *(.text.hot .text.hot.*)
 *(.text .stub .text.* .gnu.linkonce.t.*)
 .text          0x00000000000113c0        0x0 /usr/lib/gcc/i686-linux-gnu/5/../../../i386-linux-gnu/crti.o
 .gnu.linkonce.t.__x86.get_pc_thunk.bx
                0x00000000000113c0        0x4 /usr/lib/gcc/i686-linux-gnu/5/../../../i386-linux-gnu/crti.o
                0x00000000000113c0                __x86.get_pc_thunk.bx
 *fill*         0x00000000000113c4        0xc 
 .text          0x00000000000113d0      0x11c /usr/lib/gcc/i686-linux-gnu/5/crtbeginS.o
 .text.__x86.get_pc_thunk.dx
                0x00000000000114ec        0x4 /usr/lib/gcc/i686-linux-gnu/5/crtbeginS.o
                0x00000000000114ec                __x86.get_pc_thunk.dx
 .text          0x00000000000114f0       0x6f coap-actuator-energy.o
 .text          0x000000000001155f      0x283 build/cooja/mtype129.o
                0x00000000000115f1                platform_init_stage_one
                0x0000000000011604                platform_init_stage_two
                0x0000000000011617                platform_init_stage_three
                0x000000000001162a                platform_main_loop
                0x000000000001169d                Java_org_contikios_cooja_corecomm_Lib6_init
                0x00000000000116d4                Java_org_contikios_cooja_corecomm_Lib6_getMemory
                0x0000000000011707                Java_org_contikios_cooja_corecomm_Lib6_setMemory
                0x0000000000011767                Java_org_contikios_cooja_corecomm_Lib6_tick
                0x00000000000117cf                Java_org_contikios_cooja_corecomm_Lib6_setReferenceAddress
 .text          0x00000000000117e2       0x65 build/cooja/mtype129.a(simEnvChange.o)
                0x00000000000117e2                doActionsBeforeTick
                0x0000000000011814                doActionsAfterTick
 .text          0x0000000000011847       0x83 build/cooja/mtype129.a(cooja_mt.o)
                0x0000000000011847                cooja_mt_start
                0x0000000000011871                cooja_mt_exec
                0x00000000000118a7                cooja_mt_yield
 .text          0x00000000000118ca       0xbe build/cooja/mtype129.a(cooja_mtarch.o)
                0x00000000000118ca                cooja_mtarch_start
                0x000000000001193d                cooja_sw
                0x0000000000011960                cooja_mtarch_exec
                0x000000000001197d                cooja_mtarch_yield
 .text          0x0000000000011988       0xc5 build/cooja/mtype129.a(rtimer-arch.o)
                0x0000000000011988                rtimer_arch_init
                0x00000000000119ac                rtimer_arch_schedule
                0x00000000000119dc                rtimer_arch_next
                0x00000000000119ec                rtimer_arch_pending
                0x00000000000119f6                rtimer_arch_check
                0x0000000000011a3d                rtimer_arch_now
 .text          0x0000000000011a4d       0x81 build/cooja/mtype129.a(beep.o)
                0x0000000000011a4d                beep_alarm
                0x0000000000011a5a                beep_beep
                0x0000000000011a67                beep
                0x0000000000011a74                beep_down
                0x0000000000011a81                beep_on
                0x0000000000011a8e                beep_off
                0x0000000000011a9b                beep_spinup
                0x0000000000011aa8                beep_quick
                0x0000000000011ab5                beep_long
 .text          0x0000000000011ace       0x65 build/cooja/mtype129.a(leds-arch.o)
                0x0000000000011ae1                leds_arch_init
 .text          0x0000000000011b33       0x35 build/cooja/mtype129.a(moteid.o)
 .text          0x0000000000011b68       0xb7 build/cooja/mtype129.a(pir-sensor.o)
 .text          0x0000000000011c1f      0x148 build/cooja/mtype129.a(rs232.o)
                0x0000000000011c1f                rs232_init
                0x0000000000011c25                rs232_set_speed
                0x0000000000011c34                rs232_set_input
                0x0000000000011c42                rs232_send
                0x0000000000011c66                rs232_print
                0x0000000000011c82                slip_arch_writeb
 .text          0x0000000000011d67       0xb7 build/cooja/mtype129.a(vib-sensor.o)
 .text          0x0000000000011e1e       0x38 build/cooja/mtype129.a(clock.o)
                0x0000000000011e1e                clock_init
                0x0000000000011e24                clock_time
                0x0000000000011e2e                clock_seconds
                0x0000000000011e44                clock_delay
 .text          0x0000000000011e56      0x219 build/cooja/mtype129.a(cooja-log.o)
                0x0000000000011e56                simlog_char
                0x0000000000011e99                simlog
                0x0000000000011f0f                log_message
                0x0000000000011f40                log_set_putchar_with_slip
                0x0000000000011f4e                log_putchar
                0x0000000000011fc9                log_puts
                0x0000000000011ff1                log_printf
 .text          0x000000000001206f      0x2b9 build/cooja/mtype129.a(cfs-cooja.o)
                0x000000000001206f                cfs_open
                0x00000000000120d8                cfs_close
                0x00000000000120e5                cfs_read
                0x000000000001217a                cfs_write
                0x0000000000012256                cfs_seek
                0x00000000000122de                cfs_remove
                0x0000000000012302                cfs_opendir
                0x000000000001230c                cfs_readdir
                0x0000000000012316                cfs_closedir
 .text          0x0000000000012328      0x620 build/cooja/mtype129.a(cooja-radio.o)
                0x000000000001236a                radio_set_channel
                0x0000000000012378                radio_set_txpower
                0x0000000000012390                radio_signal_strength_last
                0x000000000001239a                radio_signal_strength_current
                0x00000000000123a4                radio_LQI
 .text          0x0000000000012948       0xee build/cooja/mtype129.a(eeprom.o)
                0x0000000000012948                eeprom_init
                0x000000000001294e                eeprom_read
                0x00000000000129bc                eeprom_write
 .text          0x0000000000012a36       0x2d build/cooja/mtype129.a(random.o)
                0x0000000000012a36                random_init
                0x0000000000012a56                random_rand
 .text          0x0000000000012a63      0x29c build/cooja/mtype129.a(sensors.o)
                0x0000000000012a9e                sensors_first
                0x0000000000012aa8                sensors_next
                0x0000000000012ac2                sensors_changed
                0x0000000000012af6                sensors_find
 .text          0x0000000000012cff      0x349 build/cooja/mtype129.a(leds.o)
                0x0000000000012cff                leds_init
                0x0000000000012d46                leds_single_on
                0x0000000000012da5                leds_single_off
                0x0000000000012e04                leds_single_toggle
                0x0000000000012e36                leds_on
                0x0000000000012eb8                leds_off
                0x0000000000012f3a                leds_toggle
                0x0000000000012f8f                leds_set
                0x0000000000012fbb                leds_get
 .text          0x0000000000013048      0x343 build/cooja/mtype129.a(gpio-hal-arch.o)
                0x0000000000013048                gpio_hal_arch_register_pin_callback
                0x00000000000130b4                gpio_hal_arch_init
                0x00000000000130f9                gpio_hal_arch_no_port_interrupt_enable
                0x0000000000013129                gpio_hal_arch_no_port_interrupt_disable
                0x0000000000013159                gpio_hal_arch_no_port_pin_cfg_set
                0x000000000001317e                gpio_hal_arch_no_port_pin_cfg_get
                0x00000000000131a4                gpio_hal_arch_no_port_pin_set_input
                0x00000000000131b6                gpio_hal_arch_no_port_pin_set_output
                0x00000000000131c8                gpio_hal_arch_no_port_set_pin
                0x00000000000131e9                gpio_hal_arch_no_port_clear_pin
                0x000000000001320a                gpio_hal_arch_no_port_read_pin
                0x0000000000013230                gpio_hal_arch_no_port_write_pin
                0x000000000001325a                gpio_hal_arch_no_port_set_pins
                0x00000000000132a1                gpio_hal_arch_no_port_clear_pins
                0x00000000000132e8                gpio_hal_arch_no_port_read_pins
                0x000000000001332b                gpio_hal_arch_no_port_write_pins
 .text          0x000000000001338b       0x89 build/cooja/mtype129.a(buttons.o)
 .text          0x0000000000013414      0x11f build/cooja/mtype129.a(res_energy.o)
 .text          0x0000000000013533      0xbea build/cooja/mtype129.a(coap-engine.o)
                0x00000000000135c8                coap_add_handler
                0x00000000000135e5                coap_remove_handler
                0x0000000000013602                coap_call_handlers
                0x000000000001370a                coap_receive
                0x0000000000013d05                coap_engine_init
                0x0000000000013d63                coap_activate_resource
                0x0000000000013e0e                coap_get_first_resource
                0x0000000000013e27                coap_get_next_resource
 .text          0x000000000001411d      0x2d9 build/cooja/mtype129.a(coap-res-well-k)
 .text          0x00000000000143f6      0x96a build/cooja/mtype129.a(coap-observe.o)
                0x000000000001450b                coap_remove_observer
                0x000000000001453b                coap_remove_observer_by_client
                0x00000000000145a3                coap_remove_observer_by_token
                0x0000000000014636                coap_remove_observer_by_uri
                0x00000000000146dd                coap_remove_observer_by_mid
                0x0000000000014759                coap_notify_observers
                0x0000000000014772                coap_notify_observers_sub
                0x0000000000014bdc                coap_observe_handler
                0x0000000000014cf7                coap_has_observers
 .text          0x0000000000014d60      0x733 build/cooja/mtype129.a(coap-uip.o)
                0x0000000000014d60                coap_endpoint_log
                0x0000000000014de6                coap_endpoint_print
                0x0000000000014e6c                coap_endpoint_snprint
                0x0000000000014f9f                coap_endpoint_copy
                0x0000000000014fdc                coap_endpoint_cmp
                0x00000000000150ea                coap_endpoint_parse
                0x00000000000152d5                coap_endpoint_is_secure
                0x00000000000152e4                coap_endpoint_is_connected
                0x0000000000015318                coap_endpoint_connect
                0x0000000000015334                coap_endpoint_disconnect
                0x000000000001533a                coap_databuf
                0x0000000000015344                coap_transport_init
                0x0000000000015394                coap_sendto
 .text          0x0000000000015493      0x324 build/cooja/mtype129.a(coap-timer.o)
                0x0000000000015590                coap_timer_stop
                0x00000000000155bb                coap_timer_set
                0x00000000000155fe                coap_timer_reset
                0x0000000000015641                coap_timer_time_to_next_expiration
                0x00000000000156ad                coap_timer_run
                0x0000000000015779                coap_timer_init
 .text          0x00000000000157b7      0x2c6 build/cooja/mtype129.a(coap-transactio)
                0x000000000001581d                coap_new_transaction
                0x0000000000015883                coap_send_transaction
                0x00000000000159e4                coap_clear_transaction
                0x0000000000015a2c                coap_get_transaction_by_mid
 .text          0x0000000000015a7d     0x1c53 build/cooja/mtype129.a(coap.o)
                0x0000000000015fea                coap_init_connection
                0x0000000000015ffe                coap_get_mid
                0x000000000001601a                coap_init_message
                0x0000000000016063                coap_serialize_message
                0x00000000000166e5                coap_parse_message
                0x0000000000016d4c                coap_get_query_variable
                0x0000000000016d8e                coap_get_post_variable
                0x0000000000016dd2                coap_set_status_code
                0x0000000000016df7                coap_set_token
                0x0000000000016e3e                coap_get_header_content_format
                0x0000000000016e6f                coap_set_header_content_format
                0x0000000000016e92                coap_get_header_accept
                0x0000000000016ec3                coap_set_header_accept
                0x0000000000016ee6                coap_get_header_max_age
                0x0000000000016f17                coap_set_header_max_age
                0x0000000000016f37                coap_get_header_etag
                0x0000000000016f69                coap_set_header_etag
                0x0000000000016fc0                coap_get_header_if_match
                0x0000000000016ff2                coap_set_header_if_match
                0x0000000000017049                coap_get_header_if_none_match
                0x0000000000017063                coap_set_header_if_none_match
                0x000000000001707a                coap_get_header_proxy_uri
                0x00000000000170a8                coap_set_header_proxy_uri
                0x00000000000170e5                coap_get_header_uri_host
                0x0000000000017113                coap_set_header_uri_host
                0x0000000000017150                coap_get_header_uri_path
                0x000000000001717e                coap_set_header_uri_path
                0x00000000000171cb                coap_get_header_uri_query
                0x00000000000171ff                coap_set_header_uri_query
                0x0000000000017255                coap_get_header_location_path
                0x0000000000017283                coap_set_header_location_path
                0x000000000001731c                coap_get_header_location_query
                0x000000000001734a                coap_set_header_location_query
                0x0000000000017397                coap_get_header_observe
                0x00000000000173c6                coap_set_header_observe
                0x00000000000173e6                coap_get_header_block2
                0x0000000000017452                coap_set_header_block2
                0x00000000000174c9                coap_get_header_block1
                0x000000000001753e                coap_set_header_block1
                0x00000000000175b9                coap_get_header_size2
                0x00000000000175e9                coap_set_header_size2
                0x000000000001760c                coap_get_header_size1
                0x000000000001763c                coap_set_header_size1
                0x000000000001765f                coap_get_payload
                0x0000000000017699                coap_set_payload
 .text          0x00000000000176d0      0x332 build/cooja/mtype129.a(contiki-main.o)
                0x00000000000176d0                main
 .text          0x0000000000017a02       0x92 build/cooja/mtype129.a(autostart.o)
                0x0000000000017a02                autostart_start
                0x0000000000017a4c                autostart_exit
 .text          0x0000000000017a94      0x355 build/cooja/mtype129.a(ctimer.o)
                0x0000000000017bbc                ctimer_init
                0x0000000000017bef                ctimer_set
                0x0000000000017c15                ctimer_set_with_process
                0x0000000000017c92                ctimer_reset
                0x0000000000017ce6                ctimer_restart
                0x0000000000017d3a                ctimer_stop
                0x0000000000017d8a                ctimer_expired
 .text          0x0000000000017de9      0x394 build/cooja/mtype129.a(log.o)
                0x0000000000017de9                log_6addr
                0x0000000000017e3c                log_6addr_compact_snprint
                0x0000000000017eda                log_6addr_compact
                0x0000000000017f2d                log_lladdr
                0x0000000000017f9f                log_lladdr_compact
                0x0000000000018007                log_set_level
                0x00000000000180c2                log_get_level
                0x000000000001813b                log_level_to_str
 .text          0x000000000001817d       0x1b build/cooja/mtype129.a(energest.o)
                0x000000000001817d                energest_init
                0x0000000000018183                energest_flush
                0x0000000000018189                energest_get_total_time
 .text          0x0000000000018198      0x43f build/cooja/mtype129.a(etimer.o)
                0x00000000000183bc                etimer_request_poll
                0x0000000000018445                etimer_set
                0x000000000001846e                etimer_reset_with_new_interval
                0x000000000001849d                etimer_reset
                0x00000000000184c3                etimer_restart
                0x00000000000184e9                etimer_adjust
                0x0000000000018506                etimer_expired
                0x0000000000018519                etimer_expiration_time
                0x000000000001852b                etimer_start_time
                0x0000000000018535                etimer_pending
                0x0000000000018547                etimer_next_expiration_time
                0x0000000000018561                etimer_stop
 .text          0x00000000000185d7       0x25 build/cooja/mtype129.a(node-id.o)
                0x00000000000185d7                node_id_init
 .text          0x00000000000185fc       0xeb build/cooja/mtype129.a(rtimer.o)
                0x00000000000185fc                rtimer_init
                0x000000000001860a                rtimer_set
                0x0000000000018685                rtimer_run_next
 .text          0x00000000000186e7      0x4fb build/cooja/mtype129.a(process.o)
                0x00000000000186e7                process_alloc_event
                0x00000000000186fc                process_start
                0x00000000000188d6                process_exit
                0x00000000000188f3                process_init
                0x0000000000018a88                process_run
                0x0000000000018abb                process_nevents
                0x0000000000018ad6                process_post
                0x0000000000018b69                process_post_synch
                0x0000000000018b9e                process_poll
                0x0000000000018bce                process_is_running
 .text          0x0000000000018be2       0xb1 build/cooja/mtype129.a(timer.o)
                0x0000000000018be2                timer_set
                0x0000000000018c00                timer_reset
                0x0000000000018c2d                timer_restart
                0x0000000000018c42                timer_expired
                0x0000000000018c6f                timer_remaining
 .text          0x0000000000018c93      0x28f build/cooja/mtype129.a(list.o)
                0x0000000000018c93                list_init
                0x0000000000018ca2                list_head
                0x0000000000018cac                list_copy
                0x0000000000018cbc                list_tail
                0x0000000000018cf2                list_add
                0x0000000000018d3e                list_push
                0x0000000000018d6a                list_chop
                0x0000000000018dd4                list_pop
                0x0000000000018dfc                list_remove
                0x0000000000018e64                list_length
                0x0000000000018e92                list_insert
                0x0000000000018ed7                list_item_next
                0x0000000000018eee                list_contains
 .text          0x0000000000018f22      0x1b5 build/cooja/mtype129.a(memb.o)
                0x0000000000018f22                memb_init
                0x0000000000018f77                memb_alloc
                0x0000000000018fda                memb_free
                0x0000000000019051                memb_inmemb
                0x0000000000019090                memb_numfree
 .text          0x00000000000190d7      0x41c build/cooja/mtype129.a(button-hal.o)
                0x0000000000019250                button_hal_get_by_id
                0x000000000001928e                button_hal_get_by_index
                0x00000000000192ba                button_hal_get_state
                0x000000000001930c                button_hal_init
 .text          0x00000000000194f3      0x1f3 build/cooja/mtype129.a(serial-line.o)
                0x00000000000194f3                serial_line_input_byte
                0x00000000000196b1                serial_line_init
 .text          0x00000000000196e6      0x168 build/cooja/mtype129.a(gpio-hal.o)
                0x00000000000196e6                gpio_hal_register_handler
                0x0000000000019703                gpio_hal_event_handler
                0x000000000001975f                gpio_hal_init
                0x000000000001977e                gpio_hal_arch_port_toggle_pin
                0x00000000000197ba                gpio_hal_arch_port_toggle_pins
                0x00000000000197e8                gpio_hal_arch_no_port_toggle_pin
                0x0000000000019826                gpio_hal_arch_no_port_toggle_pins
 .text          0x000000000001984e      0x2e7 build/cooja/mtype129.a(queuebuf.o)
                0x0000000000019858                queuebuf_init
                0x0000000000019881                queuebuf_numfree
                0x0000000000019899                queuebuf_new_from_packetbuf
                0x0000000000019938                queuebuf_update_attr_from_packetbuf
                0x000000000001996d                queuebuf_update_from_packetbuf
                0x00000000000199bd                queuebuf_free
                0x0000000000019a06                queuebuf_to_packetbuf
                0x0000000000019a72                queuebuf_dataptr
                0x0000000000019aac                queuebuf_datalen
                0x0000000000019acf                queuebuf_addr
                0x0000000000019b04                queuebuf_attr
                0x0000000000019b2f                queuebuf_debug_print
 .text          0x0000000000019b35      0x407 build/cooja/mtype129.a(packetbuf.o)
                0x0000000000019b35                packetbuf_clear
                0x0000000000019b60                packetbuf_copyfrom
                0x0000000000019baf                packetbuf_copyto
                0x0000000000019c42                packetbuf_hdralloc
                0x0000000000019cbe                packetbuf_hdrreduce
                0x0000000000019d04                packetbuf_set_datalen
                0x0000000000019d1e                packetbuf_dataptr
                0x0000000000019d3b                packetbuf_hdrptr
                0x0000000000019d45                packetbuf_datalen
                0x0000000000019d51                packetbuf_hdrlen
                0x0000000000019d68                packetbuf_totlen
                0x0000000000019d7e                packetbuf_remaininglen
                0x0000000000019d91                packetbuf_attr_clear
                0x0000000000019ddd                packetbuf_attr_copyto
                0x0000000000019e35                packetbuf_attr_copyfrom
                0x0000000000019e8d                packetbuf_set_attr
                0x0000000000019eb7                packetbuf_attr
                0x0000000000019ed1                packetbuf_set_addr
                0x0000000000019f02                packetbuf_addr
                0x0000000000019f1f                packetbuf_holds_broadcast
 .text          0x0000000000019f3c       0xef build/cooja/mtype129.a(netstack.o)
                0x0000000000019f3c                netstack_process_ip_callback
                0x0000000000019fcd                netstack_ip_packet_processor_add
                0x0000000000019ff0                uip_ds6_ip_packet_processor_rm
                0x000000000001a00d                netstack_init
 .text          0x000000000001a02b       0x4f build/cooja/mtype129.a(linkaddr.o)
                0x000000000001a02b                linkaddr_copy
                0x000000000001a041                linkaddr_cmp
                0x000000000001a064                linkaddr_set_node_addr
 .text          0x000000000001a07a      0x1f6 build/cooja/mtype129.a(csma.o)
 .text          0x000000000001a270      0x95d build/cooja/mtype129.a(csma-output.o)
                0x000000000001a907                csma_output_packet
                0x000000000001ab94                csma_output_init
 .text          0x000000000001abcd      0xc11 build/cooja/mtype129.a(uip-ds6.o)
                0x000000000001abcd                uip_ds6_default_prefix
                0x000000000001abd7                uip_ds6_set_default_prefix
                0x000000000001ac02                uip_ds6_init
                0x000000000001ae64                uip_ds6_periodic
                0x000000000001aeeb                uip_ds6_list_loop
                0x000000000001afab                uip_ds6_prefix_add
                0x000000000001b057                uip_ds6_prefix_rm
                0x000000000001b06a                uip_ds6_prefix_lookup
                0x000000000001b0a9                uip_ds6_is_addr_onlink
                0x000000000001b11c                uip_ds6_addr_add
                0x000000000001b23c                uip_ds6_addr_rm
                0x000000000001b2e5                uip_ds6_addr_lookup
                0x000000000001b31e                uip_ds6_get_link_local
                0x000000000001b39f                uip_ds6_get_global
                0x000000000001b420                uip_ds6_maddr_add
                0x000000000001b480                uip_ds6_maddr_rm
                0x000000000001b493                uip_ds6_maddr_lookup
                0x000000000001b4cc                uip_ds6_aaddr_add
                0x000000000001b52c                uip_ds6_aaddr_rm
                0x000000000001b53f                uip_ds6_aaddr_lookup
                0x000000000001b578                uip_ds6_select_src
                0x000000000001b6c1                uip_ds6_set_addr_iid
                0x000000000001b6ec                uip_ds6_set_lladdr_from_iid
                0x000000000001b715                get_match_length
                0x000000000001b7a6                uip_ds6_compute_reachable_time
 .text          0x000000000001b7de      0x128 build/cooja/mtype129.a(uip-udp-packet.)
                0x000000000001b7de                uip_udp_packet_send
                0x000000000001b839                uip_udp_packet_sendto
 .text          0x000000000001b906      0xa3c build/cooja/mtype129.a(uip-ds6-route.o)
                0x000000000001b9f0                uip_ds6_notification_add
                0x000000000001ba22                uip_ds6_notification_rm
                0x000000000001ba3f                uip_ds6_route_init
                0x000000000001bade                uip_ds6_route_nexthop
                0x000000000001bb0d                uip_ds6_route_head
                0x000000000001bb26                uip_ds6_route_next
                0x000000000001bb4f                uip_ds6_route_is_nexthop
                0x000000000001bb91                uip_ds6_route_num_routes
                0x000000000001bb9b                uip_ds6_route_lookup
                0x000000000001bc72                uip_ds6_route_add
                0x000000000001beb2                uip_ds6_route_rm
                0x000000000001c050                uip_ds6_route_rm_by_nexthop
                0x000000000001c08f                uip_ds6_defrt_head
                0x000000000001c0a8                uip_ds6_defrt_add
                0x000000000001c169                uip_ds6_defrt_rm
                0x000000000001c1ea                uip_ds6_defrt_lookup
                0x000000000001c251                uip_ds6_defrt_choose
                0x000000000001c2c7                uip_ds6_defrt_periodic
 .text          0x000000000001c342      0x6f7 build/cooja/mtype129.a(tcpip.o)
                0x000000000001c35c                tcpip_output
                0x000000000001c3db                udp_attach
                0x000000000001c3f3                udp_new
                0x000000000001c43d                udp_broadcast_new
                0x000000000001c5af                tcpip_input
                0x000000000001c73f                tcpip_ipv6_output
                0x000000000001c933                tcpip_poll_udp
                0x000000000001c951                tcpip_uipcall
 .text          0x000000000001ca39     0x1205 build/cooja/mtype129.a(uip6.o)
                0x000000000001cae8                uip_chksum
                0x000000000001cbbf                uip_icmp6chksum
                0x000000000001cbd4                uip_udpchksum
                0x000000000001cbe9                uip_init
                0x000000000001cc32                uip_remove_ext_hdr
                0x000000000001cd0c                uip_udp_new
                0x000000000001d020                uip_process
                0x000000000001db18                uip_htons
                0x000000000001db3a                uip_htonl
                0x000000000001db78                uip_send
 .text          0x000000000001dc3e      0x369 build/cooja/mtype129.a(uip-ds6-nbr.o)
                0x000000000001dc3e                uip_ds6_neighbors_init
                0x000000000001dc62                uip_ds6_nbr_add
                0x000000000001dce8                uip_ds6_nbr_rm
                0x000000000001dd33                uip_ds6_nbr_update_ll
                0x000000000001de21                uip_ds6_nbr_get_ipaddr
                0x000000000001de36                uip_ds6_nbr_get_ll
                0x000000000001de52                uip_ds6_nbr_num
                0x000000000001de9b                uip_ds6_nbr_head
                0x000000000001deb4                uip_ds6_nbr_next
                0x000000000001ded0                uip_ds6_nbr_lookup
                0x000000000001df28                uip_ds6_nbr_ll_lookup
                0x000000000001df44                uip_ds6_nbr_ipaddr_from_lladdr
                0x000000000001df6d                uip_ds6_nbr_lladdr_from_ipaddr
                0x000000000001dfa1                uip_ds6_link_callback
 .text          0x000000000001dfa7      0x6a7 build/cooja/mtype129.a(uip-nd6.o)
                0x000000000001e635                uip_nd6_init
 .text          0x000000000001e64e     0x2c17 build/cooja/mtype129.a(sicslowpan.o)
                0x000000000001ec55                netstack_sniffer_add
                0x000000000001ec63                netstack_sniffer_remove
                0x0000000000021239                sicslowpan_init
                0x000000000002125b                sicslowpan_get_last_rssi
 .text          0x0000000000021265      0x4d1 build/cooja/mtype129.a(uiplib.o)
                0x0000000000021265                uiplib_ip6addrconv
                0x000000000002141d                uiplib_ip4addrconv
                0x00000000000214e0                uiplib_ipaddr_print
                0x0000000000021533                uiplib_ipaddr_snprint
 .text          0x0000000000021736      0x4c9 build/cooja/mtype129.a(rpl.o)
                0x0000000000021736                rpl_lollipop_greater_than
                0x0000000000021790                rpl_get_global_address
                0x0000000000021888                rpl_link_callback
                0x00000000000218cc                rpl_has_joined
                0x00000000000218f1                rpl_is_reachable
                0x0000000000021972                rpl_reset_prefix
                0x00000000000219dc                rpl_set_prefix_from_addr
                0x0000000000021ac1                rpl_set_prefix
                0x0000000000021bdb                rpl_set_leaf_only
                0x0000000000021bf3                rpl_get_leaf_only
 .text          0x0000000000021bff     0x138c build/cooja/mtype129.a(rpl-icmp6.o)
                0x0000000000021d24                rpl_icmp6_update_nbr_table
                0x0000000000021dad                rpl_icmp6_dis_output
                0x00000000000223f3                rpl_icmp6_dio_output
                0x0000000000022bf1                rpl_icmp6_dao_output
                0x0000000000022ed2                rpl_icmp6_dao_ack_output
                0x0000000000022f42                rpl_icmp6_init
 .text          0x0000000000022f8b      0x264 build/cooja/mtype129.a(rpl-dag-root.o)
                0x0000000000022f8b                rpl_dag_root_print_links
                0x00000000000230b7                rpl_dag_root_set_prefix
                0x00000000000230e3                rpl_dag_root_start
                0x00000000000231c0                rpl_dag_root_is_root
 .text          0x00000000000231ef       0x30 build/cooja/mtype129.a(watchdog.o)
                0x00000000000231ef                watchdog_init
                0x00000000000231f5                watchdog_start
                0x00000000000231fb                watchdog_periodic
                0x0000000000023213                watchdog_stop
                0x0000000000023219                watchdog_reboot
 .text          0x000000000002321f       0x4a build/cooja/mtype129.a(int-master.o)
                0x000000000002321f                int_master_enable
                0x000000000002322f                int_master_read_and_disable
                0x000000000002324c                int_master_status_set
                0x000000000002325a                int_master_is_enabled
 .text          0x0000000000023269      0x226 build/cooja/mtype129.a(coap-timer-defa)
 .text          0x000000000002348f       0xc7 build/cooja/mtype129.a(stimer.o)
                0x000000000002348f                stimer_set
                0x00000000000234ad                stimer_reset
                0x00000000000234da                stimer_restart
                0x00000000000234ef                stimer_expired
                0x000000000002351a                stimer_remaining
                0x000000000002353e                stimer_elapsed
 .text          0x0000000000023556      0x156 build/cooja/mtype129.a(ringbuf.o)
                0x0000000000023556                ringbuf_init
                0x0000000000023588                ringbuf_put
                0x0000000000023606                ringbuf_get
                0x0000000000023673                ringbuf_size
                0x0000000000023685                ringbuf_elements
 .text          0x00000000000236ac       0x1f build/cooja/mtype129.a(assert.o)
                0x00000000000236ac                _xassert
 .text          0x00000000000236cb      0x79b build/cooja/mtype129.a(nbr-table.o)
                0x0000000000023b44                nbr_table_register
                0x0000000000023bb1                nbr_table_is_registered
                0x0000000000023bec                nbr_table_head
                0x0000000000023c47                nbr_table_next
                0x0000000000023ca8                nbr_table_add_lladdr
                0x0000000000023d82                nbr_table_get_from_lladdr
                0x0000000000023dce                nbr_table_remove
                0x0000000000023e06                nbr_table_lock
                0x0000000000023e20                nbr_table_unlock
                0x0000000000023e3a                nbr_table_get_lladdr
 .text          0x0000000000023e66      0x3a5 build/cooja/mtype129.a(link-stats.o)
                0x0000000000023e66                link_stats_from_lladdr
                0x0000000000023e82                link_stats_get_lladdr
                0x0000000000023e9e                link_stats_is_fresh
                0x0000000000023eda                guess_etx_from_rssi
                0x0000000000023f56                link_stats_packet_sent
                0x0000000000024076                link_stats_input_callback
                0x0000000000024186                link_stats_reset
                0x00000000000241d6                link_stats_init
 .text          0x000000000002420b      0x187 build/cooja/mtype129.a(mac-sequence.o)
                0x000000000002420b                mac_sequence_is_duplicate
                0x00000000000242ab                mac_sequence_register_seqno
 .text          0x0000000000024392       0x23 build/cooja/mtype129.a(mac.o)
                0x0000000000024392                mac_call_sent_callback
 .text          0x00000000000243b5      0x432 build/cooja/mtype129.a(framer-802154.o)
                0x0000000000024544                framer_802154_setup_params
 .text          0x00000000000247e7      0xb6f build/cooja/mtype129.a(frame802154.o)
                0x0000000000024818                frame802154_get_pan_id
                0x0000000000024824                frame802154_set_pan_id
                0x000000000002483e                frame802154_has_panid
                0x00000000000249ed                frame802154_check_dest_panid
                0x0000000000024a75                frame802154_is_broadcast_addr
                0x0000000000024ac2                frame802154_extract_linkaddr
                0x0000000000024d27                frame802154_hdrlen
                0x0000000000024d9a                frame802154_create_fcf
                0x0000000000024e52                frame802154_create
                0x0000000000024fc7                frame802154_parse_fcf
                0x00000000000250a9                frame802154_parse
 .text          0x0000000000025356       0x2d build/cooja/mtype129.a(csma-security.o)
                0x0000000000025356                csma_security_create_frame
                0x0000000000025374                csma_security_parse_frame
 .text          0x0000000000025383      0x4e4 build/cooja/mtype129.a(uipbuf.o)
                0x0000000000025383                uipbuf_clear
                0x00000000000253aa                uipbuf_add_ext_hdr
                0x000000000002542a                uipbuf_set_len
                0x0000000000025457                uipbuf_set_len_field
                0x0000000000025483                uipbuf_get_len_field
                0x00000000000254a3                uipbuf_get_next_header
                0x00000000000255d5                uipbuf_get_last_header
                0x000000000002564e                uipbuf_search_header
                0x0000000000025704                uipbuf_get_attr
                0x000000000002572b                uipbuf_set_attr
                0x0000000000025762                uipbuf_set_default_attr
                0x0000000000025799                uipbuf_clear_attr
                0x00000000000257bd                uipbuf_set_attr_flag
                0x00000000000257de                uipbuf_clr_attr_flag
                0x0000000000025805                uipbuf_is_attr_flag
                0x0000000000025829                uipbuf_init
 .text          0x0000000000025867      0x73f build/cooja/mtype129.a(uip-icmp6.o)
                0x00000000000258dc                uip_icmp6_input
                0x0000000000025933                uip_icmp6_register_input_handler
                0x0000000000025a86                uip_icmp6_error_output
                0x0000000000025d37                uip_icmp6_send
                0x0000000000025f2e                uip_icmp6_echo_reply_callback_add
                0x0000000000025f60                uip_icmp6_echo_reply_callback_rm
                0x0000000000025f7d                uip_icmp6_init
 .text          0x0000000000025fa6      0x69b build/cooja/mtype129.a(uip-sr.o)
                0x0000000000025fa6                uip_sr_num_nodes
                0x0000000000026034                uip_sr_get_node
                0x000000000002608b                uip_sr_is_addr_reachable
                0x0000000000026139                uip_sr_expire_parent
                0x0000000000026182                uip_sr_update_node
                0x00000000000262b2                uip_sr_init
                0x00000000000262e6                uip_sr_node_head
                0x00000000000262ff                uip_sr_node_next
                0x0000000000026315                uip_sr_periodic
                0x000000000002641b                uip_sr_free_all
                0x000000000002648b                uip_sr_link_snprint
 .text          0x0000000000026641      0x146 build/cooja/mtype129.a(uip-packetqueue)
                0x000000000002666f                uip_packetqueue_new
                0x000000000002667e                uip_packetqueue_alloc
                0x00000000000266d9                uip_packetqueue_free
                0x0000000000026720                uip_packetqueue_buf
                0x000000000002673d                uip_packetqueue_buflen
                0x000000000002675e                uip_packetqueue_set_buflen
 .text          0x0000000000026787      0x1b0 build/cooja/mtype129.a(rpl-nbr-policy.)
                0x00000000000268f4                rpl_nbr_policy_find_removable
 .text          0x0000000000026937      0x915 build/cooja/mtype129.a(rpl-neighbor.o)
                0x00000000000269b3                rpl_neighbor_snprint
                0x0000000000026c66                rpl_neighbor_print_list
                0x0000000000026d1b                rpl_neighbor_count
                0x0000000000026dc2                rpl_neighbor_get_from_lladdr
                0x0000000000026dde                rpl_neighbor_is_acceptable_parent
                0x0000000000026e12                rpl_neighbor_get_link_metric
                0x0000000000026e46                rpl_neighbor_rank_via_nbr
                0x0000000000026e7a                rpl_neighbor_get_lladdr
                0x0000000000026e96                rpl_neighbor_get_ipaddr
                0x0000000000026ebd                rpl_neighbor_get_link_stats
                0x0000000000026ee4                rpl_neighbor_is_fresh
                0x0000000000026f0b                rpl_neighbor_is_reachable
                0x0000000000026f56                rpl_neighbor_is_parent
                0x0000000000026f80                rpl_neighbor_set_preferred_parent
                0x0000000000027017                rpl_neighbor_remove_all
                0x0000000000027073                rpl_neighbor_get_from_ipaddr
                0x0000000000027181                rpl_neighbor_select_best
                0x000000000002722d                rpl_neighbor_init
 .text          0x000000000002724c      0xe69 build/cooja/mtype129.a(rpl-dag.o)
                0x000000000002724c                rpl_dag_state_to_str
                0x000000000002728b                rpl_dag_get_root_ipaddr
                0x00000000000272d3                rpl_dag_leave
                0x000000000002735c                rpl_dag_poison_and_leave
                0x0000000000027374                rpl_dag_periodic
                0x00000000000273fc                rpl_is_addr_in_our_dag
                0x0000000000027440                rpl_get_default_instance
                0x000000000002745c                rpl_get_any_dag
                0x00000000000274b5                rpl_refresh_routes
                0x00000000000274f5                rpl_global_repair
                0x000000000002758e                rpl_local_repair
                0x00000000000275d8                rpl_dag_ready_to_advertise
                0x000000000002761b                rpl_dag_update_state
                0x0000000000027d48                rpl_process_dio
                0x0000000000027dc6                rpl_process_dis
                0x0000000000027e0b                rpl_process_dao
                0x0000000000027e9a                rpl_process_dao_ack
                0x0000000000027f31                rpl_process_hbh
                0x0000000000027f81                rpl_dag_init_root
                0x0000000000028095                rpl_dag_init
 .text          0x00000000000280b5      0x9e7 build/cooja/mtype129.a(rpl-timers.o)
                0x00000000000280b5                rpl_timers_schedule_periodic_dis
                0x0000000000028203                rpl_timers_dio_reset
                0x0000000000028311                rpl_timers_schedule_unicast_dio
                0x0000000000028465                rpl_timers_schedule_dao
                0x0000000000028524                rpl_timers_schedule_dao_ack
                0x00000000000285aa                rpl_timers_notify_dao_ack
                0x0000000000028608                get_probing_delay
                0x000000000002863c                get_probing_target
                0x0000000000028826                rpl_schedule_probing
                0x0000000000028854                rpl_schedule_probing_now
                0x00000000000288be                rpl_timers_unschedule_leaving
                0x00000000000288f6                rpl_timers_schedule_leaving
                0x0000000000028937                rpl_timers_init
                0x00000000000289c7                rpl_timers_stop_dag_timers
                0x0000000000028a40                rpl_timers_unschedule_state_update
                0x0000000000028a64                rpl_timers_schedule_state_update
 .text          0x0000000000028a9c      0xb8e build/cooja/mtype129.a(rpl-ext-header.)
                0x0000000000028a9c                rpl_ext_header_srh_get_next_hop
                0x0000000000028b83                rpl_ext_header_srh_update
                0x00000000000290ef                rpl_ext_header_hbh_update
                0x00000000000293ef                rpl_ext_header_update
                0x0000000000029478                rpl_ext_header_remove
 .text          0x000000000002962a      0x31b build/cooja/mtype129.a(rpl-mrhof.o)
 *fill*         0x0000000000029945        0xb 
 .text          0x0000000000029950      0x122 /usr/lib/gcc/i686-linux-gnu/5/libgcc.a(_udivdi3.o)
                0x0000000000029950                __udivdi3
 .text          0x0000000000029a72        0x0 /usr/lib/gcc/i686-linux-gnu/5/crtendS.o
 .text          0x0000000000029a72        0x0 /usr/lib/gcc/i686-linux-gnu/5/../../../i386-linux-gnu/crtn.o
 *(.gnu.warning)

.fini           0x0000000000029a74       0x14
 *(SORT(.fini))
 .fini          0x0000000000029a74        0xf /usr/lib/gcc/i686-linux-gnu/5/../../../i386-linux-gnu/crti.o
                0x0000000000029a74                _fini
 .fini          0x0000000000029a83        0x5 /usr/lib/gcc/i686-linux-gnu/5/../../../i386-linux-gnu/crtn.o
                [!provide]                        PROVIDE (__etext, .)
                [!provide]                        PROVIDE (_etext, .)
                [!provide]                        PROVIDE (etext, .)

.rodata         0x0000000000029aa0      0xaab
 *(.rodata .rodata.* .gnu.linkonce.r.*)
 .rodata        0x0000000000029aa0       0x6c coap-actuator-energy.o
                0x0000000000029ac0                autostart_processes
 .rodata        0x0000000000029b0c        0x8 build/cooja/mtype129.a(beep.o)
                0x0000000000029b0c                beep_interface
 .rodata        0x0000000000029b14        0xe build/cooja/mtype129.a(leds-arch.o)
                0x0000000000029b14                leds_interface
                0x0000000000029b1c                leds_arch_leds
 *fill*         0x0000000000029b22        0x2 
 .rodata        0x0000000000029b24        0x8 build/cooja/mtype129.a(moteid.o)
                0x0000000000029b24                moteid_interface
 .rodata        0x0000000000029b2c       0x1c build/cooja/mtype129.a(pir-sensor.o)
                0x0000000000029b2c                pir_interface
                0x0000000000029b38                pir_sensor
 .rodata        0x0000000000029b48        0xe build/cooja/mtype129.a(rs232.o)
                0x0000000000029b48                rs232_interface
 *fill*         0x0000000000029b56        0x2 
 .rodata        0x0000000000029b58       0x24 build/cooja/mtype129.a(vib-sensor.o)
                0x0000000000029b58                vib_interface
                0x0000000000029b6c                vib_sensor
 .rodata        0x0000000000029b7c        0x8 build/cooja/mtype129.a(clock.o)
                0x0000000000029b7c                clock_interface
 .rodata        0x0000000000029b84        0x8 build/cooja/mtype129.a(cooja-log.o)
                0x0000000000029b84                simlog_interface
 .rodata        0x0000000000029b8c       0x2f build/cooja/mtype129.a(cfs-cooja.o)
                0x0000000000029b8c                cfs_interface
 *fill*         0x0000000000029bbb        0x5 
 .rodata        0x0000000000029bc0       0xb8 build/cooja/mtype129.a(cooja-radio.o)
                0x0000000000029bc0                radio_interface
                0x0000000000029c40                cooja_radio_driver
 .rodata        0x0000000000029c78        0x8 build/cooja/mtype129.a(eeprom.o)
                0x0000000000029c78                eeprom_interface
 .rodata        0x0000000000029c80        0x8 build/cooja/mtype129.a(sensors.o)
 .rodata        0x0000000000029c88       0x2c build/cooja/mtype129.a(buttons.o)
                0x0000000000029c88                button_interface
                0x0000000000029c9c                button_hal_button_count
                0x0000000000029ca4                button_sensor
 .rodata        0x0000000000029cb4       0x8c build/cooja/mtype129.a(res_energy.o)
 .rodata        0x0000000000029d40       0x41 build/cooja/mtype129.a(coap-engine.o)
 .rodata        0x0000000000029d81       0x19 build/cooja/mtype129.a(coap-res-well-k)
 .rodata        0x0000000000029d9a       0x11 build/cooja/mtype129.a(coap-observe.o)
 .rodata        0x0000000000029dab       0x35 build/cooja/mtype129.a(coap-uip.o)
 .rodata        0x0000000000029de0      0x1ac build/cooja/mtype129.a(coap.o)
 .rodata        0x0000000000029f8c       0xf4 build/cooja/mtype129.a(contiki-main.o)
 .rodata        0x000000000002a080        0xf build/cooja/mtype129.a(ctimer.o)
 *fill*         0x000000000002a08f        0x1 
 .rodata        0x000000000002a090       0xc4 build/cooja/mtype129.a(log.o)
 .rodata        0x000000000002a154        0xc build/cooja/mtype129.a(etimer.o)
 .rodata        0x000000000002a160       0x13 build/cooja/mtype129.a(button-hal.o)
 .rodata        0x000000000002a173        0xe build/cooja/mtype129.a(serial-line.o)
 *fill*         0x000000000002a181        0x3 
 .rodata        0x000000000002a184        0x8 build/cooja/mtype129.a(linkaddr.o)
                0x000000000002a184                linkaddr_null
 .rodata        0x000000000002a18c       0x24 build/cooja/mtype129.a(csma.o)
                0x000000000002a194                csma_driver
 .rodata        0x000000000002a1b0       0x27 build/cooja/mtype129.a(csma-output.o)
 *fill*         0x000000000002a1d7        0x1 
 .rodata        0x000000000002a1d8       0xb9 build/cooja/mtype129.a(uip-ds6-route.o)
 .rodata        0x000000000002a291        0xd build/cooja/mtype129.a(tcpip.o)
 *fill*         0x000000000002a29e        0x2 
 .rodata        0x000000000002a2a0       0x30 build/cooja/mtype129.a(sicslowpan.o)
                0x000000000002a2a0                unc_llconf
                0x000000000002a2a4                unc_ctxconf
                0x000000000002a2a8                unc_mxconf
                0x000000000002a2ac                llprefix
                0x000000000002a2c0                sicslowpan_driver
 .rodata        0x000000000002a2d0       0x2d build/cooja/mtype129.a(uiplib.o)
 *fill*         0x000000000002a2fd        0x3 
 .rodata        0x000000000002a300       0x74 build/cooja/mtype129.a(rpl.o)
                0x000000000002a320                rpl_lite_driver
 .rodata        0x000000000002a374       0x20 build/cooja/mtype129.a(coap-timer-defa)
                0x000000000002a388                coap_timer_default_driver
 .rodata        0x000000000002a394       0x25 build/cooja/mtype129.a(assert.o)
 *fill*         0x000000000002a3b9        0x3 
 .rodata        0x000000000002a3bc        0xc build/cooja/mtype129.a(framer-802154.o)
                0x000000000002a3bc                framer_802154
 .rodata        0x000000000002a3c8       0x44 build/cooja/mtype129.a(uip-sr.o)
 .rodata        0x000000000002a40c       0x58 build/cooja/mtype129.a(rpl-neighbor.o)
 .rodata        0x000000000002a464       0xdb build/cooja/mtype129.a(rpl-dag.o)
 .rodata        0x000000000002a53f        0xc build/cooja/mtype129.a(rpl-timers.o)

.rodata1
 *(.rodata1)

.eh_frame_hdr   0x000000000002a54c     0x19e4
 *(.eh_frame_hdr)
 .eh_frame_hdr  0x000000000002a54c     0x19e4 coap-actuator-energy.o
                0x000000000002a54c                __GNU_EH_FRAME_HDR
 *(.eh_frame_entry .eh_frame_entry.*)

.eh_frame       0x000000000002bf30     0x6904
 *(.eh_frame)
 .eh_frame      0x000000000002bf30       0x3c /usr/lib/gcc/i686-linux-gnu/5/../../../i386-linux-gnu/crti.o
                                         0x40 (size before relaxing)
 .eh_frame      0x000000000002bf6c       0x20 coap-actuator-energy.o
                                         0x38 (size before relaxing)
 .eh_frame      0x000000000002bf8c      0x178 build/cooja/mtype129.o
                                        0x190 (size before relaxing)
 .eh_frame      0x000000000002c104       0x40 build/cooja/mtype129.a(simEnvChange.o)
                                         0x58 (size before relaxing)
 .eh_frame      0x000000000002c144       0x60 build/cooja/mtype129.a(cooja_mt.o)
                                         0x78 (size before relaxing)
 .eh_frame      0x000000000002c1a4       0x80 build/cooja/mtype129.a(cooja_mtarch.o)
                                         0x98 (size before relaxing)
 .eh_frame      0x000000000002c224       0xc8 build/cooja/mtype129.a(rtimer-arch.o)
                                         0xe0 (size before relaxing)
 .eh_frame      0x000000000002c2ec      0x160 build/cooja/mtype129.a(beep.o)
                                        0x178 (size before relaxing)
 .eh_frame      0x000000000002c44c       0x80 build/cooja/mtype129.a(leds-arch.o)
                                         0x98 (size before relaxing)
 .eh_frame      0x000000000002c4cc       0x40 build/cooja/mtype129.a(moteid.o)
                                         0x58 (size before relaxing)
 .eh_frame      0x000000000002c50c       0xa0 build/cooja/mtype129.a(pir-sensor.o)
                                         0xb8 (size before relaxing)
 .eh_frame      0x000000000002c5ac      0x100 build/cooja/mtype129.a(rs232.o)
                                        0x118 (size before relaxing)
 .eh_frame      0x000000000002c6ac       0xa0 build/cooja/mtype129.a(vib-sensor.o)
                                         0xb8 (size before relaxing)
 .eh_frame      0x000000000002c74c       0xc0 build/cooja/mtype129.a(clock.o)
                                         0xd8 (size before relaxing)
 .eh_frame      0x000000000002c80c      0x120 build/cooja/mtype129.a(cooja-log.o)
                                        0x138 (size before relaxing)
 .eh_frame      0x000000000002c92c      0x160 build/cooja/mtype129.a(cfs-cooja.o)
                                        0x178 (size before relaxing)
 .eh_frame      0x000000000002ca8c      0x340 build/cooja/mtype129.a(cooja-radio.o)
                                        0x358 (size before relaxing)
 .eh_frame      0x000000000002cdcc       0xa0 build/cooja/mtype129.a(eeprom.o)
                                         0xb8 (size before relaxing)
 .eh_frame      0x000000000002ce6c       0x40 build/cooja/mtype129.a(random.o)
                                         0x58 (size before relaxing)
 .eh_frame      0x000000000002ceac       0xc0 build/cooja/mtype129.a(sensors.o)
                                         0xd8 (size before relaxing)
 .eh_frame      0x000000000002cf6c      0x120 build/cooja/mtype129.a(leds.o)
                                        0x138 (size before relaxing)
 .eh_frame      0x000000000002d08c      0x220 build/cooja/mtype129.a(gpio-hal-arch.o)
                                        0x238 (size before relaxing)
 .eh_frame      0x000000000002d2ac       0xa0 build/cooja/mtype129.a(buttons.o)
                                         0xb8 (size before relaxing)
 .eh_frame      0x000000000002d34c       0x20 build/cooja/mtype129.a(res_energy.o)
                                         0x38 (size before relaxing)
 .eh_frame      0x000000000002d36c      0x220 build/cooja/mtype129.a(coap-engine.o)
                                        0x238 (size before relaxing)
 .eh_frame      0x000000000002d58c       0x24 build/cooja/mtype129.a(coap-res-well-k)
                                         0x3c (size before relaxing)
 .eh_frame      0x000000000002d5b0      0x188 build/cooja/mtype129.a(coap-observe.o)
                                        0x1a0 (size before relaxing)
 .eh_frame      0x000000000002d738      0x250 build/cooja/mtype129.a(coap-uip.o)
                                        0x268 (size before relaxing)
 .eh_frame      0x000000000002d988      0x114 build/cooja/mtype129.a(coap-timer.o)
                                        0x12c (size before relaxing)
 .eh_frame      0x000000000002da9c      0x100 build/cooja/mtype129.a(coap-transactio)
                                        0x118 (size before relaxing)
 .eh_frame      0x000000000002db9c      0x6ec build/cooja/mtype129.a(coap.o)
                                        0x704 (size before relaxing)
 .eh_frame      0x000000000002e288       0x30 build/cooja/mtype129.a(contiki-main.o)
                                         0x48 (size before relaxing)
 .eh_frame      0x000000000002e2b8       0x40 build/cooja/mtype129.a(autostart.o)
                                         0x58 (size before relaxing)
 .eh_frame      0x000000000002e2f8      0x100 build/cooja/mtype129.a(ctimer.o)
                                        0x118 (size before relaxing)
 .eh_frame      0x000000000002e3f8      0x100 build/cooja/mtype129.a(log.o)
                                        0x118 (size before relaxing)
 .eh_frame      0x000000000002e4f8       0x60 build/cooja/mtype129.a(energest.o)
                                         0x78 (size before relaxing)
 .eh_frame      0x000000000002e558      0x1e0 build/cooja/mtype129.a(etimer.o)
                                        0x1f8 (size before relaxing)
 .eh_frame      0x000000000002e738       0x20 build/cooja/mtype129.a(node-id.o)
                                         0x38 (size before relaxing)
 .eh_frame      0x000000000002e758       0x60 build/cooja/mtype129.a(rtimer.o)
                                         0x78 (size before relaxing)
 .eh_frame      0x000000000002e7b8      0x1c4 build/cooja/mtype129.a(process.o)
                                        0x1dc (size before relaxing)
 .eh_frame      0x000000000002e97c       0xa4 build/cooja/mtype129.a(timer.o)
                                         0xbc (size before relaxing)
 .eh_frame      0x000000000002ea20      0x1a0 build/cooja/mtype129.a(list.o)
                                        0x1b8 (size before relaxing)
 .eh_frame      0x000000000002ebc0       0xa0 build/cooja/mtype129.a(memb.o)
                                         0xb8 (size before relaxing)
 .eh_frame      0x000000000002ec60      0x144 build/cooja/mtype129.a(button-hal.o)
                                        0x15c (size before relaxing)
 .eh_frame      0x000000000002eda4       0x60 build/cooja/mtype129.a(serial-line.o)
                                         0x78 (size before relaxing)
 .eh_frame      0x000000000002ee04       0xe0 build/cooja/mtype129.a(gpio-hal.o)
                                         0xf8 (size before relaxing)
 .eh_frame      0x000000000002eee4      0x1a0 build/cooja/mtype129.a(queuebuf.o)
                                        0x1b8 (size before relaxing)
 .eh_frame      0x000000000002f084      0x28c build/cooja/mtype129.a(packetbuf.o)
                                        0x2a4 (size before relaxing)
 .eh_frame      0x000000000002f310       0x80 build/cooja/mtype129.a(netstack.o)
                                         0x98 (size before relaxing)
 .eh_frame      0x000000000002f390       0x60 build/cooja/mtype129.a(linkaddr.o)
                                         0x78 (size before relaxing)
 .eh_frame      0x000000000002f3f0       0xe0 build/cooja/mtype129.a(csma.o)
                                         0xf8 (size before relaxing)
 .eh_frame      0x000000000002f4d0      0x1d0 build/cooja/mtype129.a(csma-output.o)
                                        0x1e8 (size before relaxing)
 .eh_frame      0x000000000002f6a0      0x328 build/cooja/mtype129.a(uip-ds6.o)
                                        0x340 (size before relaxing)
 .eh_frame      0x000000000002f9c8       0x40 build/cooja/mtype129.a(uip-udp-packet.)
                                         0x58 (size before relaxing)
 .eh_frame      0x000000000002fa08      0x2e0 build/cooja/mtype129.a(uip-ds6-route.o)
                                        0x2f8 (size before relaxing)
 .eh_frame      0x000000000002fce8      0x244 build/cooja/mtype129.a(tcpip.o)
                                        0x25c (size before relaxing)
 .eh_frame      0x000000000002ff2c      0x1e8 build/cooja/mtype129.a(uip6.o)
                                        0x200 (size before relaxing)
 .eh_frame      0x0000000000030114      0x1c0 build/cooja/mtype129.a(uip-ds6-nbr.o)
                                        0x1d8 (size before relaxing)
 .eh_frame      0x00000000000302d4       0x84 build/cooja/mtype129.a(uip-nd6.o)
                                         0x9c (size before relaxing)
 .eh_frame      0x0000000000030358      0x2f8 build/cooja/mtype129.a(sicslowpan.o)
                                        0x310 (size before relaxing)
 .eh_frame      0x0000000000030650       0x88 build/cooja/mtype129.a(uiplib.o)
                                         0xa0 (size before relaxing)
 .eh_frame      0x00000000000306d8      0x1e0 build/cooja/mtype129.a(rpl.o)
                                        0x1f8 (size before relaxing)
 .eh_frame      0x00000000000308b8      0x1c4 build/cooja/mtype129.a(rpl-icmp6.o)
                                        0x1dc (size before relaxing)
 .eh_frame      0x0000000000030a7c       0xa0 build/cooja/mtype129.a(rpl-dag-root.o)
                                         0xb8 (size before relaxing)
 .eh_frame      0x0000000000030b1c       0xa0 build/cooja/mtype129.a(watchdog.o)
                                         0xb8 (size before relaxing)
 .eh_frame      0x0000000000030bbc       0x80 build/cooja/mtype129.a(int-master.o)
                                         0x98 (size before relaxing)
 .eh_frame      0x0000000000030c3c       0xa4 build/cooja/mtype129.a(coap-timer-defa)
                                         0xbc (size before relaxing)
 .eh_frame      0x0000000000030ce0       0xc4 build/cooja/mtype129.a(stimer.o)
                                         0xdc (size before relaxing)
 .eh_frame      0x0000000000030da4       0xa0 build/cooja/mtype129.a(ringbuf.o)
                                         0xb8 (size before relaxing)
 .eh_frame      0x0000000000030e44       0x20 build/cooja/mtype129.a(assert.o)
                                         0x38 (size before relaxing)
 .eh_frame      0x0000000000030e64      0x2ac build/cooja/mtype129.a(nbr-table.o)
                                        0x2c4 (size before relaxing)
 .eh_frame      0x0000000000031110      0x120 build/cooja/mtype129.a(link-stats.o)
                                        0x138 (size before relaxing)
 .eh_frame      0x0000000000031230       0x48 build/cooja/mtype129.a(mac-sequence.o)
                                         0x60 (size before relaxing)
 .eh_frame      0x0000000000031278       0x20 build/cooja/mtype129.a(mac.o)
                                         0x38 (size before relaxing)
 .eh_frame      0x0000000000031298       0xa4 build/cooja/mtype129.a(framer-802154.o)
                                         0xbc (size before relaxing)
 .eh_frame      0x000000000003133c      0x1a4 build/cooja/mtype129.a(frame802154.o)
                                        0x1bc (size before relaxing)
 .eh_frame      0x00000000000314e0       0x40 build/cooja/mtype129.a(csma-security.o)
                                         0x58 (size before relaxing)
 .eh_frame      0x0000000000031520      0x200 build/cooja/mtype129.a(uipbuf.o)
                                        0x218 (size before relaxing)
 .eh_frame      0x0000000000031720      0x150 build/cooja/mtype129.a(uip-icmp6.o)
                                        0x168 (size before relaxing)
 .eh_frame      0x0000000000031870      0x184 build/cooja/mtype129.a(uip-sr.o)
                                        0x19c (size before relaxing)
 .eh_frame      0x00000000000319f4       0xe0 build/cooja/mtype129.a(uip-packetqueue)
                                         0xf8 (size before relaxing)
 .eh_frame      0x0000000000031ad4       0x80 build/cooja/mtype129.a(rpl-nbr-policy.)
                                         0x98 (size before relaxing)
 .eh_frame      0x0000000000031b54      0x2d4 build/cooja/mtype129.a(rpl-neighbor.o)
                                        0x2ec (size before relaxing)
 .eh_frame      0x0000000000031e28      0x370 build/cooja/mtype129.a(rpl-dag.o)
                                        0x388 (size before relaxing)
 .eh_frame      0x0000000000032198      0x3a8 build/cooja/mtype129.a(rpl-timers.o)
                                        0x3c0 (size before relaxing)
 .eh_frame      0x0000000000032540      0x124 build/cooja/mtype129.a(rpl-ext-header.)
                                        0x13c (size before relaxing)
 .eh_frame      0x0000000000032664      0x148 build/cooja/mtype129.a(rpl-mrhof.o)
                                        0x160 (size before relaxing)
 .eh_frame      0x00000000000327ac       0x84 /usr/lib/gcc/i686-linux-gnu/5/libgcc.a(_udivdi3.o)
                                         0x9c (size before relaxing)
 .eh_frame      0x0000000000032830        0x4 /usr/lib/gcc/i686-linux-gnu/5/crtendS.o
 *(.eh_frame.*)

.gcc_except_table
 *(.gcc_except_table .gcc_except_table.*)

.gnu_extab
 *(.gnu_extab*)

.exception_ranges
 *(.exception_ranges .exception_ranges*)
                0x0000000000033f10                . = DATA_SEGMENT_ALIGN (0x1000, 0x1000)

.eh_frame
 *(.eh_frame)
 *(.eh_frame.*)

.gnu_extab
 *(.gnu_extab)

.gcc_except_table
 *(.gcc_except_table .gcc_except_table.*)

.exception_ranges
 *(.exception_ranges .exception_ranges*)

.tdata
 *(.tdata .tdata.* .gnu.linkonce.td.*)

.tbss
 *(.tbss .tbss.* .gnu.linkonce.tb.*)
 *(.tcommon)

.preinit_array
 *(.preinit_array)

.init_array     0x0000000000033f10        0x4
 *(SORT(.init_array.*) SORT(.ctors.*))
 *(.init_array EXCLUDE_FILE(*crtend?.o *crtend.o *crtbegin?.o *crtbegin.o) .ctors)
 .init_array    0x0000000000033f10        0x4 /usr/lib/gcc/i686-linux-gnu/5/crtbeginS.o

.fini_array     0x0000000000033f14        0x4
 *(SORT(.fini_array.*) SORT(.dtors.*))
 *(.fini_array EXCLUDE_FILE(*crtend?.o *crtend.o *crtbegin?.o *crtbegin.o) .dtors)
 .fini_array    0x0000000000033f14        0x4 /usr/lib/gcc/i686-linux-gnu/5/crtbeginS.o

.ctors
 *crtbegin.o(.ctors)
 *crtbegin?.o(.ctors)
 *(EXCLUDE_FILE(*crtend?.o *crtend.o) .ctors)
 *(SORT(.ctors.*))
 *(.ctors)

.dtors
 *crtbegin.o(.dtors)
 *crtbegin?.o(.dtors)
 *(EXCLUDE_FILE(*crtend?.o *crtend.o) .dtors)
 *(SORT(.dtors.*))
 *(.dtors)

.jcr            0x0000000000033f18        0x4
 *(.jcr)
 .jcr           0x0000000000033f18        0x0 /usr/lib/gcc/i686-linux-gnu/5/crtbeginS.o
 .jcr           0x0000000000033f18        0x4 /usr/lib/gcc/i686-linux-gnu/5/crtendS.o

.data.rel.ro
 *(.data.rel.ro.local* .gnu.linkonce.d.rel.ro.local.*)
 *(.data.rel.ro .data.rel.ro.* .gnu.linkonce.d.rel.ro.*)

.dynamic        0x0000000000033f1c       0xd0
 *(.dynamic)
 .dynamic       0x0000000000033f1c       0xd0 /usr/lib/gcc/i686-linux-gnu/5/../../../i386-linux-gnu/crti.o
                0x0000000000033f1c                _DYNAMIC

.got            0x0000000000033fec       0x14
 *(.got)
 .got           0x0000000000033fec       0x14 /usr/lib/gcc/i686-linux-gnu/5/../../../i386-linux-gnu/crti.o
 *(.igot)
                0x0000000000034ff4                . = DATA_SEGMENT_RELRO_END (., (SIZEOF (.got.plt) >= 0xc)?0xc:0x0)

.got.plt        0x0000000000034000        0xc
 *(.got.plt)
 .got.plt       0x0000000000034000        0xc /usr/lib/gcc/i686-linux-gnu/5/../../../i386-linux-gnu/crti.o
                0x0000000000034000                _GLOBAL_OFFSET_TABLE_
 *(.igot.plt)

.data           0x0000000000034020      0x484
 *(.data .data.* .gnu.linkonce.d.*)
 .data          0x0000000000034020        0x0 /usr/lib/gcc/i686-linux-gnu/5/../../../i386-linux-gnu/crti.o
 .data          0x0000000000034020        0x0 /usr/lib/gcc/i686-linux-gnu/5/crtbeginS.o
 .data.rel.local
                0x0000000000034020        0x4 /usr/lib/gcc/i686-linux-gnu/5/crtbeginS.o
                0x0000000000034020                __dso_handle
 .data          0x0000000000034024       0x10 coap-actuator-energy.o
                0x0000000000034024                coap_energy_actuator
 *fill*         0x0000000000034034        0xc 
 .data          0x0000000000034040       0x44 build/cooja/mtype129.o
                0x0000000000034040                simInterfaces
                0x0000000000034074                sensors
 .data          0x0000000000034084        0x0 build/cooja/mtype129.a(simEnvChange.o)
 .data          0x0000000000034084        0x0 build/cooja/mtype129.a(cooja_mt.o)
 .data          0x0000000000034084        0x0 build/cooja/mtype129.a(cooja_mtarch.o)
 .data          0x0000000000034084        0x0 build/cooja/mtype129.a(rtimer-arch.o)
 .data          0x0000000000034084        0x0 build/cooja/mtype129.a(beep.o)
 .data          0x0000000000034084        0x0 build/cooja/mtype129.a(leds-arch.o)
 .data          0x0000000000034084        0x0 build/cooja/mtype129.a(moteid.o)
 .data          0x0000000000034084        0x0 build/cooja/mtype129.a(pir-sensor.o)
 .data          0x0000000000034084        0x0 build/cooja/mtype129.a(rs232.o)
 .data          0x0000000000034084        0x0 build/cooja/mtype129.a(vib-sensor.o)
 .data          0x0000000000034084        0x0 build/cooja/mtype129.a(clock.o)
 .data          0x0000000000034084        0x0 build/cooja/mtype129.a(cooja-log.o)
 .data          0x0000000000034084        0x0 build/cooja/mtype129.a(cfs-cooja.o)
 .data          0x0000000000034084       0x2c build/cooja/mtype129.a(cooja-radio.o)
                0x0000000000034084                simRadioHWOn
                0x0000000000034088                simSignalStrength
                0x000000000003408c                simLastSignalStrength
                0x0000000000034090                simPower
                0x0000000000034094                simRadioChannel
                0x0000000000034098                simLQI
                0x00000000000340a0                cooja_radio_process
 .data          0x00000000000340b0        0x0 build/cooja/mtype129.a(eeprom.o)
 .data          0x00000000000340b0        0x0 build/cooja/mtype129.a(random.o)
 .data          0x00000000000340b0       0x10 build/cooja/mtype129.a(sensors.o)
                0x00000000000340b0                sensors_process
 .data          0x00000000000340c0        0x0 build/cooja/mtype129.a(leds.o)
 .data          0x00000000000340c0        0x0 build/cooja/mtype129.a(gpio-hal-arch.o)
 .data          0x00000000000340c0       0x78 build/cooja/mtype129.a(buttons.o)
                0x00000000000340c0                simButtonIsActive
                0x0000000000034130                button_hal_buttons
 *fill*         0x0000000000034138        0x8 
 .data          0x0000000000034140       0x24 build/cooja/mtype129.a(res_energy.o)
                0x0000000000034140                res_energy
 .data          0x0000000000034164        0x8 build/cooja/mtype129.a(coap-engine.o)
 *fill*         0x000000000003416c       0x14 
 .data          0x0000000000034180       0x24 build/cooja/mtype129.a(coap-res-well-k)
                0x0000000000034180                res_well_known_core
 .data          0x00000000000341a4       0x10 build/cooja/mtype129.a(coap-observe.o)
 .data          0x00000000000341b4       0x10 build/cooja/mtype129.a(coap-uip.o)
                0x00000000000341b4                coap_engine
 .data          0x00000000000341c4        0x4 build/cooja/mtype129.a(coap-timer.o)
 .data          0x00000000000341c8       0x10 build/cooja/mtype129.a(coap-transactio)
 .data          0x00000000000341d8        0x4 build/cooja/mtype129.a(coap.o)
                0x00000000000341d8                coap_error_message
 .data          0x00000000000341dc        0x0 build/cooja/mtype129.a(contiki-main.o)
 .data          0x00000000000341dc        0x0 build/cooja/mtype129.a(autostart.o)
 .data          0x00000000000341dc       0x14 build/cooja/mtype129.a(ctimer.o)
                0x00000000000341e0                ctimer_process
 *fill*         0x00000000000341f0       0x10 
 .data          0x0000000000034200       0xbc build/cooja/mtype129.a(log.o)
                0x0000000000034200                curr_log_level_main
                0x0000000000034220                all_modules
 .data          0x00000000000342bc        0x0 build/cooja/mtype129.a(energest.o)
 .data          0x00000000000342bc       0x10 build/cooja/mtype129.a(etimer.o)
                0x00000000000342bc                etimer_process
 .data          0x00000000000342cc        0x0 build/cooja/mtype129.a(node-id.o)
 .data          0x00000000000342cc        0x0 build/cooja/mtype129.a(rtimer.o)
 .data          0x00000000000342cc        0x0 build/cooja/mtype129.a(process.o)
 .data          0x00000000000342cc        0x0 build/cooja/mtype129.a(timer.o)
 .data          0x00000000000342cc        0x0 build/cooja/mtype129.a(list.o)
 .data          0x00000000000342cc        0x0 build/cooja/mtype129.a(memb.o)
 .data          0x00000000000342cc       0x10 build/cooja/mtype129.a(button-hal.o)
                0x00000000000342cc                button_hal_process
 .data          0x00000000000342dc       0x10 build/cooja/mtype129.a(serial-line.o)
                0x00000000000342dc                serial_line_process
 .data          0x00000000000342ec        0x4 build/cooja/mtype129.a(gpio-hal.o)
 .data          0x00000000000342f0       0x18 build/cooja/mtype129.a(queuebuf.o)
 .data          0x0000000000034308        0x4 build/cooja/mtype129.a(packetbuf.o)
 .data          0x000000000003430c        0x4 build/cooja/mtype129.a(netstack.o)
 .data          0x0000000000034310        0x0 build/cooja/mtype129.a(linkaddr.o)
 .data          0x0000000000034310        0x0 build/cooja/mtype129.a(csma.o)
 .data          0x0000000000034310       0x28 build/cooja/mtype129.a(csma-output.o)
 .data          0x0000000000034338        0x0 build/cooja/mtype129.a(uip-ds6.o)
 .data          0x0000000000034338        0x0 build/cooja/mtype129.a(uip-udp-packet.)
 .data          0x0000000000034338       0x44 build/cooja/mtype129.a(uip-ds6-route.o)
                0x0000000000034348                nbr_routes
 .data          0x000000000003437c       0x10 build/cooja/mtype129.a(tcpip.o)
                0x000000000003437c                tcpip_process
 .data          0x000000000003438c        0x0 build/cooja/mtype129.a(uip6.o)
 .data          0x000000000003438c       0x14 build/cooja/mtype129.a(uip-ds6-nbr.o)
 .data          0x00000000000343a0        0xc build/cooja/mtype129.a(uip-nd6.o)
 .data          0x00000000000343ac        0x0 build/cooja/mtype129.a(sicslowpan.o)
 .data          0x00000000000343ac        0x0 build/cooja/mtype129.a(uiplib.o)
 .data          0x00000000000343ac        0x0 build/cooja/mtype129.a(rpl.o)
 .data          0x00000000000343ac       0x30 build/cooja/mtype129.a(rpl-icmp6.o)
 .data          0x00000000000343dc        0x0 build/cooja/mtype129.a(rpl-dag-root.o)
 .data          0x00000000000343dc        0x0 build/cooja/mtype129.a(watchdog.o)
 .data          0x00000000000343dc        0x0 build/cooja/mtype129.a(int-master.o)
 .data          0x00000000000343dc       0x10 build/cooja/mtype129.a(coap-timer-defa)
                0x00000000000343dc                coap_timer_process
 .data          0x00000000000343ec        0x0 build/cooja/mtype129.a(stimer.o)
 .data          0x00000000000343ec        0x0 build/cooja/mtype129.a(ringbuf.o)
 .data          0x00000000000343ec        0x0 build/cooja/mtype129.a(assert.o)
 .data          0x00000000000343ec       0x10 build/cooja/mtype129.a(nbr-table.o)
 .data          0x00000000000343fc       0x14 build/cooja/mtype129.a(link-stats.o)
 .data          0x0000000000034410        0x0 build/cooja/mtype129.a(mac-sequence.o)
 .data          0x0000000000034410        0x0 build/cooja/mtype129.a(mac.o)
 .data          0x0000000000034410        0x0 build/cooja/mtype129.a(framer-802154.o)
 .data          0x0000000000034410        0x2 build/cooja/mtype129.a(frame802154.o)
 .data          0x0000000000034412        0x0 build/cooja/mtype129.a(csma-security.o)
 .data          0x0000000000034412        0x0 build/cooja/mtype129.a(uipbuf.o)
 *fill*         0x0000000000034412        0x2 
 .data          0x0000000000034414       0x20 build/cooja/mtype129.a(uip-icmp6.o)
 .data          0x0000000000034434       0x10 build/cooja/mtype129.a(uip-sr.o)
 .data          0x0000000000034444        0xc build/cooja/mtype129.a(uip-packetqueue)
 .data          0x0000000000034450        0x0 build/cooja/mtype129.a(rpl-nbr-policy.)
 .data          0x0000000000034450       0x14 build/cooja/mtype129.a(rpl-neighbor.o)
                0x0000000000034460                rpl_neighbors
 .data          0x0000000000034464        0x0 build/cooja/mtype129.a(rpl-dag.o)
 .data          0x0000000000034464        0x0 build/cooja/mtype129.a(rpl-timers.o)
 .data          0x0000000000034464        0x0 build/cooja/mtype129.a(rpl-ext-header.)
 *fill*         0x0000000000034464       0x1c 
 .data          0x0000000000034480       0x24 build/cooja/mtype129.a(rpl-mrhof.o)
                0x0000000000034480                rpl_mrhof
 .data          0x00000000000344a4        0x0 /usr/lib/gcc/i686-linux-gnu/5/libgcc.a(_udivdi3.o)
 .data          0x00000000000344a4        0x0 /usr/lib/gcc/i686-linux-gnu/5/crtendS.o
 .data          0x00000000000344a4        0x0 /usr/lib/gcc/i686-linux-gnu/5/../../../i386-linux-gnu/crtn.o

.tm_clone_table
                0x00000000000344a4        0x0
 .tm_clone_table
                0x00000000000344a4        0x0 /usr/lib/gcc/i686-linux-gnu/5/crtbeginS.o
 .tm_clone_table
                0x00000000000344a4        0x0 /usr/lib/gcc/i686-linux-gnu/5/crtendS.o

.data1
 *(.data1)
                0x00000000000344a4                _edata = .
                [!provide]                        PROVIDE (edata, .)
                0x00000000000344a4                . = .
                0x00000000000344a4                __bss_start = .

.bss            0x00000000000344c0     0xf124
 *(.dynbss)
 .dynbss        0x00000000000344c0        0x0 /usr/lib/gcc/i686-linux-gnu/5/../../../i386-linux-gnu/crti.o
 *(.bss .bss.* .gnu.linkonce.b.*)
 .bss           0x00000000000344c0        0x0 /usr/lib/gcc/i686-linux-gnu/5/../../../i386-linux-gnu/crti.o
 .bss           0x00000000000344c0        0x1 /usr/lib/gcc/i686-linux-gnu/5/crtbeginS.o
 .bss           0x00000000000344c1        0x0 coap-actuator-energy.o
 *fill*         0x00000000000344c1       0x1f 
 .bss           0x00000000000344e0     0x2030 build/cooja/mtype129.o
 .bss           0x0000000000036510        0x1 build/cooja/mtype129.a(simEnvChange.o)
                0x0000000000036510                simDontFallAsleep
 *fill*         0x0000000000036511        0x3 
 .bss           0x0000000000036514        0x4 build/cooja/mtype129.a(cooja_mt.o)
 .bss           0x0000000000036518        0x4 build/cooja/mtype129.a(cooja_mtarch.o)
 .bss           0x000000000003651c        0x0 build/cooja/mtype129.a(rtimer-arch.o)
 .bss           0x000000000003651c        0x0 build/cooja/mtype129.a(beep.o)
 .bss           0x000000000003651c        0x1 build/cooja/mtype129.a(leds-arch.o)
                0x000000000003651c                simLedsValue
 .bss           0x000000000003651d        0x0 build/cooja/mtype129.a(moteid.o)
 .bss           0x000000000003651d        0x1 build/cooja/mtype129.a(pir-sensor.o)
                0x000000000003651d                simPirValue
 *fill*         0x000000000003651e        0x2 
 .bss           0x0000000000036520        0x4 build/cooja/mtype129.a(rs232.o)
 .bss           0x0000000000036524        0x1 build/cooja/mtype129.a(vib-sensor.o)
                0x0000000000036524                simVibValue
 .bss           0x0000000000036525        0x0 build/cooja/mtype129.a(clock.o)
 *fill*         0x0000000000036525       0x1b 
 .bss           0x0000000000036540     0x2020 build/cooja/mtype129.a(cooja-log.o)
 .bss           0x0000000000038560      0xfc0 build/cooja/mtype129.a(cfs-cooja.o)
                0x0000000000038560                simCFSData
                0x0000000000039500                simCFSSize
                0x0000000000039504                simCFSChanged
                0x0000000000039508                simCFSRead
                0x000000000003950c                simCFSWritten
 .bss           0x0000000000039520       0x24 build/cooja/mtype129.a(cooja-radio.o)
                0x0000000000039520                simReceiving
                0x0000000000039524                simInSize
                0x0000000000039528                simLastPacketTimestamp
                0x0000000000039530                simOutSize
 .bss           0x0000000000039544        0xc build/cooja/mtype129.a(eeprom.o)
                0x0000000000039544                simEEPROMChanged
                0x0000000000039548                simEEPROMRead
                0x000000000003954c                simEEPROMWritten
 .bss           0x0000000000039550        0x0 build/cooja/mtype129.a(random.o)
 .bss           0x0000000000039550        0xc build/cooja/mtype129.a(sensors.o)
 .bss           0x000000000003955c        0x0 build/cooja/mtype129.a(leds.o)
 .bss           0x000000000003955c       0x24 build/cooja/mtype129.a(gpio-hal-arch.o)
 .bss           0x0000000000039580        0x0 build/cooja/mtype129.a(buttons.o)
 .bss           0x0000000000039580        0x4 build/cooja/mtype129.a(res_energy.o)
 *fill*         0x0000000000039584       0x1c 
 .bss           0x00000000000395a0      0x190 build/cooja/mtype129.a(coap-engine.o)
 .bss           0x0000000000039730        0x0 build/cooja/mtype129.a(coap-res-well-k)
 *fill*         0x0000000000039730       0x10 
 .bss           0x0000000000039740      0x120 build/cooja/mtype129.a(coap-observe.o)
 .bss           0x0000000000039860       0x18 build/cooja/mtype129.a(coap-uip.o)
 .bss           0x0000000000039878        0x5 build/cooja/mtype129.a(coap-timer.o)
 *fill*         0x000000000003987d        0x3 
 .bss           0x0000000000039880      0x334 build/cooja/mtype129.a(coap-transactio)
 .bss           0x0000000000039bb4        0x6 build/cooja/mtype129.a(coap.o)
                0x0000000000039bb4                coap_status_code
 .bss           0x0000000000039bba        0x0 build/cooja/mtype129.a(contiki-main.o)
 .bss           0x0000000000039bba        0x0 build/cooja/mtype129.a(autostart.o)
 *fill*         0x0000000000039bba        0x2 
 .bss           0x0000000000039bbc        0x5 build/cooja/mtype129.a(ctimer.o)
 *fill*         0x0000000000039bc1        0x3 
 .bss           0x0000000000039bc4       0x2c build/cooja/mtype129.a(log.o)
                0x0000000000039bc4                curr_log_level_rpl
                0x0000000000039bc8                curr_log_level_tcpip
                0x0000000000039bcc                curr_log_level_ipv6
                0x0000000000039bd0                curr_log_level_6lowpan
                0x0000000000039bd4                curr_log_level_nullnet
                0x0000000000039bd8                curr_log_level_mac
                0x0000000000039bdc                curr_log_level_framer
                0x0000000000039be0                curr_log_level_6top
                0x0000000000039be4                curr_log_level_coap
                0x0000000000039be8                curr_log_level_snmp
                0x0000000000039bec                curr_log_level_lwm2m
 .bss           0x0000000000039bf0        0x0 build/cooja/mtype129.a(energest.o)
 .bss           0x0000000000039bf0        0x8 build/cooja/mtype129.a(etimer.o)
 .bss           0x0000000000039bf8        0x2 build/cooja/mtype129.a(node-id.o)
                0x0000000000039bf8                node_id
 *fill*         0x0000000000039bfa        0x2 
 .bss           0x0000000000039bfc        0x4 build/cooja/mtype129.a(rtimer.o)
 .bss           0x0000000000039c00      0x1a1 build/cooja/mtype129.a(process.o)
                0x0000000000039c00                process_list
                0x0000000000039c04                process_current
 .bss           0x0000000000039da1        0x0 build/cooja/mtype129.a(timer.o)
 .bss           0x0000000000039da1        0x0 build/cooja/mtype129.a(list.o)
 .bss           0x0000000000039da1        0x0 build/cooja/mtype129.a(memb.o)
 *fill*         0x0000000000039da1        0x3 
 .bss           0x0000000000039da4       0x10 build/cooja/mtype129.a(button-hal.o)
 *fill*         0x0000000000039db4        0xc 
 .bss           0x0000000000039dc0      0x140 build/cooja/mtype129.a(serial-line.o)
 .bss           0x0000000000039f00        0x4 build/cooja/mtype129.a(gpio-hal.o)
 *fill*         0x0000000000039f04       0x1c 
 .bss           0x0000000000039f20     0x2c80 build/cooja/mtype129.a(queuebuf.o)
 .bss           0x000000000003cba0       0xa0 build/cooja/mtype129.a(packetbuf.o)
 .bss           0x000000000003cc40        0x4 build/cooja/mtype129.a(netstack.o)
 .bss           0x000000000003cc44        0x0 build/cooja/mtype129.a(linkaddr.o)
 .bss           0x000000000003cc44        0x0 build/cooja/mtype129.a(csma.o)
 *fill*         0x000000000003cc44       0x1c 
 .bss           0x000000000003cc60      0x726 build/cooja/mtype129.a(csma-output.o)
 *fill*         0x000000000003d386        0x2 
 .bss           0x000000000003d388       0x30 build/cooja/mtype129.a(uip-ds6.o)
 .bss           0x000000000003d3b8        0x0 build/cooja/mtype129.a(uip-udp-packet.)
 *fill*         0x000000000003d3b8        0x8 
 .bss           0x000000000003d3c0      0x2a4 build/cooja/mtype129.a(uip-ds6-route.o)
 .bss           0x000000000003d664       0x10 build/cooja/mtype129.a(tcpip.o)
 .bss           0x000000000003d674        0x8 build/cooja/mtype129.a(uip6.o)
                0x000000000003d674                uip_ext_bitmap
                0x000000000003d676                uip_ext_len
                0x000000000003d678                uip_last_proto
 *fill*         0x000000000003d67c        0x4 
 .bss           0x000000000003d680       0xf0 build/cooja/mtype129.a(uip-ds6-nbr.o)
 .bss           0x000000000003d770       0x10 build/cooja/mtype129.a(uip-nd6.o)
 .bss           0x000000000003d780      0x724 build/cooja/mtype129.a(sicslowpan.o)
 .bss           0x000000000003dea4        0x0 build/cooja/mtype129.a(uiplib.o)
 .bss           0x000000000003dea4        0x1 build/cooja/mtype129.a(rpl.o)
 .bss           0x000000000003dea5        0x0 build/cooja/mtype129.a(rpl-icmp6.o)
 *fill*         0x000000000003dea5        0x3 
 .bss           0x000000000003dea8       0x11 build/cooja/mtype129.a(rpl-dag-root.o)
 .bss           0x000000000003deb9        0x0 build/cooja/mtype129.a(watchdog.o)
 *fill*         0x000000000003deb9        0x3 
 .bss           0x000000000003debc        0x4 build/cooja/mtype129.a(int-master.o)
 .bss           0x000000000003dec0       0x1c build/cooja/mtype129.a(coap-timer-defa)
 .bss           0x000000000003dedc        0x0 build/cooja/mtype129.a(stimer.o)
 .bss           0x000000000003dedc        0x0 build/cooja/mtype129.a(ringbuf.o)
 .bss           0x000000000003dedc        0x0 build/cooja/mtype129.a(assert.o)
 *fill*         0x000000000003dedc        0x4 