Archive member included to satisfy reference by file (symbol)

build/cooja/mtype943.a(simEnvChange.o)
                              build/cooja/mtype943.o (simDontFallAsleep)
build/cooja/mtype943.a(cooja_mt.o)
                              build/cooja/mtype943.o (cooja_mt_start)
build/cooja/mtype943.a(cooja_mtarch.o)
                              build/cooja/mtype943.a(cooja_mt.o) (cooja_mtarch_start)
build/cooja/mtype943.a(rtimer-arch.o)
                              build/cooja/mtype943.o (rtimer_arch_check)
build/cooja/mtype943.a(beep.o)
                              build/cooja/mtype943.o (beep_interface)
build/cooja/mtype943.a(leds-arch.o)
                              build/cooja/mtype943.o (leds_interface)
build/cooja/mtype943.a(moteid.o)
                              build/cooja/mtype943.o (moteid_interface)
build/cooja/mtype943.a(pir-sensor.o)
                              build/cooja/mtype943.o (pir_interface)
build/cooja/mtype943.a(rs232.o)
                              build/cooja/mtype943.o (rs232_interface)
build/cooja/mtype943.a(vib-sensor.o)
                              build/cooja/mtype943.o (vib_interface)
build/cooja/mtype943.a(clock.o)
                              build/cooja/mtype943.o (clock_interface)
build/cooja/mtype943.a(cooja-log.o)
                              build/cooja/mtype943.o (simlog_interface)
build/cooja/mtype943.a(cfs-cooja.o)
                              build/cooja/mtype943.o (cfs_interface)
build/cooja/mtype943.a(cooja-radio.o)
                              build/cooja/mtype943.o (radio_interface)
build/cooja/mtype943.a(eeprom.o)
                              build/cooja/mtype943.o (eeprom_interface)
build/cooja/mtype943.a(random.o)
                              build/cooja/mtype943.a(moteid.o) (random_init)
build/cooja/mtype943.a(sensors.o)
                              build/cooja/mtype943.a(pir-sensor.o) (sensors_changed)
build/cooja/mtype943.a(leds.o)
                              build/cooja/mtype943.a(leds-arch.o) (leds_get)
build/cooja/mtype943.a(gpio-hal-arch.o)
                              build/cooja/mtype943.a(leds-arch.o) (gpio_hal_arch_register_pin_callback)
build/cooja/mtype943.a(buttons.o)
                              build/cooja/mtype943.o (button_interface)
build/cooja/mtype943.a(mqtt.o)
                              mqtt-client-consumption.o (mqtt_register)
build/cooja/mtype943.a(contiki-main.o)
                              build/cooja/mtype943.o (main)
build/cooja/mtype943.a(autostart.o)
                              build/cooja/mtype943.a(contiki-main.o) (autostart_start)
build/cooja/mtype943.a(ctimer.o)
                              build/cooja/mtype943.a(contiki-main.o) (ctimer_init)
build/cooja/mtype943.a(log.o)
                              build/cooja/mtype943.a(contiki-main.o) (curr_log_level_main)
build/cooja/mtype943.a(energest.o)
                              build/cooja/mtype943.a(contiki-main.o) (energest_init)
build/cooja/mtype943.a(etimer.o)
                              build/cooja/mtype943.a(contiki-main.o) (etimer_process)
build/cooja/mtype943.a(node-id.o)
                              mqtt-client-consumption.o (node_id)
build/cooja/mtype943.a(rtimer.o)
                              build/cooja/mtype943.a(contiki-main.o) (rtimer_init)
build/cooja/mtype943.a(process.o)
                              build/cooja/mtype943.a(mqtt.o) (process_current)
build/cooja/mtype943.a(timer.o)
                              build/cooja/mtype943.a(mqtt.o) (timer_set)
build/cooja/mtype943.a(list.o)
                              build/cooja/mtype943.a(mqtt.o) (list_init)
build/cooja/mtype943.a(button-hal.o)
                              build/cooja/mtype943.o (button_hal_init)
build/cooja/mtype943.a(serial-line.o)
                              build/cooja/mtype943.a(rs232.o) (serial_line_input_byte)
build/cooja/mtype943.a(gpio-hal.o)
                              build/cooja/mtype943.a(button-hal.o) (gpio_hal_register_handler)
build/cooja/mtype943.a(queuebuf.o)
                              build/cooja/mtype943.a(contiki-main.o) (queuebuf_init)
build/cooja/mtype943.a(packetbuf.o)
                              build/cooja/mtype943.a(cooja-radio.o) (packetbuf_clear)
build/cooja/mtype943.a(netstack.o)
                              build/cooja/mtype943.a(contiki-main.o) (netstack_init)
build/cooja/mtype943.a(linkaddr.o)
                              mqtt-client-consumption.o (linkaddr_node_addr)
build/cooja/mtype943.a(csma.o)
                              build/cooja/mtype943.a(cooja-radio.o) (csma_driver)
build/cooja/mtype943.a(csma-output.o)
                              build/cooja/mtype943.a(csma.o) (csma_output_packet)
build/cooja/mtype943.a(uip-ds6.o)
                              build/cooja/mtype943.a(contiki-main.o) (uip_ds6_get_link_local)
build/cooja/mtype943.a(tcp-socket.o)
                              build/cooja/mtype943.a(mqtt.o) (tcp_socket_register)
build/cooja/mtype943.a(uip-ds6-route.o)
[...]
Memory Configuration

Name             Origin             Length             Attributes
*default*        0x0000000000000000 0xffffffffffffffff

Linker script and memory map

LOAD /usr/lib/gcc/i686-linux-gnu/5/../../../i386-linux-gnu/crti.o
LOAD /usr/lib/gcc/i686-linux-gnu/5/crtbeginS.o
LOAD mqtt-client-consumption.o
LOAD build/cooja/mtype943.o
LOAD build/cooja/mtype943.a
LOAD /usr/lib/gcc/i686-linux-gnu/5/libgcc.a
LOAD /usr/lib/gcc/i686-linux-gnu/5/libgcc_s.so
LOAD /usr/lib/gcc/i686-linux-gnu/5/../../../i386-linux-gnu/libc.so
START GROUP
LOAD /lib/i386-linux-gnu/libc.so.6
LOAD /usr/lib/i386-linux-gnu/libc_nonshared.a
LOAD /lib/i386-linux-gnu/ld-linux.so.2
END GROUP
LOAD /usr/lib/gcc/i686-linux-gnu/5/libgcc.a
LOAD /usr/lib/gcc/i686-linux-gnu/5/libgcc_s.so
LOAD /usr/lib/gcc/i686-linux-gnu/5/crtendS.o
LOAD /usr/lib/gcc/i686-linux-gnu/5/../../../i386-linux-gnu/crtn.o
                0x0000000000000114                . = (0x0 + SIZEOF_HEADERS)

.note.gnu.build-id
                0x0000000000000114       0x24
 *(.note.gnu.build-id)
 .note.gnu.build-id
                0x0000000000000114       0x24 /usr/lib/gcc/i686-linux-gnu/5/../../../i386-linux-gnu/crti.o

.hash
 *(.hash)

.gnu.hash       0x0000000000000138     0x149c
 *(.gnu.hash)
 .gnu.hash      0x0000000000000138     0x149c /usr/lib/gcc/i686-linux-gnu/5/../../../i386-linux-gnu/crti.o

.dynsym         0x00000000000015d4     0x2af0
 *(.dynsym)
 .dynsym        0x00000000000015d4     0x2af0 /usr/lib/gcc/i686-linux-gnu/5/../../../i386-linux-gnu/crti.o

.dynstr         0x00000000000040c4     0x303f
 *(.dynstr)
 .dynstr        0x00000000000040c4     0x303f /usr/lib/gcc/i686-linux-gnu/5/../../../i386-linux-gnu/crti.o

.gnu.version    0x0000000000007104      0x55e
 *(.gnu.version)
 .gnu.version   0x0000000000007104      0x55e /usr/lib/gcc/i686-linux-gnu/5/../../../i386-linux-gnu/crti.o

.gnu.version_d  0x0000000000007664        0x0
 *(.gnu.version_d)
 .gnu.version_d
                0x0000000000007664        0x0 /usr/lib/gcc/i686-linux-gnu/5/../../../i386-linux-gnu/crti.o

.gnu.version_r  0x0000000000007664       0x40
 *(.gnu.version_r)
 .gnu.version_r
                0x0000000000007664       0x40 /usr/lib/gcc/i686-linux-gnu/5/../../../i386-linux-gnu/crti.o

.rel.dyn        0x00000000000076a4     0x9b80
 *(.rel.init)
 .rel.init      0x00000000000076a4        0x0 /usr/lib/gcc/i686-linux-gnu/5/../../../i386-linux-gnu/crti.o
 *(.rel.text .rel.text.* .rel.gnu.linkonce.t.*)
 .rel.text      0x00000000000076a4     0x9370 /usr/lib/gcc/i686-linux-gnu/5/../../../i386-linux-gnu/crti.o
 *(.rel.fini)
 .rel.fini      0x0000000000010a14        0x0 /usr/lib/gcc/i686-linux-gnu/5/../../../i386-linux-gnu/crti.o
 *(.rel.rodata .rel.rodata.* .rel.gnu.linkonce.r.*)
 .rel.rodata    0x0000000000010a14      0x448 /usr/lib/gcc/i686-linux-gnu/5/../../../i386-linux-gnu/crti.o
 *(.rel.data.rel.ro .rel.data.rel.ro.* .rel.gnu.linkonce.d.rel.ro.*)
 *(.rel.data .rel.data.* .rel.gnu.linkonce.d.*)
 .rel.data.rel.local
                0x0000000000010e5c        0x8 /usr/lib/gcc/i686-linux-gnu/5/../../../i386-linux-gnu/crti.o
 .rel.data      0x0000000000010e64      0x388 /usr/lib/gcc/i686-linux-gnu/5/../../../i386-linux-gnu/crti.o
 *(.rel.tdata .rel.tdata.* .rel.gnu.linkonce.td.*)
 *(.rel.tbss .rel.tbss.* .rel.gnu.linkonce.tb.*)
 *(.rel.ctors)
 *(.rel.dtors)
 *(.rel.got)
 .rel.got       0x00000000000111ec       0x28 /usr/lib/gcc/i686-linux-gnu/5/../../../i386-linux-gnu/crti.o
 *(.rel.bss .rel.bss.* .rel.gnu.linkonce.b.*)
 *(.rel.ifunc)
 .rel.ifunc     0x0000000000011214        0x0 /usr/lib/gcc/i686-linux-gnu/5/../../../i386-linux-gnu/crti.o
 .rel.fini_array
                0x0000000000011214        0x8 /usr/lib/gcc/i686-linux-gnu/5/../../../i386-linux-gnu/crti.o
 .rel.init_array
                0x000000000001121c        0x8 /usr/lib/gcc/i686-linux-gnu/5/../../../i386-linux-gnu/crti.o

.rel.plt        0x0000000000011224        0x0
 *(.rel.plt)
 .rel.plt       0x0000000000011224        0x0 /usr/lib/gcc/i686-linux-gnu/5/../../../i386-linux-gnu/crti.o
 *(.rel.iplt)

.init           0x0000000000011224       0x23
 *(SORT(.init))
 .init          0x0000000000011224       0x1e /usr/lib/gcc/i686-linux-gnu/5/../../../i386-linux-gnu/crti.o
                0x0000000000011224                _init
 .init          0x0000000000011242        0x5 /usr/lib/gcc/i686-linux-gnu/5/../../../i386-linux-gnu/crtn.o

.plt            0x0000000000011250       0x10
 *(.plt)
 .plt           0x0000000000011250       0x10 /usr/lib/gcc/i686-linux-gnu/5/../../../i386-linux-gnu/crti.o
 *(.iplt)

.plt.got        0x0000000000011260       0x10
 *(.plt.got)
 .plt.got       0x0000000000011260       0x10 /usr/lib/gcc/i686-linux-gnu/5/../../../i386-linux-gnu/crti.o

.text           0x0000000000011270    0x19ee0
 *(.text.unlikely .text.*_unlikely .text.unlikely.*)
 .text.unlikely
                0x0000000000011270        0x0 /usr/lib/gcc/i686-linux-gnu/5/crtbeginS.o
 *(.text.exit .text.exit.*)
 *(.text.startup .text.startup.*)
 *(.text.hot .text.hot.*)
 *(.text .stub .text.* .gnu.linkonce.t.*)
 .text          0x0000000000011270        0x0 /usr/lib/gcc/i686-linux-gnu/5/../../../i386-linux-gnu/crti.o
 .gnu.linkonce.t.__x86.get_pc_thunk.bx
                0x0000000000011270        0x4 /usr/lib/gcc/i686-linux-gnu/5/../../../i386-linux-gnu/crti.o
                0x0000000000011270                __x86.get_pc_thunk.bx
 *fill*         0x0000000000011274        0xc 
 .text          0x0000000000011280      0x11c /usr/lib/gcc/i686-linux-gnu/5/crtbeginS.o
 .text.__x86.get_pc_thunk.dx
                0x000000000001139c        0x4 /usr/lib/gcc/i686-linux-gnu/5/crtbeginS.o
                0x000000000001139c                __x86.get_pc_thunk.dx
 .text          0x00000000000113a0      0x5b8 mqtt-client-consumption.o
 .text          0x0000000000011958      0x283 build/cooja/mtype943.o
                0x00000000000119ea                platform_init_stage_one
                0x00000000000119fd                platform_init_stage_two
                0x0000000000011a10                platform_init_stage_three
                0x0000000000011a23                platform_main_loop
                0x0000000000011a96                Java_org_contikios_cooja_corecomm_Lib2_init
                0x0000000000011acd                Java_org_contikios_cooja_corecomm_Lib2_getMemory
                0x0000000000011b00                Java_org_contikios_cooja_corecomm_Lib2_setMemory
                0x0000000000011b60                Java_org_contikios_cooja_corecomm_Lib2_tick
                0x0000000000011bc8                Java_org_contikios_cooja_corecomm_Lib2_setReferenceAddress
 .text          0x0000000000011bdb       0x65 build/cooja/mtype943.a(simEnvChange.o)
                0x0000000000011bdb                doActionsBeforeTick
                0x0000000000011c0d                doActionsAfterTick
 .text          0x0000000000011c40       0x83 build/cooja/mtype943.a(cooja_mt.o)
                0x0000000000011c40                cooja_mt_start
                0x0000000000011c6a                cooja_mt_exec
                0x0000000000011ca0                cooja_mt_yield
 .text          0x0000000000011cc3       0xbe build/cooja/mtype943.a(cooja_mtarch.o)
                0x0000000000011cc3                cooja_mtarch_start
                0x0000000000011d36                cooja_sw
                0x0000000000011d59                cooja_mtarch_exec
                0x0000000000011d76                cooja_mtarch_yield
 .text          0x0000000000011d81       0xc5 build/cooja/mtype943.a(rtimer-arch.o)
                0x0000000000011d81                rtimer_arch_init
                0x0000000000011da5                rtimer_arch_schedule
                0x0000000000011dd5                rtimer_arch_next
                0x0000000000011de5                rtimer_arch_pending
                0x0000000000011def                rtimer_arch_check
                0x0000000000011e36                rtimer_arch_now
 .text          0x0000000000011e46       0x81 build/cooja/mtype943.a(beep.o)
                0x0000000000011e46                beep_alarm
                0x0000000000011e53                beep_beep
                0x0000000000011e60                beep
                0x0000000000011e6d                beep_down
                0x0000000000011e7a                beep_on
                0x0000000000011e87                beep_off
                0x0000000000011e94                beep_spinup
                0x0000000000011ea1                beep_quick
                0x0000000000011eae                beep_long
 .text          0x0000000000011ec7       0x65 build/cooja/mtype943.a(leds-arch.o)
                0x0000000000011eda                leds_arch_init
 .text          0x0000000000011f2c       0x35 build/cooja/mtype943.a(moteid.o)
 .text          0x0000000000011f61       0xb7 build/cooja/mtype943.a(pir-sensor.o)
 .text          0x0000000000012018      0x148 build/cooja/mtype943.a(rs232.o)
                0x0000000000012018                rs232_init
                0x000000000001201e                rs232_set_speed
                0x000000000001202d                rs232_set_input
                0x000000000001203b                rs232_send
                0x000000000001205f                rs232_print
                0x000000000001207b                slip_arch_writeb
 .text          0x0000000000012160       0xb7 build/cooja/mtype943.a(vib-sensor.o)
 .text          0x0000000000012217       0x38 build/cooja/mtype943.a(clock.o)
                0x0000000000012217                clock_init
                0x000000000001221d                clock_time
                0x0000000000012227                clock_seconds
                0x000000000001223d                clock_delay
 .text          0x000000000001224f      0x219 build/cooja/mtype943.a(cooja-log.o)
                0x000000000001224f                simlog_char
                0x0000000000012292                simlog
                0x0000000000012308                log_message
                0x0000000000012339                log_set_putchar_with_slip
                0x0000000000012347                log_putchar
                0x00000000000123c2                log_puts
                0x00000000000123ea                log_printf
 .text          0x0000000000012468      0x2b9 build/cooja/mtype943.a(cfs-cooja.o)
                0x0000000000012468                cfs_open
                0x00000000000124d1                cfs_close
                0x00000000000124de                cfs_read
                0x0000000000012573                cfs_write
                0x000000000001264f                cfs_seek
                0x00000000000126d7                cfs_remove
                0x00000000000126fb                cfs_opendir
                0x0000000000012705                cfs_readdir
                0x000000000001270f                cfs_closedir
 .text          0x0000000000012721      0x620 build/cooja/mtype943.a(cooja-radio.o)
                0x0000000000012763                radio_set_channel
                0x0000000000012771                radio_set_txpower
                0x0000000000012789                radio_signal_strength_last
                0x0000000000012793                radio_signal_strength_current
                0x000000000001279d                radio_LQI
 .text          0x0000000000012d41       0xee build/cooja/mtype943.a(eeprom.o)
                0x0000000000012d41                eeprom_init
                0x0000000000012d47                eeprom_read
                0x0000000000012db5                eeprom_write
 .text          0x0000000000012e2f       0x2d build/cooja/mtype943.a(random.o)
                0x0000000000012e2f                random_init
                0x0000000000012e4f                random_rand
 .text          0x0000000000012e5c      0x29c build/cooja/mtype943.a(sensors.o)
                0x0000000000012e97                sensors_first
                0x0000000000012ea1                sensors_next
                0x0000000000012ebb                sensors_changed
                0x0000000000012eef                sensors_find
 .text          0x00000000000130f8      0x349 build/cooja/mtype943.a(leds.o)
                0x00000000000130f8                leds_init
                0x000000000001313f                leds_single_on
                0x000000000001319e                leds_single_off
                0x00000000000131fd                leds_single_toggle
                0x000000000001322f                leds_on
                0x00000000000132b1                leds_off
                0x0000000000013333                leds_toggle
                0x0000000000013388                leds_set
                0x00000000000133b4                leds_get
 .text          0x0000000000013441      0x343 build/cooja/mtype943.a(gpio-hal-arch.o)
                0x0000000000013441                gpio_hal_arch_register_pin_callback
                0x00000000000134ad                gpio_hal_arch_init
                0x00000000000134f2                gpio_hal_arch_no_port_interrupt_enable
                0x0000000000013522                gpio_hal_arch_no_port_interrupt_disable
                0x0000000000013552                gpio_hal_arch_no_port_pin_cfg_set
                0x0000000000013577                gpio_hal_arch_no_port_pin_cfg_get
                0x000000000001359d                gpio_hal_arch_no_port_pin_set_input
                0x00000000000135af                gpio_hal_arch_no_port_pin_set_output
                0x00000000000135c1                gpio_hal_arch_no_port_set_pin
                0x00000000000135e2                gpio_hal_arch_no_port_clear_pin
                0x0000000000013603                gpio_hal_arch_no_port_read_pin
                0x0000000000013629                gpio_hal_arch_no_port_write_pin
                0x0000000000013653                gpio_hal_arch_no_port_set_pins
                0x000000000001369a                gpio_hal_arch_no_port_clear_pins
                0x00000000000136e1                gpio_hal_arch_no_port_read_pins
                0x0000000000013724                gpio_hal_arch_no_port_write_pins
 .text          0x0000000000013784       0x89 build/cooja/mtype943.a(buttons.o)
 .text          0x000000000001380d     0x388f build/cooja/mtype943.a(mqtt.o)
                0x0000000000016aaa                mqtt_init
                0x0000000000016b68                mqtt_register
                0x0000000000016c05                mqtt_connect
                0x0000000000016d33                mqtt_disconnect
                0x0000000000016d71                mqtt_subscribe
                0x0000000000016e2e                mqtt_unsubscribe
                0x0000000000016edc                mqtt_publish
                0x0000000000016fbd                mqtt_set_username_password
                0x0000000000017048                mqtt_set_last_will
 .text          0x000000000001709c      0x32d build/cooja/mtype943.a(contiki-main.o)
                0x000000000001709c                main
 .text          0x00000000000173c9       0x92 build/cooja/mtype943.a(autostart.o)
                0x00000000000173c9                autostart_start
                0x0000000000017413                autostart_exit
 .text          0x000000000001745b      0x355 build/cooja/mtype943.a(ctimer.o)
                0x0000000000017583                ctimer_init
                0x00000000000175b6                ctimer_set
                0x00000000000175dc                ctimer_set_with_process
                0x0000000000017659                ctimer_reset
                0x00000000000176ad                ctimer_restart
                0x0000000000017701                ctimer_stop
                0x0000000000017751                ctimer_expired
 .text          0x00000000000177b0      0x394 build/cooja/mtype943.a(log.o)
                0x00000000000177b0                log_6addr
                0x0000000000017803                log_6addr_compact_snprint
                0x00000000000178a1                log_6addr_compact
                0x00000000000178f4                log_lladdr
                0x0000000000017966                log_lladdr_compact
                0x00000000000179ce                log_set_level
                0x0000000000017a89                log_get_level
                0x0000000000017b02                log_level_to_str
 .text          0x0000000000017b44       0x1b build/cooja/mtype943.a(energest.o)
                0x0000000000017b44                energest_init
                0x0000000000017b4a                energest_flush
                0x0000000000017b50                energest_get_total_time
 .text          0x0000000000017b5f      0x43f build/cooja/mtype943.a(etimer.o)
                0x0000000000017d83                etimer_request_poll
                0x0000000000017e0c                etimer_set
                0x0000000000017e35                etimer_reset_with_new_interval
                0x0000000000017e64                etimer_reset
                0x0000000000017e8a                etimer_restart
                0x0000000000017eb0                etimer_adjust
                0x0000000000017ecd                etimer_expired
                0x0000000000017ee0                etimer_expiration_time
                0x0000000000017ef2                etimer_start_time
                0x0000000000017efc                etimer_pending
                0x0000000000017f0e                etimer_next_expiration_time
                0x0000000000017f28                etimer_stop
 .text          0x0000000000017f9e       0x25 build/cooja/mtype943.a(node-id.o)
                0x0000000000017f9e                node_id_init
 .text          0x0000000000017fc3       0xeb build/cooja/mtype943.a(rtimer.o)
                0x0000000000017fc3                rtimer_init
                0x0000000000017fd1                rtimer_set
                0x000000000001804c                rtimer_run_next
 .text          0x00000000000180ae      0x4fb build/cooja/mtype943.a(process.o)
                0x00000000000180ae                process_alloc_event
                0x00000000000180c3                process_start
                0x000000000001829d                process_exit
                0x00000000000182ba                process_init
                0x000000000001844f                process_run
                0x0000000000018482                process_nevents
                0x000000000001849d                process_post
                0x0000000000018530                process_post_synch
                0x0000000000018565                process_poll
                0x0000000000018595                process_is_running
 .text          0x00000000000185a9       0xb1 build/cooja/mtype943.a(timer.o)
                0x00000000000185a9                timer_set
                0x00000000000185c7                timer_reset
                0x00000000000185f4                timer_restart
                0x0000000000018609                timer_expired
                0x0000000000018636                timer_remaining
 .text          0x000000000001865a      0x28f build/cooja/mtype943.a(list.o)
                0x000000000001865a                list_init
                0x0000000000018669                list_head
                0x0000000000018673                list_copy
                0x0000000000018683                list_tail
                0x00000000000186b9                list_add
                0x0000000000018705                list_push
                0x0000000000018731                list_chop
                0x000000000001879b                list_pop
                0x00000000000187c3                list_remove
                0x000000000001882b                list_length
                0x0000000000018859                list_insert
                0x000000000001889e                list_item_next
                0x00000000000188b5                list_contains
 .text          0x00000000000188e9      0x41c build/cooja/mtype943.a(button-hal.o)
                0x0000000000018a62                button_hal_get_by_id
                0x0000000000018aa0                button_hal_get_by_index
                0x0000000000018acc                button_hal_get_state
                0x0000000000018b1e                button_hal_init
 .text          0x0000000000018d05      0x1f3 build/cooja/mtype943.a(serial-line.o)
                0x0000000000018d05                serial_line_input_byte
                0x0000000000018ec3                serial_line_init
 .text          0x0000000000018ef8      0x168 build/cooja/mtype943.a(gpio-hal.o)
                0x0000000000018ef8                gpio_hal_register_handler
                0x0000000000018f15                gpio_hal_event_handler
                0x0000000000018f71                gpio_hal_init
                0x0000000000018f90                gpio_hal_arch_port_toggle_pin
                0x0000000000018fcc                gpio_hal_arch_port_toggle_pins
                0x0000000000018ffa                gpio_hal_arch_no_port_toggle_pin
                0x0000000000019038                gpio_hal_arch_no_port_toggle_pins
 .text          0x0000000000019060      0x2e7 build/cooja/mtype943.a(queuebuf.o)
                0x000000000001906a                queuebuf_init
                0x0000000000019093                queuebuf_numfree
                0x00000000000190ab                queuebuf_new_from_packetbuf
                0x000000000001914a                queuebuf_update_attr_from_packetbuf
                0x000000000001917f                queuebuf_update_from_packetbuf
                0x00000000000191cf                queuebuf_free
                0x0000000000019218                queuebuf_to_packetbuf
                0x0000000000019284                queuebuf_dataptr
                0x00000000000192be                queuebuf_datalen
                0x00000000000192e1                queuebuf_addr
                0x0000000000019316                queuebuf_attr
                0x0000000000019341                queuebuf_debug_print
 .text          0x0000000000019347      0x407 build/cooja/mtype943.a(packetbuf.o)
                0x0000000000019347                packetbuf_clear
                0x0000000000019372                packetbuf_copyfrom
                0x00000000000193c1                packetbuf_copyto
                0x0000000000019454                packetbuf_hdralloc
                0x00000000000194d0                packetbuf_hdrreduce
                0x0000000000019516                packetbuf_set_datalen
                0x0000000000019530                packetbuf_dataptr
                0x000000000001954d                packetbuf_hdrptr
                0x0000000000019557                packetbuf_datalen
                0x0000000000019563                packetbuf_hdrlen
                0x000000000001957a                packetbuf_totlen
                0x0000000000019590                packetbuf_remaininglen
                0x00000000000195a3                packetbuf_attr_clear
                0x00000000000195ef                packetbuf_attr_copyto
                0x0000000000019647                packetbuf_attr_copyfrom
                0x000000000001969f                packetbuf_set_attr
                0x00000000000196c9                packetbuf_attr
                0x00000000000196e3                packetbuf_set_addr
                0x0000000000019714                packetbuf_addr
                0x0000000000019731                packetbuf_holds_broadcast
 .text          0x000000000001974e       0xef build/cooja/mtype943.a(netstack.o)
                0x000000000001974e                netstack_process_ip_callback
                0x00000000000197df                netstack_ip_packet_processor_add
                0x0000000000019802                uip_ds6_ip_packet_processor_rm
                0x000000000001981f                netstack_init
 .text          0x000000000001983d       0x4f build/cooja/mtype943.a(linkaddr.o)
                0x000000000001983d                linkaddr_copy
                0x0000000000019853                linkaddr_cmp
                0x0000000000019876                linkaddr_set_node_addr
 .text          0x000000000001988c      0x1f6 build/cooja/mtype943.a(csma.o)
 .text          0x0000000000019a82      0x95d build/cooja/mtype943.a(csma-output.o)
                0x000000000001a119                csma_output_packet
                0x000000000001a3a6                csma_output_init
 .text          0x000000000001a3df      0xc11 build/cooja/mtype943.a(uip-ds6.o)
                0x000000000001a3df                uip_ds6_default_prefix
                0x000000000001a3e9                uip_ds6_set_default_prefix
                0x000000000001a414                uip_ds6_init
                0x000000000001a676                uip_ds6_periodic
                0x000000000001a6fd                uip_ds6_list_loop
                0x000000000001a7bd                uip_ds6_prefix_add
                0x000000000001a869                uip_ds6_prefix_rm
                0x000000000001a87c                uip_ds6_prefix_lookup
                0x000000000001a8bb                uip_ds6_is_addr_onlink
                0x000000000001a92e                uip_ds6_addr_add
                0x000000000001aa4e                uip_ds6_addr_rm
                0x000000000001aaf7                uip_ds6_addr_lookup
                0x000000000001ab30                uip_ds6_get_link_local
                0x000000000001abb1                uip_ds6_get_global
                0x000000000001ac32                uip_ds6_maddr_add
                0x000000000001ac92                uip_ds6_maddr_rm
                0x000000000001aca5                uip_ds6_maddr_lookup
                0x000000000001acde                uip_ds6_aaddr_add
                0x000000000001ad3e                uip_ds6_aaddr_rm
                0x000000000001ad51                uip_ds6_aaddr_lookup
                0x000000000001ad8a                uip_ds6_select_src
                0x000000000001aed3                uip_ds6_set_addr_iid
                0x000000000001aefe                uip_ds6_set_lladdr_from_iid
                0x000000000001af27                get_match_length
                0x000000000001afb8                uip_ds6_compute_reachable_time
 .text          0x000000000001aff0      0x9d5 build/cooja/mtype943.a(tcp-socket.o)
                0x000000000001b63b                tcp_socket_register
                0x000000000001b6cc                tcp_socket_connect
                0x000000000001b763                tcp_socket_listen
                0x000000000001b7da                tcp_socket_unlisten
                0x000000000001b84e                tcp_socket_send
                0x000000000001b8ee                tcp_socket_send_str
                0x000000000001b916                tcp_socket_close
                0x000000000001b93f                tcp_socket_unregister
                0x000000000001b999                tcp_socket_max_sendlen
                0x000000000001b9b6                tcp_socket_queuelen
 .text          0x000000000001b9c5      0x35b build/cooja/mtype943.a(uip-ds6-route.o)
                0x000000000001ba16                uip_ds6_route_init
                0x000000000001ba40                uip_ds6_route_nexthop
                0x000000000001ba4a                uip_ds6_route_head
                0x000000000001ba54                uip_ds6_route_next
                0x000000000001ba5e                uip_ds6_route_is_nexthop
                0x000000000001ba68                uip_ds6_route_num_routes
                0x000000000001ba72                uip_ds6_route_lookup
                0x000000000001ba7c                uip_ds6_route_add
                0x000000000001ba8f                uip_ds6_route_rm
                0x000000000001ba95                uip_ds6_route_rm_by_nexthop
                0x000000000001ba9b                uip_ds6_defrt_head
                0x000000000001bab4                uip_ds6_defrt_add
                0x000000000001bb62                uip_ds6_defrt_rm
                0x000000000001bbc8                uip_ds6_defrt_lookup
                0x000000000001bc2f                uip_ds6_defrt_choose
                0x000000000001bca5                uip_ds6_defrt_periodic
 .text          0x000000000001bd20      0xa3f build/cooja/mtype943.a(tcpip.o)
                0x000000000001bd3a                tcpip_output
                0x000000000001be1b                tcp_connect
                0x000000000001be73                tcp_unlisten
                0x000000000001bed3                tcp_listen
                0x000000000001bf31                tcp_attach
                0x000000000001bf49                udp_attach
                0x000000000001bf61                udp_new
                0x000000000001bfab                udp_broadcast_new
                0x000000000001c230                tcpip_input
                0x000000000001c3c0                tcpip_ipv6_output
                0x000000000001c5b4                tcpip_poll_udp
                0x000000000001c5d2                tcpip_poll_tcp
                0x000000000001c5f0                tcpip_uipcall
 .text          0x000000000001c75f     0x2d5b build/cooja/mtype943.a(uip6.o)
                0x000000000001c75f                uip_add32
                0x000000000001c8f9                uip_chksum
                0x000000000001c9d0                uip_icmp6chksum
                0x000000000001c9e5                uip_tcpchksum
                0x000000000001c9fa                uip_udpchksum
                0x000000000001ca0f                uip_init
                0x000000000001ca9f                uip_connect
                0x000000000001cc28                uip_remove_ext_hdr
                0x000000000001cd02                uip_udp_new
                0x000000000001ce24                uip_unlisten
                0x000000000001ce66                uip_listen
                0x000000000001d0fe                uip_process
                0x000000000001f394                uip_htons
                0x000000000001f3b6                uip_htonl
                0x000000000001f3f4                uip_send
 .text          0x000000000001f4ba      0x369 build/cooja/mtype943.a(uip-ds6-nbr.o)
                0x000000000001f4ba                uip_ds6_neighbors_init
                0x000000000001f4de                uip_ds6_nbr_add
                0x000000000001f564                uip_ds6_nbr_rm
                0x000000000001f5af                uip_ds6_nbr_update_ll
                0x000000000001f69d                uip_ds6_nbr_get_ipaddr
                0x000000000001f6b2                uip_ds6_nbr_get_ll
                0x000000000001f6ce                uip_ds6_nbr_num
                0x000000000001f717                uip_ds6_nbr_head
                0x000000000001f730                uip_ds6_nbr_next
                0x000000000001f74c                uip_ds6_nbr_lookup
                0x000000000001f7a4                uip_ds6_nbr_ll_lookup
                0x000000000001f7c0                uip_ds6_nbr_ipaddr_from_lladdr
                0x000000000001f7e9                uip_ds6_nbr_lladdr_from_ipaddr
                0x000000000001f81d                uip_ds6_link_callback
 .text          0x000000000001f823      0x6a7 build/cooja/mtype943.a(uip-nd6.o)
                0x000000000001feb1                uip_nd6_init
 .text          0x000000000001feca     0x2c17 build/cooja/mtype943.a(sicslowpan.o)
                0x00000000000204d1                netstack_sniffer_add
                0x00000000000204df                netstack_sniffer_remove
                0x0000000000022ab5                sicslowpan_init
                0x0000000000022ad7                sicslowpan_get_last_rssi
 .text          0x0000000000022ae1      0x4d1 build/cooja/mtype943.a(uiplib.o)
                0x0000000000022ae1                uiplib_ip6addrconv
                0x0000000000022c99                uiplib_ip4addrconv
                0x0000000000022d5c                uiplib_ipaddr_print
                0x0000000000022daf                uiplib_ipaddr_snprint
 .text          0x0000000000022fb2      0x4c9 build/cooja/mtype943.a(rpl.o)
                0x0000000000022fb2                rpl_lollipop_greater_than
                0x000000000002300c                rpl_get_global_address
                0x0000000000023104                rpl_link_callback
                0x0000000000023148                rpl_has_joined
                0x000000000002316d                rpl_is_reachable
                0x00000000000231ee                rpl_reset_prefix
                0x0000000000023258                rpl_set_prefix_from_addr
                0x000000000002333d                rpl_set_prefix
                0x0000000000023457                rpl_set_leaf_only
                0x000000000002346f                rpl_get_leaf_only
 .text          0x000000000002347b     0x138c build/cooja/mtype943.a(rpl-icmp6.o)
                0x00000000000235a0                rpl_icmp6_update_nbr_table
                0x0000000000023629                rpl_icmp6_dis_output
                0x0000000000023c6f                rpl_icmp6_dio_output
                0x000000000002446d                rpl_icmp6_dao_output
                0x000000000002474e                rpl_icmp6_dao_ack_output
                0x00000000000247be                rpl_icmp6_init
 .text          0x0000000000024807      0x264 build/cooja/mtype943.a(rpl-dag-root.o)
                0x0000000000024807                rpl_dag_root_print_links
                0x0000000000024933                rpl_dag_root_set_prefix
                0x000000000002495f                rpl_dag_root_start
                0x0000000000024a3c                rpl_dag_root_is_root
 .text          0x0000000000024a6b       0x30 build/cooja/mtype943.a(watchdog.o)
                0x0000000000024a6b                watchdog_init
                0x0000000000024a71                watchdog_start
                0x0000000000024a77                watchdog_periodic
                0x0000000000024a8f                watchdog_stop
                0x0000000000024a95                watchdog_reboot
 .text          0x0000000000024a9b       0x4a build/cooja/mtype943.a(int-master.o)
                0x0000000000024a9b                int_master_enable
                0x0000000000024aab                int_master_read_and_disable
                0x0000000000024ac8                int_master_status_set
                0x0000000000024ad6                int_master_is_enabled
 .text          0x0000000000024ae5       0xc7 build/cooja/mtype943.a(stimer.o)
                0x0000000000024ae5                stimer_set
                0x0000000000024b03                stimer_reset
                0x0000000000024b30                stimer_restart
                0x0000000000024b45                stimer_expired
                0x0000000000024b70                stimer_remaining
                0x0000000000024b94                stimer_elapsed
 .text          0x0000000000024bac      0x156 build/cooja/mtype943.a(ringbuf.o)
                0x0000000000024bac                ringbuf_init
                0x0000000000024bde                ringbuf_put
                0x0000000000024c5c                ringbuf_get
                0x0000000000024cc9                ringbuf_size
                0x0000000000024cdb                ringbuf_elements
 .text          0x0000000000024d02      0x1b5 build/cooja/mtype943.a(memb.o)
                0x0000000000024d02                memb_init
                0x0000000000024d57                memb_alloc
                0x0000000000024dba                memb_free
                0x0000000000024e31                memb_inmemb
                0x0000000000024e70                memb_numfree
 .text          0x0000000000024eb7       0x1f build/cooja/mtype943.a(assert.o)
                0x0000000000024eb7                _xassert
 .text          0x0000000000024ed6      0x79b build/cooja/mtype943.a(nbr-table.o)
                0x000000000002534f                nbr_table_register
                0x00000000000253bc                nbr_table_is_registered
                0x00000000000253f7                nbr_table_head
                0x0000000000025452                nbr_table_next
                0x00000000000254b3                nbr_table_add_lladdr
                0x000000000002558d                nbr_table_get_from_lladdr
                0x00000000000255d9                nbr_table_remove
                0x0000000000025611                nbr_table_lock
                0x000000000002562b                nbr_table_unlock
                0x0000000000025645                nbr_table_get_lladdr
 .text          0x0000000000025671      0x3a5 build/cooja/mtype943.a(link-stats.o)
                0x0000000000025671                link_stats_from_lladdr
                0x000000000002568d                link_stats_get_lladdr
                0x00000000000256a9                link_stats_is_fresh
                0x00000000000256e5                guess_etx_from_rssi
                0x0000000000025761                link_stats_packet_sent
                0x0000000000025881                link_stats_input_callback
                0x0000000000025991                link_stats_reset
                0x00000000000259e1                link_stats_init
 .text          0x0000000000025a16      0x187 build/cooja/mtype943.a(mac-sequence.o)
                0x0000000000025a16                mac_sequence_is_duplicate
                0x0000000000025ab6                mac_sequence_register_seqno
 .text          0x0000000000025b9d       0x23 build/cooja/mtype943.a(mac.o)
                0x0000000000025b9d                mac_call_sent_callback
 .text          0x0000000000025bc0      0x432 build/cooja/mtype943.a(framer-802154.o)
                0x0000000000025d4f                framer_802154_setup_params
 .text          0x0000000000025ff2      0xb6f build/cooja/mtype943.a(frame802154.o)
                0x0000000000026023                frame802154_get_pan_id
                0x000000000002602f                frame802154_set_pan_id
                0x0000000000026049                frame802154_has_panid
                0x00000000000261f8                frame802154_check_dest_panid
                0x0000000000026280                frame802154_is_broadcast_addr
                0x00000000000262cd                frame802154_extract_linkaddr
                0x0000000000026532                frame802154_hdrlen
                0x00000000000265a5                frame802154_create_fcf
                0x000000000002665d                frame802154_create
                0x00000000000267d2                frame802154_parse_fcf
                0x00000000000268b4                frame802154_parse
 .text          0x0000000000026b61       0x2d build/cooja/mtype943.a(csma-security.o)
                0x0000000000026b61                csma_security_create_frame
                0x0000000000026b7f                csma_security_parse_frame
 .text          0x0000000000026b8e      0x4e4 build/cooja/mtype943.a(uipbuf.o)
                0x0000000000026b8e                uipbuf_clear
                0x0000000000026bb5                uipbuf_add_ext_hdr
                0x0000000000026c35                uipbuf_set_len
                0x0000000000026c62                uipbuf_set_len_field
                0x0000000000026c8e                uipbuf_get_len_field
                0x0000000000026cae                uipbuf_get_next_header
                0x0000000000026de0                uipbuf_get_last_header
                0x0000000000026e59                uipbuf_search_header
                0x0000000000026f0f                uipbuf_get_attr
                0x0000000000026f36                uipbuf_set_attr
                0x0000000000026f6d                uipbuf_set_default_attr
                0x0000000000026fa4                uipbuf_clear_attr
                0x0000000000026fc8                uipbuf_set_attr_flag
                0x0000000000026fe9                uipbuf_clr_attr_flag
                0x0000000000027010                uipbuf_is_attr_flag
                0x0000000000027034                uipbuf_init
 .text          0x0000000000027072      0x73f build/cooja/mtype943.a(uip-icmp6.o)
                0x00000000000270e7                uip_icmp6_input
                0x000000000002713e                uip_icmp6_register_input_handler
                0x0000000000027291                uip_icmp6_error_output
                0x0000000000027542                uip_icmp6_send
                0x0000000000027739                uip_icmp6_echo_reply_callback_add
                0x000000000002776b                uip_icmp6_echo_reply_callback_rm
                0x0000000000027788                uip_icmp6_init
 .text          0x00000000000277b1      0x69b build/cooja/mtype943.a(uip-sr.o)
                0x00000000000277b1                uip_sr_num_nodes
                0x000000000002783f                uip_sr_get_node
                0x0000000000027896                uip_sr_is_addr_reachable
                0x0000000000027944                uip_sr_expire_parent
                0x000000000002798d                uip_sr_update_node
                0x0000000000027abd                uip_sr_init
                0x0000000000027af1                uip_sr_node_head
                0x0000000000027b0a                uip_sr_node_next
                0x0000000000027b20                uip_sr_periodic
                0x0000000000027c26                uip_sr_free_all
                0x0000000000027c96                uip_sr_link_snprint
 .text          0x0000000000027e4c      0x146 build/cooja/mtype943.a(uip-packetqueue)
                0x0000000000027e7a                uip_packetqueue_new
                0x0000000000027e89                uip_packetqueue_alloc
                0x0000000000027ee4                uip_packetqueue_free
                0x0000000000027f2b                uip_packetqueue_buf
                0x0000000000027f48                uip_packetqueue_buflen
                0x0000000000027f69                uip_packetqueue_set_buflen
 .text          0x0000000000027f92      0x1b0 build/cooja/mtype943.a(rpl-nbr-policy.)
                0x00000000000280ff                rpl_nbr_policy_find_removable
 .text          0x0000000000028142      0x915 build/cooja/mtype943.a(rpl-neighbor.o)
                0x00000000000281be                rpl_neighbor_snprint
                0x0000000000028471                rpl_neighbor_print_list
                0x0000000000028526                rpl_neighbor_count
                0x00000000000285cd                rpl_neighbor_get_from_lladdr
                0x00000000000285e9                rpl_neighbor_is_acceptable_parent
                0x000000000002861d                rpl_neighbor_get_link_metric
                0x0000000000028651                rpl_neighbor_rank_via_nbr
                0x0000000000028685                rpl_neighbor_get_lladdr
                0x00000000000286a1                rpl_neighbor_get_ipaddr
                0x00000000000286c8                rpl_neighbor_get_link_stats
                0x00000000000286ef                rpl_neighbor_is_fresh
                0x0000000000028716                rpl_neighbor_is_reachable
                0x0000000000028761                rpl_neighbor_is_parent
                0x000000000002878b                rpl_neighbor_set_preferred_parent
                0x0000000000028822                rpl_neighbor_remove_all
                0x000000000002887e                rpl_neighbor_get_from_ipaddr
                0x000000000002898c                rpl_neighbor_select_best
                0x0000000000028a38                rpl_neighbor_init
 .text          0x0000000000028a57      0xe69 build/cooja/mtype943.a(rpl-dag.o)
                0x0000000000028a57                rpl_dag_state_to_str
                0x0000000000028a96                rpl_dag_get_root_ipaddr
                0x0000000000028ade                rpl_dag_leave
                0x0000000000028b67                rpl_dag_poison_and_leave
                0x0000000000028b7f                rpl_dag_periodic
                0x0000000000028c07                rpl_is_addr_in_our_dag
                0x0000000000028c4b                rpl_get_default_instance
                0x0000000000028c67                rpl_get_any_dag
                0x0000000000028cc0                rpl_refresh_routes
                0x0000000000028d00                rpl_global_repair
                0x0000000000028d99                rpl_local_repair
                0x0000000000028de3                rpl_dag_ready_to_advertise
                0x0000000000028e26                rpl_dag_update_state
                0x0000000000029553                rpl_process_dio
                0x00000000000295d1                rpl_process_dis
                0x0000000000029616                rpl_process_dao
                0x00000000000296a5                rpl_process_dao_ack
                0x000000000002973c                rpl_process_hbh
                0x000000000002978c                rpl_dag_init_root
                0x00000000000298a0                rpl_dag_init
 .text          0x00000000000298c0      0x9e7 build/cooja/mtype943.a(rpl-timers.o)
                0x00000000000298c0                rpl_timers_schedule_periodic_dis
                0x0000000000029a0e                rpl_timers_dio_reset
                0x0000000000029b1c                rpl_timers_schedule_unicast_dio
                0x0000000000029c70                rpl_timers_schedule_dao
                0x0000000000029d2f                rpl_timers_schedule_dao_ack
                0x0000000000029db5                rpl_timers_notify_dao_ack
                0x0000000000029e13                get_probing_delay
                0x0000000000029e47                get_probing_target
                0x000000000002a031                rpl_schedule_probing
                0x000000000002a05f                rpl_schedule_probing_now
                0x000000000002a0c9                rpl_timers_unschedule_leaving
                0x000000000002a101                rpl_timers_schedule_leaving
                0x000000000002a142                rpl_timers_init
                0x000000000002a1d2                rpl_timers_stop_dag_timers
                0x000000000002a24b                rpl_timers_unschedule_state_update
                0x000000000002a26f                rpl_timers_schedule_state_update
 .text          0x000000000002a2a7      0xb8e build/cooja/mtype943.a(rpl-ext-header.)
                0x000000000002a2a7                rpl_ext_header_srh_get_next_hop
                0x000000000002a38e                rpl_ext_header_srh_update
                0x000000000002a8fa                rpl_ext_header_hbh_update
                0x000000000002abfa                rpl_ext_header_update
                0x000000000002ac83                rpl_ext_header_remove
 .text          0x000000000002ae35      0x31b build/cooja/mtype943.a(rpl-mrhof.o)
 .text          0x000000000002b150        0x0 /usr/lib/gcc/i686-linux-gnu/5/crtendS.o
 .text          0x000000000002b150        0x0 /usr/lib/gcc/i686-linux-gnu/5/../../../i386-linux-gnu/crtn.o
 *(.gnu.warning)

.fini           0x000000000002b150       0x14
 *(SORT(.fini))
 .fini          0x000000000002b150        0xf /usr/lib/gcc/i686-linux-gnu/5/../../../i386-linux-gnu/crti.o
                0x000000000002b150                _fini
 .fini          0x000000000002b15f        0x5 /usr/lib/gcc/i686-linux-gnu/5/../../../i386-linux-gnu/crtn.o
                [!provide]                        PROVIDE (__etext, .)
                [!provide]                        PROVIDE (_etext, .)
                [!provide]                        PROVIDE (etext, .)

.rodata         0x000000000002b180      0xa4b
 *(.rodata .rodata.* .gnu.linkonce.r.*)
 .rodata        0x000000000002b180      0x2e3 mqtt-client-consumption.o
                0x000000000002b188                autostart_processes
 *fill*         0x000000000002b463        0x1 
 .rodata        0x000000000002b464        0x8 build/cooja/mtype943.a(beep.o)
                0x000000000002b464                beep_interface
 .rodata        0x000000000002b46c        0xe build/cooja/mtype943.a(leds-arch.o)
                0x000000000002b46c                leds_interface
                0x000000000002b474                leds_arch_leds
 *fill*         0x000000000002b47a        0x2 
 .rodata        0x000000000002b47c        0x8 build/cooja/mtype943.a(moteid.o)
                0x000000000002b47c                moteid_interface
 .rodata        0x000000000002b484       0x1c build/cooja/mtype943.a(pir-sensor.o)
                0x000000000002b484                pir_interface
                0x000000000002b490                pir_sensor
 .rodata        0x000000000002b4a0        0xe build/cooja/mtype943.a(rs232.o)
                0x000000000002b4a0                rs232_interface
 *fill*         0x000000000002b4ae        0x2 
 .rodata        0x000000000002b4b0       0x24 build/cooja/mtype943.a(vib-sensor.o)
                0x000000000002b4b0                vib_interface
                0x000000000002b4c4                vib_sensor
 .rodata        0x000000000002b4d4        0x8 build/cooja/mtype943.a(clock.o)
                0x000000000002b4d4                clock_interface
 .rodata        0x000000000002b4dc        0x8 build/cooja/mtype943.a(cooja-log.o)
                0x000000000002b4dc                simlog_interface
 .rodata        0x000000000002b4e4       0x2f build/cooja/mtype943.a(cfs-cooja.o)
                0x000000000002b4e4                cfs_interface
 *fill*         0x000000000002b513        0xd 
 .rodata        0x000000000002b520       0xb8 build/cooja/mtype943.a(cooja-radio.o)
                0x000000000002b520                radio_interface
                0x000000000002b5a0                cooja_radio_driver
 .rodata        0x000000000002b5d8        0x8 build/cooja/mtype943.a(eeprom.o)
                0x000000000002b5d8                eeprom_interface
 .rodata        0x000000000002b5e0        0x8 build/cooja/mtype943.a(sensors.o)
 .rodata        0x000000000002b5e8       0x2c build/cooja/mtype943.a(buttons.o)
                0x000000000002b5e8                button_interface
                0x000000000002b5fc                button_hal_button_count
                0x000000000002b604                button_sensor
 .rodata        0x000000000002b614       0x14 build/cooja/mtype943.a(mqtt.o)
 .rodata        0x000000000002b628       0xf4 build/cooja/mtype943.a(contiki-main.o)
 .rodata        0x000000000002b71c        0xf build/cooja/mtype943.a(ctimer.o)
 *fill*         0x000000000002b72b        0x1 
 .rodata        0x000000000002b72c       0xc4 build/cooja/mtype943.a(log.o)
 .rodata        0x000000000002b7f0        0xc build/cooja/mtype943.a(etimer.o)
 .rodata        0x000000000002b7fc       0x13 build/cooja/mtype943.a(button-hal.o)
 .rodata        0x000000000002b80f        0xe build/cooja/mtype943.a(serial-line.o)
 *fill*         0x000000000002b81d        0x3 
 .rodata        0x000000000002b820        0x8 build/cooja/mtype943.a(linkaddr.o)
                0x000000000002b820                linkaddr_null
 .rodata        0x000000000002b828       0x24 build/cooja/mtype943.a(csma.o)
                0x000000000002b830                csma_driver
 .rodata        0x000000000002b84c       0x27 build/cooja/mtype943.a(csma-output.o)
 .rodata        0x000000000002b873       0x13 build/cooja/mtype943.a(tcp-socket.o)
 *fill*         0x000000000002b886        0x2 
 .rodata        0x000000000002b888       0x4d build/cooja/mtype943.a(uip-ds6-route.o)
 .rodata        0x000000000002b8d5        0xd build/cooja/mtype943.a(tcpip.o)
 *fill*         0x000000000002b8e2        0x2 
 .rodata        0x000000000002b8e4       0x48 build/cooja/mtype943.a(uip6.o)
 .rodata        0x000000000002b92c       0x30 build/cooja/mtype943.a(sicslowpan.o)
                0x000000000002b92c                unc_llconf
                0x000000000002b930                unc_ctxconf
                0x000000000002b934                unc_mxconf
                0x000000000002b938                llprefix
                0x000000000002b94c                sicslowpan_driver
 .rodata        0x000000000002b95c       0x2d build/cooja/mtype943.a(uiplib.o)
 *fill*         0x000000000002b989       0x17 
 .rodata        0x000000000002b9a0       0x74 build/cooja/mtype943.a(rpl.o)
                0x000000000002b9c0                rpl_lite_driver
 .rodata        0x000000000002ba14       0x25 build/cooja/mtype943.a(assert.o)
 *fill*         0x000000000002ba39        0x3 
 .rodata        0x000000000002ba3c        0xc build/cooja/mtype943.a(framer-802154.o)
                0x000000000002ba3c                framer_802154
 .rodata        0x000000000002ba48       0x44 build/cooja/mtype943.a(uip-sr.o)
 .rodata        0x000000000002ba8c       0x58 build/cooja/mtype943.a(rpl-neighbor.o)
 .rodata        0x000000000002bae4       0xdb build/cooja/mtype943.a(rpl-dag.o)
 .rodata        0x000000000002bbbf        0xc build/cooja/mtype943.a(rpl-timers.o)

.rodata1
 *(.rodata1)

.eh_frame_hdr   0x000000000002bbcc     0x17f4
 *(.eh_frame_hdr)
 .eh_frame_hdr  0x000000000002bbcc     0x17f4 mqtt-client-consumption.o
                0x000000000002bbcc                __GNU_EH_FRAME_HDR
 *(.eh_frame_entry .eh_frame_entry.*)

.eh_frame       0x000000000002d3c0     0x60dc
 *(.eh_frame)
 .eh_frame      0x000000000002d3c0       0x3c /usr/lib/gcc/i686-linux-gnu/5/../../../i386-linux-gnu/crti.o
                                         0x40 (size before relaxing)
 .eh_frame      0x000000000002d3fc       0xdc mqtt-client-consumption.o
                                         0xf4 (size before relaxing)
 .eh_frame      0x000000000002d4d8      0x178 build/cooja/mtype943.o
                                        0x190 (size before relaxing)
 .eh_frame      0x000000000002d650       0x40 build/cooja/mtype943.a(simEnvChange.o)
                                         0x58 (size before relaxing)
 .eh_frame      0x000000000002d690       0x60 build/cooja/mtype943.a(cooja_mt.o)
                                         0x78 (size before relaxing)
 .eh_frame      0x000000000002d6f0       0x80 build/cooja/mtype943.a(cooja_mtarch.o)
                                         0x98 (size before relaxing)
 .eh_frame      0x000000000002d770       0xc8 build/cooja/mtype943.a(rtimer-arch.o)
                                         0xe0 (size before relaxing)
 .eh_frame      0x000000000002d838      0x160 build/cooja/mtype943.a(beep.o)
                                        0x178 (size before relaxing)
 .eh_frame      0x000000000002d998       0x80 build/cooja/mtype943.a(leds-arch.o)
                                         0x98 (size before relaxing)
 .eh_frame      0x000000000002da18       0x40 build/cooja/mtype943.a(moteid.o)
                                         0x58 (size before relaxing)
 .eh_frame      0x000000000002da58       0xa0 build/cooja/mtype943.a(pir-sensor.o)
                                         0xb8 (size before relaxing)
 .eh_frame      0x000000000002daf8      0x100 build/cooja/mtype943.a(rs232.o)
                                        0x118 (size before relaxing)
 .eh_frame      0x000000000002dbf8       0xa0 build/cooja/mtype943.a(vib-sensor.o)
                                         0xb8 (size before relaxing)
 .eh_frame      0x000000000002dc98       0xc0 build/cooja/mtype943.a(clock.o)
                                         0xd8 (size before relaxing)
 .eh_frame      0x000000000002dd58      0x120 build/cooja/mtype943.a(cooja-log.o)
                                        0x138 (size before relaxing)
 .eh_frame      0x000000000002de78      0x160 build/cooja/mtype943.a(cfs-cooja.o)
                                        0x178 (size before relaxing)
 .eh_frame      0x000000000002dfd8      0x340 build/cooja/mtype943.a(cooja-radio.o)
                                        0x358 (size before relaxing)
 .eh_frame      0x000000000002e318       0xa0 build/cooja/mtype943.a(eeprom.o)
                                         0xb8 (size before relaxing)
 .eh_frame      0x000000000002e3b8       0x40 build/cooja/mtype943.a(random.o)
                                         0x58 (size before relaxing)
 .eh_frame      0x000000000002e3f8       0xc0 build/cooja/mtype943.a(sensors.o)
                                         0xd8 (size before relaxing)
 .eh_frame      0x000000000002e4b8      0x120 build/cooja/mtype943.a(leds.o)
                                        0x138 (size before relaxing)
 .eh_frame      0x000000000002e5d8      0x220 build/cooja/mtype943.a(gpio-hal-arch.o)
                                        0x238 (size before relaxing)
 .eh_frame      0x000000000002e7f8       0xa0 build/cooja/mtype943.a(buttons.o)
                                         0xb8 (size before relaxing)
 .eh_frame      0x000000000002e898      0x4a8 build/cooja/mtype943.a(mqtt.o)
                                        0x4c0 (size before relaxing)
 .eh_frame      0x000000000002ed40       0x30 build/cooja/mtype943.a(contiki-main.o)
                                         0x48 (size before relaxing)
 .eh_frame      0x000000000002ed70       0x40 build/cooja/mtype943.a(autostart.o)
                                         0x58 (size before relaxing)
 .eh_frame      0x000000000002edb0      0x100 build/cooja/mtype943.a(ctimer.o)
                                        0x118 (size before relaxing)
 .eh_frame      0x000000000002eeb0      0x100 build/cooja/mtype943.a(log.o)
                                        0x118 (size before relaxing)
 .eh_frame      0x000000000002efb0       0x60 build/cooja/mtype943.a(energest.o)
                                         0x78 (size before relaxing)
 .eh_frame      0x000000000002f010      0x1e0 build/cooja/mtype943.a(etimer.o)
                                        0x1f8 (size before relaxing)
 .eh_frame      0x000000000002f1f0       0x20 build/cooja/mtype943.a(node-id.o)
                                         0x38 (size before relaxing)
 .eh_frame      0x000000000002f210       0x60 build/cooja/mtype943.a(rtimer.o)
                                         0x78 (size before relaxing)
 .eh_frame      0x000000000002f270      0x1c4 build/cooja/mtype943.a(process.o)
                                        0x1dc (size before relaxing)
 .eh_frame      0x000000000002f434       0xa4 build/cooja/mtype943.a(timer.o)
                                         0xbc (size before relaxing)
 .eh_frame      0x000000000002f4d8      0x1a0 build/cooja/mtype943.a(list.o)
                                        0x1b8 (size before relaxing)
 .eh_frame      0x000000000002f678      0x144 build/cooja/mtype943.a(button-hal.o)
                                        0x15c (size before relaxing)
 .eh_frame      0x000000000002f7bc       0x60 build/cooja/mtype943.a(serial-line.o)
                                         0x78 (size before relaxing)
 .eh_frame      0x000000000002f81c       0xe0 build/cooja/mtype943.a(gpio-hal.o)
                                         0xf8 (size before relaxing)
 .eh_frame      0x000000000002f8fc      0x1a0 build/cooja/mtype943.a(queuebuf.o)
                                        0x1b8 (size before relaxing)
 .eh_frame      0x000000000002fa9c      0x28c build/cooja/mtype943.a(packetbuf.o)
                                        0x2a4 (size before relaxing)
 .eh_frame      0x000000000002fd28       0x80 build/cooja/mtype943.a(netstack.o)
                                         0x98 (size before relaxing)
 .eh_frame      0x000000000002fda8       0x60 build/cooja/mtype943.a(linkaddr.o)
                                         0x78 (size before relaxing)
 .eh_frame      0x000000000002fe08       0xe0 build/cooja/mtype943.a(csma.o)
                                         0xf8 (size before relaxing)
 .eh_frame      0x000000000002fee8      0x1d0 build/cooja/mtype943.a(csma-output.o)
                                        0x1e8 (size before relaxing)
 .eh_frame      0x00000000000300b8      0x328 build/cooja/mtype943.a(uip-ds6.o)
                                        0x340 (size before relaxing)
 .eh_frame      0x00000000000303e0      0x248 build/cooja/mtype943.a(tcp-socket.o)
                                        0x260 (size before relaxing)
 .eh_frame      0x0000000000030628      0x220 build/cooja/mtype943.a(uip-ds6-route.o)
                                        0x238 (size before relaxing)
 .eh_frame      0x0000000000030848      0x308 build/cooja/mtype943.a(tcpip.o)
                                        0x320 (size before relaxing)
 .eh_frame      0x0000000000030b50      0x2b4 build/cooja/mtype943.a(uip6.o)
                                        0x2cc (size before relaxing)
 .eh_frame      0x0000000000030e04      0x1c0 build/cooja/mtype943.a(uip-ds6-nbr.o)
                                        0x1d8 (size before relaxing)
 .eh_frame      0x0000000000030fc4       0x84 build/cooja/mtype943.a(uip-nd6.o)
                                         0x9c (size before relaxing)
 .eh_frame      0x0000000000031048      0x2f8 build/cooja/mtype943.a(sicslowpan.o)
                                        0x310 (size before relaxing)
 .eh_frame      0x0000000000031340       0x88 build/cooja/mtype943.a(uiplib.o)
                                         0xa0 (size before relaxing)
 .eh_frame      0x00000000000313c8      0x1e0 build/cooja/mtype943.a(rpl.o)
                                        0x1f8 (size before relaxing)
 .eh_frame      0x00000000000315a8      0x1c4 build/cooja/mtype943.a(rpl-icmp6.o)
                                        0x1dc (size before relaxing)
 .eh_frame      0x000000000003176c       0xa0 build/cooja/mtype943.a(rpl-dag-root.o)
                                         0xb8 (size before relaxing)
 .eh_frame      0x000000000003180c       0xa0 build/cooja/mtype943.a(watchdog.o)
                                         0xb8 (size before relaxing)
 .eh_frame      0x00000000000318ac       0x80 build/cooja/mtype943.a(int-master.o)
                                         0x98 (size before relaxing)
 .eh_frame      0x000000000003192c       0xc4 build/cooja/mtype943.a(stimer.o)
                                         0xdc (size before relaxing)
 .eh_frame      0x00000000000319f0       0xa0 build/cooja/mtype943.a(ringbuf.o)
                                         0xb8 (size before relaxing)
 .eh_frame      0x0000000000031a90       0xa0 build/cooja/mtype943.a(memb.o)
                                         0xb8 (size before relaxing)
 .eh_frame      0x0000000000031b30       0x20 build/cooja/mtype943.a(assert.o)
                                         0x38 (size before relaxing)
 .eh_frame      0x0000000000031b50      0x2ac build/cooja/mtype943.a(nbr-table.o)
                                        0x2c4 (size before relaxing)
 .eh_frame      0x0000000000031dfc      0x120 build/cooja/mtype943.a(link-stats.o)
                                        0x138 (size before relaxing)
 .eh_frame      0x0000000000031f1c       0x48 build/cooja/mtype943.a(mac-sequence.o)
                                         0x60 (size before relaxing)
 .eh_frame      0x0000000000031f64       0x20 build/cooja/mtype943.a(mac.o)
                                         0x38 (size before relaxing)
 .eh_frame      0x0000000000031f84       0xa4 build/cooja/mtype943.a(framer-802154.o)
                                         0xbc (size before relaxing)
 .eh_frame      0x0000000000032028      0x1a4 build/cooja/mtype943.a(frame802154.o)
                                        0x1bc (size before relaxing)
 .eh_frame      0x00000000000321cc       0x40 build/cooja/mtype943.a(csma-security.o)
                                         0x58 (size before relaxing)
 .eh_frame      0x000000000003220c      0x200 build/cooja/mtype943.a(uipbuf.o)
                                        0x218 (size before relaxing)
 .eh_frame      0x000000000003240c      0x150 build/cooja/mtype943.a(uip-icmp6.o)
                                        0x168 (size before relaxing)
 .eh_frame      0x000000000003255c      0x184 build/cooja/mtype943.a(uip-sr.o)
                                        0x19c (size before relaxing)
 .eh_frame      0x00000000000326e0       0xe0 build/cooja/mtype943.a(uip-packetqueue)
                                         0xf8 (size before relaxing)
 .eh_frame      0x00000000000327c0       0x80 build/cooja/mtype943.a(rpl-nbr-policy.)
                                         0x98 (size before relaxing)
 .eh_frame      0x0000000000032840      0x2d4 build/cooja/mtype943.a(rpl-neighbor.o)
                                        0x2ec (size before relaxing)
 .eh_frame      0x0000000000032b14      0x370 build/cooja/mtype943.a(rpl-dag.o)
                                        0x388 (size before relaxing)
 .eh_frame      0x0000000000032e84      0x3a8 build/cooja/mtype943.a(rpl-timers.o)
                                        0x3c0 (size before relaxing)
 .eh_frame      0x000000000003322c      0x124 build/cooja/mtype943.a(rpl-ext-header.)
                                        0x13c (size before relaxing)
 .eh_frame      0x0000000000033350      0x148 build/cooja/mtype943.a(rpl-mrhof.o)
                                        0x160 (size before relaxing)
 .eh_frame      0x0000000000033498        0x4 /usr/lib/gcc/i686-linux-gnu/5/crtendS.o
 *(.eh_frame.*)

.gcc_except_table
 *(.gcc_except_table .gcc_except_table.*)

.gnu_extab
 *(.gnu_extab*)

.exception_ranges
 *(.exception_ranges .exception_ranges*)
                0x0000000000034f10                . = DATA_SEGMENT_ALIGN (0x1000, 0x1000)

.eh_frame
 *(.eh_frame)
 *(.eh_frame.*)

.gnu_extab
 *(.gnu_extab)

.gcc_except_table
 *(.gcc_except_table .gcc_except_table.*)

.exception_ranges
 *(.exception_ranges .exception_ranges*)

.tdata
 *(.tdata .tdata.* .gnu.linkonce.td.*)

.tbss
 *(.tbss .tbss.* .gnu.linkonce.tb.*)
 *(.tcommon)

.preinit_array
 *(.preinit_array)

.init_array     0x0000000000034f10        0x4
 *(SORT(.init_array.*) SORT(.ctors.*))
 *(.init_array EXCLUDE_FILE(*crtend?.o *crtend.o *crtbegin?.o *crtbegin.o) .ctors)
 .init_array    0x0000000000034f10        0x4 /usr/lib/gcc/i686-linux-gnu/5/crtbeginS.o

.fini_array     0x0000000000034f14        0x4
 *(SORT(.fini_array.*) SORT(.dtors.*))
 *(.fini_array EXCLUDE_FILE(*crtend?.o *crtend.o *crtbegin?.o *crtbegin.o) .dtors)
 .fini_array    0x0000000000034f14        0x4 /usr/lib/gcc/i686-linux-gnu/5/crtbeginS.o

.ctors
 *crtbegin.o(.ctors)
 *crtbegin?.o(.ctors)
 *(EXCLUDE_FILE(*crtend?.o *crtend.o) .ctors)
 *(SORT(.ctors.*))
 *(.ctors)

.dtors
 *crtbegin.o(.dtors)
 *crtbegin?.o(.dtors)
 *(EXCLUDE_FILE(*crtend?.o *crtend.o) .dtors)
 *(SORT(.dtors.*))
 *(.dtors)

.jcr            0x0000000000034f18        0x4
 *(.jcr)
 .jcr           0x0000000000034f18        0x0 /usr/lib/gcc/i686-linux-gnu/5/crtbeginS.o
 .jcr           0x0000000000034f18        0x4 /usr/lib/gcc/i686-linux-gnu/5/crtendS.o

.data.rel.ro
 *(.data.rel.ro.local* .gnu.linkonce.d.rel.ro.local.*)
 *(.data.rel.ro .data.rel.ro.* .gnu.linkonce.d.rel.ro.*)

.dynamic        0x0000000000034f1c       0xd0
 *(.dynamic)
 .dynamic       0x0000000000034f1c       0xd0 /usr/lib/gcc/i686-linux-gnu/5/../../../i386-linux-gnu/crti.o
                0x0000000000034f1c                _DYNAMIC

.got            0x0000000000034fec       0x14
 *(.got)
 .got           0x0000000000034fec       0x14 /usr/lib/gcc/i686-linux-gnu/5/../../../i386-linux-gnu/crti.o
 *(.igot)
                0x0000000000035ff4                . = DATA_SEGMENT_RELRO_END (., (SIZEOF (.got.plt) >= 0xc)?0xc:0x0)

.got.plt        0x0000000000035000        0xc
 *(.got.plt)
 .got.plt       0x0000000000035000        0xc /usr/lib/gcc/i686-linux-gnu/5/../../../i386-linux-gnu/crti.o
                0x0000000000035000                _GLOBAL_OFFSET_TABLE_
 *(.igot.plt)

.data           0x0000000000035020      0x3a4
 *(.data .data.* .gnu.linkonce.d.*)
 .data          0x0000000000035020        0x0 /usr/lib/gcc/i686-linux-gnu/5/../../../i386-linux-gnu/crti.o
 .data          0x0000000000035020        0x0 /usr/lib/gcc/i686-linux-gnu/5/crtbeginS.o
 .data.rel.local
                0x0000000000035020        0x4 /usr/lib/gcc/i686-linux-gnu/5/crtbeginS.o
                0x0000000000035020                __dso_handle
 .data          0x0000000000035024       0x18 mqtt-client-consumption.o
                0x000000000003502c                mqtt_client_process
 *fill*         0x000000000003503c        0x4 
 .data          0x0000000000035040       0x44 build/cooja/mtype943.o
                0x0000000000035040                simInterfaces
                0x0000000000035074                sensors
 .data          0x0000000000035084        0x0 build/cooja/mtype943.a(simEnvChange.o)
 .data          0x0000000000035084        0x0 build/cooja/mtype943.a(cooja_mt.o)
 .data          0x0000000000035084        0x0 build/cooja/mtype943.a(cooja_mtarch.o)
 .data          0x0000000000035084        0x0 build/cooja/mtype943.a(rtimer-arch.o)
 .data          0x0000000000035084        0x0 build/cooja/mtype943.a(beep.o)
 .data          0x0000000000035084        0x0 build/cooja/mtype943.a(leds-arch.o)
 .data          0x0000000000035084        0x0 build/cooja/mtype943.a(moteid.o)
 .data          0x0000000000035084        0x0 build/cooja/mtype943.a(pir-sensor.o)
 .data          0x0000000000035084        0x0 build/cooja/mtype943.a(rs232.o)
 .data          0x0000000000035084        0x0 build/cooja/mtype943.a(vib-sensor.o)
 .data          0x0000000000035084        0x0 build/cooja/mtype943.a(clock.o)
 .data          0x0000000000035084        0x0 build/cooja/mtype943.a(cooja-log.o)
 .data          0x0000000000035084        0x0 build/cooja/mtype943.a(cfs-cooja.o)
 .data          0x0000000000035084       0x2c build/cooja/mtype943.a(cooja-radio.o)
                0x0000000000035084                simRadioHWOn
                0x0000000000035088                simSignalStrength
                0x000000000003508c                simLastSignalStrength
                0x0000000000035090                simPower
                0x0000000000035094                simRadioChannel
                0x0000000000035098                simLQI
                0x00000000000350a0                cooja_radio_process
 .data          0x00000000000350b0        0x0 build/cooja/mtype943.a(eeprom.o)
 .data          0x00000000000350b0        0x0 build/cooja/mtype943.a(random.o)
 .data          0x00000000000350b0       0x10 build/cooja/mtype943.a(sensors.o)
                0x00000000000350b0                sensors_process
 .data          0x00000000000350c0        0x0 build/cooja/mtype943.a(leds.o)
 .data          0x00000000000350c0        0x0 build/cooja/mtype943.a(gpio-hal-arch.o)
 .data          0x00000000000350c0       0x78 build/cooja/mtype943.a(buttons.o)
                0x00000000000350c0                simButtonIsActive
                0x0000000000035130                button_hal_buttons
 .data          0x0000000000035138       0x14 build/cooja/mtype943.a(mqtt.o)
                0x000000000003513c                mqtt_process
 .data          0x000000000003514c        0x0 build/cooja/mtype943.a(contiki-main.o)
 .data          0x000000000003514c        0x0 build/cooja/mtype943.a(autostart.o)
 .data          0x000000000003514c       0x14 build/cooja/mtype943.a(ctimer.o)
                0x0000000000035150                ctimer_process
 .data          0x0000000000035160       0xbc build/cooja/mtype943.a(log.o)
                0x0000000000035160                curr_log_level_main
                0x0000000000035180                all_modules
 .data          0x000000000003521c        0x0 build/cooja/mtype943.a(energest.o)
 .data          0x000000000003521c       0x10 build/cooja/mtype943.a(etimer.o)
                0x000000000003521c                etimer_process
 .data          0x000000000003522c        0x0 build/cooja/mtype943.a(node-id.o)
 .data          0x000000000003522c        0x0 build/cooja/mtype943.a(rtimer.o)
 .data          0x000000000003522c        0x0 build/cooja/mtype943.a(process.o)
 .data          0x000000000003522c        0x0 build/cooja/mtype943.a(timer.o)
 .data          0x000000000003522c        0x0 build/cooja/mtype943.a(list.o)
 .data          0x000000000003522c       0x10 build/cooja/mtype943.a(button-hal.o)
                0x000000000003522c                button_hal_process
 .data          0x000000000003523c       0x10 build/cooja/mtype943.a(serial-line.o)
                0x000000000003523c                serial_line_process
 .data          0x000000000003524c        0x4 build/cooja/mtype943.a(gpio-hal.o)
 .data          0x0000000000035250       0x18 build/cooja/mtype943.a(queuebuf.o)
 .data          0x0000000000035268        0x4 build/cooja/mtype943.a(packetbuf.o)
 .data          0x000000000003526c        0x4 build/cooja/mtype943.a(netstack.o)
 .data          0x0000000000035270        0x0 build/cooja/mtype943.a(linkaddr.o)
 .data          0x0000000000035270        0x0 build/cooja/mtype943.a(csma.o)
 .data          0x0000000000035270       0x28 build/cooja/mtype943.a(csma-output.o)
 .data          0x0000000000035298        0x0 build/cooja/mtype943.a(uip-ds6.o)
 .data          0x0000000000035298       0x14 build/cooja/mtype943.a(tcp-socket.o)
                0x000000000003529c                tcp_socket_process
 .data          0x00000000000352ac       0x10 build/cooja/mtype943.a(uip-ds6-route.o)
 .data          0x00000000000352bc       0x10 build/cooja/mtype943.a(tcpip.o)
                0x00000000000352bc                tcpip_process
 .data          0x00000000000352cc        0x0 build/cooja/mtype943.a(uip6.o)
 .data          0x00000000000352cc       0x14 build/cooja/mtype943.a(uip-ds6-nbr.o)
 .data          0x00000000000352e0        0xc build/cooja/mtype943.a(uip-nd6.o)
 .data          0x00000000000352ec        0x0 build/cooja/mtype943.a(sicslowpan.o)
 .data          0x00000000000352ec        0x0 build/cooja/mtype943.a(uiplib.o)
 .data          0x00000000000352ec        0x0 build/cooja/mtype943.a(rpl.o)
 .data          0x00000000000352ec       0x30 build/cooja/mtype943.a(rpl-icmp6.o)
 .data          0x000000000003531c        0x0 build/cooja/mtype943.a(rpl-dag-root.o)
 .data          0x000000000003531c        0x0 build/cooja/mtype943.a(watchdog.o)
 .data          0x000000000003531c        0x0 build/cooja/mtype943.a(int-master.o)
 .data          0x000000000003531c        0x0 build/cooja/mtype943.a(stimer.o)
 .data          0x000000000003531c        0x0 build/cooja/mtype943.a(ringbuf.o)
 .data          0x000000000003531c        0x0 build/cooja/mtype943.a(memb.o)
 .data          0x000000000003531c        0x0 build/cooja/mtype943.a(assert.o)
 .data          0x000000000003531c       0x10 build/cooja/mtype943.a(nbr-table.o)
 .data          0x000000000003532c       0x14 build/cooja/mtype943.a(link-stats.o)
 .data          0x0000000000035340        0x0 build/cooja/mtype943.a(mac-sequence.o)
 .data          0x0000000000035340        0x0 build/cooja/mtype943.a(mac.o)
 .data          0x0000000000035340        0x0 build/cooja/mtype943.a(framer-802154.o)
 .data          0x0000000000035340        0x2 build/cooja/mtype943.a(frame802154.o)
 .data          0x0000000000035342        0x0 build/cooja/mtype943.a(csma-security.o)
 .data          0x0000000000035342        0x0 build/cooja/mtype943.a(uipbuf.o)
 *fill*         0x0000000000035342        0x2 
 .data          0x0000000000035344       0x20 build/cooja/mtype943.a(uip-icmp6.o)
 .data          0x0000000000035364       0x10 build/cooja/mtype943.a(uip-sr.o)
 .data          0x0000000000035374        0xc build/cooja/mtype943.a(uip-packetqueue)
 .data          0x0000000000035380        0x0 build/cooja/mtype943.a(rpl-nbr-policy.)
 .data          0x0000000000035380       0x14 build/cooja/mtype943.a(rpl-neighbor.o)
                0x0000000000035390                rpl_neighbors
 .data          0x0000000000035394        0x0 build/cooja/mtype943.a(rpl-dag.o)
 .data          0x0000000000035394        0x0 build/cooja/mtype943.a(rpl-timers.o)
 .data          0x0000000000035394        0x0 build/cooja/mtype943.a(rpl-ext-header.)
 *fill*         0x0000000000035394        0xc 
 .data          0x00000000000353a0       0x24 build/cooja/mtype943.a(rpl-mrhof.o)
                0x00000000000353a0                rpl_mrhof
 .data          0x00000000000353c4        0x0 /usr/lib/gcc/i686-linux-gnu/5/crtendS.o
 .data          0x00000000000353c4        0x0 /usr/lib/gcc/i686-linux-gnu/5/../../../i386-linux-gnu/crtn.o

.tm_clone_table
                0x00000000000353c4        0x0
 .tm_clone_table
                0x00000000000353c4        0x0 /usr/lib/gcc/i686-linux-gnu/5/crtbeginS.o
 .tm_clone_table
                0x00000000000353c4        0x0 /usr/lib/gcc/i686-linux-gnu/5/crtendS.o

.data1
 *(.data1)
                0x00000000000353c4                _edata = .
                [!provide]                        PROVIDE (edata, .)
                0x00000000000353c4                . = .
                0x00000000000353c4                __bss_start = .

.bss            0x00000000000353e0    0x14844
 *(.dynbss)
 .dynbss        0x00000000000353e0        0x0 /usr/lib/gcc/i686-linux-gnu/5/../../../i386-linux-gnu/crti.o
 *(.bss .bss.* .gnu.linkonce.b.*)
 .bss           0x00000000000353e0        0x0 /usr/lib/gcc/i686-linux-gnu/5/../../../i386-linux-gnu/crti.o
 .bss           0x00000000000353e0        0x1 /usr/lib/gcc/i686-linux-gnu/5/crtbeginS.o
 *fill*         0x00000000000353e1       0x1f 
 .bss           0x0000000000035400      0xd48 mqtt-client-consumption.o
 *fill*         0x0000000000036148       0x18 
 .bss           0x0000000000036160     0x2030 build/cooja/mtype943.o
 .bss           0x0000000000038190        0x1 build/cooja/mtype943.a(simEnvChange.o)
                0x0000000000038190                simDontFallAsleep
 *fill*         0x0000000000038191        0x3 
 .bss           0x0000000000038194        0x4 build/cooja/mtype943.a(cooja_mt.o)
 .bss           0x0000000000038198        0x4 build/cooja/mtype943.a(cooja_mtarch.o)
 .bss           0x000000000003819c        0x0 build/cooja/mtype943.a(rtimer-arch.o)
 .bss           0x000000000003819c        0x0 build/cooja/mtype943.a(beep.o)
 .bss           0x000000000003819c        0x1 build/cooja/mtype943.a(leds-arch.o)
                0x000000000003819c                simLedsValue
 .bss           0x000000000003819d        0x0 build/cooja/mtype943.a(moteid.o)
 .bss           0x000000000003819d        0x1 build/cooja/mtype943.a(pir-sensor.o)
                0x000000000003819d                simPirValue
 *fill*         0x000000000003819e        0x2 
 .bss           0x00000000000381a0        0x4 build/cooja/mtype943.a(rs232.o)
 .bss           0x00000000000381a4        0x1 build/cooja/mtype943.a(vib-sensor.o)
                0x00000000000381a4                simVibValue
 .bss           0x00000000000381a5        0x0 build/cooja/mtype943.a(clock.o)
 *fill*         0x00000000000381a5       0x1b 
 .bss           0x00000000000381c0     0x2020 build/cooja/mtype943.a(cooja-log.o)
 .bss           0x000000000003a1e0      0xfc0 build/cooja/mtype943.a(cfs-cooja.o)
                0x000000000003a1e0                simCFSData
                0x000000000003b180                simCFSSize
                0x000000000003b184                simCFSChanged
                0x000000000003b188                simCFSRead
                0x000000000003b18c                simCFSWritten
 .bss           0x000000000003b1a0       0x24 build/cooja/mtype943.a(cooja-radio.o)
                0x000000000003b1a0                simReceiving
                0x000000000003b1a4                simInSize
                0x000000000003b1a8                simLastPacketTimestamp
                0x000000000003b1b0                simOutSize
 .bss           0x000000000003b1c4        0xc build/cooja/mtype943.a(eeprom.o)
                0x000000000003b1c4                simEEPROMChanged
                0x000000000003b1c8                simEEPROMRead
                0x000000000003b1cc                simEEPROMWritten
 .bss           0x000000000003b1d0        0x0 build/cooja/mtype943.a(random.o)
 .bss           0x000000000003b1d0        0xc build/cooja/mtype943.a(sensors.o)
 .bss           0x000000000003b1dc        0x0 build/cooja/mtype943.a(leds.o)
 .bss           0x000000000003b1dc       0x24 build/cooja/mtype943.a(gpio-hal-arch.o)
 .bss           0x000000000003b200        0x0 build/cooja/mtype943.a(buttons.o)
 .bss           0x000000000003b200       0x15 build/cooja/mtype943.a(mqtt.o)
 .bss           0x000000000003b215        0x0 build/cooja/mtype943.a(contiki-main.o)
 .bss           0x000000000003b215        0x0 build/cooja/mtype943.a(autostart.o)
 *fill*         0x000000000003b215        0x3 
 .bss           0x000000000003b218        0x5 build/cooja/mtype943.a(ctimer.o)
 *fill*         0x000000000003b21d        0x3 
 .bss           0x000000000003b220       0x2c build/cooja/mtype943.a(log.o)
                0x000000000003b220                curr_log_level_rpl
                0x000000000003b224                curr_log_level_tcpip
                0x000000000003b228                curr_log_level_ipv6
                0x000000000003b22c                curr_log_level_6lowpan
                0x000000000003b230                curr_log_level_nullnet
                0x000000000003b234                curr_log_level_mac
                0x000000000003b238                curr_log_level_framer
                0x000000000003b23c                curr_log_level_6top
                0x000000000003b240                curr_log_level_coap
                0x000000000003b244                curr_log_level_snmp
                0x000000000003b248                curr_log_level_lwm2m
 .bss           0x000000000003b24c        0x0 build/cooja/mtype943.a(energest.o)
 .bss           0x000000000003b24c        0x8 build/cooja/mtype943.a(etimer.o)
 .bss           0x000000000003b254        0x2 build/cooja/mtype943.a(node-id.o)
                0x000000000003b254                node_id
 *fill*         0x000000000003b256        0x2 
 .bss           0x000000000003b258        0x4 build/cooja/mtype943.a(rtimer.o)
 *fill*         0x000000000003b25c        0x4 
 .bss           0x000000000003b260      0x1a1 build/cooja/mtype943.a(process.o)
                0x000000000003b260                process_list
                0x000000000003b264                process_current
 .bss           0x000000000003b401        0x0 build/cooja/mtype943.a(timer.o)
 .bss           0x000000000003b401        0x0 build/cooja/mtype943.a(list.o)
 *fill*         0x000000000003b401        0x3 
 .bss           0x000000000003b404       0x10 build/cooja/mtype943.a(button-hal.o)
 *fill*         0x000000000003b414        0xc 
 .bss           0x000000000003b420      0x140 build/cooja/mtype943.a(serial-line.o)
 .bss           0x000000000003b560        0x4 build/cooja/mtype943.a(gpio-hal.o)
 *fill*         0x000000000003b564       0x1c 
 .bss           0x000000000003b580     0x2c80 build/cooja/mtype943.a(queuebuf.o)
 .bss           0x000000000003e200       0xa0 build/cooja/mtype943.a(packetbuf.o)
 .bss           0x000000000003e2a0        0x4 build/cooja/mtype943.a(netstack.o)
 .bss           0x000000000003e2a4        0x0 build/cooja/mtype943.a(linkaddr.o)
 .bss           0x000000000003e2a4        0x0 build/cooja/mtype943.a(csma.o)
 *fill*         0x000000000003e2a4       0x1c 
 .bss           0x000000000003e2c0      0x726 build/cooja/mtype943.a(csma-output.o)
 *fill*         0x000000000003e9e6        0x2 
 .bss           0x000000000003e9e8       0x30 build/cooja/mtype943.a(uip-ds6.o)
 .bss           0x000000000003ea18        0x5 build/cooja/mtype943.a(tcp-socket.o)
 *fill*         0x000000000003ea1d        0x3 
 .bss           0x000000000003ea20       0x60 build/cooja/mtype943.a(uip-ds6-route.o)
 .bss           0x000000000003ea80       0xc4 build/cooja/mtype943.a(tcpip.o)
 .bss           0x000000000003eb44        0xc build/cooja/mtype943.a(uip6.o)
                0x000000000003eb44                uip_ext_bitmap
                0x000000000003eb46                uip_ext_len
                0x000000000003eb48                uip_last_proto
 *fill*         0x000000000003eb50       0x10 
 .bss           0x000000000003eb60     0x1c20 build/cooja/mtype943.a(uip-ds6-nbr.o)
 .bss           0x0000000000040780       0x10 build/cooja/mtype943.a(uip-nd6.o)
 *fill*         0x0000000000040790       0x10 
 .bss           0x00000000000407a0      0x724 build/cooja/mtype943.a(sicslowpan.o)
 .bss           0x0000000000040ec4        0x0 build/cooja/mtype943.a(uiplib.o)
 .bss           0x0000000000040ec4        0x1 build/cooja/mtype943.a(rpl.o)
 .bss           0x0000000000040ec5        0x0 build/cooja/mtype943.a(rpl-icmp6.o)
 *fill*         0x0000000000040ec5        0x3 
 .bss           0x0000000000040ec8       0x11 build/cooja/mtype943.a(rpl-dag-root.o)
 .bss           0x0000000000040ed9        0x0 build/cooja/mtype943.a(watchdog.o)
 *fill*         0x0000000000040ed9        0x3 
 .bss           0x0000000000040edc        0x4 build/cooja/mtype943.a(int-master.o)
 .bss           0x0000000000040ee0        0x0 build/cooja/mtype943.a(stimer.o)
 .bss           0x0000000000040ee0        0x0 build/cooja/mtype943.a(ringbuf.o)
 .bss           0x0000000000040ee0        0x0 build/cooja/mtype943.a(memb.o)
 .bss           0x0000000000040ee0        0x0 build/cooja/mtype943.a(assert.o)
 .bss           0x0000000000040ee0     0x1214 build/cooja/mtype943.a(nbr-table.o)
 *fill*         0x00000000000420f4        0xc 
 .bss           0x0000000000042100      0xe10 build/cooja/mtype943.a(link-stats.o)
 *fill*         0x0000000000042f10       0x10 
 .bss           0x0000000000042f20      0x100 build/cooja/mtype943.a(mac-sequence.o)
 .bss           0x0000000000043020        0x0 build/cooja/mtype943.a(mac.o)
 .bss           0x0000000000043020        0x2 build/cooja/mtype943.a(framer-802154.o)
 .bss           0x0000000000043022        0x0 build/cooja/mtype943.a(frame802154.o)
 .bss           0x0000000000043022        0x0 build/cooja/mtype943.a(csma-security.o)
 *fill*         0x0000000000043022        0x2 
 .bss           0x0000000000043024       0x18 build/cooja/mtype943.a(uipbuf.o)
 .bss           0x000000000004303c       0x18 build/cooja/mtype943.a(uip-icmp6.o)
 *fill*         0x0000000000043054        0xc 
 .bss           0x0000000000043060     0x1d80 build/cooja/mtype943.a(uip-sr.o)
 .bss           0x0000000000044de0      0xa78 build/cooja/mtype943.a(uip-packetqueue)
 .bss           0x0000000000045858        0xe build/cooja/mtype943.a(rpl-nbr-policy.)
 *fill*         0x0000000000045866       0x1a 
 .bss           0x0000000000045880      0x960 build/cooja/mtype943.a(rpl-neighbor.o)
 .bss           0x00000000000461e0        0x0 build/cooja/mtype943.a(rpl-dag.o)
 .bss           0x00000000000461e0       0x40 build/cooja/mtype943.a(rpl-timers.o)
 .bss           0x0000000000046220        0x0 build/cooja/mtype943.a(rpl-ext-header.)
 .bss           0x0000000000046220        0x0 build/cooja/mtype943.a(rpl-mrhof.o)
 .bss           0x0000000000046220        0x0 /usr/lib/gcc/i686-linux-gnu/5/crtendS.o
 .bss           0x0000000000046220        0x0 /usr/lib/gcc/i686-linux-gnu/5/../../../i386-linux-gnu/crtn.o
 *(COMMON)
 COMMON         0x0000000000046220       0x60 mqtt-client-consumption.o
                0x0000000000046220                status
                0x0000000000046240                broker_address
 COMMON         0x0000000000046280        0x8 build/cooja/mtype943.o
                0x0000000000046280                referenceVar
                0x0000000000046284                sensors_flags
 COMMON         0x0000000000046288        0xc build/cooja/mtype943.a(simEnvChange.o)
                0x0000000000046288                simEtimerPending
                0x000000000004628c                simProcessRunValue
                0x0000000000046290                simEtimerNextExpirationTime
 *fill*         0x0000000000046294        0x4 
 COMMON         0x0000000000046298       0x18 build/cooja/mtype943.a(rtimer-arch.o)
                0x0000000000046298                simRtimerPending
                0x00000000000462a0                simRtimerCurrentTicks
                0x00000000000462a8                simRtimerNextExpirationTime
 COMMON         0x00000000000462b0        0x1 build/cooja/mtype943.a(beep.o)
                0x00000000000462b0                simBeeped
 *fill*         0x00000000000462b1        0x3 
 COMMON         0x00000000000462b4        0xc build/cooja/mtype943.a(moteid.o)
                0x00000000000462b4                simRandomSeed
                0x00000000000462b8                simMoteIDChanged
                0x00000000000462bc                simMoteID
 COMMON         0x00000000000462c0        0x2 build/cooja/mtype943.a(pir-sensor.o)
                0x00000000000462c0                simPirIsActive
                0x00000000000462c1                simPirChanged
 *fill*         0x00000000000462c2       0x1e 
 COMMON         0x00000000000462e0      0x820 build/cooja/mtype943.a(rs232.o)
                0x00000000000462e0                simSerialReceivingFlag
                0x00000000000462e4                simSerialReceivingLength
                0x0000000000046300                simSerialReceivingData
 COMMON         0x0000000000046b00        0x2 build/cooja/mtype943.a(vib-sensor.o)
                0x0000000000046b00                simVibChanged
                0x0000000000046b01                simVibIsActive
 *fill*         0x0000000000046b02        0x2 
 COMMON         0x0000000000046b04        0x4 build/cooja/mtype943.a(clock.o)
                0x0000000000046b04                simCurrentTime
 *fill*         0x0000000000046b08       0x18 
 COMMON         0x0000000000046b20     0x2020 build/cooja/mtype943.a(cooja-log.o)
                0x0000000000046b20                simLoggedLength
                0x0000000000046b24                simLoggedFlag
                0x0000000000046b40                simLoggedData
 COMMON         0x0000000000048b40       0xfd build/cooja/mtype943.a(cooja-radio.o)
                0x0000000000048b40                simOutDataBuffer
                0x0000000000048bc0                simInDataBuffer
 *fill*         0x0000000000048c3d        0x3 
 COMMON         0x0000000000048c40      0x400 build/cooja/mtype943.a(eeprom.o)
                0x0000000000048c40                simEEPROMData
 COMMON         0x0000000000049040        0x1 build/cooja/mtype943.a(sensors.o)
                0x0000000000049040                sensors_event
 COMMON         0x0000000000049041        0x2 build/cooja/mtype943.a(buttons.o)
                0x0000000000049041                simButtonIsDown
                0x0000000000049042                simButtonChanged
 COMMON         0x0000000000049043        0x1 build/cooja/mtype943.a(mqtt.o)
                0x0000000000049043                mqtt_update_event
 COMMON         0x0000000000049044       0x60 build/cooja/mtype943.a(contiki-main.o)
                0x0000000000049044                eb_per_time_source
                0x000000000004905c                unicast_per_neighbor_rpl_storing
                0x0000000000049074                unicast_per_neighbor_rpl_ns
                0x000000000004908c                default_common
 COMMON         0x00000000000490a4        0x3 build/cooja/mtype943.a(button-hal.o)
                0x00000000000490a4                button_hal_periodic_event
                0x00000000000490a5                button_hal_press_event
                0x00000000000490a6                button_hal_release_event
 COMMON         0x00000000000490a7        0x1 build/cooja/mtype943.a(serial-line.o)
                0x00000000000490a7                serial_line_event_message
 COMMON         0x00000000000490a8       0x2c build/cooja/mtype943.a(packetbuf.o)
                0x00000000000490a8                packetbuf_attrs
                0x00000000000490c4                packetbuf_addrs
 COMMON         0x00000000000490d4        0x8 build/cooja/mtype943.a(linkaddr.o)
                0x00000000000490d4                linkaddr_node_addr
 *fill*         0x00000000000490dc        0x4 
 COMMON         0x00000000000490e0      0x181 build/cooja/mtype943.a(uip-ds6.o)
                0x00000000000490e0                uip_ds6_prefix_list
                0x0000000000049140                uip_ds6_timer_periodic
                0x0000000000049150                uip_ds6_netif_addr_list_offset
                0x0000000000049160                uip_ds6_if
                0x0000000000049258                uip_ds6_timer_ra
                0x0000000000049260                uip_ds6_addr_size
 COMMON         0x0000000000049261        0x1 build/cooja/mtype943.a(tcpip.o)
                0x0000000000049261                tcpip_event
 *fill*         0x0000000000049262       0x1e 
 COMMON         0x0000000000049280      0x808 build/cooja/mtype943.a(uip6.o)
                0x0000000000049280                uip_slen
                0x0000000000049284                uip_acc32
                0x00000000000492a0                uip_conns
                0x0000000000049420                uip_lladdr
                0x0000000000049428                uip_appdata
                0x000000000004942c                uip_flags
                0x0000000000049440                uip_aligned_buf
                0x0000000000049940                uip_listenports
                0x0000000000049968                uip_len
                0x000000000004996c                uip_sappdata
                0x0000000000049980                uip_udp_conns
                0x0000000000049a80                uip_udp_conn
                0x0000000000049a84                uip_conn
 COMMON         0x0000000000049a88       0x10 build/cooja/mtype943.a(rpl.o)
                0x0000000000049a88                rpl_multicast_addr
 *fill*         0x0000000000049a98        0x8 
 COMMON         0x0000000000049aa0       0x20 build/cooja/mtype943.a(link-stats.o)
                0x0000000000049aa0                periodic_timer
 COMMON         0x0000000000049ac0      0x164 build/cooja/mtype943.a(rpl-dag.o)
                0x0000000000049ac0                curr_instance
                0x0000000000049c24                . = ALIGN ((. != 0x0)?0x4:0x1)
                0x0000000000049c24                . = ALIGN (0x4)
                0x0000000000049c24                . = SEGMENT_START ("ldata-segment", .)
                0x0000000000049c24                . = ALIGN (0x4)
                0x0000000000049c24                _end = .
                [!provide]                        PROVIDE (end, .)