Archive member included to satisfy reference by file (symbol)

build/cooja/mtype198.a(simEnvChange.o)
                              build/cooja/mtype198.o (simDontFallAsleep)
build/cooja/mtype198.a(cooja_mt.o)
                              build/cooja/mtype198.o (cooja_mt_start)
build/cooja/mtype198.a(cooja_mtarch.o)
                              build/cooja/mtype198.a(cooja_mt.o) (cooja_mtarch_start)
build/cooja/mtype198.a(rtimer-arch.o)
                              build/cooja/mtype198.o (rtimer_arch_check)
build/cooja/mtype198.a(beep.o)
                              build/cooja/mtype198.o (beep_interface)
build/cooja/mtype198.a(leds-arch.o)
                              build/cooja/mtype198.o (leds_interface)
build/cooja/mtype198.a(moteid.o)
                              build/cooja/mtype198.o (moteid_interface)
build/cooja/mtype198.a(pir-sensor.o)
                              build/cooja/mtype198.o (pir_interface)
build/cooja/mtype198.a(rs232.o)
                              build/cooja/mtype198.o (rs232_interface)
build/cooja/mtype198.a(vib-sensor.o)
                              build/cooja/mtype198.o (vib_interface)
build/cooja/mtype198.a(clock.o)
                              build/cooja/mtype198.o (clock_interface)
build/cooja/mtype198.a(cooja-log.o)
                              build/cooja/mtype198.o (simlog_interface)
build/cooja/mtype198.a(cfs-cooja.o)
                              build/cooja/mtype198.o (cfs_interface)
build/cooja/mtype198.a(cooja-radio.o)
                              build/cooja/mtype198.o (radio_interface)
build/cooja/mtype198.a(eeprom.o)
                              build/cooja/mtype198.o (eeprom_interface)
build/cooja/mtype198.a(random.o)
                              build/cooja/mtype198.a(moteid.o) (random_init)
build/cooja/mtype198.a(sensors.o)
                              build/cooja/mtype198.a(pir-sensor.o) (sensors_changed)
build/cooja/mtype198.a(leds.o)
                              build/cooja/mtype198.a(leds-arch.o) (leds_get)
build/cooja/mtype198.a(gpio-hal-arch.o)
                              build/cooja/mtype198.a(leds-arch.o) (gpio_hal_arch_register_pin_callback)
build/cooja/mtype198.a(buttons.o)
                              build/cooja/mtype198.o (button_interface)
build/cooja/mtype198.a(webserver.o)
                              border-router.o (webserver_nogui_process)
build/cooja/mtype198.a(contiki-main.o)
                              build/cooja/mtype198.o (main)
build/cooja/mtype198.a(autostart.o)
                              build/cooja/mtype198.a(contiki-main.o) (autostart_start)
build/cooja/mtype198.a(ctimer.o)
                              build/cooja/mtype198.a(contiki-main.o) (ctimer_init)
build/cooja/mtype198.a(log.o)
                              build/cooja/mtype198.a(contiki-main.o) (curr_log_level_main)
build/cooja/mtype198.a(energest.o)
                              build/cooja/mtype198.a(contiki-main.o) (energest_init)
build/cooja/mtype198.a(etimer.o)
                              build/cooja/mtype198.a(contiki-main.o) (etimer_process)
build/cooja/mtype198.a(node-id.o)
                              build/cooja/mtype198.a(contiki-main.o) (node_id)
build/cooja/mtype198.a(rtimer.o)
                              build/cooja/mtype198.a(contiki-main.o) (rtimer_init)
build/cooja/mtype198.a(process.o)
                              build/cooja/mtype198.a(ctimer.o) (process_current)
build/cooja/mtype198.a(timer.o)
                              build/cooja/mtype198.a(etimer.o) (timer_set)
build/cooja/mtype198.a(list.o)
                              build/cooja/mtype198.a(ctimer.o) (list_init)
build/cooja/mtype198.a(button-hal.o)
                              build/cooja/mtype198.o (button_hal_init)
build/cooja/mtype198.a(serial-line.o)
                              build/cooja/mtype198.a(rs232.o) (serial_line_input_byte)
build/cooja/mtype198.a(gpio-hal.o)
                              build/cooja/mtype198.a(button-hal.o) (gpio_hal_register_handler)
build/cooja/mtype198.a(queuebuf.o)
                              build/cooja/mtype198.a(contiki-main.o) (queuebuf_init)
build/cooja/mtype198.a(packetbuf.o)
                              build/cooja/mtype198.a(cooja-radio.o) (packetbuf_clear)
build/cooja/mtype198.a(netstack.o)
                              build/cooja/mtype198.a(contiki-main.o) (netstack_init)
build/cooja/mtype198.a(linkaddr.o)
                              build/cooja/mtype198.a(contiki-main.o) (linkaddr_node_addr)
build/cooja/mtype198.a(csma.o)
                              build/cooja/mtype198.a(cooja-radio.o) (csma_driver)
build/cooja/mtype198.a(csma-output.o)
                              build/cooja/mtype198.a(csma.o) (csma_output_packet)
build/cooja/mtype198.a(uip-sr.o)
                              build/cooja/mtype198.a(webserver.o) (uip_sr_num_nodes)
build/cooja/mtype198.a(uip-ds6.o)
                              build/cooja/mtype198.a(contiki-main.o) (uip_ds6_get_link_local)
build/cooja/mtype198.a(uip-ds6-route.o)
[...]
Memory Configuration

Name             Origin             Length             Attributes
*default*        0x0000000000000000 0xffffffffffffffff

Linker script and memory map

LOAD /usr/lib/gcc/i686-linux-gnu/5/../../../i386-linux-gnu/crti.o
LOAD /usr/lib/gcc/i686-linux-gnu/5/crtbeginS.o
LOAD border-router.o
LOAD build/cooja/mtype198.o
LOAD build/cooja/mtype198.a
LOAD /usr/lib/gcc/i686-linux-gnu/5/libgcc.a
LOAD /usr/lib/gcc/i686-linux-gnu/5/libgcc_s.so
LOAD /usr/lib/gcc/i686-linux-gnu/5/../../../i386-linux-gnu/libc.so
START GROUP
LOAD /lib/i386-linux-gnu/libc.so.6
LOAD /usr/lib/i386-linux-gnu/libc_nonshared.a
LOAD /lib/i386-linux-gnu/ld-linux.so.2
END GROUP
LOAD /usr/lib/gcc/i686-linux-gnu/5/libgcc.a
LOAD /usr/lib/gcc/i686-linux-gnu/5/libgcc_s.so
LOAD /usr/lib/gcc/i686-linux-gnu/5/crtendS.o
LOAD /usr/lib/gcc/i686-linux-gnu/5/../../../i386-linux-gnu/crtn.o
                0x0000000000000114                . = (0x0 + SIZEOF_HEADERS)

.note.gnu.build-id
                0x0000000000000114       0x24
 *(.note.gnu.build-id)
 .note.gnu.build-id
                0x0000000000000114       0x24 /usr/lib/gcc/i686-linux-gnu/5/../../../i386-linux-gnu/crti.o

.hash
 *(.hash)

.gnu.hash       0x0000000000000138     0x1624
 *(.gnu.hash)
 .gnu.hash      0x0000000000000138     0x1624 /usr/lib/gcc/i686-linux-gnu/5/../../../i386-linux-gnu/crti.o

.dynsym         0x000000000000175c     0x3110
 *(.dynsym)
 .dynsym        0x000000000000175c     0x3110 /usr/lib/gcc/i686-linux-gnu/5/../../../i386-linux-gnu/crti.o

.dynstr         0x000000000000486c     0x3894
 *(.dynstr)
 .dynstr        0x000000000000486c     0x3894 /usr/lib/gcc/i686-linux-gnu/5/../../../i386-linux-gnu/crti.o

.gnu.version    0x0000000000008100      0x622
 *(.gnu.version)
 .gnu.version   0x0000000000008100      0x622 /usr/lib/gcc/i686-linux-gnu/5/../../../i386-linux-gnu/crti.o

.gnu.version_d  0x0000000000008724        0x0
 *(.gnu.version_d)
 .gnu.version_d
                0x0000000000008724        0x0 /usr/lib/gcc/i686-linux-gnu/5/../../../i386-linux-gnu/crti.o

.gnu.version_r  0x0000000000008724       0x40
 *(.gnu.version_r)
 .gnu.version_r
                0x0000000000008724       0x40 /usr/lib/gcc/i686-linux-gnu/5/../../../i386-linux-gnu/crti.o

.rel.dyn        0x0000000000008764     0xaa78
 *(.rel.init)
 .rel.init      0x0000000000008764        0x0 /usr/lib/gcc/i686-linux-gnu/5/../../../i386-linux-gnu/crti.o
 *(.rel.text .rel.text.* .rel.gnu.linkonce.t.*)
 .rel.text      0x0000000000008764     0x9fe8 /usr/lib/gcc/i686-linux-gnu/5/../../../i386-linux-gnu/crti.o
 *(.rel.fini)
 .rel.fini      0x000000000001274c        0x0 /usr/lib/gcc/i686-linux-gnu/5/../../../i386-linux-gnu/crti.o
 *(.rel.rodata .rel.rodata.* .rel.gnu.linkonce.r.*)
 .rel.rodata    0x000000000001274c      0x628 /usr/lib/gcc/i686-linux-gnu/5/../../../i386-linux-gnu/crti.o
 *(.rel.data.rel.ro .rel.data.rel.ro.* .rel.gnu.linkonce.d.rel.ro.*)
 *(.rel.data .rel.data.* .rel.gnu.linkonce.d.*)
 .rel.data.rel.local
                0x0000000000012d74        0x8 /usr/lib/gcc/i686-linux-gnu/5/../../../i386-linux-gnu/crti.o
 .rel.data      0x0000000000012d7c      0x428 /usr/lib/gcc/i686-linux-gnu/5/../../../i386-linux-gnu/crti.o
 *(.rel.tdata .rel.tdata.* .rel.gnu.linkonce.td.*)
 *(.rel.tbss .rel.tbss.* .rel.gnu.linkonce.tb.*)
 *(.rel.ctors)
 *(.rel.dtors)
 *(.rel.got)
 .rel.got       0x00000000000131a4       0x28 /usr/lib/gcc/i686-linux-gnu/5/../../../i386-linux-gnu/crti.o
 *(.rel.bss .rel.bss.* .rel.gnu.linkonce.b.*)
 *(.rel.ifunc)
 .rel.ifunc     0x00000000000131cc        0x0 /usr/lib/gcc/i686-linux-gnu/5/../../../i386-linux-gnu/crti.o
 .rel.fini_array
                0x00000000000131cc        0x8 /usr/lib/gcc/i686-linux-gnu/5/../../../i386-linux-gnu/crti.o
 .rel.init_array
                0x00000000000131d4        0x8 /usr/lib/gcc/i686-linux-gnu/5/../../../i386-linux-gnu/crti.o

.rel.plt        0x00000000000131dc        0x0
 *(.rel.plt)
 .rel.plt       0x00000000000131dc        0x0 /usr/lib/gcc/i686-linux-gnu/5/../../../i386-linux-gnu/crti.o
 *(.rel.iplt)

.init           0x00000000000131dc       0x23
 *(SORT(.init))
 .init          0x00000000000131dc       0x1e /usr/lib/gcc/i686-linux-gnu/5/../../../i386-linux-gnu/crti.o
                0x00000000000131dc                _init
 .init          0x00000000000131fa        0x5 /usr/lib/gcc/i686-linux-gnu/5/../../../i386-linux-gnu/crtn.o

.plt            0x0000000000013200       0x10
 *(.plt)
 .plt           0x0000000000013200       0x10 /usr/lib/gcc/i686-linux-gnu/5/../../../i386-linux-gnu/crti.o
 *(.iplt)

.plt.got        0x0000000000013210       0x10
 *(.plt.got)
 .plt.got       0x0000000000013210       0x10 /usr/lib/gcc/i686-linux-gnu/5/../../../i386-linux-gnu/crti.o

.text           0x0000000000013220    0x1be02
 *(.text.unlikely .text.*_unlikely .text.unlikely.*)
 .text.unlikely
                0x0000000000013220        0x0 /usr/lib/gcc/i686-linux-gnu/5/crtbeginS.o
 .text.unlikely
                0x0000000000013220        0x0 /usr/lib/gcc/i686-linux-gnu/5/libgcc.a(_udivdi3.o)
 *(.text.exit .text.exit.*)
 *(.text.startup .text.startup.*)
 *(.text.hot .text.hot.*)
 *(.text .stub .text.* .gnu.linkonce.t.*)
 .text          0x0000000000013220        0x0 /usr/lib/gcc/i686-linux-gnu/5/../../../i386-linux-gnu/crti.o
 .gnu.linkonce.t.__x86.get_pc_thunk.bx
                0x0000000000013220        0x4 /usr/lib/gcc/i686-linux-gnu/5/../../../i386-linux-gnu/crti.o
                0x0000000000013220                __x86.get_pc_thunk.bx
 *fill*         0x0000000000013224        0xc 
 .text          0x0000000000013230      0x11c /usr/lib/gcc/i686-linux-gnu/5/crtbeginS.o
 .text.__x86.get_pc_thunk.dx
                0x000000000001334c        0x4 /usr/lib/gcc/i686-linux-gnu/5/crtbeginS.o
                0x000000000001334c                __x86.get_pc_thunk.dx
 .text          0x0000000000013350       0x6c border-router.o
 .text          0x00000000000133bc      0x283 build/cooja/mtype198.o
                0x000000000001344e                platform_init_stage_one
                0x0000000000013461                platform_init_stage_two
                0x0000000000013474                platform_init_stage_three
                0x0000000000013487                platform_main_loop
                0x00000000000134fa                Java_org_contikios_cooja_corecomm_Lib5_init
                0x0000000000013531                Java_org_contikios_cooja_corecomm_Lib5_getMemory
                0x0000000000013564                Java_org_contikios_cooja_corecomm_Lib5_setMemory
                0x00000000000135c4                Java_org_contikios_cooja_corecomm_Lib5_tick
                0x000000000001362c                Java_org_contikios_cooja_corecomm_Lib5_setReferenceAddress
 .text          0x000000000001363f       0x65 build/cooja/mtype198.a(simEnvChange.o)
                0x000000000001363f                doActionsBeforeTick
                0x0000000000013671                doActionsAfterTick
 .text          0x00000000000136a4       0x83 build/cooja/mtype198.a(cooja_mt.o)
                0x00000000000136a4                cooja_mt_start
                0x00000000000136ce                cooja_mt_exec
                0x0000000000013704                cooja_mt_yield
 .text          0x0000000000013727       0xbe build/cooja/mtype198.a(cooja_mtarch.o)
                0x0000000000013727                cooja_mtarch_start
                0x000000000001379a                cooja_sw
                0x00000000000137bd                cooja_mtarch_exec
                0x00000000000137da                cooja_mtarch_yield
 .text          0x00000000000137e5       0xc5 build/cooja/mtype198.a(rtimer-arch.o)
                0x00000000000137e5                rtimer_arch_init
                0x0000000000013809                rtimer_arch_schedule
                0x0000000000013839                rtimer_arch_next
                0x0000000000013849                rtimer_arch_pending
                0x0000000000013853                rtimer_arch_check
                0x000000000001389a                rtimer_arch_now
 .text          0x00000000000138aa       0x81 build/cooja/mtype198.a(beep.o)
                0x00000000000138aa                beep_alarm
                0x00000000000138b7                beep_beep
                0x00000000000138c4                beep
                0x00000000000138d1                beep_down
                0x00000000000138de                beep_on
                0x00000000000138eb                beep_off
                0x00000000000138f8                beep_spinup
                0x0000000000013905                beep_quick
                0x0000000000013912                beep_long
 .text          0x000000000001392b       0x65 build/cooja/mtype198.a(leds-arch.o)
                0x000000000001393e                leds_arch_init
 .text          0x0000000000013990       0x35 build/cooja/mtype198.a(moteid.o)
 .text          0x00000000000139c5       0xb7 build/cooja/mtype198.a(pir-sensor.o)
 .text          0x0000000000013a7c      0x148 build/cooja/mtype198.a(rs232.o)
                0x0000000000013a7c                rs232_init
                0x0000000000013a82                rs232_set_speed
                0x0000000000013a91                rs232_set_input
                0x0000000000013a9f                rs232_send
                0x0000000000013ac3                rs232_print
                0x0000000000013adf                slip_arch_writeb
 .text          0x0000000000013bc4       0xb7 build/cooja/mtype198.a(vib-sensor.o)
 .text          0x0000000000013c7b       0x38 build/cooja/mtype198.a(clock.o)
                0x0000000000013c7b                clock_init
                0x0000000000013c81                clock_time
                0x0000000000013c8b                clock_seconds
                0x0000000000013ca1                clock_delay
 .text          0x0000000000013cb3      0x219 build/cooja/mtype198.a(cooja-log.o)
                0x0000000000013cb3                simlog_char
                0x0000000000013cf6                simlog
                0x0000000000013d6c                log_message
                0x0000000000013d9d                log_set_putchar_with_slip
                0x0000000000013dab                log_putchar
                0x0000000000013e26                log_puts
                0x0000000000013e4e                log_printf
 .text          0x0000000000013ecc      0x2b9 build/cooja/mtype198.a(cfs-cooja.o)
                0x0000000000013ecc                cfs_open
                0x0000000000013f35                cfs_close
                0x0000000000013f42                cfs_read
                0x0000000000013fd7                cfs_write
                0x00000000000140b3                cfs_seek
                0x000000000001413b                cfs_remove
                0x000000000001415f                cfs_opendir
                0x0000000000014169                cfs_readdir
                0x0000000000014173                cfs_closedir
 .text          0x0000000000014185      0x620 build/cooja/mtype198.a(cooja-radio.o)
                0x00000000000141c7                radio_set_channel
                0x00000000000141d5                radio_set_txpower
                0x00000000000141ed                radio_signal_strength_last
                0x00000000000141f7                radio_signal_strength_current
                0x0000000000014201                radio_LQI
 .text          0x00000000000147a5       0xee build/cooja/mtype198.a(eeprom.o)
                0x00000000000147a5                eeprom_init
                0x00000000000147ab                eeprom_read
                0x0000000000014819                eeprom_write
 .text          0x0000000000014893       0x2d build/cooja/mtype198.a(random.o)
                0x0000000000014893                random_init
                0x00000000000148b3                random_rand
 .text          0x00000000000148c0      0x29c build/cooja/mtype198.a(sensors.o)
                0x00000000000148fb                sensors_first
                0x0000000000014905                sensors_next
                0x000000000001491f                sensors_changed
                0x0000000000014953                sensors_find
 .text          0x0000000000014b5c      0x349 build/cooja/mtype198.a(leds.o)
                0x0000000000014b5c                leds_init
                0x0000000000014ba3                leds_single_on
                0x0000000000014c02                leds_single_off
                0x0000000000014c61                leds_single_toggle
                0x0000000000014c93                leds_on
                0x0000000000014d15                leds_off
                0x0000000000014d97                leds_toggle
                0x0000000000014dec                leds_set
                0x0000000000014e18                leds_get
 .text          0x0000000000014ea5      0x343 build/cooja/mtype198.a(gpio-hal-arch.o)
                0x0000000000014ea5                gpio_hal_arch_register_pin_callback
                0x0000000000014f11                gpio_hal_arch_init
                0x0000000000014f56                gpio_hal_arch_no_port_interrupt_enable
                0x0000000000014f86                gpio_hal_arch_no_port_interrupt_disable
                0x0000000000014fb6                gpio_hal_arch_no_port_pin_cfg_set
                0x0000000000014fdb                gpio_hal_arch_no_port_pin_cfg_get
                0x0000000000015001                gpio_hal_arch_no_port_pin_set_input
                0x0000000000015013                gpio_hal_arch_no_port_pin_set_output
                0x0000000000015025                gpio_hal_arch_no_port_set_pin
                0x0000000000015046                gpio_hal_arch_no_port_clear_pin
                0x0000000000015067                gpio_hal_arch_no_port_read_pin
                0x000000000001508d                gpio_hal_arch_no_port_write_pin
                0x00000000000150b7                gpio_hal_arch_no_port_set_pins
                0x00000000000150fe                gpio_hal_arch_no_port_clear_pins
                0x0000000000015145                gpio_hal_arch_no_port_read_pins
                0x0000000000015188                gpio_hal_arch_no_port_write_pins
 .text          0x00000000000151e8       0x89 build/cooja/mtype198.a(buttons.o)
 .text          0x0000000000015271      0x7ba build/cooja/mtype198.a(webserver.o)
                0x0000000000015a21                httpd_simple_get_script
 .text          0x0000000000015a2b      0x337 build/cooja/mtype198.a(contiki-main.o)
                0x0000000000015a2b                main
 .text          0x0000000000015d62       0x92 build/cooja/mtype198.a(autostart.o)
                0x0000000000015d62                autostart_start
                0x0000000000015dac                autostart_exit
 .text          0x0000000000015df4      0x355 build/cooja/mtype198.a(ctimer.o)
                0x0000000000015f1c                ctimer_init
                0x0000000000015f4f                ctimer_set
                0x0000000000015f75                ctimer_set_with_process
                0x0000000000015ff2                ctimer_reset
                0x0000000000016046                ctimer_restart
                0x000000000001609a                ctimer_stop
                0x00000000000160ea                ctimer_expired
 .text          0x0000000000016149      0x394 build/cooja/mtype198.a(log.o)
                0x0000000000016149                log_6addr
                0x000000000001619c                log_6addr_compact_snprint
                0x000000000001623a                log_6addr_compact
                0x000000000001628d                log_lladdr
                0x00000000000162ff                log_lladdr_compact
                0x0000000000016367                log_set_level
                0x0000000000016422                log_get_level
                0x000000000001649b                log_level_to_str
 .text          0x00000000000164dd       0x1b build/cooja/mtype198.a(energest.o)
                0x00000000000164dd                energest_init
                0x00000000000164e3                energest_flush
                0x00000000000164e9                energest_get_total_time
 .text          0x00000000000164f8      0x43f build/cooja/mtype198.a(etimer.o)
                0x000000000001671c                etimer_request_poll
                0x00000000000167a5                etimer_set
                0x00000000000167ce                etimer_reset_with_new_interval
                0x00000000000167fd                etimer_reset
                0x0000000000016823                etimer_restart
                0x0000000000016849                etimer_adjust
                0x0000000000016866                etimer_expired
                0x0000000000016879                etimer_expiration_time
                0x000000000001688b                etimer_start_time
                0x0000000000016895                etimer_pending
                0x00000000000168a7                etimer_next_expiration_time
                0x00000000000168c1                etimer_stop
 .text          0x0000000000016937       0x25 build/cooja/mtype198.a(node-id.o)
                0x0000000000016937                node_id_init
 .text          0x000000000001695c       0xeb build/cooja/mtype198.a(rtimer.o)
                0x000000000001695c                rtimer_init
                0x000000000001696a                rtimer_set
                0x00000000000169e5                rtimer_run_next
 .text          0x0000000000016a47      0x4fb build/cooja/mtype198.a(process.o)
                0x0000000000016a47                process_alloc_event
                0x0000000000016a5c                process_start
                0x0000000000016c36                process_exit
                0x0000000000016c53                process_init
                0x0000000000016de8                process_run
                0x0000000000016e1b                process_nevents
                0x0000000000016e36                process_post
                0x0000000000016ec9                process_post_synch
                0x0000000000016efe                process_poll
                0x0000000000016f2e                process_is_running
 .text          0x0000000000016f42       0xb1 build/cooja/mtype198.a(timer.o)
                0x0000000000016f42                timer_set
                0x0000000000016f60                timer_reset
                0x0000000000016f8d                timer_restart
                0x0000000000016fa2                timer_expired
                0x0000000000016fcf                timer_remaining
 .text          0x0000000000016ff3      0x28f build/cooja/mtype198.a(list.o)
                0x0000000000016ff3                list_init
                0x0000000000017002                list_head
                0x000000000001700c                list_copy
                0x000000000001701c                list_tail
                0x0000000000017052                list_add
                0x000000000001709e                list_push
                0x00000000000170ca                list_chop
                0x0000000000017134                list_pop
                0x000000000001715c                list_remove
                0x00000000000171c4                list_length
                0x00000000000171f2                list_insert
                0x0000000000017237                list_item_next
                0x000000000001724e                list_contains
 .text          0x0000000000017282      0x41c build/cooja/mtype198.a(button-hal.o)
                0x00000000000173fb                button_hal_get_by_id
                0x0000000000017439                button_hal_get_by_index
                0x0000000000017465                button_hal_get_state
                0x00000000000174b7                button_hal_init
 .text          0x000000000001769e      0x1f3 build/cooja/mtype198.a(serial-line.o)
                0x000000000001769e                serial_line_input_byte
                0x000000000001785c                serial_line_init
 .text          0x0000000000017891      0x168 build/cooja/mtype198.a(gpio-hal.o)
                0x0000000000017891                gpio_hal_register_handler
                0x00000000000178ae                gpio_hal_event_handler
                0x000000000001790a                gpio_hal_init
                0x0000000000017929                gpio_hal_arch_port_toggle_pin
                0x0000000000017965                gpio_hal_arch_port_toggle_pins
                0x0000000000017993                gpio_hal_arch_no_port_toggle_pin
                0x00000000000179d1                gpio_hal_arch_no_port_toggle_pins
 .text          0x00000000000179f9      0x2e7 build/cooja/mtype198.a(queuebuf.o)
                0x0000000000017a03                queuebuf_init
                0x0000000000017a2c                queuebuf_numfree
                0x0000000000017a44                queuebuf_new_from_packetbuf
                0x0000000000017ae3                queuebuf_update_attr_from_packetbuf
                0x0000000000017b18                queuebuf_update_from_packetbuf
                0x0000000000017b68                queuebuf_free
                0x0000000000017bb1                queuebuf_to_packetbuf
                0x0000000000017c1d                queuebuf_dataptr
                0x0000000000017c57                queuebuf_datalen
                0x0000000000017c7a                queuebuf_addr
                0x0000000000017caf                queuebuf_attr
                0x0000000000017cda                queuebuf_debug_print
 .text          0x0000000000017ce0      0x407 build/cooja/mtype198.a(packetbuf.o)
                0x0000000000017ce0                packetbuf_clear
                0x0000000000017d0b                packetbuf_copyfrom
                0x0000000000017d5a                packetbuf_copyto
                0x0000000000017ded                packetbuf_hdralloc
                0x0000000000017e69                packetbuf_hdrreduce
                0x0000000000017eaf                packetbuf_set_datalen
                0x0000000000017ec9                packetbuf_dataptr
                0x0000000000017ee6                packetbuf_hdrptr
                0x0000000000017ef0                packetbuf_datalen
                0x0000000000017efc                packetbuf_hdrlen
                0x0000000000017f13                packetbuf_totlen
                0x0000000000017f29                packetbuf_remaininglen
                0x0000000000017f3c                packetbuf_attr_clear
                0x0000000000017f88                packetbuf_attr_copyto
                0x0000000000017fe0                packetbuf_attr_copyfrom
                0x0000000000018038                packetbuf_set_attr
                0x0000000000018062                packetbuf_attr
                0x000000000001807c                packetbuf_set_addr
                0x00000000000180ad                packetbuf_addr
                0x00000000000180ca                packetbuf_holds_broadcast
 .text          0x00000000000180e7       0xef build/cooja/mtype198.a(netstack.o)
                0x00000000000180e7                netstack_process_ip_callback
                0x0000000000018178                netstack_ip_packet_processor_add
                0x000000000001819b                uip_ds6_ip_packet_processor_rm
                0x00000000000181b8                netstack_init
 .text          0x00000000000181d6       0x4f build/cooja/mtype198.a(linkaddr.o)
                0x00000000000181d6                linkaddr_copy
                0x00000000000181ec                linkaddr_cmp
                0x000000000001820f                linkaddr_set_node_addr
 .text          0x0000000000018225      0x1f6 build/cooja/mtype198.a(csma.o)
 .text          0x000000000001841b      0x95d build/cooja/mtype198.a(csma-output.o)
                0x0000000000018ab2                csma_output_packet
                0x0000000000018d3f                csma_output_init
 .text          0x0000000000018d78      0x69b build/cooja/mtype198.a(uip-sr.o)
                0x0000000000018d78                uip_sr_num_nodes
                0x0000000000018e06                uip_sr_get_node
                0x0000000000018e5d                uip_sr_is_addr_reachable
                0x0000000000018f0b                uip_sr_expire_parent
                0x0000000000018f54                uip_sr_update_node
                0x0000000000019084                uip_sr_init
                0x00000000000190b8                uip_sr_node_head
                0x00000000000190d1                uip_sr_node_next
                0x00000000000190e7                uip_sr_periodic
                0x00000000000191ed                uip_sr_free_all
                0x000000000001925d                uip_sr_link_snprint
 .text          0x0000000000019413      0xc11 build/cooja/mtype198.a(uip-ds6.o)
                0x0000000000019413                uip_ds6_default_prefix
                0x000000000001941d                uip_ds6_set_default_prefix
                0x0000000000019448                uip_ds6_init
                0x00000000000196aa                uip_ds6_periodic
                0x0000000000019731                uip_ds6_list_loop
                0x00000000000197f1                uip_ds6_prefix_add
                0x000000000001989d                uip_ds6_prefix_rm
                0x00000000000198b0                uip_ds6_prefix_lookup
                0x00000000000198ef                uip_ds6_is_addr_onlink
                0x0000000000019962                uip_ds6_addr_add
                0x0000000000019a82                uip_ds6_addr_rm
                0x0000000000019b2b                uip_ds6_addr_lookup
                0x0000000000019b64                uip_ds6_get_link_local
                0x0000000000019be5                uip_ds6_get_global
                0x0000000000019c66                uip_ds6_maddr_add
                0x0000000000019cc6                uip_ds6_maddr_rm
                0x0000000000019cd9                uip_ds6_maddr_lookup
                0x0000000000019d12                uip_ds6_aaddr_add
                0x0000000000019d72                uip_ds6_aaddr_rm
                0x0000000000019d85                uip_ds6_aaddr_lookup
                0x0000000000019dbe                uip_ds6_select_src
                0x0000000000019f07                uip_ds6_set_addr_iid
                0x0000000000019f32                uip_ds6_set_lladdr_from_iid
                0x0000000000019f5b                get_match_length
                0x0000000000019fec                uip_ds6_compute_reachable_time
 .text          0x000000000001a024      0x35b build/cooja/mtype198.a(uip-ds6-route.o)
                0x000000000001a075                uip_ds6_route_init
                0x000000000001a09f                uip_ds6_route_nexthop
                0x000000000001a0a9                uip_ds6_route_head
                0x000000000001a0b3                uip_ds6_route_next
                0x000000000001a0bd                uip_ds6_route_is_nexthop
                0x000000000001a0c7                uip_ds6_route_num_routes
                0x000000000001a0d1                uip_ds6_route_lookup
                0x000000000001a0db                uip_ds6_route_add
                0x000000000001a0ee                uip_ds6_route_rm
                0x000000000001a0f4                uip_ds6_route_rm_by_nexthop
                0x000000000001a0fa                uip_ds6_defrt_head
                0x000000000001a113                uip_ds6_defrt_add
                0x000000000001a1c1                uip_ds6_defrt_rm
                0x000000000001a227                uip_ds6_defrt_lookup
                0x000000000001a28e                uip_ds6_defrt_choose
                0x000000000001a304                uip_ds6_defrt_periodic
 .text          0x000000000001a37f      0x70e build/cooja/mtype198.a(psock.o)
                0x000000000001a699                psock_send
                0x000000000001a71f                psock_generator_send
                0x000000000001a82d                psock_datalen
                0x000000000001a845                psock_newdata
                0x000000000001a893                psock_readto
                0x000000000001a962                psock_readbuf_len
                0x000000000001aa49                psock_init
 .text          0x000000000001aa8d      0xa85 build/cooja/mtype198.a(tcpip.o)
                0x000000000001aaa7                tcpip_output
                0x000000000001ab88                tcp_connect
                0x000000000001abe0                tcp_unlisten
                0x000000000001ac40                tcp_listen
                0x000000000001ac9e                tcp_attach
                0x000000000001acb6                udp_attach
                0x000000000001acce                udp_new
                0x000000000001ad18                udp_broadcast_new
                0x000000000001af9d                tcpip_input
                0x000000000001b169                tcpip_ipv6_output
                0x000000000001b35d                tcpip_poll_udp
                0x000000000001b37b                tcpip_poll_tcp
                0x000000000001b399                tcpip_uipcall
 .text          0x000000000001b512     0x2d5b build/cooja/mtype198.a(uip6.o)
                0x000000000001b512                uip_add32
                0x000000000001b6ac                uip_chksum
                0x000000000001b783                uip_icmp6chksum
                0x000000000001b798                uip_tcpchksum
                0x000000000001b7ad                uip_udpchksum
                0x000000000001b7c2                uip_init
                0x000000000001b852                uip_connect
                0x000000000001b9db                uip_remove_ext_hdr
                0x000000000001bab5                uip_udp_new
                0x000000000001bbd7                uip_unlisten
                0x000000000001bc19                uip_listen
                0x000000000001beb1                uip_process
                0x000000000001e147                uip_htons
                0x000000000001e169                uip_htonl
                0x000000000001e1a7                uip_send
 .text          0x000000000001e26d      0x369 build/cooja/mtype198.a(uip-ds6-nbr.o)
                0x000000000001e26d                uip_ds6_neighbors_init
                0x000000000001e291                uip_ds6_nbr_add
                0x000000000001e317                uip_ds6_nbr_rm
                0x000000000001e362                uip_ds6_nbr_update_ll
                0x000000000001e450                uip_ds6_nbr_get_ipaddr
                0x000000000001e465                uip_ds6_nbr_get_ll
                0x000000000001e481                uip_ds6_nbr_num
                0x000000000001e4ca                uip_ds6_nbr_head
                0x000000000001e4e3                uip_ds6_nbr_next
                0x000000000001e4ff                uip_ds6_nbr_lookup
                0x000000000001e557                uip_ds6_nbr_ll_lookup
                0x000000000001e573                uip_ds6_nbr_ipaddr_from_lladdr
                0x000000000001e59c                uip_ds6_nbr_lladdr_from_ipaddr
                0x000000000001e5d0                uip_ds6_link_callback
 .text          0x000000000001e5d6      0x6a7 build/cooja/mtype198.a(uip-nd6.o)
                0x000000000001ec64                uip_nd6_init
 .text          0x000000000001ec7d     0x2c17 build/cooja/mtype198.a(sicslowpan.o)
                0x000000000001f284                netstack_sniffer_add
                0x000000000001f292                netstack_sniffer_remove
                0x0000000000021868                sicslowpan_init
                0x000000000002188a                sicslowpan_get_last_rssi
 .text          0x0000000000021894      0x4d1 build/cooja/mtype198.a(uiplib.o)
                0x0000000000021894                uiplib_ip6addrconv
                0x0000000000021a4c                uiplib_ip4addrconv
                0x0000000000021b0f                uiplib_ipaddr_print
                0x0000000000021b62                uiplib_ipaddr_snprint
 .text          0x0000000000021d65      0x4c9 build/cooja/mtype198.a(rpl.o)
                0x0000000000021d65                rpl_lollipop_greater_than
                0x0000000000021dbf                rpl_get_global_address
                0x0000000000021eb7                rpl_link_callback
                0x0000000000021efb                rpl_has_joined
                0x0000000000021f20                rpl_is_reachable
                0x0000000000021fa1                rpl_reset_prefix
                0x000000000002200b                rpl_set_prefix_from_addr
                0x00000000000220f0                rpl_set_prefix
                0x000000000002220a                rpl_set_leaf_only
                0x0000000000022222                rpl_get_leaf_only
 .text          0x000000000002222e     0x138c build/cooja/mtype198.a(rpl-icmp6.o)
                0x0000000000022353                rpl_icmp6_update_nbr_table
                0x00000000000223dc                rpl_icmp6_dis_output
                0x0000000000022a22                rpl_icmp6_dio_output
                0x0000000000023220                rpl_icmp6_dao_output
                0x0000000000023501                rpl_icmp6_dao_ack_output
                0x0000000000023571                rpl_icmp6_init
 .text          0x00000000000235ba      0x264 build/cooja/mtype198.a(rpl-dag-root.o)
                0x00000000000235ba                rpl_dag_root_print_links
                0x00000000000236e6                rpl_dag_root_set_prefix
                0x0000000000023712                rpl_dag_root_start
                0x00000000000237ef                rpl_dag_root_is_root
 .text          0x000000000002381e      0x1fe build/cooja/mtype198.a(slip-bridge.o)
                0x000000000002381e                request_prefix
 .text          0x0000000000023a1c      0x68a build/cooja/mtype198.a(slip.o)
                0x0000000000023a1c                slip_set_input_callback
                0x0000000000023a2a                slip_send
                0x0000000000023a4e                slip_write
                0x0000000000023f64                slip_input_byte
 .text          0x00000000000240a6       0x30 build/cooja/mtype198.a(watchdog.o)
                0x00000000000240a6                watchdog_init
                0x00000000000240ac                watchdog_start
                0x00000000000240b2                watchdog_periodic
                0x00000000000240ca                watchdog_stop
                0x00000000000240d0                watchdog_reboot
 .text          0x00000000000240d6       0x4a build/cooja/mtype198.a(int-master.o)
                0x00000000000240d6                int_master_enable
                0x00000000000240e6                int_master_read_and_disable
                0x0000000000024103                int_master_status_set
                0x0000000000024111                int_master_is_enabled
 .text          0x0000000000024120       0x19 build/cooja/mtype198.a(slip-arch.o)
                0x0000000000024120                slip_arch_init
 .text          0x0000000000024139      0x60d build/cooja/mtype198.a(httpd-simple.o)
                0x000000000002457e                httpd_appcall
                0x000000000002471d                httpd_init
 .text          0x0000000000024746      0x11a build/cooja/mtype198.a(rpl-border-rout)
                0x0000000000024746                print_local_addresses
                0x000000000002481c                set_prefix_64
                0x0000000000024845                rpl_border_router_init
 .text          0x0000000000024860      0xbea build/cooja/mtype198.a(coap-engine.o)
                0x00000000000248f5                coap_add_handler
                0x0000000000024912                coap_remove_handler
                0x000000000002492f                coap_call_handlers
                0x0000000000024a37                coap_receive
                0x0000000000025032                coap_engine_init
                0x0000000000025090                coap_activate_resource
                0x000000000002513b                coap_get_first_resource
                0x0000000000025154                coap_get_next_resource
 .text          0x000000000002544a      0x2d9 build/cooja/mtype198.a(coap-res-well-k)
 .text          0x0000000000025723      0x96a build/cooja/mtype198.a(coap-observe.o)
                0x0000000000025838                coap_remove_observer
                0x0000000000025868                coap_remove_observer_by_client
                0x00000000000258d0                coap_remove_observer_by_token
                0x0000000000025963                coap_remove_observer_by_uri
                0x0000000000025a0a                coap_remove_observer_by_mid
                0x0000000000025a86                coap_notify_observers
                0x0000000000025a9f                coap_notify_observers_sub
                0x0000000000025f09                coap_observe_handler
                0x0000000000026024                coap_has_observers
 .text          0x000000000002608d      0x733 build/cooja/mtype198.a(coap-uip.o)
                0x000000000002608d                coap_endpoint_log
                0x0000000000026113                coap_endpoint_print
                0x0000000000026199                coap_endpoint_snprint
                0x00000000000262cc                coap_endpoint_copy
                0x0000000000026309                coap_endpoint_cmp
                0x0000000000026417                coap_endpoint_parse
                0x0000000000026602                coap_endpoint_is_secure
                0x0000000000026611                coap_endpoint_is_connected
                0x0000000000026645                coap_endpoint_connect
                0x0000000000026661                coap_endpoint_disconnect
                0x0000000000026667                coap_databuf
                0x0000000000026671                coap_transport_init
                0x00000000000266c1                coap_sendto
 .text          0x00000000000267c0      0x324 build/cooja/mtype198.a(coap-timer.o)
                0x00000000000268bd                coap_timer_stop
                0x00000000000268e8                coap_timer_set
                0x000000000002692b                coap_timer_reset
                0x000000000002696e                coap_timer_time_to_next_expiration
                0x00000000000269da                coap_timer_run
                0x0000000000026aa6                coap_timer_init
 .text          0x0000000000026ae4      0x2c6 build/cooja/mtype198.a(coap-transactio)
                0x0000000000026b4a                coap_new_transaction
                0x0000000000026bb0                coap_send_transaction
                0x0000000000026d11                coap_clear_transaction
                0x0000000000026d59                coap_get_transaction_by_mid
 .text          0x0000000000026daa     0x1c53 build/cooja/mtype198.a(coap.o)
                0x0000000000027317                coap_init_connection
                0x000000000002732b                coap_get_mid
                0x0000000000027347                coap_init_message
                0x0000000000027390                coap_serialize_message
                0x0000000000027a12                coap_parse_message
                0x0000000000028079                coap_get_query_variable
                0x00000000000280bb                coap_get_post_variable
                0x00000000000280ff                coap_set_status_code
                0x0000000000028124                coap_set_token
                0x000000000002816b                coap_get_header_content_format
                0x000000000002819c                coap_set_header_content_format
                0x00000000000281bf                coap_get_header_accept
                0x00000000000281f0                coap_set_header_accept
                0x0000000000028213                coap_get_header_max_age
                0x0000000000028244                coap_set_header_max_age
                0x0000000000028264                coap_get_header_etag
                0x0000000000028296                coap_set_header_etag
                0x00000000000282ed                coap_get_header_if_match
                0x000000000002831f                coap_set_header_if_match
                0x0000000000028376                coap_get_header_if_none_match
                0x0000000000028390                coap_set_header_if_none_match
                0x00000000000283a7                coap_get_header_proxy_uri
                0x00000000000283d5                coap_set_header_proxy_uri
                0x0000000000028412                coap_get_header_uri_host
                0x0000000000028440                coap_set_header_uri_host
                0x000000000002847d                coap_get_header_uri_path
                0x00000000000284ab                coap_set_header_uri_path
                0x00000000000284f8                coap_get_header_uri_query
                0x000000000002852c                coap_set_header_uri_query
                0x0000000000028582                coap_get_header_location_path
                0x00000000000285b0                coap_set_header_location_path
                0x0000000000028649                coap_get_header_location_query
                0x0000000000028677                coap_set_header_location_query
                0x00000000000286c4                coap_get_header_observe
                0x00000000000286f3                coap_set_header_observe
                0x0000000000028713                coap_get_header_block2
                0x000000000002877f                coap_set_header_block2
                0x00000000000287f6                coap_get_header_block1
                0x000000000002886b                coap_set_header_block1
                0x00000000000288e6                coap_get_header_size2
                0x0000000000028916                coap_set_header_size2
                0x0000000000028939                coap_get_header_size1
                0x0000000000028969                coap_set_header_size1
                0x000000000002898c                coap_get_payload
                0x00000000000289c6                coap_set_payload
 .text          0x00000000000289fd       0xc7 build/cooja/mtype198.a(stimer.o)
                0x00000000000289fd                stimer_set
                0x0000000000028a1b                stimer_reset
                0x0000000000028a48                stimer_restart
                0x0000000000028a5d                stimer_expired
                0x0000000000028a88                stimer_remaining
                0x0000000000028aac                stimer_elapsed
 .text          0x0000000000028ac4      0x156 build/cooja/mtype198.a(ringbuf.o)
                0x0000000000028ac4                ringbuf_init
                0x0000000000028af6                ringbuf_put
                0x0000000000028b74                ringbuf_get
                0x0000000000028be1                ringbuf_size
                0x0000000000028bf3                ringbuf_elements
 .text          0x0000000000028c1a      0x1b5 build/cooja/mtype198.a(memb.o)
                0x0000000000028c1a                memb_init
                0x0000000000028c6f                memb_alloc
                0x0000000000028cd2                memb_free
                0x0000000000028d49                memb_inmemb
                0x0000000000028d88                memb_numfree
 .text          0x0000000000028dcf       0x1f build/cooja/mtype198.a(assert.o)
                0x0000000000028dcf                _xassert
 .text          0x0000000000028dee      0x79b build/cooja/mtype198.a(nbr-table.o)
                0x0000000000029267                nbr_table_register
                0x00000000000292d4                nbr_table_is_registered
                0x000000000002930f                nbr_table_head
                0x000000000002936a                nbr_table_next
                0x00000000000293cb                nbr_table_add_lladdr
                0x00000000000294a5                nbr_table_get_from_lladdr
                0x00000000000294f1                nbr_table_remove
                0x0000000000029529                nbr_table_lock
                0x0000000000029543                nbr_table_unlock
                0x000000000002955d                nbr_table_get_lladdr
 .text          0x0000000000029589      0x3a5 build/cooja/mtype198.a(link-stats.o)
                0x0000000000029589                link_stats_from_lladdr
                0x00000000000295a5                link_stats_get_lladdr
                0x00000000000295c1                link_stats_is_fresh
                0x00000000000295fd                guess_etx_from_rssi
                0x0000000000029679                link_stats_packet_sent
                0x0000000000029799                link_stats_input_callback
                0x00000000000298a9                link_stats_reset
                0x00000000000298f9                link_stats_init
 .text          0x000000000002992e      0x187 build/cooja/mtype198.a(mac-sequence.o)
                0x000000000002992e                mac_sequence_is_duplicate
                0x00000000000299ce                mac_sequence_register_seqno
 .text          0x0000000000029ab5       0x23 build/cooja/mtype198.a(mac.o)
                0x0000000000029ab5                mac_call_sent_callback
 .text          0x0000000000029ad8      0x432 build/cooja/mtype198.a(framer-802154.o)
                0x0000000000029c67                framer_802154_setup_params
 .text          0x0000000000029f0a      0xb6f build/cooja/mtype198.a(frame802154.o)
                0x0000000000029f3b                frame802154_get_pan_id
                0x0000000000029f47                frame802154_set_pan_id
                0x0000000000029f61                frame802154_has_panid
                0x000000000002a110                frame802154_check_dest_panid
                0x000000000002a198                frame802154_is_broadcast_addr
                0x000000000002a1e5                frame802154_extract_linkaddr
                0x000000000002a44a                frame802154_hdrlen
                0x000000000002a4bd                frame802154_create_fcf
                0x000000000002a575                frame802154_create
                0x000000000002a6ea                frame802154_parse_fcf
                0x000000000002a7cc                frame802154_parse
 .text          0x000000000002aa79       0x2d build/cooja/mtype198.a(csma-security.o)
                0x000000000002aa79                csma_security_create_frame
                0x000000000002aa97                csma_security_parse_frame
 .text          0x000000000002aaa6      0x4e4 build/cooja/mtype198.a(uipbuf.o)
                0x000000000002aaa6                uipbuf_clear
                0x000000000002aacd                uipbuf_add_ext_hdr
                0x000000000002ab4d                uipbuf_set_len
                0x000000000002ab7a                uipbuf_set_len_field
                0x000000000002aba6                uipbuf_get_len_field
                0x000000000002abc6                uipbuf_get_next_header
                0x000000000002acf8                uipbuf_get_last_header
                0x000000000002ad71                uipbuf_search_header
                0x000000000002ae27                uipbuf_get_attr
                0x000000000002ae4e                uipbuf_set_attr
                0x000000000002ae85                uipbuf_set_default_attr
                0x000000000002aebc                uipbuf_clear_attr
                0x000000000002aee0                uipbuf_set_attr_flag
                0x000000000002af01                uipbuf_clr_attr_flag
                0x000000000002af28                uipbuf_is_attr_flag
                0x000000000002af4c                uipbuf_init
 .text          0x000000000002af8a      0x73f build/cooja/mtype198.a(uip-icmp6.o)
                0x000000000002afff                uip_icmp6_input
                0x000000000002b056                uip_icmp6_register_input_handler
                0x000000000002b1a9                uip_icmp6_error_output
                0x000000000002b45a                uip_icmp6_send
                0x000000000002b651                uip_icmp6_echo_reply_callback_add
                0x000000000002b683                uip_icmp6_echo_reply_callback_rm
                0x000000000002b6a0                uip_icmp6_init
 .text          0x000000000002b6c9      0x146 build/cooja/mtype198.a(uip-packetqueue)
                0x000000000002b6f7                uip_packetqueue_new
                0x000000000002b706                uip_packetqueue_alloc
                0x000000000002b761                uip_packetqueue_free
                0x000000000002b7a8                uip_packetqueue_buf
                0x000000000002b7c5                uip_packetqueue_buflen
                0x000000000002b7e6                uip_packetqueue_set_buflen
 .text          0x000000000002b80f      0x128 build/cooja/mtype198.a(uip-udp-packet.)
                0x000000000002b80f                uip_udp_packet_send
                0x000000000002b86a                uip_udp_packet_sendto
 .text          0x000000000002b937      0x1b0 build/cooja/mtype198.a(rpl-nbr-policy.)
                0x000000000002baa4                rpl_nbr_policy_find_removable
 .text          0x000000000002bae7      0x915 build/cooja/mtype198.a(rpl-neighbor.o)
                0x000000000002bb63                rpl_neighbor_snprint
                0x000000000002be16                rpl_neighbor_print_list
                0x000000000002becb                rpl_neighbor_count
                0x000000000002bf72                rpl_neighbor_get_from_lladdr
                0x000000000002bf8e                rpl_neighbor_is_acceptable_parent
                0x000000000002bfc2                rpl_neighbor_get_link_metric
                0x000000000002bff6                rpl_neighbor_rank_via_nbr
                0x000000000002c02a                rpl_neighbor_get_lladdr
                0x000000000002c046                rpl_neighbor_get_ipaddr
                0x000000000002c06d                rpl_neighbor_get_link_stats
                0x000000000002c094                rpl_neighbor_is_fresh
                0x000000000002c0bb                rpl_neighbor_is_reachable
                0x000000000002c106                rpl_neighbor_is_parent
                0x000000000002c130                rpl_neighbor_set_preferred_parent
                0x000000000002c1c7                rpl_neighbor_remove_all
                0x000000000002c223                rpl_neighbor_get_from_ipaddr
                0x000000000002c331                rpl_neighbor_select_best
                0x000000000002c3dd                rpl_neighbor_init
 .text          0x000000000002c3fc      0xe69 build/cooja/mtype198.a(rpl-dag.o)
                0x000000000002c3fc                rpl_dag_state_to_str
                0x000000000002c43b                rpl_dag_get_root_ipaddr
                0x000000000002c483                rpl_dag_leave
                0x000000000002c50c                rpl_dag_poison_and_leave
                0x000000000002c524                rpl_dag_periodic
                0x000000000002c5ac                rpl_is_addr_in_our_dag
                0x000000000002c5f0                rpl_get_default_instance
                0x000000000002c60c                rpl_get_any_dag
                0x000000000002c665                rpl_refresh_routes
                0x000000000002c6a5                rpl_global_repair
                0x000000000002c73e                rpl_local_repair
                0x000000000002c788                rpl_dag_ready_to_advertise
                0x000000000002c7cb                rpl_dag_update_state
                0x000000000002cef8                rpl_process_dio
                0x000000000002cf76                rpl_process_dis
                0x000000000002cfbb                rpl_process_dao
                0x000000000002d04a                rpl_process_dao_ack
                0x000000000002d0e1                rpl_process_hbh
                0x000000000002d131                rpl_dag_init_root
                0x000000000002d245                rpl_dag_init
 .text          0x000000000002d265      0x9e7 build/cooja/mtype198.a(rpl-timers.o)
                0x000000000002d265                rpl_timers_schedule_periodic_dis
                0x000000000002d3b3                rpl_timers_dio_reset
                0x000000000002d4c1                rpl_timers_schedule_unicast_dio
                0x000000000002d615                rpl_timers_schedule_dao
                0x000000000002d6d4                rpl_timers_schedule_dao_ack
                0x000000000002d75a                rpl_timers_notify_dao_ack
                0x000000000002d7b8                get_probing_delay
                0x000000000002d7ec                get_probing_target
                0x000000000002d9d6                rpl_schedule_probing
                0x000000000002da04                rpl_schedule_probing_now
                0x000000000002da6e                rpl_timers_unschedule_leaving
                0x000000000002daa6                rpl_timers_schedule_leaving
                0x000000000002dae7                rpl_timers_init
                0x000000000002db77                rpl_timers_stop_dag_timers
                0x000000000002dbf0                rpl_timers_unschedule_state_update
                0x000000000002dc14                rpl_timers_schedule_state_update
 .text          0x000000000002dc4c      0xb8e build/cooja/mtype198.a(rpl-ext-header.)
                0x000000000002dc4c                rpl_ext_header_srh_get_next_hop
                0x000000000002dd33                rpl_ext_header_srh_update
                0x000000000002e29f                rpl_ext_header_hbh_update
                0x000000000002e59f                rpl_ext_header_update
                0x000000000002e628                rpl_ext_header_remove
 .text          0x000000000002e7da      0x31b build/cooja/mtype198.a(rpl-mrhof.o)
 .text          0x000000000002eaf5      0x1d8 build/cooja/mtype198.a(border-router-e)
 .text          0x000000000002eccd      0x226 build/cooja/mtype198.a(coap-timer-defa)
 *fill*         0x000000000002eef3        0xd 
 .text          0x000000000002ef00      0x122 /usr/lib/gcc/i686-linux-gnu/5/libgcc.a(_udivdi3.o)
                0x000000000002ef00                __udivdi3
 .text          0x000000000002f022        0x0 /usr/lib/gcc/i686-linux-gnu/5/crtendS.o
 .text          0x000000000002f022        0x0 /usr/lib/gcc/i686-linux-gnu/5/../../../i386-linux-gnu/crtn.o
 *(.gnu.warning)

.fini           0x000000000002f024       0x14
 *(SORT(.fini))
 .fini          0x000000000002f024        0xf /usr/lib/gcc/i686-linux-gnu/5/../../../i386-linux-gnu/crti.o
                0x000000000002f024                _fini
 .fini          0x000000000002f033        0x5 /usr/lib/gcc/i686-linux-gnu/5/../../../i386-linux-gnu/crtn.o
                [!provide]                        PROVIDE (__etext, .)
                [!provide]                        PROVIDE (_etext, .)
                [!provide]                        PROVIDE (etext, .)

.rodata         0x000000000002f040      0xd0c
 *(.rodata .rodata.* .gnu.linkonce.r.*)
 .rodata        0x000000000002f040       0x62 border-router.o
                0x000000000002f05c                autostart_processes
 *fill*         0x000000000002f0a2        0x2 
 .rodata        0x000000000002f0a4        0x8 build/cooja/mtype198.a(beep.o)
                0x000000000002f0a4                beep_interface
 .rodata        0x000000000002f0ac        0xe build/cooja/mtype198.a(leds-arch.o)
                0x000000000002f0ac                leds_interface
                0x000000000002f0b4                leds_arch_leds
 *fill*         0x000000000002f0ba        0x2 
 .rodata        0x000000000002f0bc        0x8 build/cooja/mtype198.a(moteid.o)
                0x000000000002f0bc                moteid_interface
 .rodata        0x000000000002f0c4       0x1c build/cooja/mtype198.a(pir-sensor.o)
                0x000000000002f0c4                pir_interface
                0x000000000002f0d0                pir_sensor
 .rodata        0x000000000002f0e0        0xe build/cooja/mtype198.a(rs232.o)
                0x000000000002f0e0                rs232_interface
 *fill*         0x000000000002f0ee        0x2 
 .rodata        0x000000000002f0f0       0x24 build/cooja/mtype198.a(vib-sensor.o)
                0x000000000002f0f0                vib_interface
                0x000000000002f104                vib_sensor
 .rodata        0x000000000002f114        0x8 build/cooja/mtype198.a(clock.o)
                0x000000000002f114                clock_interface
 .rodata        0x000000000002f11c        0x8 build/cooja/mtype198.a(cooja-log.o)
                0x000000000002f11c                simlog_interface
 .rodata        0x000000000002f124       0x2f build/cooja/mtype198.a(cfs-cooja.o)
                0x000000000002f124                cfs_interface
 *fill*         0x000000000002f153        0xd 
 .rodata        0x000000000002f160       0xb8 build/cooja/mtype198.a(cooja-radio.o)
                0x000000000002f160                radio_interface
                0x000000000002f1e0                cooja_radio_driver
 .rodata        0x000000000002f218        0x8 build/cooja/mtype198.a(eeprom.o)
                0x000000000002f218                eeprom_interface
 .rodata        0x000000000002f220        0x8 build/cooja/mtype198.a(sensors.o)
 .rodata        0x000000000002f228       0x2c build/cooja/mtype198.a(buttons.o)
                0x000000000002f228                button_interface
                0x000000000002f23c                button_hal_button_count
                0x000000000002f244                button_sensor
 .rodata        0x000000000002f254       0xc3 build/cooja/mtype198.a(webserver.o)
 *fill*         0x000000000002f317        0x1 
 .rodata        0x000000000002f318       0xf4 build/cooja/mtype198.a(contiki-main.o)
 .rodata        0x000000000002f40c        0xf build/cooja/mtype198.a(ctimer.o)
 *fill*         0x000000000002f41b        0x1 
 .rodata        0x000000000002f41c       0xc4 build/cooja/mtype198.a(log.o)
 .rodata        0x000000000002f4e0        0xc build/cooja/mtype198.a(etimer.o)
 .rodata        0x000000000002f4ec       0x13 build/cooja/mtype198.a(button-hal.o)
 .rodata        0x000000000002f4ff        0xe build/cooja/mtype198.a(serial-line.o)
 *fill*         0x000000000002f50d        0x3 
 .rodata        0x000000000002f510        0x8 build/cooja/mtype198.a(linkaddr.o)
                0x000000000002f510                linkaddr_null
 .rodata        0x000000000002f518       0x24 build/cooja/mtype198.a(csma.o)
                0x000000000002f520                csma_driver
 .rodata        0x000000000002f53c       0x27 build/cooja/mtype198.a(csma-output.o)
 .rodata        0x000000000002f563       0x44 build/cooja/mtype198.a(uip-sr.o)
 *fill*         0x000000000002f5a7        0x1 
 .rodata        0x000000000002f5a8       0x4d build/cooja/mtype198.a(uip-ds6-route.o)
 .rodata        0x000000000002f5f5        0xd build/cooja/mtype198.a(tcpip.o)
 *fill*         0x000000000002f602        0x2 
 .rodata        0x000000000002f604       0x48 build/cooja/mtype198.a(uip6.o)
 .rodata        0x000000000002f64c       0x30 build/cooja/mtype198.a(sicslowpan.o)
                0x000000000002f64c                unc_llconf
                0x000000000002f650                unc_ctxconf
                0x000000000002f654                unc_mxconf
                0x000000000002f658                llprefix
                0x000000000002f66c                sicslowpan_driver
 .rodata        0x000000000002f67c       0x2d build/cooja/mtype198.a(uiplib.o)
 *fill*         0x000000000002f6a9       0x17 
 .rodata        0x000000000002f6c0       0x74 build/cooja/mtype198.a(rpl.o)
                0x000000000002f6e0                rpl_lite_driver
 .rodata        0x000000000002f734       0x1c build/cooja/mtype198.a(slip-bridge.o)
                0x000000000002f748                rpl_interface
 .rodata        0x000000000002f750        0xc build/cooja/mtype198.a(slip.o)
 *fill*         0x000000000002f75c        0x4 
 .rodata        0x000000000002f760      0x154 build/cooja/mtype198.a(httpd-simple.o)
                0x000000000002f7bc                http_content_type_html
                0x000000000002f7e0                http_header_200
                0x000000000002f840                http_header_404
                0x000000000002f8a0                http_get
                0x000000000002f8a8                http_index_html
 .rodata        0x000000000002f8b4       0x34 build/cooja/mtype198.a(rpl-border-rout)
 .rodata        0x000000000002f8e8       0x41 build/cooja/mtype198.a(coap-engine.o)
 .rodata        0x000000000002f929       0x19 build/cooja/mtype198.a(coap-res-well-k)
 .rodata        0x000000000002f942       0x11 build/cooja/mtype198.a(coap-observe.o)
 .rodata        0x000000000002f953       0x35 build/cooja/mtype198.a(coap-uip.o)
 .rodata        0x000000000002f988      0x1ac build/cooja/mtype198.a(coap.o)
 .rodata        0x000000000002fb34       0x25 build/cooja/mtype198.a(assert.o)
 *fill*         0x000000000002fb59        0x3 
 .rodata        0x000000000002fb5c        0xc build/cooja/mtype198.a(framer-802154.o)
                0x000000000002fb5c                framer_802154
 .rodata        0x000000000002fb68       0x58 build/cooja/mtype198.a(rpl-neighbor.o)
 .rodata        0x000000000002fbc0       0xdb build/cooja/mtype198.a(rpl-dag.o)
 .rodata        0x000000000002fc9b        0xc build/cooja/mtype198.a(rpl-timers.o)
 .rodata        0x000000000002fca7       0x83 build/cooja/mtype198.a(border-router-e)
 *fill*         0x000000000002fd2a        0x2 
 .rodata        0x000000000002fd2c       0x20 build/cooja/mtype198.a(coap-timer-defa)
                0x000000000002fd40                coap_timer_default_driver

.rodata1
 *(.rodata1)

.eh_frame_hdr   0x000000000002fd4c     0x1b3c
 *(.eh_frame_hdr)
 .eh_frame_hdr  0x000000000002fd4c     0x1b3c border-router.o
                0x000000000002fd4c                __GNU_EH_FRAME_HDR
 *(.eh_frame_entry .eh_frame_entry.*)

.eh_frame       0x0000000000031888     0x6ea0
 *(.eh_frame)
 .eh_frame      0x0000000000031888       0x3c /usr/lib/gcc/i686-linux-gnu/5/../../../i386-linux-gnu/crti.o
                                         0x40 (size before relaxing)
 .eh_frame      0x00000000000318c4       0x20 border-router.o
                                         0x38 (size before relaxing)
 .eh_frame      0x00000000000318e4      0x178 build/cooja/mtype198.o
                                        0x190 (size before relaxing)
 .eh_frame      0x0000000000031a5c       0x40 build/cooja/mtype198.a(simEnvChange.o)
                                         0x58 (size before relaxing)
 .eh_frame      0x0000000000031a9c       0x60 build/cooja/mtype198.a(cooja_mt.o)
                                         0x78 (size before relaxing)
 .eh_frame      0x0000000000031afc       0x80 build/cooja/mtype198.a(cooja_mtarch.o)
                                         0x98 (size before relaxing)
 .eh_frame      0x0000000000031b7c       0xc8 build/cooja/mtype198.a(rtimer-arch.o)
                                         0xe0 (size before relaxing)
 .eh_frame      0x0000000000031c44      0x160 build/cooja/mtype198.a(beep.o)
                                        0x178 (size before relaxing)
 .eh_frame      0x0000000000031da4       0x80 build/cooja/mtype198.a(leds-arch.o)
                                         0x98 (size before relaxing)
 .eh_frame      0x0000000000031e24       0x40 build/cooja/mtype198.a(moteid.o)
                                         0x58 (size before relaxing)
 .eh_frame      0x0000000000031e64       0xa0 build/cooja/mtype198.a(pir-sensor.o)
                                         0xb8 (size before relaxing)
 .eh_frame      0x0000000000031f04      0x100 build/cooja/mtype198.a(rs232.o)
                                        0x118 (size before relaxing)
 .eh_frame      0x0000000000032004       0xa0 build/cooja/mtype198.a(vib-sensor.o)
                                         0xb8 (size before relaxing)
 .eh_frame      0x00000000000320a4       0xc0 build/cooja/mtype198.a(clock.o)
                                         0xd8 (size before relaxing)
 .eh_frame      0x0000000000032164      0x120 build/cooja/mtype198.a(cooja-log.o)
                                        0x138 (size before relaxing)
 .eh_frame      0x0000000000032284      0x160 build/cooja/mtype198.a(cfs-cooja.o)
                                        0x178 (size before relaxing)
 .eh_frame      0x00000000000323e4      0x340 build/cooja/mtype198.a(cooja-radio.o)
                                        0x358 (size before relaxing)
 .eh_frame      0x0000000000032724       0xa0 build/cooja/mtype198.a(eeprom.o)
                                         0xb8 (size before relaxing)
 .eh_frame      0x00000000000327c4       0x40 build/cooja/mtype198.a(random.o)
                                         0x58 (size before relaxing)
 .eh_frame      0x0000000000032804       0xc0 build/cooja/mtype198.a(sensors.o)
                                         0xd8 (size before relaxing)
 .eh_frame      0x00000000000328c4      0x120 build/cooja/mtype198.a(leds.o)
                                        0x138 (size before relaxing)
 .eh_frame      0x00000000000329e4      0x220 build/cooja/mtype198.a(gpio-hal-arch.o)
                                        0x238 (size before relaxing)
 .eh_frame      0x0000000000032c04       0xa0 build/cooja/mtype198.a(buttons.o)
                                         0xb8 (size before relaxing)
 .eh_frame      0x0000000000032ca4       0x80 build/cooja/mtype198.a(webserver.o)
                                         0x98 (size before relaxing)
 .eh_frame      0x0000000000032d24       0x30 build/cooja/mtype198.a(contiki-main.o)
                                         0x48 (size before relaxing)
 .eh_frame      0x0000000000032d54       0x40 build/cooja/mtype198.a(autostart.o)
                                         0x58 (size before relaxing)
 .eh_frame      0x0000000000032d94      0x100 build/cooja/mtype198.a(ctimer.o)
                                        0x118 (size before relaxing)
 .eh_frame      0x0000000000032e94      0x100 build/cooja/mtype198.a(log.o)
                                        0x118 (size before relaxing)
 .eh_frame      0x0000000000032f94       0x60 build/cooja/mtype198.a(energest.o)
                                         0x78 (size before relaxing)
 .eh_frame      0x0000000000032ff4      0x1e0 build/cooja/mtype198.a(etimer.o)
                                        0x1f8 (size before relaxing)
 .eh_frame      0x00000000000331d4       0x20 build/cooja/mtype198.a(node-id.o)
                                         0x38 (size before relaxing)
 .eh_frame      0x00000000000331f4       0x60 build/cooja/mtype198.a(rtimer.o)
                                         0x78 (size before relaxing)
 .eh_frame      0x0000000000033254      0x1c4 build/cooja/mtype198.a(process.o)
                                        0x1dc (size before relaxing)
 .eh_frame      0x0000000000033418       0xa4 build/cooja/mtype198.a(timer.o)
                                         0xbc (size before relaxing)
 .eh_frame      0x00000000000334bc      0x1a0 build/cooja/mtype198.a(list.o)
                                        0x1b8 (size before relaxing)
 .eh_frame      0x000000000003365c      0x144 build/cooja/mtype198.a(button-hal.o)
                                        0x15c (size before relaxing)
 .eh_frame      0x00000000000337a0       0x60 build/cooja/mtype198.a(serial-line.o)
                                         0x78 (size before relaxing)
 .eh_frame      0x0000000000033800       0xe0 build/cooja/mtype198.a(gpio-hal.o)
                                         0xf8 (size before relaxing)
 .eh_frame      0x00000000000338e0      0x1a0 build/cooja/mtype198.a(queuebuf.o)
                                        0x1b8 (size before relaxing)
 .eh_frame      0x0000000000033a80      0x28c build/cooja/mtype198.a(packetbuf.o)
                                        0x2a4 (size before relaxing)
 .eh_frame      0x0000000000033d0c       0x80 build/cooja/mtype198.a(netstack.o)
                                         0x98 (size before relaxing)
 .eh_frame      0x0000000000033d8c       0x60 build/cooja/mtype198.a(linkaddr.o)
                                         0x78 (size before relaxing)
 .eh_frame      0x0000000000033dec       0xe0 build/cooja/mtype198.a(csma.o)
                                         0xf8 (size before relaxing)
 .eh_frame      0x0000000000033ecc      0x1d0 build/cooja/mtype198.a(csma-output.o)
                                        0x1e8 (size before relaxing)
 .eh_frame      0x000000000003409c      0x184 build/cooja/mtype198.a(uip-sr.o)
                                        0x19c (size before relaxing)
 .eh_frame      0x0000000000034220      0x328 build/cooja/mtype198.a(uip-ds6.o)
                                        0x340 (size before relaxing)
 .eh_frame      0x0000000000034548      0x220 build/cooja/mtype198.a(uip-ds6-route.o)
                                        0x238 (size before relaxing)
 .eh_frame      0x0000000000034768      0x18c build/cooja/mtype198.a(psock.o)
                                        0x1a4 (size before relaxing)
 .eh_frame      0x00000000000348f4      0x308 build/cooja/mtype198.a(tcpip.o)
                                        0x320 (size before relaxing)
 .eh_frame      0x0000000000034bfc      0x2b4 build/cooja/mtype198.a(uip6.o)
                                        0x2cc (size before relaxing)
 .eh_frame      0x0000000000034eb0      0x1c0 build/cooja/mtype198.a(uip-ds6-nbr.o)
                                        0x1d8 (size before relaxing)
 .eh_frame      0x0000000000035070       0x84 build/cooja/mtype198.a(uip-nd6.o)
                                         0x9c (size before relaxing)
 .eh_frame      0x00000000000350f4      0x2f8 build/cooja/mtype198.a(sicslowpan.o)
                                        0x310 (size before relaxing)
 .eh_frame      0x00000000000353ec       0x88 build/cooja/mtype198.a(uiplib.o)
                                         0xa0 (size before relaxing)
 .eh_frame      0x0000000000035474      0x1e0 build/cooja/mtype198.a(rpl.o)
                                        0x1f8 (size before relaxing)
 .eh_frame      0x0000000000035654      0x1c4 build/cooja/mtype198.a(rpl-icmp6.o)
                                        0x1dc (size before relaxing)
 .eh_frame      0x0000000000035818       0xa0 build/cooja/mtype198.a(rpl-dag-root.o)
                                         0xb8 (size before relaxing)
 .eh_frame      0x00000000000358b8       0x80 build/cooja/mtype198.a(slip-bridge.o)
                                         0x98 (size before relaxing)
 .eh_frame      0x0000000000035938       0xe0 build/cooja/mtype198.a(slip.o)
                                         0xf8 (size before relaxing)
 .eh_frame      0x0000000000035a18       0xa0 build/cooja/mtype198.a(watchdog.o)
                                         0xb8 (size before relaxing)
 .eh_frame      0x0000000000035ab8       0x80 build/cooja/mtype198.a(int-master.o)
                                         0x98 (size before relaxing)
 .eh_frame      0x0000000000035b38       0x20 build/cooja/mtype198.a(slip-arch.o)
                                         0x38 (size before relaxing)
 .eh_frame      0x0000000000035b58       0xe0 build/cooja/mtype198.a(httpd-simple.o)
                                         0xf8 (size before relaxing)
 .eh_frame      0x0000000000035c38       0x60 build/cooja/mtype198.a(rpl-border-rout)
                                         0x78 (size before relaxing)
 .eh_frame      0x0000000000035c98      0x220 build/cooja/mtype198.a(coap-engine.o)
                                        0x238 (size before relaxing)
 .eh_frame      0x0000000000035eb8       0x24 build/cooja/mtype198.a(coap-res-well-k)
                                         0x3c (size before relaxing)
 .eh_frame      0x0000000000035edc      0x188 build/cooja/mtype198.a(coap-observe.o)
                                        0x1a0 (size before relaxing)
 .eh_frame      0x0000000000036064      0x250 build/cooja/mtype198.a(coap-uip.o)
                                        0x268 (size before relaxing)
 .eh_frame      0x00000000000362b4      0x114 build/cooja/mtype198.a(coap-timer.o)
                                        0x12c (size before relaxing)
 .eh_frame      0x00000000000363c8      0x100 build/cooja/mtype198.a(coap-transactio)
                                        0x118 (size before relaxing)
 .eh_frame      0x00000000000364c8      0x6ec build/cooja/mtype198.a(coap.o)
                                        0x704 (size before relaxing)
 .eh_frame      0x0000000000036bb4       0xc4 build/cooja/mtype198.a(stimer.o)
                                         0xdc (size before relaxing)
 .eh_frame      0x0000000000036c78       0xa0 build/cooja/mtype198.a(ringbuf.o)
                                         0xb8 (size before relaxing)
 .eh_frame      0x0000000000036d18       0xa0 build/cooja/mtype198.a(memb.o)
                                         0xb8 (size before relaxing)
 .eh_frame      0x0000000000036db8       0x20 build/cooja/mtype198.a(assert.o)
                                         0x38 (size before relaxing)
 .eh_frame      0x0000000000036dd8      0x2ac build/cooja/mtype198.a(nbr-table.o)
                                        0x2c4 (size before relaxing)
 .eh_frame      0x0000000000037084      0x120 build/cooja/mtype198.a(link-stats.o)
                                        0x138 (size before relaxing)
 .eh_frame      0x00000000000371a4       0x48 build/cooja/mtype198.a(mac-sequence.o)
                                         0x60 (size before relaxing)
 .eh_frame      0x00000000000371ec       0x20 build/cooja/mtype198.a(mac.o)
                                         0x38 (size before relaxing)
 .eh_frame      0x000000000003720c       0xa4 build/cooja/mtype198.a(framer-802154.o)
                                         0xbc (size before relaxing)
 .eh_frame      0x00000000000372b0      0x1a4 build/cooja/mtype198.a(frame802154.o)
                                        0x1bc (size before relaxing)
 .eh_frame      0x0000000000037454       0x40 build/cooja/mtype198.a(csma-security.o)
                                         0x58 (size before relaxing)
 .eh_frame      0x0000000000037494      0x200 build/cooja/mtype198.a(uipbuf.o)
                                        0x218 (size before relaxing)
 .eh_frame      0x0000000000037694      0x150 build/cooja/mtype198.a(uip-icmp6.o)
                                        0x168 (size before relaxing)
 .eh_frame      0x00000000000377e4       0xe0 build/cooja/mtype198.a(uip-packetqueue)
                                         0xf8 (size before relaxing)
 .eh_frame      0x00000000000378c4       0x40 build/cooja/mtype198.a(uip-udp-packet.)
                                         0x58 (size before relaxing)
 .eh_frame      0x0000000000037904       0x80 build/cooja/mtype198.a(rpl-nbr-policy.)
                                         0x98 (size before relaxing)
 .eh_frame      0x0000000000037984      0x2d4 build/cooja/mtype198.a(rpl-neighbor.o)
                                        0x2ec (size before relaxing)
 .eh_frame      0x0000000000037c58      0x370 build/cooja/mtype198.a(rpl-dag.o)
                                        0x388 (size before relaxing)
 .eh_frame      0x0000000000037fc8      0x3a8 build/cooja/mtype198.a(rpl-timers.o)
                                        0x3c0 (size before relaxing)
 .eh_frame      0x0000000000038370      0x124 build/cooja/mtype198.a(rpl-ext-header.)
                                        0x13c (size before relaxing)
 .eh_frame      0x0000000000038494      0x148 build/cooja/mtype198.a(rpl-mrhof.o)
                                        0x160 (size before relaxing)
 .eh_frame      0x00000000000385dc       0x20 build/cooja/mtype198.a(border-router-e)
                                         0x38 (size before relaxing)
 .eh_frame      0x00000000000385fc       0xa4 build/cooja/mtype198.a(coap-timer-defa)
                                         0xbc (size before relaxing)
 .eh_frame      0x00000000000386a0       0x84 /usr/lib/gcc/i686-linux-gnu/5/libgcc.a(_udivdi3.o)
                                         0x9c (size before relaxing)
 .eh_frame      0x0000000000038724        0x4 /usr/lib/gcc/i686-linux-gnu/5/crtendS.o
 *(.eh_frame.*)

.gcc_except_table
 *(.gcc_except_table .gcc_except_table.*)

.gnu_extab
 *(.gnu_extab*)

.exception_ranges
 *(.exception_ranges .exception_ranges*)
                0x0000000000039f10                . = DATA_SEGMENT_ALIGN (0x1000, 0x1000)

.eh_frame
 *(.eh_frame)
 *(.eh_frame.*)

.gnu_extab
 *(.gnu_extab)

.gcc_except_table
 *(.gcc_except_table .gcc_except_table.*)

.exception_ranges
 *(.exception_ranges .exception_ranges*)

.tdata
 *(.tdata .tdata.* .gnu.linkonce.td.*)

.tbss
 *(.tbss .tbss.* .gnu.linkonce.tb.*)
 *(.tcommon)

.preinit_array
 *(.preinit_array)

.init_array     0x0000000000039f10        0x4
 *(SORT(.init_array.*) SORT(.ctors.*))
 *(.init_array EXCLUDE_FILE(*crtend?.o *crtend.o *crtbegin?.o *crtbegin.o) .ctors)
 .init_array    0x0000000000039f10        0x4 /usr/lib/gcc/i686-linux-gnu/5/crtbeginS.o

.fini_array     0x0000000000039f14        0x4
 *(SORT(.fini_array.*) SORT(.dtors.*))
 *(.fini_array EXCLUDE_FILE(*crtend?.o *crtend.o *crtbegin?.o *crtbegin.o) .dtors)
 .fini_array    0x0000000000039f14        0x4 /usr/lib/gcc/i686-linux-gnu/5/crtbeginS.o

.ctors
 *crtbegin.o(.ctors)
 *crtbegin?.o(.ctors)
 *(EXCLUDE_FILE(*crtend?.o *crtend.o) .ctors)
 *(SORT(.ctors.*))
 *(.ctors)

.dtors
 *crtbegin.o(.dtors)
 *crtbegin?.o(.dtors)
 *(EXCLUDE_FILE(*crtend?.o *crtend.o) .dtors)
 *(SORT(.dtors.*))
 *(.dtors)

.jcr            0x0000000000039f18        0x4
 *(.jcr)
 .jcr           0x0000000000039f18        0x0 /usr/lib/gcc/i686-linux-gnu/5/crtbeginS.o
 .jcr           0x0000000000039f18        0x4 /usr/lib/gcc/i686-linux-gnu/5/crtendS.o

.data.rel.ro
 *(.data.rel.ro.local* .gnu.linkonce.d.rel.ro.local.*)
 *(.data.rel.ro .data.rel.ro.* .gnu.linkonce.d.rel.ro.*)

.dynamic        0x0000000000039f1c       0xd0
 *(.dynamic)
 .dynamic       0x0000000000039f1c       0xd0 /usr/lib/gcc/i686-linux-gnu/5/../../../i386-linux-gnu/crti.o
                0x0000000000039f1c                _DYNAMIC

.got            0x0000000000039fec       0x14
 *(.got)
 .got           0x0000000000039fec       0x14 /usr/lib/gcc/i686-linux-gnu/5/../../../i386-linux-gnu/crti.o
 *(.igot)
                0x000000000003aff4                . = DATA_SEGMENT_RELRO_END (., (SIZEOF (.got.plt) >= 0xc)?0xc:0x0)

.got.plt        0x000000000003a000        0xc
 *(.got.plt)
 .got.plt       0x000000000003a000        0xc /usr/lib/gcc/i686-linux-gnu/5/../../../i386-linux-gnu/crti.o
                0x000000000003a000                _GLOBAL_OFFSET_TABLE_
 *(.igot.plt)

.data           0x000000000003a020      0x464
 *(.data .data.* .gnu.linkonce.d.*)
 .data          0x000000000003a020        0x0 /usr/lib/gcc/i686-linux-gnu/5/../../../i386-linux-gnu/crti.o
 .data          0x000000000003a020        0x0 /usr/lib/gcc/i686-linux-gnu/5/crtbeginS.o
 .data.rel.local
                0x000000000003a020        0x4 /usr/lib/gcc/i686-linux-gnu/5/crtbeginS.o
                0x000000000003a020                __dso_handle
 .data          0x000000000003a024       0x10 border-router.o
                0x000000000003a024                contiki_ng_br
 *fill*         0x000000000003a034        0xc 
 .data          0x000000000003a040       0x44 build/cooja/mtype198.o
                0x000000000003a040                simInterfaces
                0x000000000003a074                sensors
 .data          0x000000000003a084        0x0 build/cooja/mtype198.a(simEnvChange.o)
 .data          0x000000000003a084        0x0 build/cooja/mtype198.a(cooja_mt.o)
 .data          0x000000000003a084        0x0 build/cooja/mtype198.a(cooja_mtarch.o)
 .data          0x000000000003a084        0x0 build/cooja/mtype198.a(rtimer-arch.o)
 .data          0x000000000003a084        0x0 build/cooja/mtype198.a(beep.o)
 .data          0x000000000003a084        0x0 build/cooja/mtype198.a(leds-arch.o)
 .data          0x000000000003a084        0x0 build/cooja/mtype198.a(moteid.o)
 .data          0x000000000003a084        0x0 build/cooja/mtype198.a(pir-sensor.o)
 .data          0x000000000003a084        0x0 build/cooja/mtype198.a(rs232.o)
 .data          0x000000000003a084        0x0 build/cooja/mtype198.a(vib-sensor.o)
 .data          0x000000000003a084        0x0 build/cooja/mtype198.a(clock.o)
 .data          0x000000000003a084        0x0 build/cooja/mtype198.a(cooja-log.o)
 .data          0x000000000003a084        0x0 build/cooja/mtype198.a(cfs-cooja.o)
 .data          0x000000000003a084       0x2c build/cooja/mtype198.a(cooja-radio.o)
                0x000000000003a084                simRadioHWOn
                0x000000000003a088                simSignalStrength
                0x000000000003a08c                simLastSignalStrength
                0x000000000003a090                simPower
                0x000000000003a094                simRadioChannel
                0x000000000003a098                simLQI
                0x000000000003a0a0                cooja_radio_process
 .data          0x000000000003a0b0        0x0 build/cooja/mtype198.a(eeprom.o)
 .data          0x000000000003a0b0        0x0 build/cooja/mtype198.a(random.o)
 .data          0x000000000003a0b0       0x10 build/cooja/mtype198.a(sensors.o)
                0x000000000003a0b0                sensors_process
 .data          0x000000000003a0c0        0x0 build/cooja/mtype198.a(leds.o)
 .data          0x000000000003a0c0        0x0 build/cooja/mtype198.a(gpio-hal-arch.o)
 .data          0x000000000003a0c0       0x78 build/cooja/mtype198.a(buttons.o)
                0x000000000003a0c0                simButtonIsActive
                0x000000000003a130                button_hal_buttons
 .data          0x000000000003a138       0x18 build/cooja/mtype198.a(webserver.o)
                0x000000000003a140                webserver_nogui_process
 .data          0x000000000003a150        0x0 build/cooja/mtype198.a(contiki-main.o)
 .data          0x000000000003a150        0x0 build/cooja/mtype198.a(autostart.o)
 .data          0x000000000003a150       0x14 build/cooja/mtype198.a(ctimer.o)
                0x000000000003a154                ctimer_process
 *fill*         0x000000000003a164       0x1c 
 .data          0x000000000003a180       0xbc build/cooja/mtype198.a(log.o)
                0x000000000003a180                curr_log_level_main
                0x000000000003a1a0                all_modules
 .data          0x000000000003a23c        0x0 build/cooja/mtype198.a(energest.o)
 .data          0x000000000003a23c       0x10 build/cooja/mtype198.a(etimer.o)
                0x000000000003a23c                etimer_process
 .data          0x000000000003a24c        0x0 build/cooja/mtype198.a(node-id.o)
 .data          0x000000000003a24c        0x0 build/cooja/mtype198.a(rtimer.o)
 .data          0x000000000003a24c        0x0 build/cooja/mtype198.a(process.o)
 .data          0x000000000003a24c        0x0 build/cooja/mtype198.a(timer.o)
 .data          0x000000000003a24c        0x0 build/cooja/mtype198.a(list.o)
 .data          0x000000000003a24c       0x10 build/cooja/mtype198.a(button-hal.o)
                0x000000000003a24c                button_hal_process
 .data          0x000000000003a25c       0x10 build/cooja/mtype198.a(serial-line.o)
                0x000000000003a25c                serial_line_process
 .data          0x000000000003a26c        0x4 build/cooja/mtype198.a(gpio-hal.o)
 .data          0x000000000003a270       0x18 build/cooja/mtype198.a(queuebuf.o)
 .data          0x000000000003a288        0x4 build/cooja/mtype198.a(packetbuf.o)
 .data          0x000000000003a28c        0x4 build/cooja/mtype198.a(netstack.o)
 .data          0x000000000003a290        0x0 build/cooja/mtype198.a(linkaddr.o)
 .data          0x000000000003a290        0x0 build/cooja/mtype198.a(csma.o)
 .data          0x000000000003a290       0x28 build/cooja/mtype198.a(csma-output.o)
 .data          0x000000000003a2b8       0x10 build/cooja/mtype198.a(uip-sr.o)
 .data          0x000000000003a2c8        0x0 build/cooja/mtype198.a(uip-ds6.o)
 .data          0x000000000003a2c8       0x10 build/cooja/mtype198.a(uip-ds6-route.o)
 .data          0x000000000003a2d8        0x0 build/cooja/mtype198.a(psock.o)
 .data          0x000000000003a2d8       0x10 build/cooja/mtype198.a(tcpip.o)
                0x000000000003a2d8                tcpip_process
 .data          0x000000000003a2e8        0x0 build/cooja/mtype198.a(uip6.o)
 .data          0x000000000003a2e8       0x14 build/cooja/mtype198.a(uip-ds6-nbr.o)
 .data          0x000000000003a2fc        0xc build/cooja/mtype198.a(uip-nd6.o)
 .data          0x000000000003a308        0x0 build/cooja/mtype198.a(sicslowpan.o)
 .data          0x000000000003a308        0x0 build/cooja/mtype198.a(uiplib.o)
 .data          0x000000000003a308        0x0 build/cooja/mtype198.a(rpl.o)
 .data          0x000000000003a308       0x30 build/cooja/mtype198.a(rpl-icmp6.o)
 .data          0x000000000003a338        0x0 build/cooja/mtype198.a(rpl-dag-root.o)
 .data          0x000000000003a338        0x0 build/cooja/mtype198.a(slip-bridge.o)
 .data          0x000000000003a338       0x10 build/cooja/mtype198.a(slip.o)
                0x000000000003a338                slip_process
 .data          0x000000000003a348        0x0 build/cooja/mtype198.a(watchdog.o)
 .data          0x000000000003a348        0x0 build/cooja/mtype198.a(int-master.o)
 .data          0x000000000003a348        0x0 build/cooja/mtype198.a(slip-arch.o)
 .data          0x000000000003a348       0x10 build/cooja/mtype198.a(httpd-simple.o)
 .data          0x000000000003a358        0x0 build/cooja/mtype198.a(rpl-border-rout)
 .data          0x000000000003a358        0x8 build/cooja/mtype198.a(coap-engine.o)
 .data          0x000000000003a360       0x24 build/cooja/mtype198.a(coap-res-well-k)
                0x000000000003a360                res_well_known_core
 .data          0x000000000003a384       0x10 build/cooja/mtype198.a(coap-observe.o)
 .data          0x000000000003a394       0x10 build/cooja/mtype198.a(coap-uip.o)
                0x000000000003a394                coap_engine
 .data          0x000000000003a3a4        0x4 build/cooja/mtype198.a(coap-timer.o)
 .data          0x000000000003a3a8       0x10 build/cooja/mtype198.a(coap-transactio)
 .data          0x000000000003a3b8        0x4 build/cooja/mtype198.a(coap.o)
                0x000000000003a3b8                coap_error_message
 .data          0x000000000003a3bc        0x0 build/cooja/mtype198.a(stimer.o)
 .data          0x000000000003a3bc        0x0 build/cooja/mtype198.a(ringbuf.o)
 .data          0x000000000003a3bc        0x0 build/cooja/mtype198.a(memb.o)
 .data          0x000000000003a3bc        0x0 build/cooja/mtype198.a(assert.o)
 .data          0x000000000003a3bc       0x10 build/cooja/mtype198.a(nbr-table.o)
 .data          0x000000000003a3cc       0x14 build/cooja/mtype198.a(link-stats.o)
 .data          0x000000000003a3e0        0x0 build/cooja/mtype198.a(mac-sequence.o)
 .data          0x000000000003a3e0        0x0 build/cooja/mtype198.a(mac.o)
 .data          0x000000000003a3e0        0x0 build/cooja/mtype198.a(framer-802154.o)
 .data          0x000000000003a3e0        0x2 build/cooja/mtype198.a(frame802154.o)
 .data          0x000000000003a3e2        0x0 build/cooja/mtype198.a(csma-security.o)
 .data          0x000000000003a3e2        0x0 build/cooja/mtype198.a(uipbuf.o)
 *fill*         0x000000000003a3e2        0x2 
 .data          0x000000000003a3e4       0x20 build/cooja/mtype198.a(uip-icmp6.o)
 .data          0x000000000003a404        0xc build/cooja/mtype198.a(uip-packetqueue)
 .data          0x000000000003a410        0x0 build/cooja/mtype198.a(uip-udp-packet.)
 .data          0x000000000003a410        0x0 build/cooja/mtype198.a(rpl-nbr-policy.)
 .data          0x000000000003a410       0x14 build/cooja/mtype198.a(rpl-neighbor.o)
                0x000000000003a420                rpl_neighbors
 .data          0x000000000003a424        0x0 build/cooja/mtype198.a(rpl-dag.o)
 .data          0x000000000003a424        0x0 build/cooja/mtype198.a(rpl-timers.o)
 .data          0x000000000003a424        0x0 build/cooja/mtype198.a(rpl-ext-header.)
 *fill*         0x000000000003a424       0x1c 
 .data          0x000000000003a440       0x24 build/cooja/mtype198.a(rpl-mrhof.o)
                0x000000000003a440                rpl_mrhof
 .data          0x000000000003a464       0x10 build/cooja/mtype198.a(border-router-e)
                0x000000000003a464                border_router_process
 .data          0x000000000003a474       0x10 build/cooja/mtype198.a(coap-timer-defa)
                0x000000000003a474                coap_timer_process
 .data          0x000000000003a484        0x0 /usr/lib/gcc/i686-linux-gnu/5/libgcc.a(_udivdi3.o)
 .data          0x000000000003a484        0x0 /usr/lib/gcc/i686-linux-gnu/5/crtendS.o
 .data          0x000000000003a484        0x0 /usr/lib/gcc/i686-linux-gnu/5/../../../i386-linux-gnu/crtn.o

.tm_clone_table
                0x000000000003a484        0x0
 .tm_clone_table
                0x000000000003a484        0x0 /usr/lib/gcc/i686-linux-gnu/5/crtbeginS.o
 .tm_clone_table
                0x000000000003a484        0x0 /usr/lib/gcc/i686-linux-gnu/5/crtendS.o

.data1
 *(.data1)
                0x000000000003a484                _edata = .
                [!provide]                        PROVIDE (edata, .)
                0x000000000003a484                . = .
                0x000000000003a484                __bss_start = .

.bss            0x000000000003a4a0    0x14864
 *(.dynbss)
 .dynbss        0x000000000003a4a0        0x0 /usr/lib/gcc/i686-linux-gnu/5/../../../i386-linux-gnu/crti.o
 *(.bss .bss.* .gnu.linkonce.b.*)
 .bss           0x000000000003a4a0        0x0 /usr/lib/gcc/i686-linux-gnu/5/../../../i386-linux-gnu/crti.o
 .bss           0x000000000003a4a0        0x1 /usr/lib/gcc/i686-linux-gnu/5/crtbeginS.o
 .bss           0x000000000003a4a1        0x0 border-router.o
 *fill*         0x000000000003a4a1       0x1f 
 .bss           0x000000000003a4c0     0x2030 build/cooja/mtype198.o
 .bss           0x000000000003c4f0        0x1 build/cooja/mtype198.a(simEnvChange.o)
                0x000000000003c4f0                simDontFallAsleep
 *fill*         0x000000000003c4f1        0x3 
 .bss           0x000000000003c4f4        0x4 build/cooja/mtype198.a(cooja_mt.o)
 .bss           0x000000000003c4f8        0x4 build/cooja/mtype198.a(cooja_mtarch.o)
 .bss           0x000000000003c4fc        0x0 build/cooja/mtype198.a(rtimer-arch.o)
 .bss           0x000000000003c4fc        0x0 build/cooja/mtype198.a(beep.o)
 .bss           0x000000000003c4fc        0x1 build/cooja/mtype198.a(leds-arch.o)
                0x000000000003c4fc                simLedsValue
 .bss           0x000000000003c4fd        0x0 build/cooja/mtype198.a(moteid.o)
 .bss           0x000000000003c4fd        0x1 build/cooja/mtype198.a(pir-sensor.o)
                0x000000000003c4fd                simPirValue
 *fill*         0x000000000003c4fe        0x2 
 .bss           0x000000000003c500        0x4 build/cooja/mtype198.a(rs232.o)
 .bss           0x000000000003c504        0x1 build/cooja/mtype198.a(vib-sensor.o)
                0x000000000003c504                simVibValue
 .bss           0x000000000003c505        0x0 build/cooja/mtype198.a(clock.o)
 *fill*         0x000000000003c505       0x1b 
 .bss           0x000000000003c520     0x2020 build/cooja/mtype198.a(cooja-log.o)
 .bss           0x000000000003e540      0xfc0 build/cooja/mtype198.a(cfs-cooja.o)
                0x000000000003e540                simCFSData
                0x000000000003f4e0                simCFSSize
                0x000000000003f4e4                simCFSChanged
                0x000000000003f4e8                simCFSRead
                0x000000000003f4ec                simCFSWritten
 .bss           0x000000000003f500       0x24 build/cooja/mtype198.a(cooja-radio.o)
                0x000000000003f500                simReceiving
                0x000000000003f504                simInSize
                0x000000000003f508                simLastPacketTimestamp
                0x000000000003f510                simOutSize
 .bss           0x000000000003f524        0xc build/cooja/mtype198.a(eeprom.o)
                0x000000000003f524                simEEPROMChanged
                0x000000000003f528                simEEPROMRead
                0x000000000003f52c                simEEPROMWritten
 .bss           0x000000000003f530        0x0 build/cooja/mtype198.a(random.o)
 .bss           0x000000000003f530        0xc build/cooja/mtype198.a(sensors.o)
 .bss           0x000000000003f53c        0x0 build/cooja/mtype198.a(leds.o)
 .bss           0x000000000003f53c       0x24 build/cooja/mtype198.a(gpio-hal-arch.o)
 .bss           0x000000000003f560        0x0 build/cooja/mtype198.a(buttons.o)
 .bss           0x000000000003f560      0x10c build/cooja/mtype198.a(webserver.o)
 .bss           0x000000000003f66c        0x0 build/cooja/mtype198.a(contiki-main.o)
 .bss           0x000000000003f66c        0x0 build/cooja/mtype198.a(autostart.o)
 .bss           0x000000000003f66c        0x5 build/cooja/mtype198.a(ctimer.o)
 *fill*         0x000000000003f671        0x3 
 .bss           0x000000000003f674       0x2c build/cooja/mtype198.a(log.o)
                0x000000000003f674                curr_log_level_rpl
                0x000000000003f678                curr_log_level_tcpip
                0x000000000003f67c                curr_log_level_ipv6
                0x000000000003f680                curr_log_level_6lowpan
                0x000000000003f684                curr_log_level_nullnet
                0x000000000003f688                curr_log_level_mac